 
****************************************
Report : area
Design : VX_mem_arb__fec314b790fe
Version: V-2023.12-SP5-3
Date   : Tue Jul 21 06:26:33 2026
****************************************

Library(s) Used:

    sc9_cmos28lpp_base_rvt_ss_nominal_max_0p900v_125c_sadhm (File: /tool/PDK/Samsung/LN28LPP_202203/PRIMITIVES/RVT/ln28lpp_sc_9t_base_rvt_c130_V1.00d/FE-Common/LIBERTY/sc9_cmos28lpp_base_rvt_ss_nominal_max_0p900v_125c_sadhm.db)

Number of ports:                        20343
Number of nets:                         23102
Number of cells:                         6028
Number of combinational cells:           6007
Number of sequential cells:                 6
Number of macros/black boxes:               0
Number of buf/inv:                       3487
Number of references:                       5

Combinational area:               3184.037992
Buf/Inv area:                     1630.862982
Noncombinational area:              12.285000
Macro/Black Box area:                0.000000
Net Interconnect area:      undefined  (No wire load specified)

Total cell area:                  3196.322992
Total area:                 undefined

Core Area:                     19602
Aspect Ratio:                 1.0056
Utilization Ratio:            0.1631


The above information was reported from the logical library. The following are from the physical library:

  Total moveable cell area: 3196.3
  Total fixed cell area: 0.0
  Total physical cell area: 3196.3
 Core area: 0.000, 0.000, 139.620, 140.400

Hierarchical area distribution
------------------------------

                                  Global cell area          Local cell area
                                  ------------------  ---------------------------- 
Hierarchical cell                 Absolute   Percent  Combi-     Noncombi-  Black-
                                  Total      Total    national   national   boxes   Design
--------------------------------  ---------  -------  ---------  ---------  ------  --------------------------------------
VX_mem_arb__fec314b790fe          3196.3230    100.0    47.2680     0.0000  0.0000  VX_mem_arb__fec314b790fe
g_bus_out_if_0__g_req_tag_sel_out_bits_insert    6.0840     0.2    6.0840    0.0000 0.0000 VX_bits_insert_5
g_rsp_select_g_rsp_data_in_0__bits_remove    6.0840     0.2    6.0840    0.0000 0.0000 VX_bits_remove_5
g_rsp_select_rsp_switch           1233.6480     38.6     7.4880     0.0000  0.0000  VX_stream_switch_9
g_rsp_select_rsp_switch/g_out_buf_0__out_buf  245.2320     7.7  245.2320    0.0000 0.0000 VX_elastic_buffer_57_4
g_rsp_select_rsp_switch/g_out_buf_1__out_buf  245.2320     7.7  245.2320    0.0000 0.0000 VX_elastic_buffer_57_3
g_rsp_select_rsp_switch/g_out_buf_2__out_buf  245.2320     7.7  245.2320    0.0000 0.0000 VX_elastic_buffer_57_2
g_rsp_select_rsp_switch/g_out_buf_3__out_buf  245.2320     7.7  245.2320    0.0000 0.0000 VX_elastic_buffer_57_1
g_rsp_select_rsp_switch/g_out_buf_4__out_buf  245.2320     7.7  245.2320    0.0000 0.0000 VX_elastic_buffer_57_0
req_arb                           1903.2390     59.5  1579.3830     0.0000  0.0000  VX_stream_arb_43
req_arb/g_input_select_g_arbiter_arbiter   32.2920     1.0    0.0000    0.0000 0.0000 VX_generic_arbiter_9
req_arb/g_input_select_g_arbiter_arbiter/g_round_robin_rr_arbiter   32.2920     1.0   17.3160   10.5300 0.0000 VX_rr_arbiter_3
req_arb/g_input_select_g_arbiter_arbiter/g_round_robin_rr_arbiter/clk_gate_g_model1_reqs_mask_reg    1.7550     0.1    0.0000    1.7550 0.0000 SNPS_CLOCK_GATE_HIGH_VX_rr_arbiter_3_1
req_arb/g_input_select_g_arbiter_arbiter/g_round_robin_rr_arbiter/g_model1_onehot_encoder    2.6910     0.1    2.6910    0.0000 0.0000 VX_onehot_encoder_3
req_arb/g_input_select_g_arbiter_g_out_buf_0__out_buf  291.5640     9.1  291.5640    0.0000 0.0000 VX_elastic_buffer_621_0_0_0
--------------------------------  ---------  -------  ---------  ---------  ------  --------------------------------------
Total                                                 3184.0380    12.2850  0.0000

1
