 
****************************************
Report : timing
        -path full
        -delay max
        -nets
        -max_paths 10
        -transition_time
Design : VX_mem_arb__098366153a01
Scenario(s): mode_norm.OC_rvt_ss_0p900v_125c
Version: V-2023.12-SP5-3
Date   : Tue Jul 21 07:16:39 2026
****************************************

 * Some/all delay information is back-annotated.
Wire Load Model Mode: Inactive.

  Startpoint: bus_out_if_0__rsp_data[151]
              (input port clocked by CLK)
  Endpoint: bus_in_if_0__rsp_data[151]
            (output port clocked by CLK)
  Scenario: mode_norm.OC_rvt_ss_0p900v_125c
  Path Group: FEEDTHROUGH
  Path Type: max

Attributes:
    d - dont_touch
    u - dont_use
   mo - map_only
   so - size_only
    i - ideal_net or ideal_network
  inf - infeasible path

  Point                                                                                    Fanout     Trans      Incr       Path      Attributes     Voltage
  ----------------------------------------------------------------------------------------------------------------------------------------------------------------
  clock CLK (rise edge)                                                                                          0.00       0.00                     
  clock network delay (ideal)                                                                                    0.00       0.00                     
  input external delay                                                                                           0.00       0.00 r                   
  bus_out_if_0__rsp_data[151] (in)                                                                     0.30      0.16       0.16 r                   
  bus_out_if_0__rsp_data[151] (net)                                                          1                   0.00       0.16 r                   
  g_rsp_arb_req_arb/data_in[151] (VX_stream_arb_27)                                                              0.00       0.16 r                   
  g_rsp_arb_req_arb/data_in[151] (net)                                                                           0.00       0.16 r                   
  g_rsp_arb_req_arb/g_passthru_g_out_buf_0__out_buf/data_in[151] (VX_elastic_buffer_517_0_0_0_3)                 0.00       0.16 r                   
  g_rsp_arb_req_arb/g_passthru_g_out_buf_0__out_buf/data_in[151] (net)                                           0.00       0.16 r                   
  g_rsp_arb_req_arb/g_passthru_g_out_buf_0__out_buf/U139/Y (BUF_X1M_A9TR)                              0.10      0.14 *     0.30 r                   0.90
  g_rsp_arb_req_arb/g_passthru_g_out_buf_0__out_buf/data_out[151] (net)                      1                   0.00       0.30 r                   
  g_rsp_arb_req_arb/g_passthru_g_out_buf_0__out_buf/data_out[151] (VX_elastic_buffer_517_0_0_0_3)                0.00       0.30 r                   
  g_rsp_arb_req_arb/data_out[151] (net)                                                                          0.00       0.30 r                   
  g_rsp_arb_req_arb/data_out[151] (VX_stream_arb_27)                                                             0.00       0.30 r                   
  bus_in_if_0__rsp_data[151] (net)                                                                               0.00       0.30 r                   
  bus_in_if_0__rsp_data[151] (out)                                                                     0.10      0.00 *     0.30 r                   
  data arrival time                                                                                                         0.30                     

  clock CLK (rise edge)                                                                                          9.90       9.90                     
  clock network delay (ideal)                                                                                    0.00       9.90                     
  output external delay                                                                                          0.00       9.90                     
  data required time                                                                                                        9.90                     
  ----------------------------------------------------------------------------------------------------------------------------------------------------------------
  data required time                                                                                                        9.90                     
  data arrival time                                                                                                        -0.30                     
  ----------------------------------------------------------------------------------------------------------------------------------------------------------------
  slack (MET)                                                                                                               9.60                     


  Startpoint: bus_out_if_0__rsp_data[314]
              (input port clocked by CLK)
  Endpoint: bus_in_if_0__rsp_data[314]
            (output port clocked by CLK)
  Scenario: mode_norm.OC_rvt_ss_0p900v_125c
  Path Group: FEEDTHROUGH
  Path Type: max

Attributes:
    d - dont_touch
    u - dont_use
   mo - map_only
   so - size_only
    i - ideal_net or ideal_network
  inf - infeasible path

  Point                                                                                    Fanout     Trans      Incr       Path      Attributes     Voltage
  ----------------------------------------------------------------------------------------------------------------------------------------------------------------
  clock CLK (rise edge)                                                                                          0.00       0.00                     
  clock network delay (ideal)                                                                                    0.00       0.00                     
  input external delay                                                                                           0.00       0.00 r                   
  bus_out_if_0__rsp_data[314] (in)                                                                     0.30      0.16       0.16 r                   
  bus_out_if_0__rsp_data[314] (net)                                                          1                   0.00       0.16 r                   
  g_rsp_arb_req_arb/data_in[314] (VX_stream_arb_27)                                                              0.00       0.16 r                   
  g_rsp_arb_req_arb/data_in[314] (net)                                                                           0.00       0.16 r                   
  g_rsp_arb_req_arb/g_passthru_g_out_buf_0__out_buf/data_in[314] (VX_elastic_buffer_517_0_0_0_3)                 0.00       0.16 r                   
  g_rsp_arb_req_arb/g_passthru_g_out_buf_0__out_buf/data_in[314] (net)                                           0.00       0.16 r                   
  g_rsp_arb_req_arb/g_passthru_g_out_buf_0__out_buf/U78/Y (BUF_X1M_A9TR)                               0.09      0.14 *     0.30 r                   0.90
  g_rsp_arb_req_arb/g_passthru_g_out_buf_0__out_buf/data_out[314] (net)                      1                   0.00       0.30 r                   
  g_rsp_arb_req_arb/g_passthru_g_out_buf_0__out_buf/data_out[314] (VX_elastic_buffer_517_0_0_0_3)                0.00       0.30 r                   
  g_rsp_arb_req_arb/data_out[314] (net)                                                                          0.00       0.30 r                   
  g_rsp_arb_req_arb/data_out[314] (VX_stream_arb_27)                                                             0.00       0.30 r                   
  bus_in_if_0__rsp_data[314] (net)                                                                               0.00       0.30 r                   
  bus_in_if_0__rsp_data[314] (out)                                                                     0.09      0.00 *     0.30 r                   
  data arrival time                                                                                                         0.30                     

  clock CLK (rise edge)                                                                                          9.90       9.90                     
  clock network delay (ideal)                                                                                    0.00       9.90                     
  output external delay                                                                                          0.00       9.90                     
  data required time                                                                                                        9.90                     
  ----------------------------------------------------------------------------------------------------------------------------------------------------------------
  data required time                                                                                                        9.90                     
  data arrival time                                                                                                        -0.30                     
  ----------------------------------------------------------------------------------------------------------------------------------------------------------------
  slack (MET)                                                                                                               9.60                     


  Startpoint: bus_out_if_0__rsp_data[428]
              (input port clocked by CLK)
  Endpoint: bus_in_if_0__rsp_data[428]
            (output port clocked by CLK)
  Scenario: mode_norm.OC_rvt_ss_0p900v_125c
  Path Group: FEEDTHROUGH
  Path Type: max

Attributes:
    d - dont_touch
    u - dont_use
   mo - map_only
   so - size_only
    i - ideal_net or ideal_network
  inf - infeasible path

  Point                                                                                    Fanout     Trans      Incr       Path      Attributes     Voltage
  ----------------------------------------------------------------------------------------------------------------------------------------------------------------
  clock CLK (rise edge)                                                                                          0.00       0.00                     
  clock network delay (ideal)                                                                                    0.00       0.00                     
  input external delay                                                                                           0.00       0.00 r                   
  bus_out_if_0__rsp_data[428] (in)                                                                     0.29      0.15       0.15 r                   
  bus_out_if_0__rsp_data[428] (net)                                                          1                   0.00       0.15 r                   
  g_rsp_arb_req_arb/data_in[428] (VX_stream_arb_27)                                                              0.00       0.15 r                   
  g_rsp_arb_req_arb/data_in[428] (net)                                                                           0.00       0.15 r                   
  g_rsp_arb_req_arb/g_passthru_g_out_buf_0__out_buf/data_in[428] (VX_elastic_buffer_517_0_0_0_3)                 0.00       0.15 r                   
  g_rsp_arb_req_arb/g_passthru_g_out_buf_0__out_buf/data_in[428] (net)                                           0.00       0.15 r                   
  g_rsp_arb_req_arb/g_passthru_g_out_buf_0__out_buf/U36/Y (BUF_X1M_A9TR)                               0.10      0.14 *     0.29 r                   0.90
  g_rsp_arb_req_arb/g_passthru_g_out_buf_0__out_buf/data_out[428] (net)                      1                   0.00       0.29 r                   
  g_rsp_arb_req_arb/g_passthru_g_out_buf_0__out_buf/data_out[428] (VX_elastic_buffer_517_0_0_0_3)                0.00       0.29 r                   
  g_rsp_arb_req_arb/data_out[428] (net)                                                                          0.00       0.29 r                   
  g_rsp_arb_req_arb/data_out[428] (VX_stream_arb_27)                                                             0.00       0.29 r                   
  bus_in_if_0__rsp_data[428] (net)                                                                               0.00       0.29 r                   
  bus_in_if_0__rsp_data[428] (out)                                                                     0.10      0.00 *     0.30 r                   
  data arrival time                                                                                                         0.30                     

  clock CLK (rise edge)                                                                                          9.90       9.90                     
  clock network delay (ideal)                                                                                    0.00       9.90                     
  output external delay                                                                                          0.00       9.90                     
  data required time                                                                                                        9.90                     
  ----------------------------------------------------------------------------------------------------------------------------------------------------------------
  data required time                                                                                                        9.90                     
  data arrival time                                                                                                        -0.30                     
  ----------------------------------------------------------------------------------------------------------------------------------------------------------------
  slack (MET)                                                                                                               9.60                     


  Startpoint: bus_out_if_0__rsp_data[153]
              (input port clocked by CLK)
  Endpoint: bus_in_if_0__rsp_data[153]
            (output port clocked by CLK)
  Scenario: mode_norm.OC_rvt_ss_0p900v_125c
  Path Group: FEEDTHROUGH
  Path Type: max

Attributes:
    d - dont_touch
    u - dont_use
   mo - map_only
   so - size_only
    i - ideal_net or ideal_network
  inf - infeasible path

  Point                                                                                    Fanout     Trans      Incr       Path      Attributes     Voltage
  ----------------------------------------------------------------------------------------------------------------------------------------------------------------
  clock CLK (rise edge)                                                                                          0.00       0.00                     
  clock network delay (ideal)                                                                                    0.00       0.00                     
  input external delay                                                                                           0.00       0.00 r                   
  bus_out_if_0__rsp_data[153] (in)                                                                     0.29      0.15       0.15 r                   
  bus_out_if_0__rsp_data[153] (net)                                                          1                   0.00       0.15 r                   
  g_rsp_arb_req_arb/data_in[153] (VX_stream_arb_27)                                                              0.00       0.15 r                   
  g_rsp_arb_req_arb/data_in[153] (net)                                                                           0.00       0.15 r                   
  g_rsp_arb_req_arb/g_passthru_g_out_buf_0__out_buf/data_in[153] (VX_elastic_buffer_517_0_0_0_3)                 0.00       0.15 r                   
  g_rsp_arb_req_arb/g_passthru_g_out_buf_0__out_buf/data_in[153] (net)                                           0.00       0.15 r                   
  g_rsp_arb_req_arb/g_passthru_g_out_buf_0__out_buf/U140/Y (BUF_X1M_A9TR)                              0.09      0.13 *     0.29 r                   0.90
  g_rsp_arb_req_arb/g_passthru_g_out_buf_0__out_buf/data_out[153] (net)                      1                   0.00       0.29 r                   
  g_rsp_arb_req_arb/g_passthru_g_out_buf_0__out_buf/data_out[153] (VX_elastic_buffer_517_0_0_0_3)                0.00       0.29 r                   
  g_rsp_arb_req_arb/data_out[153] (net)                                                                          0.00       0.29 r                   
  g_rsp_arb_req_arb/data_out[153] (VX_stream_arb_27)                                                             0.00       0.29 r                   
  bus_in_if_0__rsp_data[153] (net)                                                                               0.00       0.29 r                   
  bus_in_if_0__rsp_data[153] (out)                                                                     0.09      0.00 *     0.29 r                   
  data arrival time                                                                                                         0.29                     

  clock CLK (rise edge)                                                                                          9.90       9.90                     
  clock network delay (ideal)                                                                                    0.00       9.90                     
  output external delay                                                                                          0.00       9.90                     
  data required time                                                                                                        9.90                     
  ----------------------------------------------------------------------------------------------------------------------------------------------------------------
  data required time                                                                                                        9.90                     
  data arrival time                                                                                                        -0.29                     
  ----------------------------------------------------------------------------------------------------------------------------------------------------------------
  slack (MET)                                                                                                               9.61                     


  Startpoint: bus_out_if_0__rsp_data[132]
              (input port clocked by CLK)
  Endpoint: bus_in_if_0__rsp_data[132]
            (output port clocked by CLK)
  Scenario: mode_norm.OC_rvt_ss_0p900v_125c
  Path Group: FEEDTHROUGH
  Path Type: max

Attributes:
    d - dont_touch
    u - dont_use
   mo - map_only
   so - size_only
    i - ideal_net or ideal_network
  inf - infeasible path

  Point                                                                                    Fanout     Trans      Incr       Path      Attributes     Voltage
  ----------------------------------------------------------------------------------------------------------------------------------------------------------------
  clock CLK (rise edge)                                                                                          0.00       0.00                     
  clock network delay (ideal)                                                                                    0.00       0.00                     
  input external delay                                                                                           0.00       0.00 r                   
  bus_out_if_0__rsp_data[132] (in)                                                                     0.28      0.15       0.15 r                   
  bus_out_if_0__rsp_data[132] (net)                                                          1                   0.00       0.15 r                   
  g_rsp_arb_req_arb/data_in[132] (VX_stream_arb_27)                                                              0.00       0.15 r                   
  g_rsp_arb_req_arb/data_in[132] (net)                                                                           0.00       0.15 r                   
  g_rsp_arb_req_arb/g_passthru_g_out_buf_0__out_buf/data_in[132] (VX_elastic_buffer_517_0_0_0_3)                 0.00       0.15 r                   
  g_rsp_arb_req_arb/g_passthru_g_out_buf_0__out_buf/data_in[132] (net)                                           0.00       0.15 r                   
  g_rsp_arb_req_arb/g_passthru_g_out_buf_0__out_buf/U150/Y (BUF_X1M_A9TR)                              0.09      0.13 *     0.28 r                   0.90
  g_rsp_arb_req_arb/g_passthru_g_out_buf_0__out_buf/data_out[132] (net)                      1                   0.00       0.28 r                   
  g_rsp_arb_req_arb/g_passthru_g_out_buf_0__out_buf/data_out[132] (VX_elastic_buffer_517_0_0_0_3)                0.00       0.28 r                   
  g_rsp_arb_req_arb/data_out[132] (net)                                                                          0.00       0.28 r                   
  g_rsp_arb_req_arb/data_out[132] (VX_stream_arb_27)                                                             0.00       0.28 r                   
  bus_in_if_0__rsp_data[132] (net)                                                                               0.00       0.28 r                   
  bus_in_if_0__rsp_data[132] (out)                                                                     0.09      0.00 *     0.29 r                   
  data arrival time                                                                                                         0.29                     

  clock CLK (rise edge)                                                                                          9.90       9.90                     
  clock network delay (ideal)                                                                                    0.00       9.90                     
  output external delay                                                                                          0.00       9.90                     
  data required time                                                                                                        9.90                     
  ----------------------------------------------------------------------------------------------------------------------------------------------------------------
  data required time                                                                                                        9.90                     
  data arrival time                                                                                                        -0.29                     
  ----------------------------------------------------------------------------------------------------------------------------------------------------------------
  slack (MET)                                                                                                               9.61                     


  Startpoint: bus_out_if_0__rsp_data[441]
              (input port clocked by CLK)
  Endpoint: bus_in_if_0__rsp_data[441]
            (output port clocked by CLK)
  Scenario: mode_norm.OC_rvt_ss_0p900v_125c
  Path Group: FEEDTHROUGH
  Path Type: max

Attributes:
    d - dont_touch
    u - dont_use
   mo - map_only
   so - size_only
    i - ideal_net or ideal_network
  inf - infeasible path

  Point                                                                                    Fanout     Trans      Incr       Path      Attributes     Voltage
  ----------------------------------------------------------------------------------------------------------------------------------------------------------------
  clock CLK (rise edge)                                                                                          0.00       0.00                     
  clock network delay (ideal)                                                                                    0.00       0.00                     
  input external delay                                                                                           0.00       0.00 r                   
  bus_out_if_0__rsp_data[441] (in)                                                                     0.28      0.15       0.15 r                   
  bus_out_if_0__rsp_data[441] (net)                                                          1                   0.00       0.15 r                   
  g_rsp_arb_req_arb/data_in[441] (VX_stream_arb_27)                                                              0.00       0.15 r                   
  g_rsp_arb_req_arb/data_in[441] (net)                                                                           0.00       0.15 r                   
  g_rsp_arb_req_arb/g_passthru_g_out_buf_0__out_buf/data_in[441] (VX_elastic_buffer_517_0_0_0_3)                 0.00       0.15 r                   
  g_rsp_arb_req_arb/g_passthru_g_out_buf_0__out_buf/data_in[441] (net)                                           0.00       0.15 r                   
  g_rsp_arb_req_arb/g_passthru_g_out_buf_0__out_buf/U30/Y (BUF_X1M_A9TR)                               0.09      0.13 *     0.28 r                   0.90
  g_rsp_arb_req_arb/g_passthru_g_out_buf_0__out_buf/data_out[441] (net)                      1                   0.00       0.28 r                   
  g_rsp_arb_req_arb/g_passthru_g_out_buf_0__out_buf/data_out[441] (VX_elastic_buffer_517_0_0_0_3)                0.00       0.28 r                   
  g_rsp_arb_req_arb/data_out[441] (net)                                                                          0.00       0.28 r                   
  g_rsp_arb_req_arb/data_out[441] (VX_stream_arb_27)                                                             0.00       0.28 r                   
  bus_in_if_0__rsp_data[441] (net)                                                                               0.00       0.28 r                   
  bus_in_if_0__rsp_data[441] (out)                                                                     0.09      0.00 *     0.28 r                   
  data arrival time                                                                                                         0.28                     

  clock CLK (rise edge)                                                                                          9.90       9.90                     
  clock network delay (ideal)                                                                                    0.00       9.90                     
  output external delay                                                                                          0.00       9.90                     
  data required time                                                                                                        9.90                     
  ----------------------------------------------------------------------------------------------------------------------------------------------------------------
  data required time                                                                                                        9.90                     
  data arrival time                                                                                                        -0.28                     
  ----------------------------------------------------------------------------------------------------------------------------------------------------------------
  slack (MET)                                                                                                               9.62                     


  Startpoint: bus_out_if_0__rsp_data[117]
              (input port clocked by CLK)
  Endpoint: bus_in_if_0__rsp_data[117]
            (output port clocked by CLK)
  Scenario: mode_norm.OC_rvt_ss_0p900v_125c
  Path Group: FEEDTHROUGH
  Path Type: max

Attributes:
    d - dont_touch
    u - dont_use
   mo - map_only
   so - size_only
    i - ideal_net or ideal_network
  inf - infeasible path

  Point                                                                                    Fanout     Trans      Incr       Path      Attributes     Voltage
  ----------------------------------------------------------------------------------------------------------------------------------------------------------------
  clock CLK (rise edge)                                                                                          0.00       0.00                     
  clock network delay (ideal)                                                                                    0.00       0.00                     
  input external delay                                                                                           0.00       0.00 r                   
  bus_out_if_0__rsp_data[117] (in)                                                                     0.28      0.15       0.15 r                   
  bus_out_if_0__rsp_data[117] (net)                                                          1                   0.00       0.15 r                   
  g_rsp_arb_req_arb/data_in[117] (VX_stream_arb_27)                                                              0.00       0.15 r                   
  g_rsp_arb_req_arb/data_in[117] (net)                                                                           0.00       0.15 r                   
  g_rsp_arb_req_arb/g_passthru_g_out_buf_0__out_buf/data_in[117] (VX_elastic_buffer_517_0_0_0_3)                 0.00       0.15 r                   
  g_rsp_arb_req_arb/g_passthru_g_out_buf_0__out_buf/data_in[117] (net)                                           0.00       0.15 r                   
  g_rsp_arb_req_arb/g_passthru_g_out_buf_0__out_buf/U153/Y (BUF_X1M_A9TR)                              0.09      0.13 *     0.28 r                   0.90
  g_rsp_arb_req_arb/g_passthru_g_out_buf_0__out_buf/data_out[117] (net)                      1                   0.00       0.28 r                   
  g_rsp_arb_req_arb/g_passthru_g_out_buf_0__out_buf/data_out[117] (VX_elastic_buffer_517_0_0_0_3)                0.00       0.28 r                   
  g_rsp_arb_req_arb/data_out[117] (net)                                                                          0.00       0.28 r                   
  g_rsp_arb_req_arb/data_out[117] (VX_stream_arb_27)                                                             0.00       0.28 r                   
  bus_in_if_0__rsp_data[117] (net)                                                                               0.00       0.28 r                   
  bus_in_if_0__rsp_data[117] (out)                                                                     0.09      0.00 *     0.28 r                   
  data arrival time                                                                                                         0.28                     

  clock CLK (rise edge)                                                                                          9.90       9.90                     
  clock network delay (ideal)                                                                                    0.00       9.90                     
  output external delay                                                                                          0.00       9.90                     
  data required time                                                                                                        9.90                     
  ----------------------------------------------------------------------------------------------------------------------------------------------------------------
  data required time                                                                                                        9.90                     
  data arrival time                                                                                                        -0.28                     
  ----------------------------------------------------------------------------------------------------------------------------------------------------------------
  slack (MET)                                                                                                               9.62                     


  Startpoint: bus_out_if_0__rsp_data[248]
              (input port clocked by CLK)
  Endpoint: bus_in_if_0__rsp_data[248]
            (output port clocked by CLK)
  Scenario: mode_norm.OC_rvt_ss_0p900v_125c
  Path Group: FEEDTHROUGH
  Path Type: max

Attributes:
    d - dont_touch
    u - dont_use
   mo - map_only
   so - size_only
    i - ideal_net or ideal_network
  inf - infeasible path

  Point                                                                                    Fanout     Trans      Incr       Path      Attributes     Voltage
  ----------------------------------------------------------------------------------------------------------------------------------------------------------------
  clock CLK (rise edge)                                                                                          0.00       0.00                     
  clock network delay (ideal)                                                                                    0.00       0.00                     
  input external delay                                                                                           0.00       0.00 r                   
  bus_out_if_0__rsp_data[248] (in)                                                                     0.28      0.15       0.15 r                   
  bus_out_if_0__rsp_data[248] (net)                                                          1                   0.00       0.15 r                   
  g_rsp_arb_req_arb/data_in[248] (VX_stream_arb_27)                                                              0.00       0.15 r                   
  g_rsp_arb_req_arb/data_in[248] (net)                                                                           0.00       0.15 r                   
  g_rsp_arb_req_arb/g_passthru_g_out_buf_0__out_buf/data_in[248] (VX_elastic_buffer_517_0_0_0_3)                 0.00       0.15 r                   
  g_rsp_arb_req_arb/g_passthru_g_out_buf_0__out_buf/data_in[248] (net)                                           0.00       0.15 r                   
  g_rsp_arb_req_arb/g_passthru_g_out_buf_0__out_buf/U103/Y (BUF_X1M_A9TR)                              0.09      0.13 *     0.28 r                   0.90
  g_rsp_arb_req_arb/g_passthru_g_out_buf_0__out_buf/data_out[248] (net)                      1                   0.00       0.28 r                   
  g_rsp_arb_req_arb/g_passthru_g_out_buf_0__out_buf/data_out[248] (VX_elastic_buffer_517_0_0_0_3)                0.00       0.28 r                   
  g_rsp_arb_req_arb/data_out[248] (net)                                                                          0.00       0.28 r                   
  g_rsp_arb_req_arb/data_out[248] (VX_stream_arb_27)                                                             0.00       0.28 r                   
  bus_in_if_0__rsp_data[248] (net)                                                                               0.00       0.28 r                   
  bus_in_if_0__rsp_data[248] (out)                                                                     0.09      0.00 *     0.28 r                   
  data arrival time                                                                                                         0.28                     

  clock CLK (rise edge)                                                                                          9.90       9.90                     
  clock network delay (ideal)                                                                                    0.00       9.90                     
  output external delay                                                                                          0.00       9.90                     
  data required time                                                                                                        9.90                     
  ----------------------------------------------------------------------------------------------------------------------------------------------------------------
  data required time                                                                                                        9.90                     
  data arrival time                                                                                                        -0.28                     
  ----------------------------------------------------------------------------------------------------------------------------------------------------------------
  slack (MET)                                                                                                               9.62                     


  Startpoint: bus_out_if_0__rsp_data[144]
              (input port clocked by CLK)
  Endpoint: bus_in_if_0__rsp_data[144]
            (output port clocked by CLK)
  Scenario: mode_norm.OC_rvt_ss_0p900v_125c
  Path Group: FEEDTHROUGH
  Path Type: max

Attributes:
    d - dont_touch
    u - dont_use
   mo - map_only
   so - size_only
    i - ideal_net or ideal_network
  inf - infeasible path

  Point                                                                                    Fanout     Trans      Incr       Path      Attributes     Voltage
  ----------------------------------------------------------------------------------------------------------------------------------------------------------------
  clock CLK (rise edge)                                                                                          0.00       0.00                     
  clock network delay (ideal)                                                                                    0.00       0.00                     
  input external delay                                                                                           0.00       0.00 r                   
  bus_out_if_0__rsp_data[144] (in)                                                                     0.27      0.15       0.15 r                   
  bus_out_if_0__rsp_data[144] (net)                                                          1                   0.00       0.15 r                   
  g_rsp_arb_req_arb/data_in[144] (VX_stream_arb_27)                                                              0.00       0.15 r                   
  g_rsp_arb_req_arb/data_in[144] (net)                                                                           0.00       0.15 r                   
  g_rsp_arb_req_arb/g_passthru_g_out_buf_0__out_buf/data_in[144] (VX_elastic_buffer_517_0_0_0_3)                 0.00       0.15 r                   
  g_rsp_arb_req_arb/g_passthru_g_out_buf_0__out_buf/data_in[144] (net)                                           0.00       0.15 r                   
  g_rsp_arb_req_arb/g_passthru_g_out_buf_0__out_buf/U137/Y (BUF_X1M_A9TR)                              0.09      0.13 *     0.28 r                   0.90
  g_rsp_arb_req_arb/g_passthru_g_out_buf_0__out_buf/data_out[144] (net)                      1                   0.00       0.28 r                   
  g_rsp_arb_req_arb/g_passthru_g_out_buf_0__out_buf/data_out[144] (VX_elastic_buffer_517_0_0_0_3)                0.00       0.28 r                   
  g_rsp_arb_req_arb/data_out[144] (net)                                                                          0.00       0.28 r                   
  g_rsp_arb_req_arb/data_out[144] (VX_stream_arb_27)                                                             0.00       0.28 r                   
  bus_in_if_0__rsp_data[144] (net)                                                                               0.00       0.28 r                   
  bus_in_if_0__rsp_data[144] (out)                                                                     0.09      0.00 *     0.28 r                   
  data arrival time                                                                                                         0.28                     

  clock CLK (rise edge)                                                                                          9.90       9.90                     
  clock network delay (ideal)                                                                                    0.00       9.90                     
  output external delay                                                                                          0.00       9.90                     
  data required time                                                                                                        9.90                     
  ----------------------------------------------------------------------------------------------------------------------------------------------------------------
  data required time                                                                                                        9.90                     
  data arrival time                                                                                                        -0.28                     
  ----------------------------------------------------------------------------------------------------------------------------------------------------------------
  slack (MET)                                                                                                               9.62                     


  Startpoint: bus_out_if_0__rsp_data[173]
              (input port clocked by CLK)
  Endpoint: bus_in_if_0__rsp_data[173]
            (output port clocked by CLK)
  Scenario: mode_norm.OC_rvt_ss_0p900v_125c
  Path Group: FEEDTHROUGH
  Path Type: max

Attributes:
    d - dont_touch
    u - dont_use
   mo - map_only
   so - size_only
    i - ideal_net or ideal_network
  inf - infeasible path

  Point                                                                                    Fanout     Trans      Incr       Path      Attributes     Voltage
  ----------------------------------------------------------------------------------------------------------------------------------------------------------------
  clock CLK (rise edge)                                                                                          0.00       0.00                     
  clock network delay (ideal)                                                                                    0.00       0.00                     
  input external delay                                                                                           0.00       0.00 r                   
  bus_out_if_0__rsp_data[173] (in)                                                                     0.27      0.15       0.15 r                   
  bus_out_if_0__rsp_data[173] (net)                                                          1                   0.00       0.15 r                   
  g_rsp_arb_req_arb/data_in[173] (VX_stream_arb_27)                                                              0.00       0.15 r                   
  g_rsp_arb_req_arb/data_in[173] (net)                                                                           0.00       0.15 r                   
  g_rsp_arb_req_arb/g_passthru_g_out_buf_0__out_buf/data_in[173] (VX_elastic_buffer_517_0_0_0_3)                 0.00       0.15 r                   
  g_rsp_arb_req_arb/g_passthru_g_out_buf_0__out_buf/data_in[173] (net)                                           0.00       0.15 r                   
  g_rsp_arb_req_arb/g_passthru_g_out_buf_0__out_buf/U136/Y (BUF_X1M_A9TR)                              0.09      0.13 *     0.27 r                   0.90
  g_rsp_arb_req_arb/g_passthru_g_out_buf_0__out_buf/data_out[173] (net)                      1                   0.00       0.27 r                   
  g_rsp_arb_req_arb/g_passthru_g_out_buf_0__out_buf/data_out[173] (VX_elastic_buffer_517_0_0_0_3)                0.00       0.27 r                   
  g_rsp_arb_req_arb/data_out[173] (net)                                                                          0.00       0.27 r                   
  g_rsp_arb_req_arb/data_out[173] (VX_stream_arb_27)                                                             0.00       0.27 r                   
  bus_in_if_0__rsp_data[173] (net)                                                                               0.00       0.27 r                   
  bus_in_if_0__rsp_data[173] (out)                                                                     0.09      0.00 *     0.28 r                   
  data arrival time                                                                                                         0.28                     

  clock CLK (rise edge)                                                                                          9.90       9.90                     
  clock network delay (ideal)                                                                                    0.00       9.90                     
  output external delay                                                                                          0.00       9.90                     
  data required time                                                                                                        9.90                     
  ----------------------------------------------------------------------------------------------------------------------------------------------------------------
  data required time                                                                                                        9.90                     
  data arrival time                                                                                                        -0.28                     
  ----------------------------------------------------------------------------------------------------------------------------------------------------------------
  slack (MET)                                                                                                               9.62                     


1
