Information: Propagating switching activity (high effort zero delay simulation). (PWR-6)
Warning: Design has unannotated primary inputs. (PWR-414)
 
****************************************
Report : power
        -hier
        -analysis_effort high
        -verbose
Design : VX_mem_arb__098366153a01
Scenario(s): mode_norm.OC_rvt_ss_0p900v_125c
Version: V-2023.12-SP5-3
Date   : Tue Jul 21 07:16:40 2026
****************************************


Library(s) Used:

    sc9_cmos28lpp_base_rvt_ss_nominal_max_0p900v_125c_sadhm (File: /tool/PDK/Samsung/LN28LPP_202203/PRIMITIVES/RVT/ln28lpp_sc_9t_base_rvt_c130_V1.00d/FE-Common/LIBERTY/sc9_cmos28lpp_base_rvt_ss_nominal_max_0p900v_125c_sadhm.db)


Global Operating Voltage = 0.9  
Power-specific unit information :
    Voltage Units = 1V
    Capacitance Units = 1.000000pf
    Time Units = 1ns
    Dynamic Power Units = 1mW    (derived from V,C,T units)
    Leakage Power Units = 1uW


--------------------------------------------------------------------------------
                                       Switch   Int      Leak     Total
Hierarchy                              Power    Power    Power    Power    %
--------------------------------------------------------------------------------
VX_mem_arb__098366153a01               6.90e-02 3.36e-02   30.419    0.133 100.0
  g_rsp_arb_req_arb (VX_stream_arb_27) 2.74e-02 1.54e-02   13.922 5.67e-02  42.6
    g_passthru_g_out_buf_3__out_buf (VX_elastic_buffer_517_0_0_0_0) 9.53e-03 3.86e-03    3.480 1.69e-02  12.7
    g_passthru_g_out_buf_2__out_buf (VX_elastic_buffer_517_0_0_0_1) 6.04e-03 3.84e-03    3.480 1.34e-02  10.0
    g_passthru_g_out_buf_1__out_buf (VX_elastic_buffer_517_0_0_0_2) 5.78e-03 3.83e-03    3.480 1.31e-02   9.8
    g_passthru_g_out_buf_0__out_buf (VX_elastic_buffer_517_0_0_0_3) 6.08e-03 3.82e-03    3.480 1.34e-02  10.1
  req_arb (VX_stream_arb_26)           4.16e-02 1.83e-02   16.497 7.64e-02  57.4
    g_passthru_g_out_buf_3__out_buf (VX_elastic_buffer_613_0_0_0_0) 7.19e-03 4.54e-03    4.124 1.58e-02  11.9
    g_passthru_g_out_buf_2__out_buf (VX_elastic_buffer_613_0_0_0_1) 6.96e-03 4.54e-03    4.124 1.56e-02  11.7
    g_passthru_g_out_buf_1__out_buf (VX_elastic_buffer_613_0_0_0_2) 1.34e-02 4.59e-03    4.124 2.21e-02  16.6
    g_passthru_g_out_buf_0__out_buf (VX_elastic_buffer_613_0_0_0_3) 1.41e-02 4.60e-03    4.124 2.28e-02  17.1
1
