Information: Propagating switching activity (high effort zero delay simulation). (PWR-6)
Warning: There is no defined clock in scenario mode_norm.OC_rvt_ss_0p900v_125c. (PWR-80)
Warning: Design has unannotated primary inputs. (PWR-414)
Warning: Design has unannotated sequential cell outputs. (PWR-415)
 
****************************************
Report : power
        -hier
        -analysis_effort high
        -verbose
Design : axi_demux__76a34b0373d8
Scenario(s): mode_norm.OC_rvt_ss_0p900v_125c
Version: V-2023.12-SP5-3
Date   : Tue Jul 21 10:49:55 2026
****************************************


Library(s) Used:

    sc9_cmos28lpp_base_rvt_ss_nominal_max_0p900v_125c_sadhm (File: /tool/PDK/Samsung/LN28LPP_202203/PRIMITIVES/RVT/ln28lpp_sc_9t_base_rvt_c130_V1.00d/FE-Common/LIBERTY/sc9_cmos28lpp_base_rvt_ss_nominal_max_0p900v_125c_sadhm.db)


Global Operating Voltage = 0.9  
Power-specific unit information :
    Voltage Units = 1V
    Capacitance Units = 1.000000pf
    Time Units = 1ns
    Dynamic Power Units = 1mW    (derived from V,C,T units)
    Leakage Power Units = 1uW


--------------------------------------------------------------------------------
                                       Switch   Int      Leak     Total
Hierarchy                              Power    Power    Power    Power    %
--------------------------------------------------------------------------------
axi_demux__76a34b0373d8                   1.550    0.534  140.364    2.224 100.0
  i_demux_simple (axi_demux_simple_00000008_0_00000008_00000008_00000008_0_234242)    1.331    0.373  125.723    1.830  82.3
    genblk1_i_r_mux (rr_arb_tree_00000008__logic_Z_1yB__1_1_0) 6.08e-03 6.29e-03    0.531 1.29e-02   0.6
      gen_arbiter_gen_int_rr_gen_fair_arb_i_lzc_lower (lzc_00000008_0_0) 2.97e-04 3.31e-04 4.23e-02 6.70e-04   0.0
      gen_arbiter_gen_int_rr_gen_fair_arb_i_lzc_upper (lzc_00000008_0_1) 2.64e-04 3.35e-04 2.39e-02 6.23e-04   0.0
    genblk1_gen_ar_id_counter_i_ar_id_counter (axi_demux_id_counters_00000008_00000003_465242_0)    0.179 6.00e-02   47.723    0.287  12.9
      gen_counters_255__i_in_flight_cnt (delta_counter_00000003_0_0) 2.91e-06 8.60e-05 9.42e-02 1.83e-04   0.0
      gen_counters_254__i_in_flight_cnt (delta_counter_00000003_0_1) 1.97e-06 8.11e-05 9.41e-02 1.77e-04   0.0
      gen_counters_253__i_in_flight_cnt (delta_counter_00000003_0_2) 1.48e-06 7.92e-05 9.41e-02 1.75e-04   0.0
      gen_counters_252__i_in_flight_cnt (delta_counter_00000003_0_3) 2.79e-06 8.30e-05 9.41e-02 1.80e-04   0.0
      gen_counters_251__i_in_flight_cnt (delta_counter_00000003_0_4) 2.06e-06 8.13e-05 9.41e-02 1.77e-04   0.0
      gen_counters_250__i_in_flight_cnt (delta_counter_00000003_0_5) 1.97e-06 8.12e-05 9.41e-02 1.77e-04   0.0
      gen_counters_249__i_in_flight_cnt (delta_counter_00000003_0_6) 2.00e-06 8.01e-05 9.41e-02 1.76e-04   0.0
      gen_counters_248__i_in_flight_cnt (delta_counter_00000003_0_7) 2.96e-06 8.35e-05 9.41e-02 1.81e-04   0.0
      gen_counters_247__i_in_flight_cnt (delta_counter_00000003_0_8) 1.62e-06 7.97e-05 9.41e-02 1.75e-04   0.0
      gen_counters_246__i_in_flight_cnt (delta_counter_00000003_0_9) 1.97e-06 8.17e-05 9.41e-02 1.78e-04   0.0
      gen_counters_245__i_in_flight_cnt (delta_counter_00000003_0_10) 2.22e-06 8.06e-05 9.41e-02 1.77e-04   0.0
      gen_counters_244__i_in_flight_cnt (delta_counter_00000003_0_11) 1.61e-06 7.78e-05 9.41e-02 1.74e-04   0.0
      gen_counters_243__i_in_flight_cnt (delta_counter_00000003_0_12) 2.51e-06 8.27e-05 9.41e-02 1.79e-04   0.0
      gen_counters_242__i_in_flight_cnt (delta_counter_00000003_0_13) 8.26e-07 7.63e-05 9.41e-02 1.71e-04   0.0
      gen_counters_241__i_in_flight_cnt (delta_counter_00000003_0_14) 2.79e-06 8.41e-05 9.41e-02 1.81e-04   0.0
      gen_counters_240__i_in_flight_cnt (delta_counter_00000003_0_15) 2.60e-06 8.41e-05 9.41e-02 1.81e-04   0.0
      gen_counters_239__i_in_flight_cnt (delta_counter_00000003_0_16) 1.87e-06 7.98e-05 9.41e-02 1.76e-04   0.0
      gen_counters_238__i_in_flight_cnt (delta_counter_00000003_0_17) 1.93e-06 8.04e-05 9.41e-02 1.76e-04   0.0
      gen_counters_237__i_in_flight_cnt (delta_counter_00000003_0_18) 2.44e-06 8.25e-05 9.41e-02 1.79e-04   0.0
      gen_counters_236__i_in_flight_cnt (delta_counter_00000003_0_19) 1.95e-06 8.16e-05 9.41e-02 1.78e-04   0.0
      gen_counters_235__i_in_flight_cnt (delta_counter_00000003_0_20) 2.54e-06 8.29e-05 9.41e-02 1.80e-04   0.0
      gen_counters_234__i_in_flight_cnt (delta_counter_00000003_0_21) 1.99e-06 8.19e-05 9.41e-02 1.78e-04   0.0
      gen_counters_233__i_in_flight_cnt (delta_counter_00000003_0_22) 2.33e-06 8.27e-05 9.41e-02 1.79e-04   0.0
      gen_counters_232__i_in_flight_cnt (delta_counter_00000003_0_23) 1.87e-06 7.99e-05 9.41e-02 1.76e-04   0.0
      gen_counters_231__i_in_flight_cnt (delta_counter_00000003_0_24) 1.85e-06 8.08e-05 9.41e-02 1.77e-04   0.0
      gen_counters_230__i_in_flight_cnt (delta_counter_00000003_0_25) 1.76e-06 8.06e-05 9.41e-02 1.76e-04   0.0
      gen_counters_229__i_in_flight_cnt (delta_counter_00000003_0_26) 2.10e-06 8.18e-05 9.41e-02 1.78e-04   0.0
      gen_counters_228__i_in_flight_cnt (delta_counter_00000003_0_27) 1.39e-06 7.91e-05 9.41e-02 1.75e-04   0.0
      gen_counters_227__i_in_flight_cnt (delta_counter_00000003_0_28) 2.12e-06 8.13e-05 9.41e-02 1.78e-04   0.0
      gen_counters_226__i_in_flight_cnt (delta_counter_00000003_0_29) 1.50e-06 7.98e-05 9.41e-02 1.75e-04   0.0
      gen_counters_225__i_in_flight_cnt (delta_counter_00000003_0_30) 1.81e-06 8.16e-05 9.41e-02 1.78e-04   0.0
      gen_counters_224__i_in_flight_cnt (delta_counter_00000003_0_31) 1.68e-06 8.01e-05 9.41e-02 1.76e-04   0.0
      gen_counters_223__i_in_flight_cnt (delta_counter_00000003_0_32) 2.19e-06 8.05e-05 9.41e-02 1.77e-04   0.0
      gen_counters_222__i_in_flight_cnt (delta_counter_00000003_0_33) 1.80e-06 7.96e-05 9.41e-02 1.76e-04   0.0
      gen_counters_221__i_in_flight_cnt (delta_counter_00000003_0_34) 1.56e-06 8.00e-05 9.41e-02 1.76e-04   0.0
      gen_counters_220__i_in_flight_cnt (delta_counter_00000003_0_35) 1.54e-06 7.91e-05 9.41e-02 1.75e-04   0.0
      gen_counters_219__i_in_flight_cnt (delta_counter_00000003_0_36) 1.22e-06 7.80e-05 9.41e-02 1.73e-04   0.0
      gen_counters_218__i_in_flight_cnt (delta_counter_00000003_0_37) 2.37e-06 8.16e-05 9.41e-02 1.78e-04   0.0
      gen_counters_217__i_in_flight_cnt (delta_counter_00000003_0_38) 1.47e-06 7.94e-05 9.41e-02 1.75e-04   0.0
      gen_counters_216__i_in_flight_cnt (delta_counter_00000003_0_39) 1.96e-06 8.07e-05 9.41e-02 1.77e-04   0.0
      gen_counters_215__i_in_flight_cnt (delta_counter_00000003_0_40) 2.42e-06 8.24e-05 9.41e-02 1.79e-04   0.0
      gen_counters_214__i_in_flight_cnt (delta_counter_00000003_0_41) 3.17e-06 8.40e-05 9.41e-02 1.81e-04   0.0
      gen_counters_213__i_in_flight_cnt (delta_counter_00000003_0_42) 1.93e-06 8.01e-05 9.41e-02 1.76e-04   0.0
      gen_counters_212__i_in_flight_cnt (delta_counter_00000003_0_43) 1.78e-06 7.89e-05 9.41e-02 1.75e-04   0.0
      gen_counters_211__i_in_flight_cnt (delta_counter_00000003_0_44) 1.98e-06 8.08e-05 9.41e-02 1.77e-04   0.0
      gen_counters_210__i_in_flight_cnt (delta_counter_00000003_0_45) 1.53e-06 7.87e-05 9.41e-02 1.74e-04   0.0
      gen_counters_209__i_in_flight_cnt (delta_counter_00000003_0_46) 1.39e-06 7.81e-05 9.41e-02 1.74e-04   0.0
      gen_counters_208__i_in_flight_cnt (delta_counter_00000003_0_47) 1.10e-06 7.67e-05 9.41e-02 1.72e-04   0.0
      gen_counters_207__i_in_flight_cnt (delta_counter_00000003_0_48) 1.99e-06 8.00e-05 9.41e-02 1.76e-04   0.0
      gen_counters_206__i_in_flight_cnt (delta_counter_00000003_0_49) 1.79e-06 7.87e-05 9.41e-02 1.75e-04   0.0
      gen_counters_205__i_in_flight_cnt (delta_counter_00000003_0_50) 1.67e-06 7.93e-05 9.41e-02 1.75e-04   0.0
      gen_counters_204__i_in_flight_cnt (delta_counter_00000003_0_51) 2.48e-06 8.24e-05 9.41e-02 1.79e-04   0.0
      gen_counters_203__i_in_flight_cnt (delta_counter_00000003_0_52) 2.40e-06 8.14e-05 9.41e-02 1.78e-04   0.0
      gen_counters_202__i_in_flight_cnt (delta_counter_00000003_0_53) 2.08e-06 8.14e-05 9.41e-02 1.78e-04   0.0
      gen_counters_201__i_in_flight_cnt (delta_counter_00000003_0_54) 1.76e-06 8.01e-05 9.41e-02 1.76e-04   0.0
      gen_counters_200__i_in_flight_cnt (delta_counter_00000003_0_55) 2.81e-06 8.41e-05 9.41e-02 1.81e-04   0.0
      gen_counters_199__i_in_flight_cnt (delta_counter_00000003_0_56) 2.09e-06 8.16e-05 9.41e-02 1.78e-04   0.0
      gen_counters_198__i_in_flight_cnt (delta_counter_00000003_0_57) 1.86e-06 7.96e-05 9.41e-02 1.76e-04   0.0
      gen_counters_197__i_in_flight_cnt (delta_counter_00000003_0_58) 1.84e-06 8.02e-05 9.41e-02 1.76e-04   0.0
      gen_counters_196__i_in_flight_cnt (delta_counter_00000003_0_59) 2.31e-06 8.20e-05 9.41e-02 1.78e-04   0.0
      gen_counters_195__i_in_flight_cnt (delta_counter_00000003_0_60) 1.81e-06 8.01e-05 9.41e-02 1.76e-04   0.0
      gen_counters_194__i_in_flight_cnt (delta_counter_00000003_0_61) 2.16e-06 8.09e-05 9.41e-02 1.77e-04   0.0
      gen_counters_193__i_in_flight_cnt (delta_counter_00000003_0_62) 1.70e-06 7.99e-05 9.41e-02 1.76e-04   0.0
      gen_counters_192__i_in_flight_cnt (delta_counter_00000003_0_63) 2.42e-06 8.29e-05 9.42e-02 1.79e-04   0.0
      gen_counters_191__i_in_flight_cnt (delta_counter_00000003_0_64) 1.74e-06 7.95e-05 9.41e-02 1.75e-04   0.0
      gen_counters_190__i_in_flight_cnt (delta_counter_00000003_0_65) 1.86e-06 8.03e-05 9.41e-02 1.76e-04   0.0
      gen_counters_189__i_in_flight_cnt (delta_counter_00000003_0_66) 2.15e-06 8.11e-05 9.41e-02 1.77e-04   0.0
      gen_counters_188__i_in_flight_cnt (delta_counter_00000003_0_67) 2.55e-06 8.30e-05 9.41e-02 1.80e-04   0.0
      gen_counters_187__i_in_flight_cnt (delta_counter_00000003_0_68) 2.45e-06 8.27e-05 9.41e-02 1.79e-04   0.0
      gen_counters_186__i_in_flight_cnt (delta_counter_00000003_0_69) 2.65e-06 8.47e-05 9.41e-02 1.81e-04   0.0
      gen_counters_185__i_in_flight_cnt (delta_counter_00000003_0_70) 1.81e-06 8.13e-05 9.41e-02 1.77e-04   0.0
      gen_counters_184__i_in_flight_cnt (delta_counter_00000003_0_71) 2.58e-06 8.46e-05 9.41e-02 1.81e-04   0.0
      gen_counters_183__i_in_flight_cnt (delta_counter_00000003_0_72) 2.47e-06 8.21e-05 9.41e-02 1.79e-04   0.0
      gen_counters_182__i_in_flight_cnt (delta_counter_00000003_0_73) 2.44e-06 8.11e-05 9.41e-02 1.78e-04   0.0
      gen_counters_181__i_in_flight_cnt (delta_counter_00000003_0_74) 2.16e-06 8.15e-05 9.41e-02 1.78e-04   0.0
      gen_counters_180__i_in_flight_cnt (delta_counter_00000003_0_75) 1.69e-06 7.88e-05 9.41e-02 1.75e-04   0.0
      gen_counters_179__i_in_flight_cnt (delta_counter_00000003_0_76) 1.71e-06 7.84e-05 9.41e-02 1.74e-04   0.0
      gen_counters_178__i_in_flight_cnt (delta_counter_00000003_0_77) 1.86e-06 7.98e-05 9.41e-02 1.76e-04   0.0
      gen_counters_177__i_in_flight_cnt (delta_counter_00000003_0_78) 2.26e-06 8.32e-05 9.41e-02 1.80e-04   0.0
      gen_counters_176__i_in_flight_cnt (delta_counter_00000003_0_79) 2.60e-06 8.36e-05 9.41e-02 1.80e-04   0.0
      gen_counters_175__i_in_flight_cnt (delta_counter_00000003_0_80) 1.49e-06 7.91e-05 9.41e-02 1.75e-04   0.0
      gen_counters_174__i_in_flight_cnt (delta_counter_00000003_0_81) 1.38e-06 7.83e-05 9.41e-02 1.74e-04   0.0
      gen_counters_173__i_in_flight_cnt (delta_counter_00000003_0_82) 2.19e-06 8.24e-05 9.41e-02 1.79e-04   0.0
      gen_counters_172__i_in_flight_cnt (delta_counter_00000003_0_83) 2.52e-06 8.37e-05 9.41e-02 1.80e-04   0.0
      gen_counters_171__i_in_flight_cnt (delta_counter_00000003_0_84) 1.93e-06 8.10e-05 9.41e-02 1.77e-04   0.0
      gen_counters_170__i_in_flight_cnt (delta_counter_00000003_0_85) 2.23e-06 8.10e-05 9.41e-02 1.77e-04   0.0
      gen_counters_169__i_in_flight_cnt (delta_counter_00000003_0_86) 2.70e-06 8.50e-05 9.41e-02 1.82e-04   0.0
      gen_counters_168__i_in_flight_cnt (delta_counter_00000003_0_87) 2.94e-06 8.63e-05 9.41e-02 1.83e-04   0.0
      gen_counters_167__i_in_flight_cnt (delta_counter_00000003_0_88) 2.32e-06 8.37e-05 9.41e-02 1.80e-04   0.0
      gen_counters_166__i_in_flight_cnt (delta_counter_00000003_0_89) 8.55e-07 7.83e-05 9.41e-02 1.73e-04   0.0
      gen_counters_165__i_in_flight_cnt (delta_counter_00000003_0_90) 2.34e-06 8.50e-05 9.41e-02 1.82e-04   0.0
      gen_counters_164__i_in_flight_cnt (delta_counter_00000003_0_91) 1.63e-06 8.15e-05 9.41e-02 1.77e-04   0.0
      gen_counters_163__i_in_flight_cnt (delta_counter_00000003_0_92) 1.47e-06 7.95e-05 9.41e-02 1.75e-04   0.0
      gen_counters_162__i_in_flight_cnt (delta_counter_00000003_0_93) 1.34e-06 7.85e-05 9.41e-02 1.74e-04   0.0
      gen_counters_161__i_in_flight_cnt (delta_counter_00000003_0_94) 2.00e-06 8.02e-05 9.41e-02 1.76e-04   0.0
      gen_counters_160__i_in_flight_cnt (delta_counter_00000003_0_95) 2.18e-06 8.12e-05 9.41e-02 1.78e-04   0.0
      gen_counters_159__i_in_flight_cnt (delta_counter_00000003_0_96) 2.76e-06 8.49e-05 9.41e-02 1.82e-04   0.0
      gen_counters_158__i_in_flight_cnt (delta_counter_00000003_0_97) 1.62e-06 8.06e-05 9.41e-02 1.76e-04   0.0
      gen_counters_157__i_in_flight_cnt (delta_counter_00000003_0_98) 1.77e-06 8.08e-05 9.41e-02 1.77e-04   0.0
      gen_counters_156__i_in_flight_cnt (delta_counter_00000003_0_99) 1.55e-06 8.09e-05 9.41e-02 1.77e-04   0.0
      gen_counters_155__i_in_flight_cnt (delta_counter_00000003_0_100) 2.15e-06 8.23e-05 9.41e-02 1.79e-04   0.0
      gen_counters_154__i_in_flight_cnt (delta_counter_00000003_0_101) 1.92e-06 8.14e-05 9.41e-02 1.77e-04   0.0
      gen_counters_153__i_in_flight_cnt (delta_counter_00000003_0_102) 1.71e-06 8.15e-05 9.41e-02 1.77e-04   0.0
      gen_counters_152__i_in_flight_cnt (delta_counter_00000003_0_103) 1.27e-06 7.88e-05 9.41e-02 1.74e-04   0.0
      gen_counters_151__i_in_flight_cnt (delta_counter_00000003_0_104) 2.35e-06 8.20e-05 9.41e-02 1.78e-04   0.0
      gen_counters_150__i_in_flight_cnt (delta_counter_00000003_0_105) 1.81e-06 8.14e-05 9.41e-02 1.77e-04   0.0
      gen_counters_149__i_in_flight_cnt (delta_counter_00000003_0_106) 2.32e-06 8.41e-05 9.41e-02 1.81e-04   0.0
      gen_counters_148__i_in_flight_cnt (delta_counter_00000003_0_107) 1.51e-06 8.02e-05 9.41e-02 1.76e-04   0.0
      gen_counters_147__i_in_flight_cnt (delta_counter_00000003_0_108) 2.02e-06 8.27e-05 9.41e-02 1.79e-04   0.0
      gen_counters_146__i_in_flight_cnt (delta_counter_00000003_0_109) 2.13e-06 8.27e-05 9.41e-02 1.79e-04   0.0
      gen_counters_145__i_in_flight_cnt (delta_counter_00000003_0_110) 1.55e-06 8.05e-05 9.41e-02 1.76e-04   0.0
      gen_counters_144__i_in_flight_cnt (delta_counter_00000003_0_111) 1.73e-06 8.11e-05 9.41e-02 1.77e-04   0.0
      gen_counters_143__i_in_flight_cnt (delta_counter_00000003_0_112) 2.00e-06 8.16e-05 9.41e-02 1.78e-04   0.0
      gen_counters_142__i_in_flight_cnt (delta_counter_00000003_0_113) 1.92e-06 7.99e-05 9.41e-02 1.76e-04   0.0
      gen_counters_141__i_in_flight_cnt (delta_counter_00000003_0_114) 1.85e-06 8.13e-05 9.41e-02 1.77e-04   0.0
      gen_counters_140__i_in_flight_cnt (delta_counter_00000003_0_115) 1.47e-06 8.05e-05 9.41e-02 1.76e-04   0.0
      gen_counters_139__i_in_flight_cnt (delta_counter_00000003_0_116) 1.25e-06 7.84e-05 9.41e-02 1.74e-04   0.0
      gen_counters_138__i_in_flight_cnt (delta_counter_00000003_0_117) 1.87e-06 8.07e-05 9.41e-02 1.77e-04   0.0
      gen_counters_137__i_in_flight_cnt (delta_counter_00000003_0_118) 2.12e-06 8.11e-05 9.41e-02 1.77e-04   0.0
      gen_counters_136__i_in_flight_cnt (delta_counter_00000003_0_119) 1.90e-06 8.13e-05 9.41e-02 1.77e-04   0.0
      gen_counters_135__i_in_flight_cnt (delta_counter_00000003_0_120) 1.72e-06 8.00e-05 9.41e-02 1.76e-04   0.0
      gen_counters_134__i_in_flight_cnt (delta_counter_00000003_0_121) 2.59e-06 8.16e-05 9.41e-02 1.78e-04   0.0
      gen_counters_133__i_in_flight_cnt (delta_counter_00000003_0_122) 1.71e-06 8.01e-05 9.41e-02 1.76e-04   0.0
      gen_counters_132__i_in_flight_cnt (delta_counter_00000003_0_123) 1.45e-06 7.94e-05 9.41e-02 1.75e-04   0.0
      gen_counters_131__i_in_flight_cnt (delta_counter_00000003_0_124) 1.33e-06 7.87e-05 9.41e-02 1.74e-04   0.0
      gen_counters_130__i_in_flight_cnt (delta_counter_00000003_0_125) 2.80e-06 8.46e-05 9.41e-02 1.82e-04   0.0
      gen_counters_129__i_in_flight_cnt (delta_counter_00000003_0_126) 1.38e-06 7.83e-05 9.41e-02 1.74e-04   0.0
      gen_counters_128__i_in_flight_cnt (delta_counter_00000003_0_127) 1.21e-06 7.82e-05 9.41e-02 1.74e-04   0.0
      gen_counters_127__i_in_flight_cnt (delta_counter_00000003_0_128) 2.01e-06 8.06e-05 9.41e-02 1.77e-04   0.0
      gen_counters_126__i_in_flight_cnt (delta_counter_00000003_0_129) 1.44e-06 7.89e-05 9.41e-02 1.74e-04   0.0
      gen_counters_125__i_in_flight_cnt (delta_counter_00000003_0_130) 2.42e-06 8.19e-05 9.41e-02 1.78e-04   0.0
      gen_counters_124__i_in_flight_cnt (delta_counter_00000003_0_131) 3.50e-06 8.66e-05 9.41e-02 1.84e-04   0.0
      gen_counters_123__i_in_flight_cnt (delta_counter_00000003_0_132) 2.30e-06 8.15e-05 9.41e-02 1.78e-04   0.0
      gen_counters_122__i_in_flight_cnt (delta_counter_00000003_0_133) 1.52e-06 7.87e-05 9.41e-02 1.74e-04   0.0
      gen_counters_121__i_in_flight_cnt (delta_counter_00000003_0_134) 2.12e-06 8.19e-05 9.41e-02 1.78e-04   0.0
      gen_counters_120__i_in_flight_cnt (delta_counter_00000003_0_135) 2.52e-06 8.35e-05 9.41e-02 1.80e-04   0.0
      gen_counters_119__i_in_flight_cnt (delta_counter_00000003_0_136) 2.14e-06 8.14e-05 9.41e-02 1.78e-04   0.0
      gen_counters_118__i_in_flight_cnt (delta_counter_00000003_0_137) 1.54e-06 7.92e-05 9.41e-02 1.75e-04   0.0
      gen_counters_117__i_in_flight_cnt (delta_counter_00000003_0_138) 2.99e-06 8.52e-05 9.41e-02 1.82e-04   0.0
      gen_counters_116__i_in_flight_cnt (delta_counter_00000003_0_139) 2.23e-06 8.15e-05 9.41e-02 1.78e-04   0.0
      gen_counters_115__i_in_flight_cnt (delta_counter_00000003_0_140) 2.02e-06 8.11e-05 9.41e-02 1.77e-04   0.0
      gen_counters_114__i_in_flight_cnt (delta_counter_00000003_0_141) 1.29e-06 7.80e-05 9.41e-02 1.73e-04   0.0
      gen_counters_113__i_in_flight_cnt (delta_counter_00000003_0_142) 1.69e-06 8.08e-05 9.41e-02 1.77e-04   0.0
      gen_counters_112__i_in_flight_cnt (delta_counter_00000003_0_143) 2.02e-06 8.09e-05 9.41e-02 1.77e-04   0.0
      gen_counters_111__i_in_flight_cnt (delta_counter_00000003_0_144) 1.74e-06 7.89e-05 9.41e-02 1.75e-04   0.0
      gen_counters_110__i_in_flight_cnt (delta_counter_00000003_0_145) 2.84e-06 8.37e-05 9.41e-02 1.81e-04   0.0
      gen_counters_109__i_in_flight_cnt (delta_counter_00000003_0_146) 2.15e-06 8.25e-05 9.41e-02 1.79e-04   0.0
      gen_counters_108__i_in_flight_cnt (delta_counter_00000003_0_147) 2.08e-06 8.27e-05 9.41e-02 1.79e-04   0.0
      gen_counters_107__i_in_flight_cnt (delta_counter_00000003_0_148) 1.40e-06 7.86e-05 9.41e-02 1.74e-04   0.0
      gen_counters_106__i_in_flight_cnt (delta_counter_00000003_0_149) 2.34e-06 8.16e-05 9.41e-02 1.78e-04   0.0
      gen_counters_105__i_in_flight_cnt (delta_counter_00000003_0_150) 1.74e-06 7.93e-05 9.41e-02 1.75e-04   0.0
      gen_counters_104__i_in_flight_cnt (delta_counter_00000003_0_151) 2.47e-06 8.24e-05 9.41e-02 1.79e-04   0.0
      gen_counters_103__i_in_flight_cnt (delta_counter_00000003_0_152) 1.58e-06 8.04e-05 9.41e-02 1.76e-04   0.0
      gen_counters_102__i_in_flight_cnt (delta_counter_00000003_0_153) 1.98e-06 8.17e-05 9.41e-02 1.78e-04   0.0
      gen_counters_101__i_in_flight_cnt (delta_counter_00000003_0_154) 2.41e-06 8.39e-05 9.41e-02 1.80e-04   0.0
      gen_counters_100__i_in_flight_cnt (delta_counter_00000003_0_155) 1.57e-06 8.10e-05 9.41e-02 1.77e-04   0.0
      gen_counters_99__i_in_flight_cnt (delta_counter_00000003_0_156) 1.71e-06 7.88e-05 9.41e-02 1.75e-04   0.0
      gen_counters_98__i_in_flight_cnt (delta_counter_00000003_0_157) 2.63e-06 8.26e-05 9.41e-02 1.79e-04   0.0
      gen_counters_97__i_in_flight_cnt (delta_counter_00000003_0_158) 1.37e-06 7.98e-05 9.41e-02 1.75e-04   0.0
      gen_counters_96__i_in_flight_cnt (delta_counter_00000003_0_159) 2.08e-06 8.14e-05 9.41e-02 1.78e-04   0.0
      gen_counters_95__i_in_flight_cnt (delta_counter_00000003_0_160) 2.04e-06 8.19e-05 9.41e-02 1.78e-04   0.0
      gen_counters_94__i_in_flight_cnt (delta_counter_00000003_0_161) 1.72e-06 7.98e-05 9.41e-02 1.76e-04   0.0
      gen_counters_93__i_in_flight_cnt (delta_counter_00000003_0_162) 2.37e-06 8.36e-05 9.41e-02 1.80e-04   0.0
      gen_counters_92__i_in_flight_cnt (delta_counter_00000003_0_163) 2.57e-06 8.30e-05 9.41e-02 1.80e-04   0.0
      gen_counters_91__i_in_flight_cnt (delta_counter_00000003_0_164) 1.95e-06 8.05e-05 9.41e-02 1.77e-04   0.0
      gen_counters_90__i_in_flight_cnt (delta_counter_00000003_0_165) 1.93e-06 8.04e-05 9.41e-02 1.77e-04   0.0
      gen_counters_89__i_in_flight_cnt (delta_counter_00000003_0_166) 2.66e-06 8.41e-05 9.41e-02 1.81e-04   0.0
      gen_counters_88__i_in_flight_cnt (delta_counter_00000003_0_167) 2.87e-06 8.51e-05 9.41e-02 1.82e-04   0.0
      gen_counters_87__i_in_flight_cnt (delta_counter_00000003_0_168) 1.98e-06 8.08e-05 9.41e-02 1.77e-04   0.0
      gen_counters_86__i_in_flight_cnt (delta_counter_00000003_0_169) 1.77e-06 7.88e-05 9.41e-02 1.75e-04   0.0
      gen_counters_85__i_in_flight_cnt (delta_counter_00000003_0_170) 1.59e-06 7.89e-05 9.41e-02 1.75e-04   0.0
      gen_counters_84__i_in_flight_cnt (delta_counter_00000003_0_171) 2.05e-06 8.15e-05 9.41e-02 1.78e-04   0.0
      gen_counters_83__i_in_flight_cnt (delta_counter_00000003_0_172) 2.24e-06 8.14e-05 9.41e-02 1.78e-04   0.0
      gen_counters_82__i_in_flight_cnt (delta_counter_00000003_0_173) 1.86e-06 8.15e-05 9.41e-02 1.78e-04   0.0
      gen_counters_81__i_in_flight_cnt (delta_counter_00000003_0_174) 2.83e-06 8.32e-05 9.41e-02 1.80e-04   0.0
      gen_counters_80__i_in_flight_cnt (delta_counter_00000003_0_175) 2.36e-06 8.16e-05 9.41e-02 1.78e-04   0.0
      gen_counters_79__i_in_flight_cnt (delta_counter_00000003_0_176) 2.13e-06 8.20e-05 9.41e-02 1.78e-04   0.0
      gen_counters_78__i_in_flight_cnt (delta_counter_00000003_0_177) 1.79e-06 8.09e-05 9.41e-02 1.77e-04   0.0
      gen_counters_77__i_in_flight_cnt (delta_counter_00000003_0_178) 1.87e-06 8.11e-05 9.41e-02 1.77e-04   0.0
      gen_counters_76__i_in_flight_cnt (delta_counter_00000003_0_179) 1.96e-06 8.13e-05 9.41e-02 1.77e-04   0.0
      gen_counters_75__i_in_flight_cnt (delta_counter_00000003_0_180) 1.59e-06 7.87e-05 9.41e-02 1.74e-04   0.0
      gen_counters_74__i_in_flight_cnt (delta_counter_00000003_0_181) 1.74e-06 8.01e-05 9.41e-02 1.76e-04   0.0
      gen_counters_73__i_in_flight_cnt (delta_counter_00000003_0_182) 2.31e-06 8.11e-05 9.41e-02 1.78e-04   0.0
      gen_counters_72__i_in_flight_cnt (delta_counter_00000003_0_183) 2.71e-06 8.35e-05 9.41e-02 1.80e-04   0.0
      gen_counters_71__i_in_flight_cnt (delta_counter_00000003_0_184) 1.77e-06 7.91e-05 9.41e-02 1.75e-04   0.0
      gen_counters_70__i_in_flight_cnt (delta_counter_00000003_0_185) 1.84e-06 7.97e-05 9.41e-02 1.76e-04   0.0
      gen_counters_69__i_in_flight_cnt (delta_counter_00000003_0_186) 1.71e-06 7.94e-05 9.41e-02 1.75e-04   0.0
      gen_counters_68__i_in_flight_cnt (delta_counter_00000003_0_187) 2.59e-06 8.37e-05 9.41e-02 1.80e-04   0.0
      gen_counters_67__i_in_flight_cnt (delta_counter_00000003_0_188) 1.01e-06 7.61e-05 9.41e-02 1.71e-04   0.0
      gen_counters_66__i_in_flight_cnt (delta_counter_00000003_0_189) 2.06e-06 8.18e-05 9.41e-02 1.78e-04   0.0
      gen_counters_65__i_in_flight_cnt (delta_counter_00000003_0_190) 2.35e-06 8.18e-05 9.41e-02 1.78e-04   0.0
      gen_counters_64__i_in_flight_cnt (delta_counter_00000003_0_191) 1.65e-06 7.86e-05 9.41e-02 1.74e-04   0.0
      gen_counters_63__i_in_flight_cnt (delta_counter_00000003_0_192) 1.63e-06 8.14e-05 9.41e-02 1.77e-04   0.0
      gen_counters_62__i_in_flight_cnt (delta_counter_00000003_0_193) 1.80e-06 8.02e-05 9.41e-02 1.76e-04   0.0
      gen_counters_61__i_in_flight_cnt (delta_counter_00000003_0_194) 2.08e-06 8.37e-05 9.41e-02 1.80e-04   0.0
      gen_counters_60__i_in_flight_cnt (delta_counter_00000003_0_195) 2.71e-06 8.57e-05 9.41e-02 1.83e-04   0.0
      gen_counters_59__i_in_flight_cnt (delta_counter_00000003_0_196) 2.14e-06 8.24e-05 9.41e-02 1.79e-04   0.0
      gen_counters_58__i_in_flight_cnt (delta_counter_00000003_0_197) 2.57e-06 8.39e-05 9.41e-02 1.81e-04   0.0
      gen_counters_57__i_in_flight_cnt (delta_counter_00000003_0_198) 1.61e-06 8.06e-05 9.41e-02 1.76e-04   0.0
      gen_counters_56__i_in_flight_cnt (delta_counter_00000003_0_199) 1.84e-06 8.30e-05 9.41e-02 1.79e-04   0.0
      gen_counters_55__i_in_flight_cnt (delta_counter_00000003_0_200) 2.40e-06 8.43e-05 9.41e-02 1.81e-04   0.0
      gen_counters_54__i_in_flight_cnt (delta_counter_00000003_0_201) 2.35e-06 8.28e-05 9.41e-02 1.79e-04   0.0
      gen_counters_53__i_in_flight_cnt (delta_counter_00000003_0_202) 2.54e-06 8.46e-05 9.41e-02 1.81e-04   0.0
      gen_counters_52__i_in_flight_cnt (delta_counter_00000003_0_203) 2.79e-06 8.42e-05 9.41e-02 1.81e-04   0.0
      gen_counters_51__i_in_flight_cnt (delta_counter_00000003_0_204) 1.59e-06 7.95e-05 9.41e-02 1.75e-04   0.0
      gen_counters_50__i_in_flight_cnt (delta_counter_00000003_0_205) 1.48e-06 7.96e-05 9.41e-02 1.75e-04   0.0
      gen_counters_49__i_in_flight_cnt (delta_counter_00000003_0_206) 2.32e-06 8.40e-05 9.41e-02 1.80e-04   0.0
      gen_counters_48__i_in_flight_cnt (delta_counter_00000003_0_207) 2.51e-06 8.38e-05 9.41e-02 1.80e-04   0.0
      gen_counters_47__i_in_flight_cnt (delta_counter_00000003_0_208) 1.73e-06 8.03e-05 9.41e-02 1.76e-04   0.0
      gen_counters_46__i_in_flight_cnt (delta_counter_00000003_0_209) 1.75e-06 8.06e-05 9.41e-02 1.76e-04   0.0
      gen_counters_45__i_in_flight_cnt (delta_counter_00000003_0_210) 2.09e-06 8.31e-05 9.41e-02 1.79e-04   0.0
      gen_counters_44__i_in_flight_cnt (delta_counter_00000003_0_211) 2.10e-06 8.20e-05 9.41e-02 1.78e-04   0.0
      gen_counters_43__i_in_flight_cnt (delta_counter_00000003_0_212) 1.33e-06 7.88e-05 9.41e-02 1.74e-04   0.0
      gen_counters_42__i_in_flight_cnt (delta_counter_00000003_0_213) 2.31e-06 8.38e-05 9.41e-02 1.80e-04   0.0
      gen_counters_41__i_in_flight_cnt (delta_counter_00000003_0_214) 1.91e-06 8.17e-05 9.41e-02 1.78e-04   0.0
      gen_counters_40__i_in_flight_cnt (delta_counter_00000003_0_215) 2.95e-06 8.68e-05 9.41e-02 1.84e-04   0.0
      gen_counters_39__i_in_flight_cnt (delta_counter_00000003_0_216) 1.73e-06 8.00e-05 9.41e-02 1.76e-04   0.0
      gen_counters_38__i_in_flight_cnt (delta_counter_00000003_0_217) 2.09e-06 8.26e-05 9.41e-02 1.79e-04   0.0
      gen_counters_37__i_in_flight_cnt (delta_counter_00000003_0_218) 1.76e-06 8.07e-05 9.41e-02 1.77e-04   0.0
      gen_counters_36__i_in_flight_cnt (delta_counter_00000003_0_219) 1.81e-06 8.02e-05 9.41e-02 1.76e-04   0.0
      gen_counters_35__i_in_flight_cnt (delta_counter_00000003_0_220) 1.51e-06 7.92e-05 9.41e-02 1.75e-04   0.0
      gen_counters_34__i_in_flight_cnt (delta_counter_00000003_0_221) 2.27e-06 8.19e-05 9.41e-02 1.78e-04   0.0
      gen_counters_33__i_in_flight_cnt (delta_counter_00000003_0_222) 1.93e-06 8.05e-05 9.41e-02 1.77e-04   0.0
      gen_counters_32__i_in_flight_cnt (delta_counter_00000003_0_223) 2.83e-06 8.37e-05 9.41e-02 1.81e-04   0.0
      gen_counters_31__i_in_flight_cnt (delta_counter_00000003_0_224) 2.02e-06 8.13e-05 9.41e-02 1.77e-04   0.0
      gen_counters_30__i_in_flight_cnt (delta_counter_00000003_0_225) 1.56e-06 7.93e-05 9.41e-02 1.75e-04   0.0
      gen_counters_29__i_in_flight_cnt (delta_counter_00000003_0_226) 2.60e-06 8.32e-05 9.41e-02 1.80e-04   0.0
      gen_counters_28__i_in_flight_cnt (delta_counter_00000003_0_227) 2.40e-06 8.27e-05 9.42e-02 1.79e-04   0.0
      gen_counters_27__i_in_flight_cnt (delta_counter_00000003_0_228) 2.29e-06 8.25e-05 9.41e-02 1.79e-04   0.0
      gen_counters_26__i_in_flight_cnt (delta_counter_00000003_0_229) 2.49e-06 8.43e-05 9.41e-02 1.81e-04   0.0
      gen_counters_25__i_in_flight_cnt (delta_counter_00000003_0_230) 1.95e-06 8.06e-05 9.41e-02 1.77e-04   0.0
      gen_counters_24__i_in_flight_cnt (delta_counter_00000003_0_231) 1.83e-06 8.00e-05 9.41e-02 1.76e-04   0.0
      gen_counters_23__i_in_flight_cnt (delta_counter_00000003_0_232) 1.70e-06 8.08e-05 9.41e-02 1.77e-04   0.0
      gen_counters_22__i_in_flight_cnt (delta_counter_00000003_0_233) 1.87e-06 8.16e-05 9.41e-02 1.78e-04   0.0
      gen_counters_21__i_in_flight_cnt (delta_counter_00000003_0_234) 2.19e-06 8.25e-05 9.41e-02 1.79e-04   0.0
      gen_counters_20__i_in_flight_cnt (delta_counter_00000003_0_235) 1.97e-06 8.11e-05 9.41e-02 1.77e-04   0.0
      gen_counters_19__i_in_flight_cnt (delta_counter_00000003_0_236) 2.18e-06 8.34e-05 9.41e-02 1.80e-04   0.0
      gen_counters_18__i_in_flight_cnt (delta_counter_00000003_0_237) 4.07e-06 8.88e-05 9.42e-02 1.87e-04   0.0
      gen_counters_17__i_in_flight_cnt (delta_counter_00000003_0_238) 2.06e-06 8.17e-05 9.41e-02 1.78e-04   0.0
      gen_counters_16__i_in_flight_cnt (delta_counter_00000003_0_239) 2.25e-06 8.34e-05 9.41e-02 1.80e-04   0.0
      gen_counters_15__i_in_flight_cnt (delta_counter_00000003_0_240) 1.36e-06 7.86e-05 9.41e-02 1.74e-04   0.0
      gen_counters_14__i_in_flight_cnt (delta_counter_00000003_0_241) 8.84e-07 7.65e-05 9.41e-02 1.71e-04   0.0
      gen_counters_13__i_in_flight_cnt (delta_counter_00000003_0_242) 2.54e-06 8.26e-05 9.41e-02 1.79e-04   0.0
      gen_counters_12__i_in_flight_cnt (delta_counter_00000003_0_243) 1.72e-06 7.90e-05 9.41e-02 1.75e-04   0.0
      gen_counters_11__i_in_flight_cnt (delta_counter_00000003_0_244) 1.96e-06 8.02e-05 9.41e-02 1.76e-04   0.0
      gen_counters_10__i_in_flight_cnt (delta_counter_00000003_0_245) 2.15e-06 8.17e-05 9.41e-02 1.78e-04   0.0
      gen_counters_9__i_in_flight_cnt (delta_counter_00000003_0_246) 2.08e-06 8.10e-05 9.41e-02 1.77e-04   0.0
      gen_counters_8__i_in_flight_cnt (delta_counter_00000003_0_247) 1.92e-06 8.00e-05 9.41e-02 1.76e-04   0.0
      gen_counters_7__i_in_flight_cnt (delta_counter_00000003_0_248) 2.31e-06 8.17e-05 9.41e-02 1.78e-04   0.0
      gen_counters_6__i_in_flight_cnt (delta_counter_00000003_0_249) 2.24e-06 8.06e-05 9.41e-02 1.77e-04   0.0
      gen_counters_5__i_in_flight_cnt (delta_counter_00000003_0_250) 1.31e-06 7.75e-05 9.41e-02 1.73e-04   0.0
      gen_counters_4__i_in_flight_cnt (delta_counter_00000003_0_251) 2.07e-06 8.02e-05 9.41e-02 1.76e-04   0.0
      gen_counters_3__i_in_flight_cnt (delta_counter_00000003_0_252) 1.50e-06 7.89e-05 9.41e-02 1.75e-04   0.0
      gen_counters_2__i_in_flight_cnt (delta_counter_00000003_0_253) 2.49e-06 8.23e-05 9.41e-02 1.79e-04   0.0
      gen_counters_1__i_in_flight_cnt (delta_counter_00000003_0_254) 2.73e-06 8.27e-05 9.41e-02 1.80e-04   0.0
      gen_counters_0__i_in_flight_cnt (delta_counter_00000003_0_255) 3.87e-06 8.65e-05 9.42e-02 1.85e-04   0.0
    genblk1_i_b_mux (rr_arb_tree_00000008__logic_Z_1yB__1_1_1) 6.35e-03 6.48e-03    0.576 1.34e-02   0.6
      gen_arbiter_gen_int_rr_gen_fair_arb_i_lzc_lower (lzc_00000008_0_2) 3.19e-04 3.31e-04 4.22e-02 6.92e-04   0.0
      gen_arbiter_gen_int_rr_gen_fair_arb_i_lzc_upper (lzc_00000008_0_3) 2.90e-04 3.40e-04 2.40e-02 6.54e-04   0.0
    genblk1_i_counter_open_w (counter_00000003_0) 2.77e-05 1.91e-04 7.82e-02 2.97e-04   0.0
      i_counter (delta_counter_00000003_0_256) 2.77e-05 1.91e-04 7.82e-02 2.97e-04   0.0
    genblk1_gen_aw_id_counter_i_aw_id_counter (axi_demux_id_counters_00000008_00000003_465242_1)    0.190 6.32e-02   47.768    0.301  13.5
      gen_counters_255__i_in_flight_cnt (delta_counter_00000003_0_257) 6.00e-06 9.42e-05 9.42e-02 1.94e-04   0.0
      gen_counters_254__i_in_flight_cnt (delta_counter_00000003_0_258) 3.91e-06 8.90e-05 9.42e-02 1.87e-04   0.0
      gen_counters_253__i_in_flight_cnt (delta_counter_00000003_0_259) 4.03e-06 8.97e-05 9.41e-02 1.88e-04   0.0
      gen_counters_252__i_in_flight_cnt (delta_counter_00000003_0_260) 4.50e-06 9.02e-05 9.42e-02 1.89e-04   0.0
      gen_counters_251__i_in_flight_cnt (delta_counter_00000003_0_261) 4.12e-06 8.98e-05 9.42e-02 1.88e-04   0.0
      gen_counters_250__i_in_flight_cnt (delta_counter_00000003_0_262) 2.93e-06 8.56e-05 9.41e-02 1.83e-04   0.0
      gen_counters_249__i_in_flight_cnt (delta_counter_00000003_0_263) 3.18e-06 8.78e-05 9.42e-02 1.85e-04   0.0
      gen_counters_248__i_in_flight_cnt (delta_counter_00000003_0_264) 3.57e-06 8.70e-05 9.42e-02 1.85e-04   0.0
      gen_counters_247__i_in_flight_cnt (delta_counter_00000003_0_265) 4.89e-06 9.31e-05 9.42e-02 1.92e-04   0.0
      gen_counters_246__i_in_flight_cnt (delta_counter_00000003_0_266) 4.53e-06 9.16e-05 9.42e-02 1.90e-04   0.0
      gen_counters_245__i_in_flight_cnt (delta_counter_00000003_0_267) 3.38e-06 8.62e-05 9.42e-02 1.84e-04   0.0
      gen_counters_244__i_in_flight_cnt (delta_counter_00000003_0_268) 3.55e-06 8.93e-05 9.42e-02 1.87e-04   0.0
      gen_counters_243__i_in_flight_cnt (delta_counter_00000003_0_269) 4.05e-06 8.94e-05 9.42e-02 1.88e-04   0.0
      gen_counters_242__i_in_flight_cnt (delta_counter_00000003_0_270) 4.07e-06 8.89e-05 9.42e-02 1.87e-04   0.0
      gen_counters_241__i_in_flight_cnt (delta_counter_00000003_0_271) 2.48e-06 8.34e-05 9.41e-02 1.80e-04   0.0
      gen_counters_240__i_in_flight_cnt (delta_counter_00000003_0_272) 2.97e-06 8.51e-05 9.41e-02 1.82e-04   0.0
      gen_counters_239__i_in_flight_cnt (delta_counter_00000003_0_273) 4.68e-06 9.16e-05 9.42e-02 1.91e-04   0.0
      gen_counters_238__i_in_flight_cnt (delta_counter_00000003_0_274) 3.51e-06 8.90e-05 9.42e-02 1.87e-04   0.0
      gen_counters_237__i_in_flight_cnt (delta_counter_00000003_0_275) 3.64e-06 8.81e-05 9.42e-02 1.86e-04   0.0
      gen_counters_236__i_in_flight_cnt (delta_counter_00000003_0_276) 2.90e-06 8.56e-05 9.41e-02 1.83e-04   0.0
      gen_counters_235__i_in_flight_cnt (delta_counter_00000003_0_277) 4.60e-06 9.02e-05 9.42e-02 1.89e-04   0.0
      gen_counters_234__i_in_flight_cnt (delta_counter_00000003_0_278) 4.44e-06 8.95e-05 9.42e-02 1.88e-04   0.0
      gen_counters_233__i_in_flight_cnt (delta_counter_00000003_0_279) 6.60e-06 9.81e-05 9.42e-02 1.99e-04   0.0
      gen_counters_232__i_in_flight_cnt (delta_counter_00000003_0_280) 3.67e-06 8.80e-05 9.42e-02 1.86e-04   0.0
      gen_counters_231__i_in_flight_cnt (delta_counter_00000003_0_281) 3.11e-06 8.56e-05 9.41e-02 1.83e-04   0.0
      gen_counters_230__i_in_flight_cnt (delta_counter_00000003_0_282) 4.02e-06 8.97e-05 9.42e-02 1.88e-04   0.0
      gen_counters_229__i_in_flight_cnt (delta_counter_00000003_0_283) 3.89e-06 8.97e-05 9.42e-02 1.88e-04   0.0
      gen_counters_228__i_in_flight_cnt (delta_counter_00000003_0_284) 3.82e-06 8.75e-05 9.41e-02 1.85e-04   0.0
      gen_counters_227__i_in_flight_cnt (delta_counter_00000003_0_285) 4.32e-06 9.13e-05 9.42e-02 1.90e-04   0.0
      gen_counters_226__i_in_flight_cnt (delta_counter_00000003_0_286) 3.70e-06 8.93e-05 9.42e-02 1.87e-04   0.0
      gen_counters_225__i_in_flight_cnt (delta_counter_00000003_0_287) 3.16e-06 8.55e-05 9.41e-02 1.83e-04   0.0
      gen_counters_224__i_in_flight_cnt (delta_counter_00000003_0_288) 3.77e-06 8.93e-05 9.42e-02 1.87e-04   0.0
      gen_counters_223__i_in_flight_cnt (delta_counter_00000003_0_289) 4.87e-06 9.25e-05 9.42e-02 1.92e-04   0.0
      gen_counters_222__i_in_flight_cnt (delta_counter_00000003_0_290) 4.97e-06 9.34e-05 9.42e-02 1.93e-04   0.0
      gen_counters_221__i_in_flight_cnt (delta_counter_00000003_0_291) 4.79e-06 9.24e-05 9.42e-02 1.91e-04   0.0
      gen_counters_220__i_in_flight_cnt (delta_counter_00000003_0_292) 4.06e-06 9.01e-05 9.42e-02 1.88e-04   0.0
      gen_counters_219__i_in_flight_cnt (delta_counter_00000003_0_293) 5.27e-06 9.54e-05 9.42e-02 1.95e-04   0.0
      gen_counters_218__i_in_flight_cnt (delta_counter_00000003_0_294) 4.53e-06 9.12e-05 9.42e-02 1.90e-04   0.0
      gen_counters_217__i_in_flight_cnt (delta_counter_00000003_0_295) 3.87e-06 8.85e-05 9.42e-02 1.87e-04   0.0
      gen_counters_216__i_in_flight_cnt (delta_counter_00000003_0_296) 3.06e-06 8.57e-05 9.41e-02 1.83e-04   0.0
      gen_counters_215__i_in_flight_cnt (delta_counter_00000003_0_297) 4.33e-06 8.97e-05 9.42e-02 1.88e-04   0.0
      gen_counters_214__i_in_flight_cnt (delta_counter_00000003_0_298) 4.92e-06 9.23e-05 9.42e-02 1.91e-04   0.0
      gen_counters_213__i_in_flight_cnt (delta_counter_00000003_0_299) 3.72e-06 8.89e-05 9.42e-02 1.87e-04   0.0
      gen_counters_212__i_in_flight_cnt (delta_counter_00000003_0_300) 4.83e-06 9.01e-05 9.42e-02 1.89e-04   0.0
      gen_counters_211__i_in_flight_cnt (delta_counter_00000003_0_301) 4.80e-06 9.09e-05 9.42e-02 1.90e-04   0.0
      gen_counters_210__i_in_flight_cnt (delta_counter_00000003_0_302) 4.14e-06 8.91e-05 9.42e-02 1.87e-04   0.0
      gen_counters_209__i_in_flight_cnt (delta_counter_00000003_0_303) 3.64e-06 8.77e-05 9.42e-02 1.85e-04   0.0
      gen_counters_208__i_in_flight_cnt (delta_counter_00000003_0_304) 3.96e-06 8.88e-05 9.42e-02 1.87e-04   0.0
      gen_counters_207__i_in_flight_cnt (delta_counter_00000003_0_305) 3.94e-06 8.95e-05 9.41e-02 1.88e-04   0.0
      gen_counters_206__i_in_flight_cnt (delta_counter_00000003_0_306) 3.75e-06 8.89e-05 9.42e-02 1.87e-04   0.0
      gen_counters_205__i_in_flight_cnt (delta_counter_00000003_0_307) 3.08e-06 8.70e-05 9.41e-02 1.84e-04   0.0
      gen_counters_204__i_in_flight_cnt (delta_counter_00000003_0_308) 3.28e-06 8.71e-05 9.41e-02 1.84e-04   0.0
      gen_counters_203__i_in_flight_cnt (delta_counter_00000003_0_309) 3.32e-06 8.79e-05 9.42e-02 1.85e-04   0.0
      gen_counters_202__i_in_flight_cnt (delta_counter_00000003_0_310) 3.45e-06 8.90e-05 9.42e-02 1.87e-04   0.0
      gen_counters_201__i_in_flight_cnt (delta_counter_00000003_0_311) 4.21e-06 8.97e-05 9.42e-02 1.88e-04   0.0
      gen_counters_200__i_in_flight_cnt (delta_counter_00000003_0_312) 4.24e-06 9.05e-05 9.42e-02 1.89e-04   0.0
      gen_counters_199__i_in_flight_cnt (delta_counter_00000003_0_313) 3.31e-06 8.78e-05 9.41e-02 1.85e-04   0.0
      gen_counters_198__i_in_flight_cnt (delta_counter_00000003_0_314) 2.34e-06 8.22e-05 9.41e-02 1.79e-04   0.0
      gen_counters_197__i_in_flight_cnt (delta_counter_00000003_0_315) 3.66e-06 9.03e-05 9.42e-02 1.88e-04   0.0
      gen_counters_196__i_in_flight_cnt (delta_counter_00000003_0_316) 4.32e-06 8.96e-05 9.42e-02 1.88e-04   0.0
      gen_counters_195__i_in_flight_cnt (delta_counter_00000003_0_317) 3.62e-06 8.91e-05 9.41e-02 1.87e-04   0.0
      gen_counters_194__i_in_flight_cnt (delta_counter_00000003_0_318) 3.70e-06 8.90e-05 9.42e-02 1.87e-04   0.0
      gen_counters_193__i_in_flight_cnt (delta_counter_00000003_0_319) 2.53e-06 8.44e-05 9.41e-02 1.81e-04   0.0
      gen_counters_192__i_in_flight_cnt (delta_counter_00000003_0_320) 3.47e-06 8.78e-05 9.41e-02 1.85e-04   0.0
      gen_counters_191__i_in_flight_cnt (delta_counter_00000003_0_321) 4.06e-06 8.94e-05 9.42e-02 1.88e-04   0.0
      gen_counters_190__i_in_flight_cnt (delta_counter_00000003_0_322) 3.10e-06 8.58e-05 9.42e-02 1.83e-04   0.0
      gen_counters_189__i_in_flight_cnt (delta_counter_00000003_0_323) 3.95e-06 8.91e-05 9.42e-02 1.87e-04   0.0
      gen_counters_188__i_in_flight_cnt (delta_counter_00000003_0_324) 5.26e-06 9.37e-05 9.42e-02 1.93e-04   0.0
      gen_counters_187__i_in_flight_cnt (delta_counter_00000003_0_325) 4.29e-06 9.04e-05 9.42e-02 1.89e-04   0.0
      gen_counters_186__i_in_flight_cnt (delta_counter_00000003_0_326) 3.19e-06 8.65e-05 9.42e-02 1.84e-04   0.0
      gen_counters_185__i_in_flight_cnt (delta_counter_00000003_0_327) 3.58e-06 8.77e-05 9.41e-02 1.85e-04   0.0
      gen_counters_184__i_in_flight_cnt (delta_counter_00000003_0_328) 2.81e-06 8.48e-05 9.41e-02 1.82e-04   0.0
      gen_counters_183__i_in_flight_cnt (delta_counter_00000003_0_329) 3.15e-06 8.60e-05 9.42e-02 1.83e-04   0.0
      gen_counters_182__i_in_flight_cnt (delta_counter_00000003_0_330) 5.56e-06 9.35e-05 9.42e-02 1.93e-04   0.0
      gen_counters_181__i_in_flight_cnt (delta_counter_00000003_0_331) 4.17e-06 8.75e-05 9.42e-02 1.86e-04   0.0
      gen_counters_180__i_in_flight_cnt (delta_counter_00000003_0_332) 4.33e-06 9.02e-05 9.42e-02 1.89e-04   0.0
      gen_counters_179__i_in_flight_cnt (delta_counter_00000003_0_333) 4.12e-06 8.85e-05 9.42e-02 1.87e-04   0.0
      gen_counters_178__i_in_flight_cnt (delta_counter_00000003_0_334) 4.38e-06 9.06e-05 9.42e-02 1.89e-04   0.0
      gen_counters_177__i_in_flight_cnt (delta_counter_00000003_0_335) 3.61e-06 8.64e-05 9.41e-02 1.84e-04   0.0
      gen_counters_176__i_in_flight_cnt (delta_counter_00000003_0_336) 4.20e-06 9.06e-05 9.42e-02 1.89e-04   0.0
      gen_counters_175__i_in_flight_cnt (delta_counter_00000003_0_337) 3.78e-06 8.93e-05 9.42e-02 1.87e-04   0.0
      gen_counters_174__i_in_flight_cnt (delta_counter_00000003_0_338) 3.78e-06 8.90e-05 9.42e-02 1.87e-04   0.0
      gen_counters_173__i_in_flight_cnt (delta_counter_00000003_0_339) 3.79e-06 8.86e-05 9.42e-02 1.87e-04   0.0
      gen_counters_172__i_in_flight_cnt (delta_counter_00000003_0_340) 3.41e-06 8.73e-05 9.41e-02 1.85e-04   0.0
      gen_counters_171__i_in_flight_cnt (delta_counter_00000003_0_341) 3.91e-06 8.83e-05 9.42e-02 1.86e-04   0.0
      gen_counters_170__i_in_flight_cnt (delta_counter_00000003_0_342) 3.10e-06 8.58e-05 9.41e-02 1.83e-04   0.0
      gen_counters_169__i_in_flight_cnt (delta_counter_00000003_0_343) 3.14e-06 8.69e-05 9.41e-02 1.84e-04   0.0
      gen_counters_168__i_in_flight_cnt (delta_counter_00000003_0_344) 4.05e-06 9.00e-05 9.41e-02 1.88e-04   0.0
      gen_counters_167__i_in_flight_cnt (delta_counter_00000003_0_345) 4.02e-06 9.01e-05 9.42e-02 1.88e-04   0.0
      gen_counters_166__i_in_flight_cnt (delta_counter_00000003_0_346) 3.57e-06 8.92e-05 9.42e-02 1.87e-04   0.0
      gen_counters_165__i_in_flight_cnt (delta_counter_00000003_0_347) 3.62e-06 8.93e-05 9.42e-02 1.87e-04   0.0
      gen_counters_164__i_in_flight_cnt (delta_counter_00000003_0_348) 3.96e-06 8.98e-05 9.42e-02 1.88e-04   0.0
      gen_counters_163__i_in_flight_cnt (delta_counter_00000003_0_349) 4.02e-06 9.08e-05 9.42e-02 1.89e-04   0.0
      gen_counters_162__i_in_flight_cnt (delta_counter_00000003_0_350) 5.01e-06 9.38e-05 9.42e-02 1.93e-04   0.0
      gen_counters_161__i_in_flight_cnt (delta_counter_00000003_0_351) 3.54e-06 8.78e-05 9.42e-02 1.85e-04   0.0
      gen_counters_160__i_in_flight_cnt (delta_counter_00000003_0_352) 3.69e-06 8.90e-05 9.42e-02 1.87e-04   0.0
      gen_counters_159__i_in_flight_cnt (delta_counter_00000003_0_353) 3.22e-06 8.58e-05 9.41e-02 1.83e-04   0.0
      gen_counters_158__i_in_flight_cnt (delta_counter_00000003_0_354) 3.89e-06 8.81e-05 9.42e-02 1.86e-04   0.0
      gen_counters_157__i_in_flight_cnt (delta_counter_00000003_0_355) 3.30e-06 8.68e-05 9.41e-02 1.84e-04   0.0
      gen_counters_156__i_in_flight_cnt (delta_counter_00000003_0_356) 4.21e-06 8.88e-05 9.42e-02 1.87e-04   0.0
      gen_counters_155__i_in_flight_cnt (delta_counter_00000003_0_357) 3.56e-06 8.80e-05 9.41e-02 1.86e-04   0.0
      gen_counters_154__i_in_flight_cnt (delta_counter_00000003_0_358) 3.47e-06 8.58e-05 9.41e-02 1.83e-04   0.0
      gen_counters_153__i_in_flight_cnt (delta_counter_00000003_0_359) 4.21e-06 9.01e-05 9.42e-02 1.88e-04   0.0
      gen_counters_152__i_in_flight_cnt (delta_counter_00000003_0_360) 4.43e-06 8.94e-05 9.42e-02 1.88e-04   0.0
      gen_counters_151__i_in_flight_cnt (delta_counter_00000003_0_361) 4.42e-06 8.99e-05 9.42e-02 1.89e-04   0.0
      gen_counters_150__i_in_flight_cnt (delta_counter_00000003_0_362) 4.02e-06 8.93e-05 9.42e-02 1.88e-04   0.0
      gen_counters_149__i_in_flight_cnt (delta_counter_00000003_0_363) 3.90e-06 8.79e-05 9.42e-02 1.86e-04   0.0
      gen_counters_148__i_in_flight_cnt (delta_counter_00000003_0_364) 3.79e-06 8.93e-05 9.42e-02 1.87e-04   0.0
      gen_counters_147__i_in_flight_cnt (delta_counter_00000003_0_365) 4.73e-06 9.09e-05 9.42e-02 1.90e-04   0.0
      gen_counters_146__i_in_flight_cnt (delta_counter_00000003_0_366) 3.28e-06 8.64e-05 9.41e-02 1.84e-04   0.0
      gen_counters_145__i_in_flight_cnt (delta_counter_00000003_0_367) 4.24e-06 8.99e-05 9.42e-02 1.88e-04   0.0
      gen_counters_144__i_in_flight_cnt (delta_counter_00000003_0_368) 3.86e-06 8.80e-05 9.42e-02 1.86e-04   0.0
      gen_counters_143__i_in_flight_cnt (delta_counter_00000003_0_369) 4.91e-06 9.42e-05 9.42e-02 1.93e-04   0.0
      gen_counters_142__i_in_flight_cnt (delta_counter_00000003_0_370) 3.37e-06 8.65e-05 9.42e-02 1.84e-04   0.0
      gen_counters_141__i_in_flight_cnt (delta_counter_00000003_0_371) 4.21e-06 8.99e-05 9.42e-02 1.88e-04   0.0
      gen_counters_140__i_in_flight_cnt (delta_counter_00000003_0_372) 4.23e-06 8.99e-05 9.42e-02 1.88e-04   0.0
      gen_counters_139__i_in_flight_cnt (delta_counter_00000003_0_373) 4.29e-06 9.28e-05 9.42e-02 1.91e-04   0.0
      gen_counters_138__i_in_flight_cnt (delta_counter_00000003_0_374) 3.10e-06 8.66e-05 9.41e-02 1.84e-04   0.0
      gen_counters_137__i_in_flight_cnt (delta_counter_00000003_0_375) 4.19e-06 8.92e-05 9.42e-02 1.88e-04   0.0
      gen_counters_136__i_in_flight_cnt (delta_counter_00000003_0_376) 3.94e-06 8.95e-05 9.41e-02 1.88e-04   0.0
      gen_counters_135__i_in_flight_cnt (delta_counter_00000003_0_377) 3.17e-06 8.58e-05 9.42e-02 1.83e-04   0.0
      gen_counters_134__i_in_flight_cnt (delta_counter_00000003_0_378) 2.58e-06 8.45e-05 9.41e-02 1.81e-04   0.0
      gen_counters_133__i_in_flight_cnt (delta_counter_00000003_0_379) 4.05e-06 9.04e-05 9.42e-02 1.89e-04   0.0
      gen_counters_132__i_in_flight_cnt (delta_counter_00000003_0_380) 4.48e-06 9.23e-05 9.42e-02 1.91e-04   0.0
      gen_counters_131__i_in_flight_cnt (delta_counter_00000003_0_381) 3.28e-06 8.67e-05 9.41e-02 1.84e-04   0.0
      gen_counters_130__i_in_flight_cnt (delta_counter_00000003_0_382) 2.90e-06 8.74e-05 9.41e-02 1.84e-04   0.0
      gen_counters_129__i_in_flight_cnt (delta_counter_00000003_0_383) 3.04e-06 8.58e-05 9.41e-02 1.83e-04   0.0
      gen_counters_128__i_in_flight_cnt (delta_counter_00000003_0_384) 5.04e-06 9.30e-05 9.42e-02 1.92e-04   0.0
      gen_counters_127__i_in_flight_cnt (delta_counter_00000003_0_385) 4.02e-06 9.02e-05 9.42e-02 1.88e-04   0.0
      gen_counters_126__i_in_flight_cnt (delta_counter_00000003_0_386) 3.23e-06 8.78e-05 9.42e-02 1.85e-04   0.0
      gen_counters_125__i_in_flight_cnt (delta_counter_00000003_0_387) 4.21e-06 9.06e-05 9.42e-02 1.89e-04   0.0
      gen_counters_124__i_in_flight_cnt (delta_counter_00000003_0_388) 3.88e-06 8.97e-05 9.42e-02 1.88e-04   0.0
      gen_counters_123__i_in_flight_cnt (delta_counter_00000003_0_389) 3.75e-06 9.07e-05 9.42e-02 1.89e-04   0.0
      gen_counters_122__i_in_flight_cnt (delta_counter_00000003_0_390) 4.35e-06 8.99e-05 9.42e-02 1.88e-04   0.0
      gen_counters_121__i_in_flight_cnt (delta_counter_00000003_0_391) 3.71e-06 8.78e-05 9.42e-02 1.86e-04   0.0
      gen_counters_120__i_in_flight_cnt (delta_counter_00000003_0_392) 3.35e-06 8.77e-05 9.42e-02 1.85e-04   0.0
      gen_counters_119__i_in_flight_cnt (delta_counter_00000003_0_393) 4.43e-06 9.11e-05 9.42e-02 1.90e-04   0.0
      gen_counters_118__i_in_flight_cnt (delta_counter_00000003_0_394) 4.09e-06 9.08e-05 9.42e-02 1.89e-04   0.0
      gen_counters_117__i_in_flight_cnt (delta_counter_00000003_0_395) 2.39e-06 8.46e-05 9.41e-02 1.81e-04   0.0
      gen_counters_116__i_in_flight_cnt (delta_counter_00000003_0_396) 3.77e-06 9.03e-05 9.41e-02 1.88e-04   0.0
      gen_counters_115__i_in_flight_cnt (delta_counter_00000003_0_397) 4.20e-06 9.07e-05 9.42e-02 1.89e-04   0.0
      gen_counters_114__i_in_flight_cnt (delta_counter_00000003_0_398) 3.64e-06 8.94e-05 9.41e-02 1.87e-04   0.0
      gen_counters_113__i_in_flight_cnt (delta_counter_00000003_0_399) 3.10e-06 8.67e-05 9.41e-02 1.84e-04   0.0
      gen_counters_112__i_in_flight_cnt (delta_counter_00000003_0_400) 3.05e-06 8.70e-05 9.41e-02 1.84e-04   0.0
      gen_counters_111__i_in_flight_cnt (delta_counter_00000003_0_401) 3.39e-06 8.65e-05 9.42e-02 1.84e-04   0.0
      gen_counters_110__i_in_flight_cnt (delta_counter_00000003_0_402) 2.69e-06 8.36e-05 9.41e-02 1.80e-04   0.0
      gen_counters_109__i_in_flight_cnt (delta_counter_00000003_0_403) 2.89e-06 8.50e-05 9.41e-02 1.82e-04   0.0
      gen_counters_108__i_in_flight_cnt (delta_counter_00000003_0_404) 2.35e-06 8.27e-05 9.42e-02 1.79e-04   0.0
      gen_counters_107__i_in_flight_cnt (delta_counter_00000003_0_405) 3.50e-06 8.44e-05 9.41e-02 1.82e-04   0.0
      gen_counters_106__i_in_flight_cnt (delta_counter_00000003_0_406) 2.97e-06 8.40e-05 9.41e-02 1.81e-04   0.0
      gen_counters_105__i_in_flight_cnt (delta_counter_00000003_0_407) 3.15e-06 8.55e-05 9.41e-02 1.83e-04   0.0
      gen_counters_104__i_in_flight_cnt (delta_counter_00000003_0_408) 3.04e-06 8.55e-05 9.42e-02 1.83e-04   0.0
      gen_counters_103__i_in_flight_cnt (delta_counter_00000003_0_409) 4.67e-06 9.03e-05 9.42e-02 1.89e-04   0.0
      gen_counters_102__i_in_flight_cnt (delta_counter_00000003_0_410) 2.72e-06 8.49e-05 9.41e-02 1.82e-04   0.0
      gen_counters_101__i_in_flight_cnt (delta_counter_00000003_0_411) 3.80e-06 8.79e-05 9.42e-02 1.86e-04   0.0
      gen_counters_100__i_in_flight_cnt (delta_counter_00000003_0_412) 2.97e-06 8.52e-05 9.41e-02 1.82e-04   0.0
      gen_counters_99__i_in_flight_cnt (delta_counter_00000003_0_413) 3.53e-06 8.80e-05 9.42e-02 1.86e-04   0.0
      gen_counters_98__i_in_flight_cnt (delta_counter_00000003_0_414) 4.63e-06 9.08e-05 9.42e-02 1.90e-04   0.0
      gen_counters_97__i_in_flight_cnt (delta_counter_00000003_0_415) 3.64e-06 8.75e-05 9.41e-02 1.85e-04   0.0
      gen_counters_96__i_in_flight_cnt (delta_counter_00000003_0_416) 2.98e-06 8.59e-05 9.41e-02 1.83e-04   0.0
      gen_counters_95__i_in_flight_cnt (delta_counter_00000003_0_417) 4.79e-06 8.97e-05 9.42e-02 1.89e-04   0.0
      gen_counters_94__i_in_flight_cnt (delta_counter_00000003_0_418) 4.01e-06 8.81e-05 9.41e-02 1.86e-04   0.0
      gen_counters_93__i_in_flight_cnt (delta_counter_00000003_0_419) 3.32e-06 8.73e-05 9.41e-02 1.85e-04   0.0
      gen_counters_92__i_in_flight_cnt (delta_counter_00000003_0_420) 4.52e-06 9.09e-05 9.42e-02 1.90e-04   0.0
      gen_counters_91__i_in_flight_cnt (delta_counter_00000003_0_421) 3.25e-06 8.59e-05 9.42e-02 1.83e-04   0.0
      gen_counters_90__i_in_flight_cnt (delta_counter_00000003_0_422) 3.69e-06 8.73e-05 9.42e-02 1.85e-04   0.0
      gen_counters_89__i_in_flight_cnt (delta_counter_00000003_0_423) 3.72e-06 8.70e-05 9.41e-02 1.85e-04   0.0
      gen_counters_88__i_in_flight_cnt (delta_counter_00000003_0_424) 3.68e-06 8.79e-05 9.42e-02 1.86e-04   0.0
      gen_counters_87__i_in_flight_cnt (delta_counter_00000003_0_425) 3.27e-06 8.52e-05 9.42e-02 1.83e-04   0.0
      gen_counters_86__i_in_flight_cnt (delta_counter_00000003_0_426) 4.57e-06 9.14e-05 9.42e-02 1.90e-04   0.0
      gen_counters_85__i_in_flight_cnt (delta_counter_00000003_0_427) 2.67e-06 8.44e-05 9.41e-02 1.81e-04   0.0
      gen_counters_84__i_in_flight_cnt (delta_counter_00000003_0_428) 4.61e-06 9.24e-05 9.42e-02 1.91e-04   0.0
      gen_counters_83__i_in_flight_cnt (delta_counter_00000003_0_429) 3.77e-06 8.79e-05 9.42e-02 1.86e-04   0.0
      gen_counters_82__i_in_flight_cnt (delta_counter_00000003_0_430) 3.39e-06 8.80e-05 9.41e-02 1.86e-04   0.0
      gen_counters_81__i_in_flight_cnt (delta_counter_00000003_0_431) 3.04e-06 8.61e-05 9.42e-02 1.83e-04   0.0
      gen_counters_80__i_in_flight_cnt (delta_counter_00000003_0_432) 3.95e-06 8.80e-05 9.42e-02 1.86e-04   0.0
      gen_counters_79__i_in_flight_cnt (delta_counter_00000003_0_433) 4.30e-06 8.96e-05 9.42e-02 1.88e-04   0.0
      gen_counters_78__i_in_flight_cnt (delta_counter_00000003_0_434) 3.43e-06 8.67e-05 9.42e-02 1.84e-04   0.0
      gen_counters_77__i_in_flight_cnt (delta_counter_00000003_0_435) 3.27e-06 8.69e-05 9.42e-02 1.84e-04   0.0
      gen_counters_76__i_in_flight_cnt (delta_counter_00000003_0_436) 3.69e-06 8.72e-05 9.42e-02 1.85e-04   0.0
      gen_counters_75__i_in_flight_cnt (delta_counter_00000003_0_437) 2.36e-06 8.29e-05 9.41e-02 1.79e-04   0.0
      gen_counters_74__i_in_flight_cnt (delta_counter_00000003_0_438) 4.44e-06 8.95e-05 9.41e-02 1.88e-04   0.0
      gen_counters_73__i_in_flight_cnt (delta_counter_00000003_0_439) 4.53e-06 9.03e-05 9.42e-02 1.89e-04   0.0
      gen_counters_72__i_in_flight_cnt (delta_counter_00000003_0_440) 3.66e-06 8.80e-05 9.42e-02 1.86e-04   0.0
      gen_counters_71__i_in_flight_cnt (delta_counter_00000003_0_441) 3.82e-06 8.87e-05 9.42e-02 1.87e-04   0.0
      gen_counters_70__i_in_flight_cnt (delta_counter_00000003_0_442) 3.80e-06 8.92e-05 9.41e-02 1.87e-04   0.0
      gen_counters_69__i_in_flight_cnt (delta_counter_00000003_0_443) 4.04e-06 9.10e-05 9.42e-02 1.89e-04   0.0
      gen_counters_68__i_in_flight_cnt (delta_counter_00000003_0_444) 4.24e-06 9.07e-05 9.42e-02 1.89e-04   0.0
      gen_counters_67__i_in_flight_cnt (delta_counter_00000003_0_445) 4.24e-06 9.06e-05 9.42e-02 1.89e-04   0.0
      gen_counters_66__i_in_flight_cnt (delta_counter_00000003_0_446) 3.39e-06 8.73e-05 9.41e-02 1.85e-04   0.0
      gen_counters_65__i_in_flight_cnt (delta_counter_00000003_0_447) 4.60e-06 9.20e-05 9.42e-02 1.91e-04   0.0
      gen_counters_64__i_in_flight_cnt (delta_counter_00000003_0_448) 4.29e-06 9.07e-05 9.42e-02 1.89e-04   0.0
      gen_counters_63__i_in_flight_cnt (delta_counter_00000003_0_449) 4.58e-06 9.06e-05 9.42e-02 1.89e-04   0.0
      gen_counters_62__i_in_flight_cnt (delta_counter_00000003_0_450) 5.27e-06 9.21e-05 9.42e-02 1.92e-04   0.0
      gen_counters_61__i_in_flight_cnt (delta_counter_00000003_0_451) 3.84e-06 8.79e-05 9.42e-02 1.86e-04   0.0
      gen_counters_60__i_in_flight_cnt (delta_counter_00000003_0_452) 2.75e-06 8.36e-05 9.41e-02 1.80e-04   0.0
      gen_counters_59__i_in_flight_cnt (delta_counter_00000003_0_453) 4.25e-06 8.87e-05 9.42e-02 1.87e-04   0.0
      gen_counters_58__i_in_flight_cnt (delta_counter_00000003_0_454) 6.58e-06 9.64e-05 9.42e-02 1.97e-04   0.0
      gen_counters_57__i_in_flight_cnt (delta_counter_00000003_0_455) 3.59e-06 8.80e-05 9.41e-02 1.86e-04   0.0
      gen_counters_56__i_in_flight_cnt (delta_counter_00000003_0_456) 4.78e-06 8.97e-05 9.42e-02 1.89e-04   0.0
      gen_counters_55__i_in_flight_cnt (delta_counter_00000003_0_457) 2.99e-06 8.44e-05 9.41e-02 1.82e-04   0.0
      gen_counters_54__i_in_flight_cnt (delta_counter_00000003_0_458) 4.07e-06 8.92e-05 9.42e-02 1.87e-04   0.0
      gen_counters_53__i_in_flight_cnt (delta_counter_00000003_0_459) 3.97e-06 8.90e-05 9.42e-02 1.87e-04   0.0
      gen_counters_52__i_in_flight_cnt (delta_counter_00000003_0_460) 2.59e-06 8.31e-05 9.41e-02 1.80e-04   0.0
      gen_counters_51__i_in_flight_cnt (delta_counter_00000003_0_461) 4.07e-06 8.78e-05 9.42e-02 1.86e-04   0.0
      gen_counters_50__i_in_flight_cnt (delta_counter_00000003_0_462) 5.64e-06 9.38e-05 9.42e-02 1.94e-04   0.0
      gen_counters_49__i_in_flight_cnt (delta_counter_00000003_0_463) 2.93e-06 8.38e-05 9.42e-02 1.81e-04   0.0
      gen_counters_48__i_in_flight_cnt (delta_counter_00000003_0_464) 4.31e-06 8.95e-05 9.42e-02 1.88e-04   0.0
      gen_counters_47__i_in_flight_cnt (delta_counter_00000003_0_465) 4.12e-06 8.92e-05 9.42e-02 1.87e-04   0.0
      gen_counters_46__i_in_flight_cnt (delta_counter_00000003_0_466) 3.62e-06 8.86e-05 9.41e-02 1.86e-04   0.0
      gen_counters_45__i_in_flight_cnt (delta_counter_00000003_0_467) 3.47e-06 8.60e-05 9.41e-02 1.84e-04   0.0
      gen_counters_44__i_in_flight_cnt (delta_counter_00000003_0_468) 3.87e-06 8.84e-05 9.42e-02 1.86e-04   0.0
      gen_counters_43__i_in_flight_cnt (delta_counter_00000003_0_469) 3.43e-06 8.85e-05 9.42e-02 1.86e-04   0.0
      gen_counters_42__i_in_flight_cnt (delta_counter_00000003_0_470) 3.68e-06 8.78e-05 9.41e-02 1.86e-04   0.0
      gen_counters_41__i_in_flight_cnt (delta_counter_00000003_0_471) 2.55e-06 8.29e-05 9.41e-02 1.80e-04   0.0
      gen_counters_40__i_in_flight_cnt (delta_counter_00000003_0_472) 3.76e-06 8.79e-05 9.42e-02 1.86e-04   0.0
      gen_counters_39__i_in_flight_cnt (delta_counter_00000003_0_473) 2.97e-06 8.52e-05 9.41e-02 1.82e-04   0.0
      gen_counters_38__i_in_flight_cnt (delta_counter_00000003_0_474) 3.25e-06 8.61e-05 9.41e-02 1.83e-04   0.0
      gen_counters_37__i_in_flight_cnt (delta_counter_00000003_0_475) 3.47e-06 8.72e-05 9.41e-02 1.85e-04   0.0
      gen_counters_36__i_in_flight_cnt (delta_counter_00000003_0_476) 3.53e-06 8.94e-05 9.42e-02 1.87e-04   0.0
      gen_counters_35__i_in_flight_cnt (delta_counter_00000003_0_477) 4.06e-06 8.92e-05 9.41e-02 1.87e-04   0.0
      gen_counters_34__i_in_flight_cnt (delta_counter_00000003_0_478) 3.50e-06 8.91e-05 9.42e-02 1.87e-04   0.0
      gen_counters_33__i_in_flight_cnt (delta_counter_00000003_0_479) 4.21e-06 9.06e-05 9.42e-02 1.89e-04   0.0
      gen_counters_32__i_in_flight_cnt (delta_counter_00000003_0_480) 3.40e-06 8.59e-05 9.41e-02 1.83e-04   0.0
      gen_counters_31__i_in_flight_cnt (delta_counter_00000003_0_481) 3.91e-06 8.77e-05 9.42e-02 1.86e-04   0.0
      gen_counters_30__i_in_flight_cnt (delta_counter_00000003_0_482) 4.17e-06 9.02e-05 9.42e-02 1.89e-04   0.0
      gen_counters_29__i_in_flight_cnt (delta_counter_00000003_0_483) 3.90e-06 8.92e-05 9.42e-02 1.87e-04   0.0
      gen_counters_28__i_in_flight_cnt (delta_counter_00000003_0_484) 3.88e-06 8.90e-05 9.42e-02 1.87e-04   0.0
      gen_counters_27__i_in_flight_cnt (delta_counter_00000003_0_485) 3.78e-06 8.86e-05 9.42e-02 1.87e-04   0.0
      gen_counters_26__i_in_flight_cnt (delta_counter_00000003_0_486) 3.23e-06 8.65e-05 9.41e-02 1.84e-04   0.0
      gen_counters_25__i_in_flight_cnt (delta_counter_00000003_0_487) 3.88e-06 8.87e-05 9.42e-02 1.87e-04   0.0
      gen_counters_24__i_in_flight_cnt (delta_counter_00000003_0_488) 3.20e-06 8.66e-05 9.42e-02 1.84e-04   0.0
      gen_counters_23__i_in_flight_cnt (delta_counter_00000003_0_489) 3.56e-06 8.97e-05 9.42e-02 1.87e-04   0.0
      gen_counters_22__i_in_flight_cnt (delta_counter_00000003_0_490) 3.42e-06 8.90e-05 9.41e-02 1.87e-04   0.0
      gen_counters_21__i_in_flight_cnt (delta_counter_00000003_0_491) 3.56e-06 8.78e-05 9.42e-02 1.86e-04   0.0
      gen_counters_20__i_in_flight_cnt (delta_counter_00000003_0_492) 4.30e-06 9.24e-05 9.42e-02 1.91e-04   0.0
      gen_counters_19__i_in_flight_cnt (delta_counter_00000003_0_493) 4.96e-06 9.04e-05 9.42e-02 1.90e-04   0.0
      gen_counters_18__i_in_flight_cnt (delta_counter_00000003_0_494) 3.11e-06 8.61e-05 9.42e-02 1.83e-04   0.0
      gen_counters_17__i_in_flight_cnt (delta_counter_00000003_0_495) 3.94e-06 8.77e-05 9.42e-02 1.86e-04   0.0
      gen_counters_16__i_in_flight_cnt (delta_counter_00000003_0_496) 4.71e-06 9.45e-05 9.42e-02 1.93e-04   0.0
      gen_counters_15__i_in_flight_cnt (delta_counter_00000003_0_497) 4.05e-06 9.03e-05 9.42e-02 1.88e-04   0.0
      gen_counters_14__i_in_flight_cnt (delta_counter_00000003_0_498) 4.65e-06 9.13e-05 9.42e-02 1.90e-04   0.0
      gen_counters_13__i_in_flight_cnt (delta_counter_00000003_0_499) 3.88e-06 8.76e-05 9.42e-02 1.86e-04   0.0
      gen_counters_12__i_in_flight_cnt (delta_counter_00000003_0_500) 4.32e-06 8.93e-05 9.42e-02 1.88e-04   0.0
      gen_counters_11__i_in_flight_cnt (delta_counter_00000003_0_501) 5.34e-06 9.21e-05 9.42e-02 1.92e-04   0.0
      gen_counters_10__i_in_flight_cnt (delta_counter_00000003_0_502) 4.08e-06 8.98e-05 9.42e-02 1.88e-04   0.0
      gen_counters_9__i_in_flight_cnt (delta_counter_00000003_0_503) 3.80e-06 8.86e-05 9.41e-02 1.87e-04   0.0
      gen_counters_8__i_in_flight_cnt (delta_counter_00000003_0_504) 4.12e-06 8.91e-05 9.42e-02 1.87e-04   0.0
      gen_counters_7__i_in_flight_cnt (delta_counter_00000003_0_505) 4.45e-06 9.02e-05 9.42e-02 1.89e-04   0.0
      gen_counters_6__i_in_flight_cnt (delta_counter_00000003_0_506) 4.47e-06 8.96e-05 9.42e-02 1.88e-04   0.0
      gen_counters_5__i_in_flight_cnt (delta_counter_00000003_0_507) 3.79e-06 8.85e-05 9.42e-02 1.86e-04   0.0
      gen_counters_4__i_in_flight_cnt (delta_counter_00000003_0_508) 4.75e-06 9.00e-05 9.42e-02 1.89e-04   0.0
      gen_counters_3__i_in_flight_cnt (delta_counter_00000003_0_509) 4.27e-06 9.01e-05 9.42e-02 1.89e-04   0.0
      gen_counters_2__i_in_flight_cnt (delta_counter_00000003_0_510) 4.34e-06 9.01e-05 9.42e-02 1.89e-04   0.0
      gen_counters_1__i_in_flight_cnt (delta_counter_00000003_0_511) 4.11e-06 8.83e-05 9.42e-02 1.87e-04   0.0
      gen_counters_0__i_in_flight_cnt (delta_counter_00000003_0_512) 6.69e-06 9.89e-05 9.43e-02 2.00e-04   0.0
  i_r_spill_reg (spill_register_5)        0.167 6.97e-02    3.527    0.240  10.8
    spill_register_flushable_i (spill_register_flushable_1_637242)    0.167 6.97e-02    3.527    0.240  10.8
  i_b_spill_reg (spill_register_4)     2.61e-03 1.60e-03 8.77e-02 4.30e-03   0.2
    spill_register_flushable_i (spill_register_flushable_1_114242) 2.61e-03 1.60e-03 8.77e-02 4.30e-03   0.2
  i_ar_sel_spill_reg (spill_register_1_0) 9.14e-04 1.76e-03    0.228 2.90e-03   0.1
    spill_register_flushable_i (spill_register_flushable_0_465242_0) 2.99e-04 1.74e-03    0.210 2.25e-03   0.1
  i_ar_spill_reg (spill_register_3)    1.32e-02 2.06e-02    3.183 3.70e-02   1.7
    spill_register_flushable_i (spill_register_flushable_0_210242) 1.27e-02 2.05e-02    3.134 3.63e-02   1.6
  i_w_spill_reg (spill_register_2)     1.32e-02 4.15e-02    3.889 5.85e-02   2.6
    spill_register_flushable_i (spill_register_flushable_1_873242) 1.32e-02 4.15e-02    3.889 5.85e-02   2.6
  i_aw_select_spill_reg (spill_register_1_1) 9.42e-04 1.76e-03    0.228 2.93e-03   0.1
    spill_register_flushable_i (spill_register_flushable_0_465242_1) 2.44e-04 1.74e-03    0.210 2.19e-03   0.1
  i_aw_spill_reg (spill_register)      1.57e-02 2.31e-02    3.450 4.23e-02   1.9
    spill_register_flushable_i (spill_register_flushable_0_189242) 1.49e-02 2.31e-02    3.400 4.14e-02   1.9
1
