 
****************************************
Report : timing
        -path full
        -delay max
        -nets
        -max_paths 10
        -transition_time
Design : VX_barrel_shifter
Scenario(s): mode_norm.OC_rvt_ss_0p900v_125c
Version: V-2023.12-SP5-3
Date   : Thu May 21 23:26:16 2026
****************************************

 * Some/all delay information is back-annotated.
Wire Load Model Mode: Inactive.

  Startpoint: shift_amount[9]
              (input port clocked by CLK)
  Endpoint: shifted_reg_353_
            (rising edge-triggered flip-flop clocked by CLK)
  Scenario: mode_norm.OC_rvt_ss_0p900v_125c
  Path Group: REGIN
  Path Type: max

Attributes:
    d - dont_touch
    u - dont_use
   mo - map_only
   so - size_only
    i - ideal_net or ideal_network
  inf - infeasible path

  Point                         Fanout     Trans      Incr       Path      Attributes     Voltage
  -----------------------------------------------------------------------------------------------------
  clock CLK (rise edge)                               0.00       0.00                     
  clock network delay (ideal)                         0.00       0.00                     
  input external delay                                0.00       0.00 r                   
  shift_amount[9] (in)                      0.15      0.08       0.08 r                   
  shift_amount[9] (net)           2                   0.00       0.08 r                   
  U35854/Y (BUF_X1P4B_A9TR)                 0.75      0.48 *     0.56 r                   0.90
  n46019 (net)                   91                   0.00       0.56 r                   
  U36288/Y (BUF_X1M_A9TR)                   0.17      0.22 *     0.78 r                   0.90
  n46088 (net)                   19                   0.00       0.78 r                   
  U36290/Y (INV_X0P7M_A9TR)                 0.09      0.10 *     0.88 f                   0.90
  n46089 (net)                    9                   0.00       0.88 f                   
  U21850/Y (NAND2_X2B_A9TR)                 0.63      0.36 *     1.24 r                   0.90
  n21773 (net)                   98                   0.00       1.24 r                   
  U39328/Y (BUF_X1M_A9TR)                   0.23      0.25 *     1.49 r                   0.90
  n46299 (net)                   30                   0.00       1.49 r                   
  U36279/Y (NOR2_X2B_A9TR)                  0.49      0.37 *     1.86 f                   0.90
  n32065 (net)                   56                   0.00       1.86 f                   
  U40679/Y (BUF_X1M_A9TR)                   0.09      0.19 *     2.05 f                   0.90
  n46402 (net)                   13                   0.00       2.05 f                   
  U40970/Y (AOI22_X0P5M_A9TR)               0.22      0.13 *     2.18 r                   0.90
  n37119 (net)                    1                   0.00       2.18 r                   
  U40972/Y (OAI211_X1M_A9TR)                0.16      0.16 *     2.33 f                   0.90
  n37435 (net)                    2                   0.00       2.33 f                   
  U40977/Y (AOI22_X0P7M_A9TR)               0.27      0.23 *     2.56 r                   0.90
  n37520 (net)                    2                   0.00       2.56 r                   
  U41365/Y (AOI22_X0P5M_A9TR)               0.16      0.16 *     2.73 f                   0.90
  n37657 (net)                    2                   0.00       2.73 f                   
  U41366/Y (AOI22_X0P5M_A9TR)               0.19      0.17 *     2.89 r                   0.90
  n37723 (net)                    2                   0.00       2.89 r                   
  U41367/Y (AOI22_X0P5M_A9TR)               0.26      0.12 *     3.01 f                   0.90
  n37804 (net)                    2                   0.00       3.01 f                   
  U41368/Y (AOI22_X0P7M_A9TR)               0.23      0.19 *     3.21 r                   0.90
  n37902 (net)                    2                   0.00       3.21 r                   
  U41369/Y (AOI22_X0P7M_A9TR)               0.17      0.16 *     3.37 f                   0.90
  n38039 (net)                    2                   0.00       3.37 f                   
  U41807/Y (AOI22_X0P7M_A9TR)               0.26      0.20 *     3.57 r                   0.90
  n39627 (net)                    2                   0.00       3.57 r                   
  U41808/Y (AOI22_X0P5M_A9TR)               0.14      0.14 *     3.71 f                   0.90
  n353 (net)                      1                   0.00       3.71 f                   
  shifted_reg_353_/D (DFFQ_X0P5M_A9TR)      0.14      0.00 *     3.71 f                   0.90
  data arrival time                                              3.71                     

  clock CLK (rise edge)                              10.00      10.00                     
  clock network delay (ideal)                         0.00      10.00                     
  shifted_reg_353_/CK (DFFQ_X0P5M_A9TR)               0.00      10.00 r                   
  library setup time                                 -0.08       9.92                     
  data required time                                             9.92                     
  -----------------------------------------------------------------------------------------------------
  data required time                                             9.92                     
  data arrival time                                             -3.71                     
  -----------------------------------------------------------------------------------------------------
  slack (MET)                                                    6.20                     


  Startpoint: shift_amount[9]
              (input port clocked by CLK)
  Endpoint: shifted_reg_321_
            (rising edge-triggered flip-flop clocked by CLK)
  Scenario: mode_norm.OC_rvt_ss_0p900v_125c
  Path Group: REGIN
  Path Type: max

Attributes:
    d - dont_touch
    u - dont_use
   mo - map_only
   so - size_only
    i - ideal_net or ideal_network
  inf - infeasible path

  Point                         Fanout     Trans      Incr       Path      Attributes     Voltage
  -----------------------------------------------------------------------------------------------------
  clock CLK (rise edge)                               0.00       0.00                     
  clock network delay (ideal)                         0.00       0.00                     
  input external delay                                0.00       0.00 r                   
  shift_amount[9] (in)                      0.15      0.08       0.08 r                   
  shift_amount[9] (net)           2                   0.00       0.08 r                   
  U35854/Y (BUF_X1P4B_A9TR)                 0.75      0.48 *     0.56 r                   0.90
  n46019 (net)                   91                   0.00       0.56 r                   
  U36288/Y (BUF_X1M_A9TR)                   0.17      0.22 *     0.78 r                   0.90
  n46088 (net)                   19                   0.00       0.78 r                   
  U36290/Y (INV_X0P7M_A9TR)                 0.09      0.10 *     0.88 f                   0.90
  n46089 (net)                    9                   0.00       0.88 f                   
  U21850/Y (NAND2_X2B_A9TR)                 0.63      0.36 *     1.24 r                   0.90
  n21773 (net)                   98                   0.00       1.24 r                   
  U39328/Y (BUF_X1M_A9TR)                   0.23      0.25 *     1.49 r                   0.90
  n46299 (net)                   30                   0.00       1.49 r                   
  U36279/Y (NOR2_X2B_A9TR)                  0.49      0.37 *     1.86 f                   0.90
  n32065 (net)                   56                   0.00       1.86 f                   
  U40679/Y (BUF_X1M_A9TR)                   0.09      0.19 *     2.05 f                   0.90
  n46402 (net)                   13                   0.00       2.05 f                   
  U40970/Y (AOI22_X0P5M_A9TR)               0.22      0.13 *     2.18 r                   0.90
  n37119 (net)                    1                   0.00       2.18 r                   
  U40972/Y (OAI211_X1M_A9TR)                0.16      0.16 *     2.33 f                   0.90
  n37435 (net)                    2                   0.00       2.33 f                   
  U40977/Y (AOI22_X0P7M_A9TR)               0.27      0.23 *     2.56 r                   0.90
  n37520 (net)                    2                   0.00       2.56 r                   
  U41365/Y (AOI22_X0P5M_A9TR)               0.16      0.16 *     2.73 f                   0.90
  n37657 (net)                    2                   0.00       2.73 f                   
  U41366/Y (AOI22_X0P5M_A9TR)               0.19      0.17 *     2.89 r                   0.90
  n37723 (net)                    2                   0.00       2.89 r                   
  U41367/Y (AOI22_X0P5M_A9TR)               0.26      0.12 *     3.01 f                   0.90
  n37804 (net)                    2                   0.00       3.01 f                   
  U41368/Y (AOI22_X0P7M_A9TR)               0.23      0.19 *     3.21 r                   0.90
  n37902 (net)                    2                   0.00       3.21 r                   
  U41710/Y (AOI22_X0P5M_A9TR)               0.19      0.18 *     3.39 f                   0.90
  n38264 (net)                    2                   0.00       3.39 f                   
  U41711/Y (AOI22_X0P7M_A9TR)               0.24      0.17 *     3.56 r                   0.90
  n39594 (net)                    2                   0.00       3.56 r                   
  U41712/Y (AOI22_X0P5M_A9TR)               0.14      0.14 *     3.70 f                   0.90
  n321 (net)                      1                   0.00       3.70 f                   
  shifted_reg_321_/D (DFFQ_X0P5M_A9TR)      0.14      0.00 *     3.70 f                   0.90
  data arrival time                                              3.70                     

  clock CLK (rise edge)                              10.00      10.00                     
  clock network delay (ideal)                         0.00      10.00                     
  shifted_reg_321_/CK (DFFQ_X0P5M_A9TR)               0.00      10.00 r                   
  library setup time                                 -0.08       9.92                     
  data required time                                             9.92                     
  -----------------------------------------------------------------------------------------------------
  data required time                                             9.92                     
  data arrival time                                             -3.70                     
  -----------------------------------------------------------------------------------------------------
  slack (MET)                                                    6.21                     


  Startpoint: shift_amount[9]
              (input port clocked by CLK)
  Endpoint: shifted_reg_225_
            (rising edge-triggered flip-flop clocked by CLK)
  Scenario: mode_norm.OC_rvt_ss_0p900v_125c
  Path Group: REGIN
  Path Type: max

Attributes:
    d - dont_touch
    u - dont_use
   mo - map_only
   so - size_only
    i - ideal_net or ideal_network
  inf - infeasible path

  Point                         Fanout     Trans      Incr       Path      Attributes     Voltage
  -----------------------------------------------------------------------------------------------------
  clock CLK (rise edge)                               0.00       0.00                     
  clock network delay (ideal)                         0.00       0.00                     
  input external delay                                0.00       0.00 r                   
  shift_amount[9] (in)                      0.15      0.08       0.08 r                   
  shift_amount[9] (net)           2                   0.00       0.08 r                   
  U35854/Y (BUF_X1P4B_A9TR)                 0.75      0.48 *     0.56 r                   0.90
  n46019 (net)                   91                   0.00       0.56 r                   
  U36288/Y (BUF_X1M_A9TR)                   0.17      0.22 *     0.78 r                   0.90
  n46088 (net)                   19                   0.00       0.78 r                   
  U36290/Y (INV_X0P7M_A9TR)                 0.09      0.10 *     0.88 f                   0.90
  n46089 (net)                    9                   0.00       0.88 f                   
  U21850/Y (NAND2_X2B_A9TR)                 0.63      0.36 *     1.24 r                   0.90
  n21773 (net)                   98                   0.00       1.24 r                   
  U39328/Y (BUF_X1M_A9TR)                   0.23      0.25 *     1.49 r                   0.90
  n46299 (net)                   30                   0.00       1.49 r                   
  U36279/Y (NOR2_X2B_A9TR)                  0.49      0.37 *     1.86 f                   0.90
  n32065 (net)                   56                   0.00       1.86 f                   
  U40679/Y (BUF_X1M_A9TR)                   0.09      0.19 *     2.05 f                   0.90
  n46402 (net)                   13                   0.00       2.05 f                   
  U40970/Y (AOI22_X0P5M_A9TR)               0.22      0.13 *     2.18 r                   0.90
  n37119 (net)                    1                   0.00       2.18 r                   
  U40972/Y (OAI211_X1M_A9TR)                0.16      0.16 *     2.33 f                   0.90
  n37435 (net)                    2                   0.00       2.33 f                   
  U40977/Y (AOI22_X0P7M_A9TR)               0.27      0.23 *     2.56 r                   0.90
  n37520 (net)                    2                   0.00       2.56 r                   
  U41365/Y (AOI22_X0P5M_A9TR)               0.16      0.16 *     2.73 f                   0.90
  n37657 (net)                    2                   0.00       2.73 f                   
  U41366/Y (AOI22_X0P5M_A9TR)               0.19      0.17 *     2.89 r                   0.90
  n37723 (net)                    2                   0.00       2.89 r                   
  U41367/Y (AOI22_X0P5M_A9TR)               0.26      0.12 *     3.01 f                   0.90
  n37804 (net)                    2                   0.00       3.01 f                   
  U41368/Y (AOI22_X0P7M_A9TR)               0.23      0.19 *     3.21 r                   0.90
  n37902 (net)                    2                   0.00       3.21 r                   
  U41369/Y (AOI22_X0P7M_A9TR)               0.17      0.16 *     3.37 f                   0.90
  n38039 (net)                    2                   0.00       3.37 f                   
  U41807/Y (AOI22_X0P7M_A9TR)               0.26      0.20 *     3.57 r                   0.90
  n39627 (net)                    2                   0.00       3.57 r                   
  U43210/Y (AOI22_X0P5M_A9TR)               0.11      0.13 *     3.70 f                   0.90
  n225 (net)                      1                   0.00       3.70 f                   
  shifted_reg_225_/D (DFFQ_X0P5M_A9TR)      0.11      0.00 *     3.70 f                   0.90
  data arrival time                                              3.70                     

  clock CLK (rise edge)                              10.00      10.00                     
  clock network delay (ideal)                         0.00      10.00                     
  shifted_reg_225_/CK (DFFQ_X0P5M_A9TR)               0.00      10.00 r                   
  library setup time                                 -0.07       9.93                     
  data required time                                             9.93                     
  -----------------------------------------------------------------------------------------------------
  data required time                                             9.93                     
  data arrival time                                             -3.70                     
  -----------------------------------------------------------------------------------------------------
  slack (MET)                                                    6.22                     


  Startpoint: shift_amount[9]
              (input port clocked by CLK)
  Endpoint: shifted_reg_224_
            (rising edge-triggered flip-flop clocked by CLK)
  Scenario: mode_norm.OC_rvt_ss_0p900v_125c
  Path Group: REGIN
  Path Type: max

Attributes:
    d - dont_touch
    u - dont_use
   mo - map_only
   so - size_only
    i - ideal_net or ideal_network
  inf - infeasible path

  Point                         Fanout     Trans      Incr       Path      Attributes     Voltage
  -----------------------------------------------------------------------------------------------------
  clock CLK (rise edge)                               0.00       0.00                     
  clock network delay (ideal)                         0.00       0.00                     
  input external delay                                0.00       0.00 f                   
  shift_amount[9] (in)                      0.08      0.04       0.04 f                   
  shift_amount[9] (net)           2                   0.00       0.04 f                   
  U35854/Y (BUF_X1P4B_A9TR)                 0.60      0.39 *     0.43 f                   0.90
  n46019 (net)                   91                   0.00       0.43 f                   
  U36288/Y (BUF_X1M_A9TR)                   0.10      0.21 *     0.64 f                   0.90
  n46088 (net)                   19                   0.00       0.64 f                   
  U36290/Y (INV_X0P7M_A9TR)                 0.11      0.10 *     0.74 r                   0.90
  n46089 (net)                    9                   0.00       0.74 r                   
  U21850/Y (NAND2_X2B_A9TR)                 0.51      0.33 *     1.07 f                   0.90
  n21773 (net)                   98                   0.00       1.07 f                   
  U39239/Y (BUF_X1M_A9TR)                   0.12      0.21 *     1.28 f                   0.90
  n46290 (net)                   23                   0.00       1.28 f                   
  U21858/Y (NOR2_X3M_A9TR)                  0.75      0.47 *     1.74 r                   0.90
  n21774 (net)                   92                   0.00       1.74 r                   
  U40948/Y (BUF_X1M_A9TR)                   0.28      0.28 *     2.02 r                   0.90
  n46423 (net)                   38                   0.00       2.02 r                   
  U40166/Y (AOI22_X0P5M_A9TR)               0.26      0.14 *     2.17 f                   0.90
  n36230 (net)                    1                   0.00       2.17 f                   
  U40168/Y (OAI211_X0P5M_A9TR)              0.16      0.16 *     2.32 r                   0.90
  n36342 (net)                    2                   0.00       2.32 r                   
  U40258/Y (AOI22_X0P5M_A9TR)               0.24      0.11 *     2.43 f                   0.90
  n36375 (net)                    2                   0.00       2.43 f                   
  U40267/Y (AOI22_X0P7M_A9TR)               0.26      0.22 *     2.65 r                   0.90
  n36442 (net)                    2                   0.00       2.65 r                   
  U40285/Y (AOI22_X0P5M_A9TR)               0.14      0.15 *     2.79 f                   0.90
  n36602 (net)                    2                   0.00       2.79 f                   
  U40513/Y (AOI22_X0P5M_A9TR)               0.18      0.17 *     2.96 r                   0.90
  n36724 (net)                    2                   0.00       2.96 r                   
  U40524/Y (AOI22_X0P5M_A9TR)               0.14      0.14 *     3.10 f                   0.90
  n37440 (net)                    2                   0.00       3.10 f                   
  U41288/Y (AOI22_X0P7M_A9TR)               0.23      0.19 *     3.29 r                   0.90
  n38052 (net)                    2                   0.00       3.29 r                   
  U41815/Y (AOI22_X0P7M_A9TR)               0.30      0.17 *     3.46 f                   0.90
  n39631 (net)                    2                   0.00       3.46 f                   
  U43213/Y (AOI22_X0P5M_A9TR)               0.24      0.22 *     3.68 r                   0.90
  n224 (net)                      1                   0.00       3.68 r                   
  shifted_reg_224_/D (DFFQ_X0P5M_A9TR)      0.24      0.00 *     3.68 r                   0.90
  data arrival time                                              3.68                     

  clock CLK (rise edge)                              10.00      10.00                     
  clock network delay (ideal)                         0.00      10.00                     
  shifted_reg_224_/CK (DFFQ_X0P5M_A9TR)               0.00      10.00 r                   
  library setup time                                 -0.09       9.91                     
  data required time                                             9.91                     
  -----------------------------------------------------------------------------------------------------
  data required time                                             9.91                     
  data arrival time                                             -3.68                     
  -----------------------------------------------------------------------------------------------------
  slack (MET)                                                    6.23                     


  Startpoint: shift_amount[9]
              (input port clocked by CLK)
  Endpoint: shifted_reg_345_
            (rising edge-triggered flip-flop clocked by CLK)
  Scenario: mode_norm.OC_rvt_ss_0p900v_125c
  Path Group: REGIN
  Path Type: max

Attributes:
    d - dont_touch
    u - dont_use
   mo - map_only
   so - size_only
    i - ideal_net or ideal_network
  inf - infeasible path

  Point                         Fanout     Trans      Incr       Path      Attributes     Voltage
  -----------------------------------------------------------------------------------------------------
  clock CLK (rise edge)                               0.00       0.00                     
  clock network delay (ideal)                         0.00       0.00                     
  input external delay                                0.00       0.00 f                   
  shift_amount[9] (in)                      0.08      0.04       0.04 f                   
  shift_amount[9] (net)           2                   0.00       0.04 f                   
  U35854/Y (BUF_X1P4B_A9TR)                 0.60      0.39 *     0.43 f                   0.90
  n46019 (net)                   91                   0.00       0.43 f                   
  U36288/Y (BUF_X1M_A9TR)                   0.10      0.21 *     0.64 f                   0.90
  n46088 (net)                   19                   0.00       0.64 f                   
  U36290/Y (INV_X0P7M_A9TR)                 0.11      0.10 *     0.74 r                   0.90
  n46089 (net)                    9                   0.00       0.74 r                   
  U21850/Y (NAND2_X2B_A9TR)                 0.51      0.33 *     1.07 f                   0.90
  n21773 (net)                   98                   0.00       1.07 f                   
  U39328/Y (BUF_X1M_A9TR)                   0.15      0.22 *     1.29 f                   0.90
  n46299 (net)                   30                   0.00       1.29 f                   
  U36279/Y (NOR2_X2B_A9TR)                  0.74      0.48 *     1.77 r                   0.90
  n32065 (net)                   56                   0.00       1.77 r                   
  U40417/Y (BUF_X1M_A9TR)                   0.23      0.25 *     2.02 r                   0.90
  n46396 (net)                   26                   0.00       2.02 r                   
  U40731/Y (AOI22_X0P5M_A9TR)               0.10      0.10 *     2.11 f                   0.90
  n36860 (net)                    1                   0.00       2.11 f                   
  U40733/Y (OAI211_X0P7M_A9TR)              0.27      0.15 *     2.26 r                   0.90
  n36896 (net)                    2                   0.00       2.26 r                   
  U40738/Y (AOI22_X0P5M_A9TR)               0.25      0.15 *     2.41 f                   0.90
  n36914 (net)                    2                   0.00       2.41 f                   
  U40785/Y (AOI22_X0P7M_A9TR)               0.18      0.19 *     2.60 r                   0.90
  n36973 (net)                    2                   0.00       2.60 r                   
  U40791/Y (AOI22_X0P5M_A9TR)               0.25      0.14 *     2.74 f                   0.90
  n37718 (net)                    2                   0.00       2.74 f                   
  U41555/Y (AOI22_X0P5M_A9TR)               0.24      0.20 *     2.94 r                   0.90
  n37855 (net)                    2                   0.00       2.94 r                   
  U41672/Y (AOI22_X0P5M_A9TR)               0.25      0.16 *     3.10 f                   0.90
  n38007 (net)                    2                   0.00       3.10 f                   
  U41787/Y (AOI22_X0P7M_A9TR)               0.27      0.24 *     3.34 r                   0.90
  n38092 (net)                    2                   0.00       3.34 r                   
  U41788/Y (AOI22_X0P7M_A9TR)               0.26      0.17 *     3.51 f                   0.90
  n39659 (net)                    2                   0.00       3.51 f                   
  U41789/Y (AOI22_X0P5M_A9TR)               0.18      0.17 *     3.68 r                   0.90
  n345 (net)                      1                   0.00       3.68 r                   
  shifted_reg_345_/D (DFFQ_X0P5M_A9TR)      0.18      0.00 *     3.68 r                   0.90
  data arrival time                                              3.68                     

  clock CLK (rise edge)                              10.00      10.00                     
  clock network delay (ideal)                         0.00      10.00                     
  shifted_reg_345_/CK (DFFQ_X0P5M_A9TR)               0.00      10.00 r                   
  library setup time                                 -0.08       9.92                     
  data required time                                             9.92                     
  -----------------------------------------------------------------------------------------------------
  data required time                                             9.92                     
  data arrival time                                             -3.68                     
  -----------------------------------------------------------------------------------------------------
  slack (MET)                                                    6.23                     


  Startpoint: shift_amount[9]
              (input port clocked by CLK)
  Endpoint: shifted_reg_350_
            (rising edge-triggered flip-flop clocked by CLK)
  Scenario: mode_norm.OC_rvt_ss_0p900v_125c
  Path Group: REGIN
  Path Type: max

Attributes:
    d - dont_touch
    u - dont_use
   mo - map_only
   so - size_only
    i - ideal_net or ideal_network
  inf - infeasible path

  Point                         Fanout     Trans      Incr       Path      Attributes     Voltage
  -----------------------------------------------------------------------------------------------------
  clock CLK (rise edge)                               0.00       0.00                     
  clock network delay (ideal)                         0.00       0.00                     
  input external delay                                0.00       0.00 f                   
  shift_amount[9] (in)                      0.08      0.04       0.04 f                   
  shift_amount[9] (net)           2                   0.00       0.04 f                   
  U35854/Y (BUF_X1P4B_A9TR)                 0.60      0.39 *     0.43 f                   0.90
  n46019 (net)                   91                   0.00       0.43 f                   
  U36288/Y (BUF_X1M_A9TR)                   0.10      0.21 *     0.64 f                   0.90
  n46088 (net)                   19                   0.00       0.64 f                   
  U36290/Y (INV_X0P7M_A9TR)                 0.11      0.10 *     0.74 r                   0.90
  n46089 (net)                    9                   0.00       0.74 r                   
  U21850/Y (NAND2_X2B_A9TR)                 0.51      0.33 *     1.07 f                   0.90
  n21773 (net)                   98                   0.00       1.07 f                   
  U39328/Y (BUF_X1M_A9TR)                   0.15      0.22 *     1.29 f                   0.90
  n46299 (net)                   30                   0.00       1.29 f                   
  U36279/Y (NOR2_X2B_A9TR)                  0.74      0.48 *     1.77 r                   0.90
  n32065 (net)                   56                   0.00       1.77 r                   
  U40417/Y (BUF_X1M_A9TR)                   0.23      0.25 *     2.02 r                   0.90
  n46396 (net)                   26                   0.00       2.02 r                   
  U40735/Y (AOI22_X0P5M_A9TR)               0.10      0.10 *     2.11 f                   0.90
  n36866 (net)                    1                   0.00       2.11 f                   
  U40737/Y (OAI211_X0P7M_A9TR)              0.27      0.15 *     2.27 r                   0.90
  n36900 (net)                    2                   0.00       2.27 r                   
  U40770/Y (AOI22_X0P5M_A9TR)               0.24      0.14 *     2.41 f                   0.90
  n36932 (net)                    2                   0.00       2.41 f                   
  U40771/Y (AOI22_X0P5M_A9TR)               0.23      0.21 *     2.62 r                   0.90
  n36959 (net)                    2                   0.00       2.62 r                   
  U40825/Y (AOI22_X0P5M_A9TR)               0.25      0.14 *     2.76 f                   0.90
  n37060 (net)                    2                   0.00       2.76 f                   
  U40832/Y (AOI22_X0P5M_A9TR)               0.24      0.20 *     2.96 r                   0.90
  n37887 (net)                    2                   0.00       2.96 r                   
  U41698/Y (AOI22_X0P7M_A9TR)               0.23      0.14 *     3.10 f                   0.90
  n38031 (net)                    2                   0.00       3.10 f                   
  U41802/Y (AOI22_X0P7M_A9TR)               0.27      0.23 *     3.32 r                   0.90
  n38227 (net)                    2                   0.00       3.32 r                   
  U41803/Y (AOI22_X0P7M_A9TR)               0.28      0.18 *     3.50 f                   0.90
  n39639 (net)                    2                   0.00       3.50 f                   
  U41804/Y (AOI22_X0P5M_A9TR)               0.18      0.18 *     3.68 r                   0.90
  n350 (net)                      1                   0.00       3.68 r                   
  shifted_reg_350_/D (DFFQ_X0P5M_A9TR)      0.18      0.00 *     3.68 r                   0.90
  data arrival time                                              3.68                     

  clock CLK (rise edge)                              10.00      10.00                     
  clock network delay (ideal)                         0.00      10.00                     
  shifted_reg_350_/CK (DFFQ_X0P5M_A9TR)               0.00      10.00 r                   
  library setup time                                 -0.08       9.92                     
  data required time                                             9.92                     
  -----------------------------------------------------------------------------------------------------
  data required time                                             9.92                     
  data arrival time                                             -3.68                     
  -----------------------------------------------------------------------------------------------------
  slack (MET)                                                    6.24                     


  Startpoint: shift_amount[9]
              (input port clocked by CLK)
  Endpoint: shifted_reg_349_
            (rising edge-triggered flip-flop clocked by CLK)
  Scenario: mode_norm.OC_rvt_ss_0p900v_125c
  Path Group: REGIN
  Path Type: max

Attributes:
    d - dont_touch
    u - dont_use
   mo - map_only
   so - size_only
    i - ideal_net or ideal_network
  inf - infeasible path

  Point                         Fanout     Trans      Incr       Path      Attributes     Voltage
  -----------------------------------------------------------------------------------------------------
  clock CLK (rise edge)                               0.00       0.00                     
  clock network delay (ideal)                         0.00       0.00                     
  input external delay                                0.00       0.00 r                   
  shift_amount[9] (in)                      0.15      0.08       0.08 r                   
  shift_amount[9] (net)           2                   0.00       0.08 r                   
  U35854/Y (BUF_X1P4B_A9TR)                 0.75      0.48 *     0.56 r                   0.90
  n46019 (net)                   91                   0.00       0.56 r                   
  U36288/Y (BUF_X1M_A9TR)                   0.17      0.22 *     0.78 r                   0.90
  n46088 (net)                   19                   0.00       0.78 r                   
  U36290/Y (INV_X0P7M_A9TR)                 0.09      0.10 *     0.88 f                   0.90
  n46089 (net)                    9                   0.00       0.88 f                   
  U21850/Y (NAND2_X2B_A9TR)                 0.63      0.36 *     1.24 r                   0.90
  n21773 (net)                   98                   0.00       1.24 r                   
  U39328/Y (BUF_X1M_A9TR)                   0.23      0.25 *     1.49 r                   0.90
  n46299 (net)                   30                   0.00       1.49 r                   
  U36279/Y (NOR2_X2B_A9TR)                  0.49      0.37 *     1.86 f                   0.90
  n32065 (net)                   56                   0.00       1.86 f                   
  U40371/Y (BUF_X1M_A9TR)                   0.14      0.21 *     2.07 f                   0.90
  n46391 (net)                   28                   0.00       2.07 f                   
  U40263/Y (AOI22_X0P5M_A9TR)               0.19      0.17 *     2.24 r                   0.90
  n36349 (net)                    1                   0.00       2.24 r                   
  U40265/Y (OAI211_X0P5M_A9TR)              0.19      0.12 *     2.35 f                   0.90
  n36501 (net)                    2                   0.00       2.35 f                   
  U40419/Y (AOI22_X0P5M_A9TR)               0.21      0.15 *     2.51 r                   0.90
  n36621 (net)                    2                   0.00       2.51 r                   
  U40530/Y (AOI22_X0P7M_A9TR)               0.26      0.15 *     2.65 f                   0.90
  n36679 (net)                    2                   0.00       2.65 f                   
  U40532/Y (AOI22_X0P5M_A9TR)               0.20      0.20 *     2.86 r                   0.90
  n36719 (net)                    2                   0.00       2.86 r                   
  U40607/Y (AOI22_X0P5M_A9TR)               0.13      0.14 *     2.99 f                   0.90
  n36840 (net)                    2                   0.00       2.99 f                   
  U40716/Y (AOI22_X0P5M_A9TR)               0.20      0.17 *     3.17 r                   0.90
  n38027 (net)                    2                   0.00       3.17 r                   
  U41799/Y (AOI22_X0P7M_A9TR)               0.17      0.16 *     3.33 f                   0.90
  n38291 (net)                    2                   0.00       3.33 f                   
  U41800/Y (AOI22_X0P7M_A9TR)               0.28      0.19 *     3.52 r                   0.90
  n39643 (net)                    2                   0.00       3.52 r                   
  U41801/Y (AOI22_X0P5M_A9TR)               0.15      0.15 *     3.67 f                   0.90
  n349 (net)                      1                   0.00       3.67 f                   
  shifted_reg_349_/D (DFFQ_X0P5M_A9TR)      0.15      0.00 *     3.67 f                   0.90
  data arrival time                                              3.67                     

  clock CLK (rise edge)                              10.00      10.00                     
  clock network delay (ideal)                         0.00      10.00                     
  shifted_reg_349_/CK (DFFQ_X0P5M_A9TR)               0.00      10.00 r                   
  library setup time                                 -0.09       9.91                     
  data required time                                             9.91                     
  -----------------------------------------------------------------------------------------------------
  data required time                                             9.91                     
  data arrival time                                             -3.67                     
  -----------------------------------------------------------------------------------------------------
  slack (MET)                                                    6.24                     


  Startpoint: shift_amount[9]
              (input port clocked by CLK)
  Endpoint: shifted_reg_351_
            (rising edge-triggered flip-flop clocked by CLK)
  Scenario: mode_norm.OC_rvt_ss_0p900v_125c
  Path Group: REGIN
  Path Type: max

Attributes:
    d - dont_touch
    u - dont_use
   mo - map_only
   so - size_only
    i - ideal_net or ideal_network
  inf - infeasible path

  Point                         Fanout     Trans      Incr       Path      Attributes     Voltage
  -----------------------------------------------------------------------------------------------------
  clock CLK (rise edge)                               0.00       0.00                     
  clock network delay (ideal)                         0.00       0.00                     
  input external delay                                0.00       0.00 f                   
  shift_amount[9] (in)                      0.08      0.04       0.04 f                   
  shift_amount[9] (net)           2                   0.00       0.04 f                   
  U35854/Y (BUF_X1P4B_A9TR)                 0.60      0.39 *     0.43 f                   0.90
  n46019 (net)                   91                   0.00       0.43 f                   
  U36288/Y (BUF_X1M_A9TR)                   0.10      0.21 *     0.64 f                   0.90
  n46088 (net)                   19                   0.00       0.64 f                   
  U36290/Y (INV_X0P7M_A9TR)                 0.11      0.10 *     0.74 r                   0.90
  n46089 (net)                    9                   0.00       0.74 r                   
  U21850/Y (NAND2_X2B_A9TR)                 0.51      0.33 *     1.07 f                   0.90
  n21773 (net)                   98                   0.00       1.07 f                   
  U39328/Y (BUF_X1M_A9TR)                   0.15      0.22 *     1.29 f                   0.90
  n46299 (net)                   30                   0.00       1.29 f                   
  U36279/Y (NOR2_X2B_A9TR)                  0.74      0.48 *     1.77 r                   0.90
  n32065 (net)                   56                   0.00       1.77 r                   
  U40417/Y (BUF_X1M_A9TR)                   0.23      0.25 *     2.02 r                   0.90
  n46396 (net)                   26                   0.00       2.02 r                   
  U40696/Y (AOI22_X0P5M_A9TR)               0.10      0.09 *     2.11 f                   0.90
  n36822 (net)                    1                   0.00       2.11 f                   
  U40698/Y (OAI211_X0P7M_A9TR)              0.27      0.15 *     2.26 r                   0.90
  n36893 (net)                    2                   0.00       2.26 r                   
  U40702/Y (AOI22_X0P5M_A9TR)               0.25      0.14 *     2.40 f                   0.90
  n36868 (net)                    2                   0.00       2.40 f                   
  U40739/Y (AOI22_X0P5M_A9TR)               0.23      0.23 *     2.63 r                   0.90
  n36945 (net)                    2                   0.00       2.63 r                   
  U40812/Y (AOI22_X0P5M_A9TR)               0.25      0.14 *     2.77 f                   0.90
  n37024 (net)                    2                   0.00       2.77 f                   
  U40820/Y (AOI22_X0P5M_A9TR)               0.23      0.19 *     2.96 r                   0.90
  n37135 (net)                    2                   0.00       2.96 r                   
  U40990/Y (AOI22_X0P7M_A9TR)               0.24      0.14 *     3.11 f                   0.90
  n37894 (net)                    2                   0.00       3.11 f                   
  U40991/Y (AOI22_X0P7M_A9TR)               0.27      0.23 *     3.34 r                   0.90
  n38035 (net)                    2                   0.00       3.34 r                   
  U41805/Y (AOI22_X0P7M_A9TR)               0.27      0.17 *     3.51 f                   0.90
  n39635 (net)                    2                   0.00       3.51 f                   
  U41806/Y (AOI22_X0P5M_A9TR)               0.18      0.17 *     3.68 r                   0.90
  n351 (net)                      1                   0.00       3.68 r                   
  shifted_reg_351_/D (DFFQ_X0P5M_A9TR)      0.18      0.00 *     3.68 r                   0.90
  data arrival time                                              3.68                     

  clock CLK (rise edge)                              10.00      10.00                     
  clock network delay (ideal)                         0.00      10.00                     
  shifted_reg_351_/CK (DFFQ_X0P5M_A9TR)               0.00      10.00 r                   
  library setup time                                 -0.08       9.92                     
  data required time                                             9.92                     
  -----------------------------------------------------------------------------------------------------
  data required time                                             9.92                     
  data arrival time                                             -3.68                     
  -----------------------------------------------------------------------------------------------------
  slack (MET)                                                    6.24                     


  Startpoint: shift_amount[9]
              (input port clocked by CLK)
  Endpoint: shifted_reg_354_
            (rising edge-triggered flip-flop clocked by CLK)
  Scenario: mode_norm.OC_rvt_ss_0p900v_125c
  Path Group: REGIN
  Path Type: max

Attributes:
    d - dont_touch
    u - dont_use
   mo - map_only
   so - size_only
    i - ideal_net or ideal_network
  inf - infeasible path

  Point                         Fanout     Trans      Incr       Path      Attributes     Voltage
  -----------------------------------------------------------------------------------------------------
  clock CLK (rise edge)                               0.00       0.00                     
  clock network delay (ideal)                         0.00       0.00                     
  input external delay                                0.00       0.00 f                   
  shift_amount[9] (in)                      0.08      0.04       0.04 f                   
  shift_amount[9] (net)           2                   0.00       0.04 f                   
  U35854/Y (BUF_X1P4B_A9TR)                 0.60      0.39 *     0.43 f                   0.90
  n46019 (net)                   91                   0.00       0.43 f                   
  U36288/Y (BUF_X1M_A9TR)                   0.10      0.21 *     0.64 f                   0.90
  n46088 (net)                   19                   0.00       0.64 f                   
  U36290/Y (INV_X0P7M_A9TR)                 0.11      0.10 *     0.74 r                   0.90
  n46089 (net)                    9                   0.00       0.74 r                   
  U21850/Y (NAND2_X2B_A9TR)                 0.51      0.33 *     1.07 f                   0.90
  n21773 (net)                   98                   0.00       1.07 f                   
  U39239/Y (BUF_X1M_A9TR)                   0.12      0.21 *     1.28 f                   0.90
  n46290 (net)                   23                   0.00       1.28 f                   
  U21858/Y (NOR2_X3M_A9TR)                  0.75      0.47 *     1.74 r                   0.90
  n21774 (net)                   92                   0.00       1.74 r                   
  U40948/Y (BUF_X1M_A9TR)                   0.28      0.28 *     2.02 r                   0.90
  n46423 (net)                   38                   0.00       2.02 r                   
  U40111/Y (AOI22_X0P5M_A9TR)               0.27      0.15 *     2.17 f                   0.90
  n36170 (net)                    1                   0.00       2.17 f                   
  U40113/Y (OAI211_X0P5M_A9TR)              0.24      0.16 *     2.33 r                   0.90
  n36211 (net)                    2                   0.00       2.33 r                   
  U40117/Y (AOI22_X0P5M_A9TR)               0.24      0.13 *     2.46 f                   0.90
  n36376 (net)                    2                   0.00       2.46 f                   
  U40292/Y (AOI22_X0P5M_A9TR)               0.30      0.25 *     2.71 r                   0.90
  n36415 (net)                    2                   0.00       2.71 r                   
  U40294/Y (AOI22_X0P5M_A9TR)               0.14      0.16 *     2.87 f                   0.90
  n36492 (net)                    2                   0.00       2.87 f                   
  U40325/Y (AOI22_X0P5M_A9TR)               0.18      0.17 *     3.04 r                   0.90
  n36675 (net)                    2                   0.00       3.04 r                   
  U40575/Y (AOI22_X0P5M_A9TR)               0.14      0.14 *     3.18 f                   0.90
  n37563 (net)                    2                   0.00       3.18 f                   
  U41407/Y (AOI22_X0P7M_A9TR)               0.26      0.21 *     3.39 r                   0.90
  n38048 (net)                    2                   0.00       3.39 r                   
  U41813/Y (AOI22_X0P7M_A9TR)               0.15      0.15 *     3.53 f                   0.90
  n39623 (net)                    2                   0.00       3.53 f                   
  U41814/Y (AOI22_X0P5M_A9TR)               0.16      0.14 *     3.68 r                   0.90
  n354 (net)                      1                   0.00       3.68 r                   
  shifted_reg_354_/D (DFFQ_X0P5M_A9TR)      0.16      0.00 *     3.68 r                   0.90
  data arrival time                                              3.68                     

  clock CLK (rise edge)                              10.00      10.00                     
  clock network delay (ideal)                         0.00      10.00                     
  shifted_reg_354_/CK (DFFQ_X0P5M_A9TR)               0.00      10.00 r                   
  library setup time                                 -0.08       9.92                     
  data required time                                             9.92                     
  -----------------------------------------------------------------------------------------------------
  data required time                                             9.92                     
  data arrival time                                             -3.68                     
  -----------------------------------------------------------------------------------------------------
  slack (MET)                                                    6.25                     


  Startpoint: shift_amount[9]
              (input port clocked by CLK)
  Endpoint: shifted_reg_289_
            (rising edge-triggered flip-flop clocked by CLK)
  Scenario: mode_norm.OC_rvt_ss_0p900v_125c
  Path Group: REGIN
  Path Type: max

Attributes:
    d - dont_touch
    u - dont_use
   mo - map_only
   so - size_only
    i - ideal_net or ideal_network
  inf - infeasible path

  Point                         Fanout     Trans      Incr       Path      Attributes     Voltage
  -----------------------------------------------------------------------------------------------------
  clock CLK (rise edge)                               0.00       0.00                     
  clock network delay (ideal)                         0.00       0.00                     
  input external delay                                0.00       0.00 r                   
  shift_amount[9] (in)                      0.15      0.08       0.08 r                   
  shift_amount[9] (net)           2                   0.00       0.08 r                   
  U35854/Y (BUF_X1P4B_A9TR)                 0.75      0.48 *     0.56 r                   0.90
  n46019 (net)                   91                   0.00       0.56 r                   
  U36288/Y (BUF_X1M_A9TR)                   0.17      0.22 *     0.78 r                   0.90
  n46088 (net)                   19                   0.00       0.78 r                   
  U36290/Y (INV_X0P7M_A9TR)                 0.09      0.10 *     0.88 f                   0.90
  n46089 (net)                    9                   0.00       0.88 f                   
  U21850/Y (NAND2_X2B_A9TR)                 0.63      0.36 *     1.24 r                   0.90
  n21773 (net)                   98                   0.00       1.24 r                   
  U39328/Y (BUF_X1M_A9TR)                   0.23      0.25 *     1.49 r                   0.90
  n46299 (net)                   30                   0.00       1.49 r                   
  U36279/Y (NOR2_X2B_A9TR)                  0.49      0.37 *     1.86 f                   0.90
  n32065 (net)                   56                   0.00       1.86 f                   
  U40679/Y (BUF_X1M_A9TR)                   0.09      0.19 *     2.05 f                   0.90
  n46402 (net)                   13                   0.00       2.05 f                   
  U40970/Y (AOI22_X0P5M_A9TR)               0.22      0.13 *     2.18 r                   0.90
  n37119 (net)                    1                   0.00       2.18 r                   
  U40972/Y (OAI211_X1M_A9TR)                0.16      0.16 *     2.33 f                   0.90
  n37435 (net)                    2                   0.00       2.33 f                   
  U40977/Y (AOI22_X0P7M_A9TR)               0.27      0.23 *     2.56 r                   0.90
  n37520 (net)                    2                   0.00       2.56 r                   
  U41365/Y (AOI22_X0P5M_A9TR)               0.16      0.16 *     2.73 f                   0.90
  n37657 (net)                    2                   0.00       2.73 f                   
  U41366/Y (AOI22_X0P5M_A9TR)               0.19      0.17 *     2.89 r                   0.90
  n37723 (net)                    2                   0.00       2.89 r                   
  U41367/Y (AOI22_X0P5M_A9TR)               0.26      0.12 *     3.01 f                   0.90
  n37804 (net)                    2                   0.00       3.01 f                   
  U41368/Y (AOI22_X0P7M_A9TR)               0.23      0.19 *     3.21 r                   0.90
  n37902 (net)                    2                   0.00       3.21 r                   
  U41369/Y (AOI22_X0P7M_A9TR)               0.17      0.16 *     3.37 f                   0.90
  n38039 (net)                    2                   0.00       3.37 f                   
  U41401/Y (AOI22_X0P5M_A9TR)               0.24      0.21 *     3.58 r                   0.90
  n40541 (net)                    2                   0.00       3.58 r                   
  U41402/Y (AOI22_X0P5M_A9TR)               0.11      0.10 *     3.68 f                   0.90
  n289 (net)                      1                   0.00       3.68 f                   
  shifted_reg_289_/D (DFFQ_X0P5M_A9TR)      0.11      0.00 *     3.68 f                   0.90
  data arrival time                                              3.68                     

  clock CLK (rise edge)                              10.00      10.00                     
  clock network delay (ideal)                         0.00      10.00                     
  shifted_reg_289_/CK (DFFQ_X0P5M_A9TR)               0.00      10.00 r                   
  library setup time                                 -0.07       9.93                     
  data required time                                             9.93                     
  -----------------------------------------------------------------------------------------------------
  data required time                                             9.93                     
  data arrival time                                             -3.68                     
  -----------------------------------------------------------------------------------------------------
  slack (MET)                                                    6.25                     


  Startpoint: shifted_reg_52_
              (rising edge-triggered flip-flop clocked by CLK)
  Endpoint: out[52] (output port clocked by CLK)
  Scenario: mode_norm.OC_rvt_ss_0p900v_125c
  Path Group: REGOUT
  Path Type: max

Attributes:
    d - dont_touch
    u - dont_use
   mo - map_only
   so - size_only
    i - ideal_net or ideal_network
  inf - infeasible path

  Point                         Fanout     Trans      Incr       Path      Attributes     Voltage
  -----------------------------------------------------------------------------------------------------
  clock CLK (rise edge)                               0.00       0.00                     
  clock network delay (ideal)                         0.00       0.00                     
  shifted_reg_52_/CK (DFFQ_X0P5M_A9TR)      0.00      0.00       0.00 r                   0.90
  shifted_reg_52_/Q (DFFQ_X0P5M_A9TR)       0.20      0.20       0.20 r                   0.90
  out[52] (net)                   1                   0.00       0.20 r                   
  out[52] (out)                             0.20      0.00 *     0.21 r                   
  data arrival time                                              0.21                     

  clock CLK (rise edge)                              10.00      10.00                     
  clock network delay (ideal)                         0.00      10.00                     
  output external delay                               0.00      10.00                     
  data required time                                            10.00                     
  -----------------------------------------------------------------------------------------------------
  data required time                                            10.00                     
  data arrival time                                             -0.21                     
  -----------------------------------------------------------------------------------------------------
  slack (MET)                                                    9.79                     


  Startpoint: shifted_reg_8_
              (rising edge-triggered flip-flop clocked by CLK)
  Endpoint: out[8] (output port clocked by CLK)
  Scenario: mode_norm.OC_rvt_ss_0p900v_125c
  Path Group: REGOUT
  Path Type: max

Attributes:
    d - dont_touch
    u - dont_use
   mo - map_only
   so - size_only
    i - ideal_net or ideal_network
  inf - infeasible path

  Point                        Fanout     Trans      Incr       Path      Attributes     Voltage
  ----------------------------------------------------------------------------------------------------
  clock CLK (rise edge)                              0.00       0.00                     
  clock network delay (ideal)                        0.00       0.00                     
  shifted_reg_8_/CK (DFFQ_X0P5M_A9TR)      0.00      0.00       0.00 r                   0.90
  shifted_reg_8_/Q (DFFQ_X0P5M_A9TR)       0.20      0.20       0.20 r                   0.90
  out[8] (net)                   1                   0.00       0.20 r                   
  out[8] (out)                             0.20      0.00 *     0.21 r                   
  data arrival time                                             0.21                     

  clock CLK (rise edge)                             10.00      10.00                     
  clock network delay (ideal)                        0.00      10.00                     
  output external delay                              0.00      10.00                     
  data required time                                           10.00                     
  ----------------------------------------------------------------------------------------------------
  data required time                                           10.00                     
  data arrival time                                            -0.21                     
  ----------------------------------------------------------------------------------------------------
  slack (MET)                                                   9.79                     


  Startpoint: shifted_reg_81_
              (rising edge-triggered flip-flop clocked by CLK)
  Endpoint: out[81] (output port clocked by CLK)
  Scenario: mode_norm.OC_rvt_ss_0p900v_125c
  Path Group: REGOUT
  Path Type: max

Attributes:
    d - dont_touch
    u - dont_use
   mo - map_only
   so - size_only
    i - ideal_net or ideal_network
  inf - infeasible path

  Point                         Fanout     Trans      Incr       Path      Attributes     Voltage
  -----------------------------------------------------------------------------------------------------
  clock CLK (rise edge)                               0.00       0.00                     
  clock network delay (ideal)                         0.00       0.00                     
  shifted_reg_81_/CK (DFFQ_X0P5M_A9TR)      0.00      0.00       0.00 r                   0.90
  shifted_reg_81_/Q (DFFQ_X0P5M_A9TR)       0.20      0.20       0.20 r                   0.90
  out[81] (net)                   1                   0.00       0.20 r                   
  out[81] (out)                             0.20      0.00 *     0.20 r                   
  data arrival time                                              0.20                     

  clock CLK (rise edge)                              10.00      10.00                     
  clock network delay (ideal)                         0.00      10.00                     
  output external delay                               0.00      10.00                     
  data required time                                            10.00                     
  -----------------------------------------------------------------------------------------------------
  data required time                                            10.00                     
  data arrival time                                             -0.20                     
  -----------------------------------------------------------------------------------------------------
  slack (MET)                                                    9.80                     


  Startpoint: shifted_reg_16_
              (rising edge-triggered flip-flop clocked by CLK)
  Endpoint: out[16] (output port clocked by CLK)
  Scenario: mode_norm.OC_rvt_ss_0p900v_125c
  Path Group: REGOUT
  Path Type: max

Attributes:
    d - dont_touch
    u - dont_use
   mo - map_only
   so - size_only
    i - ideal_net or ideal_network
  inf - infeasible path

  Point                         Fanout     Trans      Incr       Path      Attributes     Voltage
  -----------------------------------------------------------------------------------------------------
  clock CLK (rise edge)                               0.00       0.00                     
  clock network delay (ideal)                         0.00       0.00                     
  shifted_reg_16_/CK (DFFQ_X0P5M_A9TR)      0.00      0.00       0.00 r                   0.90
  shifted_reg_16_/Q (DFFQ_X0P5M_A9TR)       0.20      0.20       0.20 r                   0.90
  out[16] (net)                   1                   0.00       0.20 r                   
  out[16] (out)                             0.20      0.00 *     0.20 r                   
  data arrival time                                              0.20                     

  clock CLK (rise edge)                              10.00      10.00                     
  clock network delay (ideal)                         0.00      10.00                     
  output external delay                               0.00      10.00                     
  data required time                                            10.00                     
  -----------------------------------------------------------------------------------------------------
  data required time                                            10.00                     
  data arrival time                                             -0.20                     
  -----------------------------------------------------------------------------------------------------
  slack (MET)                                                    9.80                     


  Startpoint: shifted_reg_176_
              (rising edge-triggered flip-flop clocked by CLK)
  Endpoint: out[176] (output port clocked by CLK)
  Scenario: mode_norm.OC_rvt_ss_0p900v_125c
  Path Group: REGOUT
  Path Type: max

Attributes:
    d - dont_touch
    u - dont_use
   mo - map_only
   so - size_only
    i - ideal_net or ideal_network
  inf - infeasible path

  Point                          Fanout     Trans      Incr       Path      Attributes     Voltage
  ------------------------------------------------------------------------------------------------------
  clock CLK (rise edge)                                0.00       0.00                     
  clock network delay (ideal)                          0.00       0.00                     
  shifted_reg_176_/CK (DFFQ_X0P5M_A9TR)      0.00      0.00       0.00 r                   0.90
  shifted_reg_176_/Q (DFFQ_X0P5M_A9TR)       0.20      0.20       0.20 r                   0.90
  out[176] (net)                   1                   0.00       0.20 r                   
  out[176] (out)                             0.20      0.00 *     0.20 r                   
  data arrival time                                               0.20                     

  clock CLK (rise edge)                               10.00      10.00                     
  clock network delay (ideal)                          0.00      10.00                     
  output external delay                                0.00      10.00                     
  data required time                                             10.00                     
  ------------------------------------------------------------------------------------------------------
  data required time                                             10.00                     
  data arrival time                                              -0.20                     
  ------------------------------------------------------------------------------------------------------
  slack (MET)                                                     9.80                     


  Startpoint: shifted_reg_168_
              (rising edge-triggered flip-flop clocked by CLK)
  Endpoint: out[168] (output port clocked by CLK)
  Scenario: mode_norm.OC_rvt_ss_0p900v_125c
  Path Group: REGOUT
  Path Type: max

Attributes:
    d - dont_touch
    u - dont_use
   mo - map_only
   so - size_only
    i - ideal_net or ideal_network
  inf - infeasible path

  Point                          Fanout     Trans      Incr       Path      Attributes     Voltage
  ------------------------------------------------------------------------------------------------------
  clock CLK (rise edge)                                0.00       0.00                     
  clock network delay (ideal)                          0.00       0.00                     
  shifted_reg_168_/CK (DFFQ_X0P5M_A9TR)      0.00      0.00       0.00 r                   0.90
  shifted_reg_168_/Q (DFFQ_X0P5M_A9TR)       0.20      0.20       0.20 r                   0.90
  out[168] (net)                   1                   0.00       0.20 r                   
  out[168] (out)                             0.20      0.00 *     0.20 r                   
  data arrival time                                               0.20                     

  clock CLK (rise edge)                               10.00      10.00                     
  clock network delay (ideal)                          0.00      10.00                     
  output external delay                                0.00      10.00                     
  data required time                                             10.00                     
  ------------------------------------------------------------------------------------------------------
  data required time                                             10.00                     
  data arrival time                                              -0.20                     
  ------------------------------------------------------------------------------------------------------
  slack (MET)                                                     9.80                     


  Startpoint: shifted_reg_177_
              (rising edge-triggered flip-flop clocked by CLK)
  Endpoint: out[177] (output port clocked by CLK)
  Scenario: mode_norm.OC_rvt_ss_0p900v_125c
  Path Group: REGOUT
  Path Type: max

Attributes:
    d - dont_touch
    u - dont_use
   mo - map_only
   so - size_only
    i - ideal_net or ideal_network
  inf - infeasible path

  Point                          Fanout     Trans      Incr       Path      Attributes     Voltage
  ------------------------------------------------------------------------------------------------------
  clock CLK (rise edge)                                0.00       0.00                     
  clock network delay (ideal)                          0.00       0.00                     
  shifted_reg_177_/CK (DFFQ_X0P5M_A9TR)      0.00      0.00       0.00 r                   0.90
  shifted_reg_177_/Q (DFFQ_X0P5M_A9TR)       0.19      0.20       0.20 r                   0.90
  out[177] (net)                   1                   0.00       0.20 r                   
  out[177] (out)                             0.19      0.00 *     0.20 r                   
  data arrival time                                               0.20                     

  clock CLK (rise edge)                               10.00      10.00                     
  clock network delay (ideal)                          0.00      10.00                     
  output external delay                                0.00      10.00                     
  data required time                                             10.00                     
  ------------------------------------------------------------------------------------------------------
  data required time                                             10.00                     
  data arrival time                                              -0.20                     
  ------------------------------------------------------------------------------------------------------
  slack (MET)                                                     9.80                     


  Startpoint: shifted_reg_39_
              (rising edge-triggered flip-flop clocked by CLK)
  Endpoint: out[39] (output port clocked by CLK)
  Scenario: mode_norm.OC_rvt_ss_0p900v_125c
  Path Group: REGOUT
  Path Type: max

Attributes:
    d - dont_touch
    u - dont_use
   mo - map_only
   so - size_only
    i - ideal_net or ideal_network
  inf - infeasible path

  Point                         Fanout     Trans      Incr       Path      Attributes     Voltage
  -----------------------------------------------------------------------------------------------------
  clock CLK (rise edge)                               0.00       0.00                     
  clock network delay (ideal)                         0.00       0.00                     
  shifted_reg_39_/CK (DFFQ_X0P5M_A9TR)      0.00      0.00       0.00 r                   0.90
  shifted_reg_39_/Q (DFFQ_X0P5M_A9TR)       0.19      0.20       0.20 r                   0.90
  out[39] (net)                   1                   0.00       0.20 r                   
  out[39] (out)                             0.19      0.00 *     0.20 r                   
  data arrival time                                              0.20                     

  clock CLK (rise edge)                              10.00      10.00                     
  clock network delay (ideal)                         0.00      10.00                     
  output external delay                               0.00      10.00                     
  data required time                                            10.00                     
  -----------------------------------------------------------------------------------------------------
  data required time                                            10.00                     
  data arrival time                                             -0.20                     
  -----------------------------------------------------------------------------------------------------
  slack (MET)                                                    9.80                     


  Startpoint: shifted_reg_41_
              (rising edge-triggered flip-flop clocked by CLK)
  Endpoint: out[41] (output port clocked by CLK)
  Scenario: mode_norm.OC_rvt_ss_0p900v_125c
  Path Group: REGOUT
  Path Type: max

Attributes:
    d - dont_touch
    u - dont_use
   mo - map_only
   so - size_only
    i - ideal_net or ideal_network
  inf - infeasible path

  Point                         Fanout     Trans      Incr       Path      Attributes     Voltage
  -----------------------------------------------------------------------------------------------------
  clock CLK (rise edge)                               0.00       0.00                     
  clock network delay (ideal)                         0.00       0.00                     
  shifted_reg_41_/CK (DFFQ_X0P5M_A9TR)      0.00      0.00       0.00 r                   0.90
  shifted_reg_41_/Q (DFFQ_X0P5M_A9TR)       0.19      0.20       0.20 r                   0.90
  out[41] (net)                   1                   0.00       0.20 r                   
  out[41] (out)                             0.19      0.00 *     0.20 r                   
  data arrival time                                              0.20                     

  clock CLK (rise edge)                              10.00      10.00                     
  clock network delay (ideal)                         0.00      10.00                     
  output external delay                               0.00      10.00                     
  data required time                                            10.00                     
  -----------------------------------------------------------------------------------------------------
  data required time                                            10.00                     
  data arrival time                                             -0.20                     
  -----------------------------------------------------------------------------------------------------
  slack (MET)                                                    9.80                     


  Startpoint: shifted_reg_7_
              (rising edge-triggered flip-flop clocked by CLK)
  Endpoint: out[7] (output port clocked by CLK)
  Scenario: mode_norm.OC_rvt_ss_0p900v_125c
  Path Group: REGOUT
  Path Type: max

Attributes:
    d - dont_touch
    u - dont_use
   mo - map_only
   so - size_only
    i - ideal_net or ideal_network
  inf - infeasible path

  Point                        Fanout     Trans      Incr       Path      Attributes     Voltage
  ----------------------------------------------------------------------------------------------------
  clock CLK (rise edge)                              0.00       0.00                     
  clock network delay (ideal)                        0.00       0.00                     
  shifted_reg_7_/CK (DFFQ_X0P5M_A9TR)      0.00      0.00       0.00 r                   0.90
  shifted_reg_7_/Q (DFFQ_X0P5M_A9TR)       0.19      0.20       0.20 r                   0.90
  out[7] (net)                   1                   0.00       0.20 r                   
  out[7] (out)                             0.19      0.00 *     0.20 r                   
  data arrival time                                             0.20                     

  clock CLK (rise edge)                             10.00      10.00                     
  clock network delay (ideal)                        0.00      10.00                     
  output external delay                              0.00      10.00                     
  data required time                                           10.00                     
  ----------------------------------------------------------------------------------------------------
  data required time                                           10.00                     
  data arrival time                                            -0.20                     
  ----------------------------------------------------------------------------------------------------
  slack (MET)                                                   9.80                     


1
