Information: Propagating switching activity (high effort zero delay simulation). (PWR-6)
Warning: Design has unannotated primary inputs. (PWR-414)
Warning: Design has unannotated sequential cell outputs. (PWR-415)
 
****************************************
Report : power
        -hier
        -analysis_effort high
        -verbose
Design : VX_mem_arb__6ab3c9b468a8
Scenario(s): mode_norm.OC_rvt_ss_0p900v_125c
Version: V-2023.12-SP5-3
Date   : Tue Jul 21 22:45:26 2026
****************************************


Library(s) Used:

    sc9_cmos28lpp_base_rvt_ss_nominal_max_0p900v_125c_sadhm (File: /tool/PDK/Samsung/LN28LPP_202203/PRIMITIVES/RVT/ln28lpp_sc_9t_base_rvt_c130_V1.00d/FE-Common/LIBERTY/sc9_cmos28lpp_base_rvt_ss_nominal_max_0p900v_125c_sadhm.db)


Global Operating Voltage = 0.9  
Power-specific unit information :
    Voltage Units = 1V
    Capacitance Units = 1.000000pf
    Time Units = 1ns
    Dynamic Power Units = 1mW    (derived from V,C,T units)
    Leakage Power Units = 1uW


--------------------------------------------------------------------------------
                                       Switch   Int      Leak     Total
Hierarchy                              Power    Power    Power    Power    %
--------------------------------------------------------------------------------
VX_mem_arb__6ab3c9b468a8                  0.150 6.45e-02   30.166    0.245 100.0
  g_rsp_select_rsp_switch (VX_stream_switch_9) 2.16e-02 1.91e-02   17.600 5.83e-02  23.8
    g_out_buf_4__out_buf (VX_elastic_buffer_52_0) 5.49e-03 3.82e-03    3.513 1.28e-02   5.2
    g_out_buf_3__out_buf (VX_elastic_buffer_52_1) 4.10e-03 3.81e-03    3.513 1.14e-02   4.7
    g_out_buf_2__out_buf (VX_elastic_buffer_52_2) 4.01e-03 3.81e-03    3.513 1.13e-02   4.6
    g_out_buf_1__out_buf (VX_elastic_buffer_52_3) 4.01e-03 3.81e-03    3.513 1.13e-02   4.6
    g_out_buf_0__out_buf (VX_elastic_buffer_52_4) 3.94e-03 3.81e-03    3.513 1.13e-02   4.6
  g_rsp_select_g_rsp_data_in_0__bits_remove (VX_bits_remove_5) 1.87e-04 9.62e-05 8.72e-02 3.71e-04   0.2
  g_bus_out_if_0__g_req_tag_sel_out_bits_insert (VX_bits_insert_5) 4.92e-04 3.32e-04 8.64e-02 9.11e-04   0.4
  req_arb (VX_stream_arb_43)              0.124 4.42e-02   11.716    0.180  73.7
    g_input_select_g_arbiter_g_out_buf_0__out_buf (VX_elastic_buffer_621_0_0_0) 6.87e-02 1.64e-02    4.177 8.93e-02  36.5
    g_input_select_g_arbiter_arbiter (VX_generic_arbiter_8) 8.42e-04 1.44e-03    0.238 2.52e-03   1.0
      g_round_robin_rr_arbiter (VX_rr_arbiter_2) 8.42e-04 1.44e-03    0.238 2.52e-03   1.0
        g_model1_onehot_encoder (VX_onehot_encoder_3) 3.21e-04 9.01e-05 2.87e-02 4.40e-04   0.2
1
