 
****************************************
Report : area
Design : VX_mem_arb__30c1a0b2d8c9
Version: V-2023.12-SP5-3
Date   : Fri Jul 31 12:47:23 2026
****************************************

Library(s) Used:

    sc9_cmos28lpp_base_rvt_ss_nominal_max_0p900v_125c_sadhm (File: /tool/PDK/Samsung/LN28LPP_202203/PRIMITIVES/RVT/ln28lpp_sc_9t_base_rvt_c130_V1.00d/FE-Common/LIBERTY/sc9_cmos28lpp_base_rvt_ss_nominal_max_0p900v_125c_sadhm.db)

Number of ports:                         2922
Number of nets:                          3938
Number of cells:                         1320
Number of combinational cells:            751
Number of sequential cells:               544
Number of macros/black boxes:               0
Number of buf/inv:                        346
Number of references:                       4

Combinational area:                530.009994
Buf/Inv area:                      158.300999
Noncombinational area:            1143.557971
Macro/Black Box area:                0.000000
Net Interconnect area:      undefined  (No wire load specified)

Total cell area:                  1673.567966
Total area:                 undefined

Core Area:                      4037
Aspect Ratio:                 1.0114
Utilization Ratio:            0.4145


The above information was reported from the logical library. The following are from the physical library:

  Total moveable cell area: 1673.6
  Total fixed cell area: 0.0
  Total physical cell area: 1673.6
 Core area: 0.000, 0.000, 63.180, 63.900

Hierarchical area distribution
------------------------------

                                  Global cell area          Local cell area
                                  ------------------  --------------------------- 
Hierarchical cell                 Absolute   Percent  Combi-    Noncombi-  Black-
                                  Total      Total    national  national   boxes   Design
--------------------------------  ---------  -------  --------  ---------  ------  ----------------------------------------------
VX_mem_arb__30c1a0b2d8c9          1673.5680    100.0    0.0000     0.0000  0.0000  VX_mem_arb__30c1a0b2d8c9
g_bus_out_if_0__g_req_tag_sel_out_bits_insert    5.1480     0.3   5.1480    0.0000 0.0000 VX_bits_insert_1
g_rsp_select_g_rsp_data_in_0__bits_remove    5.1480     0.3   5.1480    0.0000 0.0000 VX_bits_remove_1
g_rsp_select_rsp_switch            863.1090     51.6    2.4570     0.0000  0.0000  VX_stream_switch_2
g_rsp_select_rsp_switch/g_out_buf_0__out_buf  430.3260    25.7   0.0000    0.0000 0.0000 VX_elastic_buffer_28_1
g_rsp_select_rsp_switch/g_out_buf_0__out_buf/g_eb2_out_buf   35.5680     2.1  35.5680    0.0000 0.0000 VX_pipe_buffer_35_1
g_rsp_select_rsp_switch/g_out_buf_0__out_buf/g_eb2_stream_buffer  394.7580    23.6  75.3480  315.9000 0.0000 VX_stream_buffer_74_1_1
g_rsp_select_rsp_switch/g_out_buf_0__out_buf/g_eb2_stream_buffer/clk_gate_g_buffer_buffer_r_reg    1.7550     0.1   0.0000    1.7550 0.0000 SNPS_CLOCK_GATE_HIGH_VX_stream_buffer_74_1_0_3
g_rsp_select_rsp_switch/g_out_buf_0__out_buf/g_eb2_stream_buffer/clk_gate_g_buffer_data_out_r_reg    1.7550     0.1   0.0000    1.7550 0.0000 SNPS_CLOCK_GATE_HIGH_VX_stream_buffer_74_1_0_2
g_rsp_select_rsp_switch/g_out_buf_1__out_buf  430.3260    25.7   0.0000    0.0000 0.0000 VX_elastic_buffer_28_0
g_rsp_select_rsp_switch/g_out_buf_1__out_buf/g_eb2_out_buf   35.5680     2.1  35.5680    0.0000 0.0000 VX_pipe_buffer_35_0
g_rsp_select_rsp_switch/g_out_buf_1__out_buf/g_eb2_stream_buffer  394.7580    23.6  75.3480  315.9000 0.0000 VX_stream_buffer_74_1_0
g_rsp_select_rsp_switch/g_out_buf_1__out_buf/g_eb2_stream_buffer/clk_gate_g_buffer_buffer_r_reg    1.7550     0.1   0.0000    1.7550 0.0000 SNPS_CLOCK_GATE_HIGH_VX_stream_buffer_74_1_0_0
g_rsp_select_rsp_switch/g_out_buf_1__out_buf/g_eb2_stream_buffer/clk_gate_g_buffer_data_out_r_reg    1.7550     0.1   0.0000    1.7550 0.0000 SNPS_CLOCK_GATE_HIGH_VX_stream_buffer_74_1_0_1
req_arb                            800.1630     47.8  115.9470     0.0000  0.0000  VX_stream_arb_16
req_arb/g_input_select_g_arbiter_arbiter    3.0420     0.2   1.0530    0.0000 0.0000 VX_generic_arbiter_1
req_arb/g_input_select_g_arbiter_arbiter/g_priority_priority_arbiter    1.9890     0.1   0.0000    0.0000 0.0000 VX_priority_arbiter
req_arb/g_input_select_g_arbiter_arbiter/g_priority_priority_arbiter/g_encoder_grant_sel    1.9890     0.1   1.9890    0.0000 0.0000 VX_priority_encoder_3
req_arb/g_input_select_g_arbiter_g_out_buf_0__out_buf  681.1740    40.7   0.0000    0.0000 0.0000 VX_elastic_buffer_118_2_1_0
req_arb/g_input_select_g_arbiter_g_out_buf_0__out_buf/g_eb2_out_buf   56.1600     3.4  56.1600    0.0000 0.0000 VX_pipe_buffer_34
req_arb/g_input_select_g_arbiter_g_out_buf_0__out_buf/g_eb2_stream_buffer  625.0140    37.3 120.2760  501.2280 0.0000 VX_stream_buffer_118_1
req_arb/g_input_select_g_arbiter_g_out_buf_0__out_buf/g_eb2_stream_buffer/clk_gate_g_buffer_buffer_r_reg    1.7550     0.1   0.0000    1.7550 0.0000 SNPS_CLOCK_GATE_HIGH_VX_stream_buffer_118_1_0
req_arb/g_input_select_g_arbiter_g_out_buf_0__out_buf/g_eb2_stream_buffer/clk_gate_g_buffer_data_out_r_reg    1.7550     0.1   0.0000    1.7550 0.0000 SNPS_CLOCK_GATE_HIGH_VX_stream_buffer_118_1_1
--------------------------------  ---------  -------  --------  ---------  ------  ----------------------------------------------
Total                                                 530.0100  1143.5580  0.0000

1
