Information: Propagating switching activity (high effort zero delay simulation). (PWR-6)
Warning: Design has unannotated primary inputs. (PWR-414)
Warning: Design has unannotated sequential cell outputs. (PWR-415)
 
****************************************
Report : power
        -hier
        -analysis_effort high
        -verbose
Design : VX_mem_arb__30c1a0b2d8c9
Scenario(s): mode_norm.OC_rvt_ss_0p900v_125c
Version: V-2023.12-SP5-3
Date   : Fri Jul 31 12:47:24 2026
****************************************


Library(s) Used:

    sc9_cmos28lpp_base_rvt_ss_nominal_max_0p900v_125c_sadhm (File: /tool/PDK/Samsung/LN28LPP_202203/PRIMITIVES/RVT/ln28lpp_sc_9t_base_rvt_c130_V1.00d/FE-Common/LIBERTY/sc9_cmos28lpp_base_rvt_ss_nominal_max_0p900v_125c_sadhm.db)


Global Operating Voltage = 0.9  
Power-specific unit information :
    Voltage Units = 1V
    Capacitance Units = 1.000000pf
    Time Units = 1ns
    Dynamic Power Units = 1mW    (derived from V,C,T units)
    Leakage Power Units = 1uW


--------------------------------------------------------------------------------
                                       Switch   Int      Leak     Total
Hierarchy                              Power    Power    Power    Power    %
--------------------------------------------------------------------------------
VX_mem_arb__30c1a0b2d8c9               1.83e-02 9.95e-02   13.714    0.132 100.0
  g_rsp_select_rsp_switch (VX_stream_switch_2) 8.95e-03 5.38e-02    6.983 6.97e-02  53.0
    g_out_buf_1__out_buf (VX_elastic_buffer_28_0) 4.40e-03 2.66e-02    3.481 3.45e-02  26.2
      g_eb2_out_buf (VX_pipe_buffer_35_0) 3.11e-04 4.30e-04    0.509 1.25e-03   1.0
      g_eb2_stream_buffer (VX_stream_buffer_74_1_0) 4.09e-03 2.62e-02    2.971 3.33e-02  25.3
    g_out_buf_0__out_buf (VX_elastic_buffer_28_1) 4.52e-03 2.71e-02    3.480 3.51e-02  26.7
      g_eb2_out_buf (VX_pipe_buffer_35_1) 3.37e-04 4.28e-04    0.509 1.27e-03   1.0
      g_eb2_stream_buffer (VX_stream_buffer_74_1_1) 4.19e-03 2.67e-02    2.971 3.38e-02  25.7
  g_rsp_select_g_rsp_data_in_0__bits_remove (VX_bits_remove_1) 1.43e-04 8.26e-05 7.38e-02 3.00e-04   0.2
  g_bus_out_if_0__g_req_tag_sel_out_bits_insert (VX_bits_insert_1) 4.40e-05 6.48e-05 7.37e-02 1.83e-04   0.1
  req_arb (VX_stream_arb_16)           9.21e-03 4.55e-02    6.584 6.13e-02  46.6
    g_input_select_g_arbiter_g_out_buf_0__out_buf (VX_elastic_buffer_118_2_1_0) 7.30e-03 4.36e-02    5.529 5.64e-02  42.9
      g_eb2_out_buf (VX_pipe_buffer_34) 5.44e-04 7.21e-04    0.805 2.07e-03   1.6
      g_eb2_stream_buffer (VX_stream_buffer_118_1) 6.76e-03 4.28e-02    4.724 5.43e-02  41.3
    g_input_select_g_arbiter_arbiter (VX_generic_arbiter_1) 3.40e-04 4.13e-05 3.40e-02 4.16e-04   0.3
      g_priority_priority_arbiter (VX_priority_arbiter) 3.05e-05 2.44e-05 2.00e-02 7.49e-05   0.1
        g_encoder_grant_sel (VX_priority_encoder_3) 3.05e-05 2.44e-05 2.00e-02 7.49e-05   0.1
1
