 
****************************************
Report : timing
        -path full
        -delay max
        -nets
        -max_paths 10
        -transition_time
Design : VX_mem_arb__0c3032d67474
Scenario(s): mode_norm.OC_rvt_ss_0p900v_125c
Version: V-2023.12-SP5-3
Date   : Tue Jul 21 23:11:09 2026
****************************************

 * Some/all delay information is back-annotated.
Wire Load Model Mode: Inactive.

  Startpoint: bus_out_if_1__rsp_data[307]
              (input port clocked by CLK)
  Endpoint: bus_in_if_1__rsp_data[307]
            (output port clocked by CLK)
  Scenario: mode_norm.OC_rvt_ss_0p900v_125c
  Path Group: FEEDTHROUGH
  Path Type: max

Attributes:
    d - dont_touch
    u - dont_use
   mo - map_only
   so - size_only
    i - ideal_net or ideal_network
  inf - infeasible path

  Point                                                                                    Fanout     Trans      Incr       Path      Attributes     Voltage
  ----------------------------------------------------------------------------------------------------------------------------------------------------------------
  clock CLK (rise edge)                                                                                          0.00       0.00                     
  clock network delay (ideal)                                                                                    0.00       0.00                     
  input external delay                                                                                           0.00       0.00 r                   
  bus_out_if_1__rsp_data[307] (in)                                                                     0.23      0.12       0.12 r                   
  bus_out_if_1__rsp_data[307] (net)                                                          1                   0.00       0.12 r                   
  g_rsp_arb_req_arb/data_in[827] (VX_stream_arb_1)                                                               0.00       0.12 r                   
  g_rsp_arb_req_arb/data_in[827] (net)                                                                           0.00       0.12 r                   
  g_rsp_arb_req_arb/g_passthru_g_out_buf_1__out_buf/data_in[307] (VX_elastic_buffer_520_0_0_0_0)                 0.00       0.12 r                   
  g_rsp_arb_req_arb/g_passthru_g_out_buf_1__out_buf/data_in[307] (net)                                           0.00       0.12 r                   
  g_rsp_arb_req_arb/g_passthru_g_out_buf_1__out_buf/U49/Y (BUF_X1M_A9TR)                               0.08      0.12 *     0.24 r                   0.90
  g_rsp_arb_req_arb/g_passthru_g_out_buf_1__out_buf/data_out[307] (net)                      1                   0.00       0.24 r                   
  g_rsp_arb_req_arb/g_passthru_g_out_buf_1__out_buf/data_out[307] (VX_elastic_buffer_520_0_0_0_0)                0.00       0.24 r                   
  g_rsp_arb_req_arb/data_out[827] (net)                                                                          0.00       0.24 r                   
  g_rsp_arb_req_arb/data_out[827] (VX_stream_arb_1)                                                              0.00       0.24 r                   
  bus_in_if_1__rsp_data[307] (net)                                                                               0.00       0.24 r                   
  bus_in_if_1__rsp_data[307] (out)                                                                     0.08      0.00 *     0.24 r                   
  data arrival time                                                                                                         0.24                     

  clock CLK (rise edge)                                                                                          9.90       9.90                     
  clock network delay (ideal)                                                                                    0.00       9.90                     
  output external delay                                                                                          0.00       9.90                     
  data required time                                                                                                        9.90                     
  ----------------------------------------------------------------------------------------------------------------------------------------------------------------
  data required time                                                                                                        9.90                     
  data arrival time                                                                                                        -0.24                     
  ----------------------------------------------------------------------------------------------------------------------------------------------------------------
  slack (MET)                                                                                                               9.66                     


  Startpoint: bus_out_if_1__rsp_data[336]
              (input port clocked by CLK)
  Endpoint: bus_in_if_1__rsp_data[336]
            (output port clocked by CLK)
  Scenario: mode_norm.OC_rvt_ss_0p900v_125c
  Path Group: FEEDTHROUGH
  Path Type: max

Attributes:
    d - dont_touch
    u - dont_use
   mo - map_only
   so - size_only
    i - ideal_net or ideal_network
  inf - infeasible path

  Point                                                                                    Fanout     Trans      Incr       Path      Attributes     Voltage
  ----------------------------------------------------------------------------------------------------------------------------------------------------------------
  clock CLK (rise edge)                                                                                          0.00       0.00                     
  clock network delay (ideal)                                                                                    0.00       0.00                     
  input external delay                                                                                           0.00       0.00 r                   
  bus_out_if_1__rsp_data[336] (in)                                                                     0.22      0.12       0.12 r                   
  bus_out_if_1__rsp_data[336] (net)                                                          1                   0.00       0.12 r                   
  g_rsp_arb_req_arb/data_in[856] (VX_stream_arb_1)                                                               0.00       0.12 r                   
  g_rsp_arb_req_arb/data_in[856] (net)                                                                           0.00       0.12 r                   
  g_rsp_arb_req_arb/g_passthru_g_out_buf_1__out_buf/data_in[336] (VX_elastic_buffer_520_0_0_0_0)                 0.00       0.12 r                   
  g_rsp_arb_req_arb/g_passthru_g_out_buf_1__out_buf/data_in[336] (net)                                           0.00       0.12 r                   
  g_rsp_arb_req_arb/g_passthru_g_out_buf_1__out_buf/U43/Y (BUF_X1M_A9TR)                               0.07      0.11 *     0.23 r                   0.90
  g_rsp_arb_req_arb/g_passthru_g_out_buf_1__out_buf/data_out[336] (net)                      1                   0.00       0.23 r                   
  g_rsp_arb_req_arb/g_passthru_g_out_buf_1__out_buf/data_out[336] (VX_elastic_buffer_520_0_0_0_0)                0.00       0.23 r                   
  g_rsp_arb_req_arb/data_out[856] (net)                                                                          0.00       0.23 r                   
  g_rsp_arb_req_arb/data_out[856] (VX_stream_arb_1)                                                              0.00       0.23 r                   
  bus_in_if_1__rsp_data[336] (net)                                                                               0.00       0.23 r                   
  bus_in_if_1__rsp_data[336] (out)                                                                     0.07      0.00 *     0.23 r                   
  data arrival time                                                                                                         0.23                     

  clock CLK (rise edge)                                                                                          9.90       9.90                     
  clock network delay (ideal)                                                                                    0.00       9.90                     
  output external delay                                                                                          0.00       9.90                     
  data required time                                                                                                        9.90                     
  ----------------------------------------------------------------------------------------------------------------------------------------------------------------
  data required time                                                                                                        9.90                     
  data arrival time                                                                                                        -0.23                     
  ----------------------------------------------------------------------------------------------------------------------------------------------------------------
  slack (MET)                                                                                                               9.67                     


  Startpoint: bus_out_if_1__rsp_data[493]
              (input port clocked by CLK)
  Endpoint: bus_in_if_1__rsp_data[493]
            (output port clocked by CLK)
  Scenario: mode_norm.OC_rvt_ss_0p900v_125c
  Path Group: FEEDTHROUGH
  Path Type: max

Attributes:
    d - dont_touch
    u - dont_use
   mo - map_only
   so - size_only
    i - ideal_net or ideal_network
  inf - infeasible path

  Point                                                                                    Fanout     Trans      Incr       Path      Attributes     Voltage
  ----------------------------------------------------------------------------------------------------------------------------------------------------------------
  clock CLK (rise edge)                                                                                          0.00       0.00                     
  clock network delay (ideal)                                                                                    0.00       0.00                     
  input external delay                                                                                           0.00       0.00 r                   
  bus_out_if_1__rsp_data[493] (in)                                                                     0.22      0.12       0.12 r                   
  bus_out_if_1__rsp_data[493] (net)                                                          1                   0.00       0.12 r                   
  g_rsp_arb_req_arb/data_in[1013] (VX_stream_arb_1)                                                              0.00       0.12 r                   
  g_rsp_arb_req_arb/data_in[1013] (net)                                                                          0.00       0.12 r                   
  g_rsp_arb_req_arb/g_passthru_g_out_buf_1__out_buf/data_in[493] (VX_elastic_buffer_520_0_0_0_0)                 0.00       0.12 r                   
  g_rsp_arb_req_arb/g_passthru_g_out_buf_1__out_buf/data_in[493] (net)                                           0.00       0.12 r                   
  g_rsp_arb_req_arb/g_passthru_g_out_buf_1__out_buf/U3/Y (BUF_X1M_A9TR)                                0.07      0.11 *     0.23 r                   0.90
  g_rsp_arb_req_arb/g_passthru_g_out_buf_1__out_buf/data_out[493] (net)                      1                   0.00       0.23 r                   
  g_rsp_arb_req_arb/g_passthru_g_out_buf_1__out_buf/data_out[493] (VX_elastic_buffer_520_0_0_0_0)                0.00       0.23 r                   
  g_rsp_arb_req_arb/data_out[1013] (net)                                                                         0.00       0.23 r                   
  g_rsp_arb_req_arb/data_out[1013] (VX_stream_arb_1)                                                             0.00       0.23 r                   
  bus_in_if_1__rsp_data[493] (net)                                                                               0.00       0.23 r                   
  bus_in_if_1__rsp_data[493] (out)                                                                     0.07      0.00 *     0.23 r                   
  data arrival time                                                                                                         0.23                     

  clock CLK (rise edge)                                                                                          9.90       9.90                     
  clock network delay (ideal)                                                                                    0.00       9.90                     
  output external delay                                                                                          0.00       9.90                     
  data required time                                                                                                        9.90                     
  ----------------------------------------------------------------------------------------------------------------------------------------------------------------
  data required time                                                                                                        9.90                     
  data arrival time                                                                                                        -0.23                     
  ----------------------------------------------------------------------------------------------------------------------------------------------------------------
  slack (MET)                                                                                                               9.67                     


  Startpoint: bus_out_if_1__rsp_data[481]
              (input port clocked by CLK)
  Endpoint: bus_in_if_1__rsp_data[481]
            (output port clocked by CLK)
  Scenario: mode_norm.OC_rvt_ss_0p900v_125c
  Path Group: FEEDTHROUGH
  Path Type: max

Attributes:
    d - dont_touch
    u - dont_use
   mo - map_only
   so - size_only
    i - ideal_net or ideal_network
  inf - infeasible path

  Point                                                                                    Fanout     Trans      Incr       Path      Attributes     Voltage
  ----------------------------------------------------------------------------------------------------------------------------------------------------------------
  clock CLK (rise edge)                                                                                          0.00       0.00                     
  clock network delay (ideal)                                                                                    0.00       0.00                     
  input external delay                                                                                           0.00       0.00 r                   
  bus_out_if_1__rsp_data[481] (in)                                                                     0.22      0.12       0.12 r                   
  bus_out_if_1__rsp_data[481] (net)                                                          1                   0.00       0.12 r                   
  g_rsp_arb_req_arb/data_in[1001] (VX_stream_arb_1)                                                              0.00       0.12 r                   
  g_rsp_arb_req_arb/data_in[1001] (net)                                                                          0.00       0.12 r                   
  g_rsp_arb_req_arb/g_passthru_g_out_buf_1__out_buf/data_in[481] (VX_elastic_buffer_520_0_0_0_0)                 0.00       0.12 r                   
  g_rsp_arb_req_arb/g_passthru_g_out_buf_1__out_buf/data_in[481] (net)                                           0.00       0.12 r                   
  g_rsp_arb_req_arb/g_passthru_g_out_buf_1__out_buf/U10/Y (BUF_X1M_A9TR)                               0.08      0.11 *     0.23 r                   0.90
  g_rsp_arb_req_arb/g_passthru_g_out_buf_1__out_buf/data_out[481] (net)                      1                   0.00       0.23 r                   
  g_rsp_arb_req_arb/g_passthru_g_out_buf_1__out_buf/data_out[481] (VX_elastic_buffer_520_0_0_0_0)                0.00       0.23 r                   
  g_rsp_arb_req_arb/data_out[1001] (net)                                                                         0.00       0.23 r                   
  g_rsp_arb_req_arb/data_out[1001] (VX_stream_arb_1)                                                             0.00       0.23 r                   
  bus_in_if_1__rsp_data[481] (net)                                                                               0.00       0.23 r                   
  bus_in_if_1__rsp_data[481] (out)                                                                     0.08      0.00 *     0.23 r                   
  data arrival time                                                                                                         0.23                     

  clock CLK (rise edge)                                                                                          9.90       9.90                     
  clock network delay (ideal)                                                                                    0.00       9.90                     
  output external delay                                                                                          0.00       9.90                     
  data required time                                                                                                        9.90                     
  ----------------------------------------------------------------------------------------------------------------------------------------------------------------
  data required time                                                                                                        9.90                     
  data arrival time                                                                                                        -0.23                     
  ----------------------------------------------------------------------------------------------------------------------------------------------------------------
  slack (MET)                                                                                                               9.67                     


  Startpoint: bus_out_if_1__rsp_data[288]
              (input port clocked by CLK)
  Endpoint: bus_in_if_1__rsp_data[288]
            (output port clocked by CLK)
  Scenario: mode_norm.OC_rvt_ss_0p900v_125c
  Path Group: FEEDTHROUGH
  Path Type: max

Attributes:
    d - dont_touch
    u - dont_use
   mo - map_only
   so - size_only
    i - ideal_net or ideal_network
  inf - infeasible path

  Point                                                                                    Fanout     Trans      Incr       Path      Attributes     Voltage
  ----------------------------------------------------------------------------------------------------------------------------------------------------------------
  clock CLK (rise edge)                                                                                          0.00       0.00                     
  clock network delay (ideal)                                                                                    0.00       0.00                     
  input external delay                                                                                           0.00       0.00 r                   
  bus_out_if_1__rsp_data[288] (in)                                                                     0.21      0.11       0.11 r                   
  bus_out_if_1__rsp_data[288] (net)                                                          1                   0.00       0.11 r                   
  g_rsp_arb_req_arb/data_in[808] (VX_stream_arb_1)                                                               0.00       0.11 r                   
  g_rsp_arb_req_arb/data_in[808] (net)                                                                           0.00       0.11 r                   
  g_rsp_arb_req_arb/g_passthru_g_out_buf_1__out_buf/data_in[288] (VX_elastic_buffer_520_0_0_0_0)                 0.00       0.11 r                   
  g_rsp_arb_req_arb/g_passthru_g_out_buf_1__out_buf/data_in[288] (net)                                           0.00       0.11 r                   
  g_rsp_arb_req_arb/g_passthru_g_out_buf_1__out_buf/U46/Y (BUF_X1M_A9TR)                               0.07      0.11 *     0.22 r                   0.90
  g_rsp_arb_req_arb/g_passthru_g_out_buf_1__out_buf/data_out[288] (net)                      1                   0.00       0.22 r                   
  g_rsp_arb_req_arb/g_passthru_g_out_buf_1__out_buf/data_out[288] (VX_elastic_buffer_520_0_0_0_0)                0.00       0.22 r                   
  g_rsp_arb_req_arb/data_out[808] (net)                                                                          0.00       0.22 r                   
  g_rsp_arb_req_arb/data_out[808] (VX_stream_arb_1)                                                              0.00       0.22 r                   
  bus_in_if_1__rsp_data[288] (net)                                                                               0.00       0.22 r                   
  bus_in_if_1__rsp_data[288] (out)                                                                     0.07      0.00 *     0.22 r                   
  data arrival time                                                                                                         0.22                     

  clock CLK (rise edge)                                                                                          9.90       9.90                     
  clock network delay (ideal)                                                                                    0.00       9.90                     
  output external delay                                                                                          0.00       9.90                     
  data required time                                                                                                        9.90                     
  ----------------------------------------------------------------------------------------------------------------------------------------------------------------
  data required time                                                                                                        9.90                     
  data arrival time                                                                                                        -0.22                     
  ----------------------------------------------------------------------------------------------------------------------------------------------------------------
  slack (MET)                                                                                                               9.68                     


  Startpoint: bus_out_if_1__rsp_data[380]
              (input port clocked by CLK)
  Endpoint: bus_in_if_1__rsp_data[380]
            (output port clocked by CLK)
  Scenario: mode_norm.OC_rvt_ss_0p900v_125c
  Path Group: FEEDTHROUGH
  Path Type: max

Attributes:
    d - dont_touch
    u - dont_use
   mo - map_only
   so - size_only
    i - ideal_net or ideal_network
  inf - infeasible path

  Point                                                                                    Fanout     Trans      Incr       Path      Attributes     Voltage
  ----------------------------------------------------------------------------------------------------------------------------------------------------------------
  clock CLK (rise edge)                                                                                          0.00       0.00                     
  clock network delay (ideal)                                                                                    0.00       0.00                     
  input external delay                                                                                           0.00       0.00 r                   
  bus_out_if_1__rsp_data[380] (in)                                                                     0.21      0.11       0.11 r                   
  bus_out_if_1__rsp_data[380] (net)                                                          1                   0.00       0.11 r                   
  g_rsp_arb_req_arb/data_in[900] (VX_stream_arb_1)                                                               0.00       0.11 r                   
  g_rsp_arb_req_arb/data_in[900] (net)                                                                           0.00       0.11 r                   
  g_rsp_arb_req_arb/g_passthru_g_out_buf_1__out_buf/data_in[380] (VX_elastic_buffer_520_0_0_0_0)                 0.00       0.11 r                   
  g_rsp_arb_req_arb/g_passthru_g_out_buf_1__out_buf/data_in[380] (net)                                           0.00       0.11 r                   
  g_rsp_arb_req_arb/g_passthru_g_out_buf_1__out_buf/U33/Y (BUF_X1M_A9TR)                               0.07      0.11 *     0.22 r                   0.90
  g_rsp_arb_req_arb/g_passthru_g_out_buf_1__out_buf/data_out[380] (net)                      1                   0.00       0.22 r                   
  g_rsp_arb_req_arb/g_passthru_g_out_buf_1__out_buf/data_out[380] (VX_elastic_buffer_520_0_0_0_0)                0.00       0.22 r                   
  g_rsp_arb_req_arb/data_out[900] (net)                                                                          0.00       0.22 r                   
  g_rsp_arb_req_arb/data_out[900] (VX_stream_arb_1)                                                              0.00       0.22 r                   
  bus_in_if_1__rsp_data[380] (net)                                                                               0.00       0.22 r                   
  bus_in_if_1__rsp_data[380] (out)                                                                     0.07      0.00 *     0.22 r                   
  data arrival time                                                                                                         0.22                     

  clock CLK (rise edge)                                                                                          9.90       9.90                     
  clock network delay (ideal)                                                                                    0.00       9.90                     
  output external delay                                                                                          0.00       9.90                     
  data required time                                                                                                        9.90                     
  ----------------------------------------------------------------------------------------------------------------------------------------------------------------
  data required time                                                                                                        9.90                     
  data arrival time                                                                                                        -0.22                     
  ----------------------------------------------------------------------------------------------------------------------------------------------------------------
  slack (MET)                                                                                                               9.68                     


  Startpoint: bus_out_if_1__rsp_data[342]
              (input port clocked by CLK)
  Endpoint: bus_in_if_1__rsp_data[342]
            (output port clocked by CLK)
  Scenario: mode_norm.OC_rvt_ss_0p900v_125c
  Path Group: FEEDTHROUGH
  Path Type: max

Attributes:
    d - dont_touch
    u - dont_use
   mo - map_only
   so - size_only
    i - ideal_net or ideal_network
  inf - infeasible path

  Point                                                                                    Fanout     Trans      Incr       Path      Attributes     Voltage
  ----------------------------------------------------------------------------------------------------------------------------------------------------------------
  clock CLK (rise edge)                                                                                          0.00       0.00                     
  clock network delay (ideal)                                                                                    0.00       0.00                     
  input external delay                                                                                           0.00       0.00 r                   
  bus_out_if_1__rsp_data[342] (in)                                                                     0.21      0.11       0.11 r                   
  bus_out_if_1__rsp_data[342] (net)                                                          1                   0.00       0.11 r                   
  g_rsp_arb_req_arb/data_in[862] (VX_stream_arb_1)                                                               0.00       0.11 r                   
  g_rsp_arb_req_arb/data_in[862] (net)                                                                           0.00       0.11 r                   
  g_rsp_arb_req_arb/g_passthru_g_out_buf_1__out_buf/data_in[342] (VX_elastic_buffer_520_0_0_0_0)                 0.00       0.11 r                   
  g_rsp_arb_req_arb/g_passthru_g_out_buf_1__out_buf/data_in[342] (net)                                           0.00       0.11 r                   
  g_rsp_arb_req_arb/g_passthru_g_out_buf_1__out_buf/U45/Y (BUF_X1M_A9TR)                               0.07      0.11 *     0.22 r                   0.90
  g_rsp_arb_req_arb/g_passthru_g_out_buf_1__out_buf/data_out[342] (net)                      1                   0.00       0.22 r                   
  g_rsp_arb_req_arb/g_passthru_g_out_buf_1__out_buf/data_out[342] (VX_elastic_buffer_520_0_0_0_0)                0.00       0.22 r                   
  g_rsp_arb_req_arb/data_out[862] (net)                                                                          0.00       0.22 r                   
  g_rsp_arb_req_arb/data_out[862] (VX_stream_arb_1)                                                              0.00       0.22 r                   
  bus_in_if_1__rsp_data[342] (net)                                                                               0.00       0.22 r                   
  bus_in_if_1__rsp_data[342] (out)                                                                     0.07      0.00 *     0.22 r                   
  data arrival time                                                                                                         0.22                     

  clock CLK (rise edge)                                                                                          9.90       9.90                     
  clock network delay (ideal)                                                                                    0.00       9.90                     
  output external delay                                                                                          0.00       9.90                     
  data required time                                                                                                        9.90                     
  ----------------------------------------------------------------------------------------------------------------------------------------------------------------
  data required time                                                                                                        9.90                     
  data arrival time                                                                                                        -0.22                     
  ----------------------------------------------------------------------------------------------------------------------------------------------------------------
  slack (MET)                                                                                                               9.68                     


  Startpoint: bus_out_if_1__rsp_data[362]
              (input port clocked by CLK)
  Endpoint: bus_in_if_1__rsp_data[362]
            (output port clocked by CLK)
  Scenario: mode_norm.OC_rvt_ss_0p900v_125c
  Path Group: FEEDTHROUGH
  Path Type: max

Attributes:
    d - dont_touch
    u - dont_use
   mo - map_only
   so - size_only
    i - ideal_net or ideal_network
  inf - infeasible path

  Point                                                                                    Fanout     Trans      Incr       Path      Attributes     Voltage
  ----------------------------------------------------------------------------------------------------------------------------------------------------------------
  clock CLK (rise edge)                                                                                          0.00       0.00                     
  clock network delay (ideal)                                                                                    0.00       0.00                     
  input external delay                                                                                           0.00       0.00 r                   
  bus_out_if_1__rsp_data[362] (in)                                                                     0.21      0.11       0.11 r                   
  bus_out_if_1__rsp_data[362] (net)                                                          1                   0.00       0.11 r                   
  g_rsp_arb_req_arb/data_in[882] (VX_stream_arb_1)                                                               0.00       0.11 r                   
  g_rsp_arb_req_arb/data_in[882] (net)                                                                           0.00       0.11 r                   
  g_rsp_arb_req_arb/g_passthru_g_out_buf_1__out_buf/data_in[362] (VX_elastic_buffer_520_0_0_0_0)                 0.00       0.11 r                   
  g_rsp_arb_req_arb/g_passthru_g_out_buf_1__out_buf/data_in[362] (net)                                           0.00       0.11 r                   
  g_rsp_arb_req_arb/g_passthru_g_out_buf_1__out_buf/U39/Y (BUF_X1M_A9TR)                               0.07      0.11 *     0.22 r                   0.90
  g_rsp_arb_req_arb/g_passthru_g_out_buf_1__out_buf/data_out[362] (net)                      1                   0.00       0.22 r                   
  g_rsp_arb_req_arb/g_passthru_g_out_buf_1__out_buf/data_out[362] (VX_elastic_buffer_520_0_0_0_0)                0.00       0.22 r                   
  g_rsp_arb_req_arb/data_out[882] (net)                                                                          0.00       0.22 r                   
  g_rsp_arb_req_arb/data_out[882] (VX_stream_arb_1)                                                              0.00       0.22 r                   
  bus_in_if_1__rsp_data[362] (net)                                                                               0.00       0.22 r                   
  bus_in_if_1__rsp_data[362] (out)                                                                     0.07      0.00 *     0.22 r                   
  data arrival time                                                                                                         0.22                     

  clock CLK (rise edge)                                                                                          9.90       9.90                     
  clock network delay (ideal)                                                                                    0.00       9.90                     
  output external delay                                                                                          0.00       9.90                     
  data required time                                                                                                        9.90                     
  ----------------------------------------------------------------------------------------------------------------------------------------------------------------
  data required time                                                                                                        9.90                     
  data arrival time                                                                                                        -0.22                     
  ----------------------------------------------------------------------------------------------------------------------------------------------------------------
  slack (MET)                                                                                                               9.68                     


  Startpoint: bus_out_if_1__rsp_data[240]
              (input port clocked by CLK)
  Endpoint: bus_in_if_1__rsp_data[240]
            (output port clocked by CLK)
  Scenario: mode_norm.OC_rvt_ss_0p900v_125c
  Path Group: FEEDTHROUGH
  Path Type: max

Attributes:
    d - dont_touch
    u - dont_use
   mo - map_only
   so - size_only
    i - ideal_net or ideal_network
  inf - infeasible path

  Point                                                                                    Fanout     Trans      Incr       Path      Attributes     Voltage
  ----------------------------------------------------------------------------------------------------------------------------------------------------------------
  clock CLK (rise edge)                                                                                          0.00       0.00                     
  clock network delay (ideal)                                                                                    0.00       0.00                     
  input external delay                                                                                           0.00       0.00 r                   
  bus_out_if_1__rsp_data[240] (in)                                                                     0.21      0.11       0.11 r                   
  bus_out_if_1__rsp_data[240] (net)                                                          1                   0.00       0.11 r                   
  g_rsp_arb_req_arb/data_in[760] (VX_stream_arb_1)                                                               0.00       0.11 r                   
  g_rsp_arb_req_arb/data_in[760] (net)                                                                           0.00       0.11 r                   
  g_rsp_arb_req_arb/g_passthru_g_out_buf_1__out_buf/data_in[240] (VX_elastic_buffer_520_0_0_0_0)                 0.00       0.11 r                   
  g_rsp_arb_req_arb/g_passthru_g_out_buf_1__out_buf/data_in[240] (net)                                           0.00       0.11 r                   
  g_rsp_arb_req_arb/g_passthru_g_out_buf_1__out_buf/U56/Y (BUF_X1M_A9TR)                               0.07      0.11 *     0.22 r                   0.90
  g_rsp_arb_req_arb/g_passthru_g_out_buf_1__out_buf/data_out[240] (net)                      1                   0.00       0.22 r                   
  g_rsp_arb_req_arb/g_passthru_g_out_buf_1__out_buf/data_out[240] (VX_elastic_buffer_520_0_0_0_0)                0.00       0.22 r                   
  g_rsp_arb_req_arb/data_out[760] (net)                                                                          0.00       0.22 r                   
  g_rsp_arb_req_arb/data_out[760] (VX_stream_arb_1)                                                              0.00       0.22 r                   
  bus_in_if_1__rsp_data[240] (net)                                                                               0.00       0.22 r                   
  bus_in_if_1__rsp_data[240] (out)                                                                     0.07      0.00 *     0.22 r                   
  data arrival time                                                                                                         0.22                     

  clock CLK (rise edge)                                                                                          9.90       9.90                     
  clock network delay (ideal)                                                                                    0.00       9.90                     
  output external delay                                                                                          0.00       9.90                     
  data required time                                                                                                        9.90                     
  ----------------------------------------------------------------------------------------------------------------------------------------------------------------
  data required time                                                                                                        9.90                     
  data arrival time                                                                                                        -0.22                     
  ----------------------------------------------------------------------------------------------------------------------------------------------------------------
  slack (MET)                                                                                                               9.68                     


  Startpoint: bus_out_if_1__rsp_data[177]
              (input port clocked by CLK)
  Endpoint: bus_in_if_1__rsp_data[177]
            (output port clocked by CLK)
  Scenario: mode_norm.OC_rvt_ss_0p900v_125c
  Path Group: FEEDTHROUGH
  Path Type: max

Attributes:
    d - dont_touch
    u - dont_use
   mo - map_only
   so - size_only
    i - ideal_net or ideal_network
  inf - infeasible path

  Point                                                                                    Fanout     Trans      Incr       Path      Attributes     Voltage
  ----------------------------------------------------------------------------------------------------------------------------------------------------------------
  clock CLK (rise edge)                                                                                          0.00       0.00                     
  clock network delay (ideal)                                                                                    0.00       0.00                     
  input external delay                                                                                           0.00       0.00 r                   
  bus_out_if_1__rsp_data[177] (in)                                                                     0.22      0.12       0.12 r                   
  bus_out_if_1__rsp_data[177] (net)                                                          1                   0.00       0.12 r                   
  g_rsp_arb_req_arb/data_in[697] (VX_stream_arb_1)                                                               0.00       0.12 r                   
  g_rsp_arb_req_arb/data_in[697] (net)                                                                           0.00       0.12 r                   
  g_rsp_arb_req_arb/g_passthru_g_out_buf_1__out_buf/data_in[177] (VX_elastic_buffer_520_0_0_0_0)                 0.00       0.12 r                   
  g_rsp_arb_req_arb/g_passthru_g_out_buf_1__out_buf/data_in[177] (net)                                           0.00       0.12 r                   
  g_rsp_arb_req_arb/g_passthru_g_out_buf_1__out_buf/U72/Y (BUF_X1M_A9TR)                               0.05      0.10 *     0.22 r                   0.90
  g_rsp_arb_req_arb/g_passthru_g_out_buf_1__out_buf/data_out[177] (net)                      1                   0.00       0.22 r                   
  g_rsp_arb_req_arb/g_passthru_g_out_buf_1__out_buf/data_out[177] (VX_elastic_buffer_520_0_0_0_0)                0.00       0.22 r                   
  g_rsp_arb_req_arb/data_out[697] (net)                                                                          0.00       0.22 r                   
  g_rsp_arb_req_arb/data_out[697] (VX_stream_arb_1)                                                              0.00       0.22 r                   
  bus_in_if_1__rsp_data[177] (net)                                                                               0.00       0.22 r                   
  bus_in_if_1__rsp_data[177] (out)                                                                     0.05      0.00 *     0.22 r                   
  data arrival time                                                                                                         0.22                     

  clock CLK (rise edge)                                                                                          9.90       9.90                     
  clock network delay (ideal)                                                                                    0.00       9.90                     
  output external delay                                                                                          0.00       9.90                     
  data required time                                                                                                        9.90                     
  ----------------------------------------------------------------------------------------------------------------------------------------------------------------
  data required time                                                                                                        9.90                     
  data arrival time                                                                                                        -0.22                     
  ----------------------------------------------------------------------------------------------------------------------------------------------------------------
  slack (MET)                                                                                                               9.68                     


1
