Information: Propagating switching activity (high effort zero delay simulation). (PWR-6)
Warning: Design has unannotated primary inputs. (PWR-414)
 
****************************************
Report : power
        -hier
        -analysis_effort high
        -verbose
Design : VX_mem_arb__0c3032d67474
Scenario(s): mode_norm.OC_rvt_ss_0p900v_125c
Version: V-2023.12-SP5-3
Date   : Tue Jul 21 23:11:10 2026
****************************************


Library(s) Used:

    sc9_cmos28lpp_base_rvt_ss_nominal_max_0p900v_125c_sadhm (File: /tool/PDK/Samsung/LN28LPP_202203/PRIMITIVES/RVT/ln28lpp_sc_9t_base_rvt_c130_V1.00d/FE-Common/LIBERTY/sc9_cmos28lpp_base_rvt_ss_nominal_max_0p900v_125c_sadhm.db)


Global Operating Voltage = 0.9  
Power-specific unit information :
    Voltage Units = 1V
    Capacitance Units = 1.000000pf
    Time Units = 1ns
    Dynamic Power Units = 1mW    (derived from V,C,T units)
    Leakage Power Units = 1uW


--------------------------------------------------------------------------------
                                       Switch   Int      Leak     Total
Hierarchy                              Power    Power    Power    Power    %
--------------------------------------------------------------------------------
VX_mem_arb__0c3032d67474               2.76e-02 1.69e-02   15.290 5.98e-02 100.0
  g_rsp_arb_req_arb (VX_stream_arb_1)  9.49e-03 7.67e-03    7.001 2.42e-02  40.4
    g_passthru_g_out_buf_1__out_buf (VX_elastic_buffer_520_0_0_0_0) 4.73e-03 3.84e-03    3.501 1.21e-02  20.2
    g_passthru_g_out_buf_0__out_buf (VX_elastic_buffer_520_0_0_0_1) 4.76e-03 3.83e-03    3.501 1.21e-02  20.2
  req_arb (VX_stream_arb_2)            1.81e-02 9.20e-03    8.289 3.56e-02  59.6
    g_passthru_g_out_buf_1__out_buf (VX_elastic_buffer_616_0_0_0_0) 1.15e-02 4.62e-03    4.144 2.02e-02  33.9
    g_passthru_g_out_buf_0__out_buf (VX_elastic_buffer_616_0_0_0_1) 6.65e-03 4.58e-03    4.144 1.54e-02  25.7
1
