Information: Propagating switching activity (high effort zero delay simulation). (PWR-6)
Warning: Design has unannotated primary inputs. (PWR-414)
Warning: Design has unannotated sequential cell outputs. (PWR-415)
 
****************************************
Report : power
        -hier
        -analysis_effort high
        -verbose
Design : VX_lsu_mem_arb__04bacdb15435
Scenario(s): mode_norm.OC_rvt_ss_0p900v_125c
Version: V-2023.12-SP5-3
Date   : Tue Jul 21 05:52:43 2026
****************************************


Library(s) Used:

    sc9_cmos28lpp_base_rvt_ss_nominal_max_0p900v_125c_sadhm (File: /tool/PDK/Samsung/LN28LPP_202203/PRIMITIVES/RVT/ln28lpp_sc_9t_base_rvt_c130_V1.00d/FE-Common/LIBERTY/sc9_cmos28lpp_base_rvt_ss_nominal_max_0p900v_125c_sadhm.db)


Global Operating Voltage = 0.9  
Power-specific unit information :
    Voltage Units = 1V
    Capacitance Units = 1.000000pf
    Time Units = 1ns
    Dynamic Power Units = 1mW    (derived from V,C,T units)
    Leakage Power Units = 1uW


--------------------------------------------------------------------------------
                                       Switch   Int      Leak     Total
Hierarchy                              Power    Power    Power    Power    %
--------------------------------------------------------------------------------
VX_lsu_mem_arb__04bacdb15435              0.158    0.520  119.103    0.797 100.0
  g_rsp_arb_req_arb (VX_stream_arb_22) 9.36e-02    0.495   96.101    0.685  85.9
    g_passthru_g_out_buf_0__out_buf (VX_elastic_buffer_2082_2_0_0) 9.36e-02    0.495   96.101    0.685  85.9
      g_eb2_out_buf (VX_pipe_buffer_38) 1.88e-02 6.78e-03   13.965 3.95e-02   5.0
      g_eb2_stream_buffer (VX_stream_buffer_2082_0) 7.48e-02    0.488   82.135    0.645  80.9
  req_arb (VX_stream_arb_21)           6.43e-02 2.55e-02   22.996    0.113  14.1
    g_passthru_g_out_buf_0__out_buf (VX_elastic_buffer_3427_0_0_0) 6.43e-02 2.55e-02   22.996    0.113  14.1
1
