Information: Propagating switching activity (high effort zero delay simulation). (PWR-6)
Warning: Design has unannotated primary inputs. (PWR-414)
Warning: Design has unannotated sequential cell outputs. (PWR-415)
 
****************************************
Report : power
        -hier
        -analysis_effort high
        -verbose
Design : VX_lmem_dma_misal__fdbc42a658ee
Scenario(s): mode_norm.OC_rvt_ss_0p900v_125c
Version: V-2023.12-SP5-3
Date   : Tue Jul 21 21:28:04 2026
****************************************


Library(s) Used:

    sc9_cmos28lpp_base_rvt_ss_nominal_max_0p900v_125c_sadhm (File: /tool/PDK/Samsung/LN28LPP_202203/PRIMITIVES/RVT/ln28lpp_sc_9t_base_rvt_c130_V1.00d/FE-Common/LIBERTY/sc9_cmos28lpp_base_rvt_ss_nominal_max_0p900v_125c_sadhm.db)


Global Operating Voltage = 0.9  
Power-specific unit information :
    Voltage Units = 1V
    Capacitance Units = 1.000000pf
    Time Units = 1ns
    Dynamic Power Units = 1mW    (derived from V,C,T units)
    Leakage Power Units = 1uW


--------------------------------------------------------------------------------
                                       Switch   Int      Leak     Total
Hierarchy                              Power    Power    Power    Power    %
--------------------------------------------------------------------------------
VX_lmem_dma_misal__fdbc42a658ee        2.73e-02    0.168  238.717    0.434 100.0
  dma_core (VX_dma_unit_h_343_242_969) 2.68e-02    0.166  235.455    0.428  98.7
    g_aligned_u_impl (VX_dma_unit_align_h_552_242_275) 2.68e-02    0.166  235.455    0.428  98.7
      response_payload_ram (VX_dp_ram_19) 1.17e-02    0.107   77.975    0.197  45.4
        g_compiled_u_compiled (VX_dp_ram_compiled_4) 1.17e-02    0.107   77.975    0.197  45.4
      lmem_req_buf (VX_elastic_buffer_51_0) 5.70e-06 6.18e-04 7.35e-02 6.98e-04   0.2
        g_eb2_out_buf (VX_pipe_buffer_57_0) 4.88e-06 7.41e-06 6.71e-03 1.90e-05   0.0
        g_eb2_stream_buffer (VX_stream_buffer_102_1_0) 8.17e-07 6.11e-04 6.68e-02 6.79e-04   0.2
      dcache_req_buf (VX_elastic_buffer_51_1) 4.17e-03 2.99e-02    4.237 3.83e-02   8.8
        g_eb2_out_buf (VX_pipe_buffer_57_1) 4.69e-05 3.30e-05    0.597 6.77e-04   0.2
        g_eb2_stream_buffer (VX_stream_buffer_102_1_1) 4.12e-03 2.99e-02    3.640 3.76e-02   8.7
      mul_dst_d2 (VX_mul_u32_pipe_0)   1.78e-07 1.21e-03 9.27e-02 1.31e-03   0.3
      mul_src_d2 (VX_mul_u32_pipe_1)   9.55e-08 1.21e-03 9.27e-02 1.31e-03   0.3
      mul_dst_d1 (VX_mul_u32_pipe_2)   8.12e-05 1.69e-03   17.178 1.89e-02   4.4
      mul_src_d1 (VX_mul_u32_pipe_3)   1.57e-04 1.77e-03   31.144 3.31e-02   7.6
      mul_dst_d0 (VX_mul_u32_pipe_4)   8.55e-05 1.70e-03   17.255 1.90e-02   4.4
      mul_src_d0 (VX_mul_u32_pipe_5)   1.59e-04 1.78e-03   31.091 3.30e-02   7.6
1
