 
****************************************
Report : area
Design : VX_stream_xbar__1725387bad7a
Version: V-2023.12-SP5-3
Date   : Tue Jul 21 08:47:30 2026
****************************************

Library(s) Used:

    sc9_cmos28lpp_base_rvt_ss_nominal_max_0p900v_125c_sadhm (File: /tool/PDK/Samsung/LN28LPP_202203/PRIMITIVES/RVT/ln28lpp_sc_9t_base_rvt_c130_V1.00d/FE-Common/LIBERTY/sc9_cmos28lpp_base_rvt_ss_nominal_max_0p900v_125c_sadhm.db)

Number of ports:                         4202
Number of nets:                          5864
Number of cells:                         2222
Number of combinational cells:           1145
Number of sequential cells:              1038
Number of macros/black boxes:               0
Number of buf/inv:                        623
Number of references:                       2

Combinational area:                770.327992
Buf/Inv area:                      283.490998
Noncombinational area:            2185.325945
Macro/Black Box area:                0.000000
Net Interconnect area:      undefined  (No wire load specified)

Total cell area:                  2955.653937
Total area:                 undefined

Core Area:                      7401
Aspect Ratio:                 1.0085
Utilization Ratio:            0.3993


The above information was reported from the logical library. The following are from the physical library:

  Total moveable cell area: 2955.7
  Total fixed cell area: 0.0
  Total physical cell area: 2955.7
 Core area: 0.000, 0.000, 85.670, 86.400

Hierarchical area distribution
------------------------------

                                  Global cell area          Local cell area
                                  ------------------  --------------------------- 
Hierarchical cell                 Absolute   Percent  Combi-    Noncombi-  Black-
                                  Total      Total    national  national   boxes   Design
--------------------------------  ---------  -------  --------  ---------  ------  ---------------------------------------------
VX_stream_xbar__1725387bad7a      2955.6539    100.0   11.5830     0.0000  0.0000  VX_stream_xbar__1725387bad7a
g_passthru_out_buf                2944.0709     99.6    0.0000     0.0000  0.0000  VX_elastic_buffer_517_2_1_0
g_passthru_out_buf/g_eb2_out_buf   242.8920      8.2  242.8920     0.0000  0.0000  VX_pipe_buffer_517_00000000
g_passthru_out_buf/g_eb2_stream_buffer 2701.1789    91.4 515.8530 2181.8159 0.0000 VX_stream_buffer_517_1
g_passthru_out_buf/g_eb2_stream_buffer/clk_gate_g_buffer_buffer_r_reg    1.7550     0.1   0.0000    1.7550 0.0000 SNPS_CLOCK_GATE_HIGH_VX_stream_buffer_517_1_0
g_passthru_out_buf/g_eb2_stream_buffer/clk_gate_g_buffer_data_out_r_reg    1.7550     0.1   0.0000    1.7550 0.0000 SNPS_CLOCK_GATE_HIGH_VX_stream_buffer_517_1_1
--------------------------------  ---------  -------  --------  ---------  ------  ---------------------------------------------
Total                                                 770.3280  2185.3259  0.0000

1
