 
****************************************
Report : timing
        -path full
        -delay max
        -nets
        -max_paths 10
        -transition_time
Design : VX_barrel_shifter
Scenario(s): mode_norm.OC_rvt_ss_0p900v_125c
Version: V-2023.12-SP5-3
Date   : Thu May 21 21:49:16 2026
****************************************

 * Some/all delay information is back-annotated.
Wire Load Model Mode: Inactive.

  Startpoint: shift_amount[1]
              (input port clocked by CLK)
  Endpoint: shifted_reg_6_
            (rising edge-triggered flip-flop clocked by CLK)
  Scenario: mode_norm.OC_rvt_ss_0p900v_125c
  Path Group: REGIN
  Path Type: max

Attributes:
    d - dont_touch
    u - dont_use
   mo - map_only
   so - size_only
    i - ideal_net or ideal_network
  inf - infeasible path

  Point                        Fanout     Trans      Incr       Path      Attributes     Voltage
  ----------------------------------------------------------------------------------------------------
  clock CLK (rise edge)                              0.00       0.00                     
  clock network delay (ideal)                        0.00       0.00                     
  input external delay                               0.00       0.00 r                   
  shift_amount[1] (in)                     0.07      0.03       0.03 r                   
  shift_amount[1] (net)          4                   0.00       0.03 r                   
  U79/Y (NOR2XB_X1M_A9TR)                  0.23      0.17 *     0.21 r                   0.90
  n123 (net)                    14                   0.00       0.21 r                   
  U99/Y (AOI22_X0P5M_A9TR)                 0.09      0.08 *     0.29 f                   0.90
  n75 (net)                      1                   0.00       0.29 f                   
  U100/Y (NAND2_X0P5M_A9TR)                0.10      0.09 *     0.38 r                   0.90
  n104 (net)                     3                   0.00       0.38 r                   
  U139/Y (OAI22_X0P5M_A9TR)                0.07      0.08 *     0.46 f                   0.90
  n105 (net)                     1                   0.00       0.46 f                   
  U140/Y (OA21A1OI2_X0P7M_A9TR)            0.11      0.09 *     0.55 r                   0.90
  n6 (net)                       1                   0.00       0.55 r                   
  shifted_reg_6_/D (DFFQ_X0P5M_A9TR)       0.11      0.00 *     0.55 r                   0.90
  data arrival time                                             0.55                     

  clock CLK (rise edge)                             10.00      10.00                     
  clock network delay (ideal)                        0.00      10.00                     
  shifted_reg_6_/CK (DFFQ_X0P5M_A9TR)                0.00      10.00 r                   
  library setup time                                -0.06       9.94                     
  data required time                                            9.94                     
  ----------------------------------------------------------------------------------------------------
  data required time                                            9.94                     
  data arrival time                                            -0.55                     
  ----------------------------------------------------------------------------------------------------
  slack (MET)                                                   9.39                     


  Startpoint: shift_amount[0]
              (input port clocked by CLK)
  Endpoint: shifted_reg_1_
            (rising edge-triggered flip-flop clocked by CLK)
  Scenario: mode_norm.OC_rvt_ss_0p900v_125c
  Path Group: REGIN
  Path Type: max

Attributes:
    d - dont_touch
    u - dont_use
   mo - map_only
   so - size_only
    i - ideal_net or ideal_network
  inf - infeasible path

  Point                        Fanout     Trans      Incr       Path      Attributes     Voltage
  ----------------------------------------------------------------------------------------------------
  clock CLK (rise edge)                              0.00       0.00                     
  clock network delay (ideal)                        0.00       0.00                     
  input external delay                               0.00       0.00 f                   
  shift_amount[0] (in)                     0.03      0.02       0.02 f                   
  shift_amount[0] (net)          4                   0.00       0.02 f                   
  U72/Y (NOR2_X0P5B_A9TR)                  0.27      0.17 *     0.19 r                   0.90
  n122 (net)                    16                   0.00       0.19 r                   
  U80/Y (AOI222_X0P7M_A9TR)                0.18      0.19 *     0.38 f                   0.90
  n111 (net)                     4                   0.00       0.38 f                   
  U133/Y (OAI211_X0P5M_A9TR)               0.12      0.13 *     0.51 r                   0.90
  n1 (net)                       1                   0.00       0.51 r                   
  shifted_reg_1_/D (DFFQ_X0P5M_A9TR)       0.12      0.00 *     0.51 r                   0.90
  data arrival time                                             0.51                     

  clock CLK (rise edge)                             10.00      10.00                     
  clock network delay (ideal)                        0.00      10.00                     
  shifted_reg_1_/CK (DFFQ_X0P5M_A9TR)                0.00      10.00 r                   
  library setup time                                -0.06       9.94                     
  data required time                                            9.94                     
  ----------------------------------------------------------------------------------------------------
  data required time                                            9.94                     
  data arrival time                                            -0.51                     
  ----------------------------------------------------------------------------------------------------
  slack (MET)                                                   9.43                     


  Startpoint: shift_amount[0]
              (input port clocked by CLK)
  Endpoint: shifted_reg_4_
            (rising edge-triggered flip-flop clocked by CLK)
  Scenario: mode_norm.OC_rvt_ss_0p900v_125c
  Path Group: REGIN
  Path Type: max

Attributes:
    d - dont_touch
    u - dont_use
   mo - map_only
   so - size_only
    i - ideal_net or ideal_network
  inf - infeasible path

  Point                        Fanout     Trans      Incr       Path      Attributes     Voltage
  ----------------------------------------------------------------------------------------------------
  clock CLK (rise edge)                              0.00       0.00                     
  clock network delay (ideal)                        0.00       0.00                     
  input external delay                               0.00       0.00 f                   
  shift_amount[0] (in)                     0.03      0.02       0.02 f                   
  shift_amount[0] (net)          4                   0.00       0.02 f                   
  U72/Y (NOR2_X0P5B_A9TR)                  0.27      0.17 *     0.19 r                   0.90
  n122 (net)                    16                   0.00       0.19 r                   
  U134/Y (AOI22_X0P5M_A9TR)                0.10      0.11 *     0.29 f                   0.90
  n99 (net)                      1                   0.00       0.29 f                   
  U136/Y (NAND2_X0P5M_A9TR)                0.07      0.07 *     0.37 r                   0.90
  n116 (net)                     2                   0.00       0.37 r                   
  U137/Y (OAI22_X0P5M_A9TR)                0.06      0.05 *     0.42 f                   0.90
  n102 (net)                     1                   0.00       0.42 f                   
  U138/Y (OA21A1OI2_X0P7M_A9TR)            0.11      0.09 *     0.51 r                   0.90
  n4 (net)                       1                   0.00       0.51 r                   
  shifted_reg_4_/D (DFFQ_X0P5M_A9TR)       0.11      0.00 *     0.51 r                   0.90
  data arrival time                                             0.51                     

  clock CLK (rise edge)                             10.00      10.00                     
  clock network delay (ideal)                        0.00      10.00                     
  shifted_reg_4_/CK (DFFQ_X0P5M_A9TR)                0.00      10.00 r                   
  library setup time                                -0.06       9.94                     
  data required time                                            9.94                     
  ----------------------------------------------------------------------------------------------------
  data required time                                            9.94                     
  data arrival time                                            -0.51                     
  ----------------------------------------------------------------------------------------------------
  slack (MET)                                                   9.43                     


  Startpoint: shift_amount[0]
              (input port clocked by CLK)
  Endpoint: shifted_reg_7_
            (rising edge-triggered flip-flop clocked by CLK)
  Scenario: mode_norm.OC_rvt_ss_0p900v_125c
  Path Group: REGIN
  Path Type: max

Attributes:
    d - dont_touch
    u - dont_use
   mo - map_only
   so - size_only
    i - ideal_net or ideal_network
  inf - infeasible path

  Point                        Fanout     Trans      Incr       Path      Attributes     Voltage
  ----------------------------------------------------------------------------------------------------
  clock CLK (rise edge)                              0.00       0.00                     
  clock network delay (ideal)                        0.00       0.00                     
  input external delay                               0.00       0.00 f                   
  shift_amount[0] (in)                     0.03      0.02       0.02 f                   
  shift_amount[0] (net)          4                   0.00       0.02 f                   
  U72/Y (NOR2_X0P5B_A9TR)                  0.27      0.17 *     0.19 r                   0.90
  n122 (net)                    16                   0.00       0.19 r                   
  U93/Y (AOI22_X0P5M_A9TR)                 0.11      0.11 *     0.30 f                   0.90
  n74 (net)                      1                   0.00       0.30 f                   
  U95/Y (NAND2_X0P5M_A9TR)                 0.10      0.10 *     0.39 r                   0.90
  n130 (net)                     3                   0.00       0.39 r                   
  U113/Y (OA21A1OI2_X0P7M_A9TR)            0.05      0.07 *     0.46 f                   0.90
  n84 (net)                      1                   0.00       0.46 f                   
  U114/Y (AOI21_X0P7M_A9TR)                0.07      0.06 *     0.52 r                   0.90
  n7 (net)                       1                   0.00       0.52 r                   
  shifted_reg_7_/D (DFFQ_X0P5M_A9TR)       0.07      0.00 *     0.52 r                   0.90
  data arrival time                                             0.52                     

  clock CLK (rise edge)                             10.00      10.00                     
  clock network delay (ideal)                        0.00      10.00                     
  shifted_reg_7_/CK (DFFQ_X0P5M_A9TR)                0.00      10.00 r                   
  library setup time                                -0.05       9.95                     
  data required time                                            9.95                     
  ----------------------------------------------------------------------------------------------------
  data required time                                            9.95                     
  data arrival time                                            -0.52                     
  ----------------------------------------------------------------------------------------------------
  slack (MET)                                                   9.43                     


  Startpoint: shift_amount[0]
              (input port clocked by CLK)
  Endpoint: shifted_reg_0_
            (rising edge-triggered flip-flop clocked by CLK)
  Scenario: mode_norm.OC_rvt_ss_0p900v_125c
  Path Group: REGIN
  Path Type: max

Attributes:
    d - dont_touch
    u - dont_use
   mo - map_only
   so - size_only
    i - ideal_net or ideal_network
  inf - infeasible path

  Point                        Fanout     Trans      Incr       Path      Attributes     Voltage
  ----------------------------------------------------------------------------------------------------
  clock CLK (rise edge)                              0.00       0.00                     
  clock network delay (ideal)                        0.00       0.00                     
  input external delay                               0.00       0.00 f                   
  shift_amount[0] (in)                     0.03      0.02       0.02 f                   
  shift_amount[0] (net)          4                   0.00       0.02 f                   
  U72/Y (NOR2_X0P5B_A9TR)                  0.27      0.17 *     0.19 r                   0.90
  n122 (net)                    16                   0.00       0.19 r                   
  U106/Y (AOI22_X0P5M_A9TR)                0.10      0.10 *     0.29 f                   0.90
  n79 (net)                      1                   0.00       0.29 f                   
  U107/Y (AO1B2_X0P7M_A9TR)                0.04      0.05 *     0.33 r                   0.90
  n80 (net)                      1                   0.00       0.33 r                   
  U108/Y (AOI21_X0P7M_A9TR)                0.07      0.04 *     0.37 f                   0.90
  n114 (net)                     3                   0.00       0.37 f                   
  U145/Y (OAI22_X0P5M_A9TR)                0.08      0.07 *     0.44 r                   0.90
  n115 (net)                     1                   0.00       0.44 r                   
  U146/Y (AOI21_X0P7M_A9TR)                0.04      0.04 *     0.48 f                   0.90
  n118 (net)                     1                   0.00       0.48 f                   
  U147/Y (AO21A1AI2_X0P7M_A9TR)            0.07      0.04 *     0.52 r                   0.90
  n0 (net)                       1                   0.00       0.52 r                   
  shifted_reg_0_/D (DFFQ_X0P5M_A9TR)       0.07      0.00 *     0.52 r                   0.90
  data arrival time                                             0.52                     

  clock CLK (rise edge)                             10.00      10.00                     
  clock network delay (ideal)                        0.00      10.00                     
  shifted_reg_0_/CK (DFFQ_X0P5M_A9TR)                0.00      10.00 r                   
  library setup time                                -0.05       9.95                     
  data required time                                            9.95                     
  ----------------------------------------------------------------------------------------------------
  data required time                                            9.95                     
  data arrival time                                            -0.52                     
  ----------------------------------------------------------------------------------------------------
  slack (MET)                                                   9.43                     


  Startpoint: shift_amount[0]
              (input port clocked by CLK)
  Endpoint: shifted_reg_3_
            (rising edge-triggered flip-flop clocked by CLK)
  Scenario: mode_norm.OC_rvt_ss_0p900v_125c
  Path Group: REGIN
  Path Type: max

Attributes:
    d - dont_touch
    u - dont_use
   mo - map_only
   so - size_only
    i - ideal_net or ideal_network
  inf - infeasible path

  Point                        Fanout     Trans      Incr       Path      Attributes     Voltage
  ----------------------------------------------------------------------------------------------------
  clock CLK (rise edge)                              0.00       0.00                     
  clock network delay (ideal)                        0.00       0.00                     
  input external delay                               0.00       0.00 f                   
  shift_amount[0] (in)                     0.03      0.02       0.02 f                   
  shift_amount[0] (net)          4                   0.00       0.02 f                   
  U72/Y (NOR2_X0P5B_A9TR)                  0.27      0.17 *     0.19 r                   0.90
  n122 (net)                    16                   0.00       0.19 r                   
  U110/Y (AOI22_X0P5M_A9TR)                0.10      0.10 *     0.29 f                   0.90
  n81 (net)                      1                   0.00       0.29 f                   
  U111/Y (AO1B2_X0P7M_A9TR)                0.04      0.05 *     0.34 r                   0.90
  n82 (net)                      1                   0.00       0.34 r                   
  U112/Y (AOI21_X0P7M_A9TR)                0.08      0.03 *     0.37 f                   0.90
  n128 (net)                     2                   0.00       0.37 f                   
  U150/Y (OAI22_X0P5M_A9TR)                0.08      0.07 *     0.44 r                   0.90
  n129 (net)                     1                   0.00       0.44 r                   
  U151/Y (AOI21_X0P7M_A9TR)                0.04      0.04 *     0.48 f                   0.90
  n132 (net)                     1                   0.00       0.48 f                   
  U152/Y (AO21A1AI2_X0P7M_A9TR)            0.07      0.03 *     0.52 r                   0.90
  n3 (net)                       1                   0.00       0.52 r                   
  shifted_reg_3_/D (DFFQ_X0P5M_A9TR)       0.07      0.00 *     0.52 r                   0.90
  data arrival time                                             0.52                     

  clock CLK (rise edge)                             10.00      10.00                     
  clock network delay (ideal)                        0.00      10.00                     
  shifted_reg_3_/CK (DFFQ_X0P5M_A9TR)                0.00      10.00 r                   
  library setup time                                -0.05       9.95                     
  data required time                                            9.95                     
  ----------------------------------------------------------------------------------------------------
  data required time                                            9.95                     
  data arrival time                                            -0.52                     
  ----------------------------------------------------------------------------------------------------
  slack (MET)                                                   9.43                     


  Startpoint: shift_amount[0]
              (input port clocked by CLK)
  Endpoint: shifted_reg_5_
            (rising edge-triggered flip-flop clocked by CLK)
  Scenario: mode_norm.OC_rvt_ss_0p900v_125c
  Path Group: REGIN
  Path Type: max

Attributes:
    d - dont_touch
    u - dont_use
   mo - map_only
   so - size_only
    i - ideal_net or ideal_network
  inf - infeasible path

  Point                        Fanout     Trans      Incr       Path      Attributes     Voltage
  ----------------------------------------------------------------------------------------------------
  clock CLK (rise edge)                              0.00       0.00                     
  clock network delay (ideal)                        0.00       0.00                     
  input external delay                               0.00       0.00 f                   
  shift_amount[0] (in)                     0.03      0.02       0.02 f                   
  shift_amount[0] (net)          4                   0.00       0.02 f                   
  U72/Y (NOR2_X0P5B_A9TR)                  0.27      0.17 *     0.19 r                   0.90
  n122 (net)                    16                   0.00       0.19 r                   
  U102/Y (AOI22_X0P5M_A9TR)                0.10      0.11 *     0.29 f                   0.90
  n78 (net)                      1                   0.00       0.29 f                   
  U104/Y (NAND2_X0P5M_A9TR)                0.07      0.08 *     0.37 r                   0.90
  n108 (net)                     3                   0.00       0.37 r                   
  U141/Y (OAI22_X0P5M_A9TR)                0.06      0.06 *     0.43 f                   0.90
  n110 (net)                     1                   0.00       0.43 f                   
  U142/Y (OA21A1OI2_X0P7M_A9TR)            0.09      0.07 *     0.51 r                   0.90
  n5 (net)                       1                   0.00       0.51 r                   
  shifted_reg_5_/D (DFFQ_X0P5M_A9TR)       0.09      0.00 *     0.51 r                   0.90
  data arrival time                                             0.51                     

  clock CLK (rise edge)                             10.00      10.00                     
  clock network delay (ideal)                        0.00      10.00                     
  shifted_reg_5_/CK (DFFQ_X0P5M_A9TR)                0.00      10.00 r                   
  library setup time                                -0.06       9.94                     
  data required time                                            9.94                     
  ----------------------------------------------------------------------------------------------------
  data required time                                            9.94                     
  data arrival time                                            -0.51                     
  ----------------------------------------------------------------------------------------------------
  slack (MET)                                                   9.44                     


  Startpoint: shift_amount[1]
              (input port clocked by CLK)
  Endpoint: shifted_reg_2_
            (rising edge-triggered flip-flop clocked by CLK)
  Scenario: mode_norm.OC_rvt_ss_0p900v_125c
  Path Group: REGIN
  Path Type: max

Attributes:
    d - dont_touch
    u - dont_use
   mo - map_only
   so - size_only
    i - ideal_net or ideal_network
  inf - infeasible path

  Point                        Fanout     Trans      Incr       Path      Attributes     Voltage
  ----------------------------------------------------------------------------------------------------
  clock CLK (rise edge)                              0.00       0.00                     
  clock network delay (ideal)                        0.00       0.00                     
  input external delay                               0.00       0.00 r                   
  shift_amount[1] (in)                     0.07      0.03       0.03 r                   
  shift_amount[1] (net)          4                   0.00       0.03 r                   
  U79/Y (NOR2XB_X1M_A9TR)                  0.23      0.17 *     0.21 r                   0.90
  n123 (net)                    14                   0.00       0.21 r                   
  U99/Y (AOI22_X0P5M_A9TR)                 0.09      0.08 *     0.29 f                   0.90
  n75 (net)                      1                   0.00       0.29 f                   
  U100/Y (NAND2_X0P5M_A9TR)                0.10      0.09 *     0.38 r                   0.90
  n104 (net)                     3                   0.00       0.38 r                   
  U121/Y (AOI22_X0P5M_A9TR)                0.06      0.06 *     0.44 f                   0.90
  n90 (net)                      1                   0.00       0.44 f                   
  U125/Y (OAI211_X0P5M_A9TR)               0.10      0.06 *     0.50 r                   0.90
  n2 (net)                       1                   0.00       0.50 r                   
  shifted_reg_2_/D (DFFQ_X0P5M_A9TR)       0.10      0.00 *     0.50 r                   0.90
  data arrival time                                             0.50                     

  clock CLK (rise edge)                             10.00      10.00                     
  clock network delay (ideal)                        0.00      10.00                     
  shifted_reg_2_/CK (DFFQ_X0P5M_A9TR)                0.00      10.00 r                   
  library setup time                                -0.06       9.94                     
  data required time                                            9.94                     
  ----------------------------------------------------------------------------------------------------
  data required time                                            9.94                     
  data arrival time                                            -0.50                     
  ----------------------------------------------------------------------------------------------------
  slack (MET)                                                   9.44                     


  Startpoint: shift_amount[0]
              (input port clocked by CLK)
  Endpoint: shifted_reg_9_
            (rising edge-triggered flip-flop clocked by CLK)
  Scenario: mode_norm.OC_rvt_ss_0p900v_125c
  Path Group: REGIN
  Path Type: max

Attributes:
    d - dont_touch
    u - dont_use
   mo - map_only
   so - size_only
    i - ideal_net or ideal_network
  inf - infeasible path

  Point                        Fanout     Trans      Incr       Path      Attributes     Voltage
  ----------------------------------------------------------------------------------------------------
  clock CLK (rise edge)                              0.00       0.00                     
  clock network delay (ideal)                        0.00       0.00                     
  input external delay                               0.00       0.00 f                   
  shift_amount[0] (in)                     0.03      0.02       0.02 f                   
  shift_amount[0] (net)          4                   0.00       0.02 f                   
  U72/Y (NOR2_X0P5B_A9TR)                  0.27      0.17 *     0.19 r                   0.90
  n122 (net)                    16                   0.00       0.19 r                   
  U80/Y (AOI222_X0P7M_A9TR)                0.18      0.19 *     0.38 f                   0.90
  n111 (net)                     4                   0.00       0.38 f                   
  U105/Y (OAI22BB_X0P7M_A9TR)              0.11      0.12 *     0.49 r                   0.90
  n9 (net)                       1                   0.00       0.49 r                   
  shifted_reg_9_/D (DFFQ_X0P5M_A9TR)       0.11      0.00 *     0.49 r                   0.90
  data arrival time                                             0.49                     

  clock CLK (rise edge)                             10.00      10.00                     
  clock network delay (ideal)                        0.00      10.00                     
  shifted_reg_9_/CK (DFFQ_X0P5M_A9TR)                0.00      10.00 r                   
  library setup time                                -0.06       9.94                     
  data required time                                            9.94                     
  ----------------------------------------------------------------------------------------------------
  data required time                                            9.94                     
  data arrival time                                            -0.49                     
  ----------------------------------------------------------------------------------------------------
  slack (MET)                                                   9.44                     


  Startpoint: shift_amount[0]
              (input port clocked by CLK)
  Endpoint: shifted_reg_11_
            (rising edge-triggered flip-flop clocked by CLK)
  Scenario: mode_norm.OC_rvt_ss_0p900v_125c
  Path Group: REGIN
  Path Type: max

Attributes:
    d - dont_touch
    u - dont_use
   mo - map_only
   so - size_only
    i - ideal_net or ideal_network
  inf - infeasible path

  Point                        Fanout     Trans      Incr       Path      Attributes     Voltage
  ----------------------------------------------------------------------------------------------------
  clock CLK (rise edge)                              0.00       0.00                     
  clock network delay (ideal)                        0.00       0.00                     
  input external delay                               0.00       0.00 f                   
  shift_amount[0] (in)                     0.03      0.02       0.02 f                   
  shift_amount[0] (net)          4                   0.00       0.02 f                   
  U72/Y (NOR2_X0P5B_A9TR)                  0.27      0.17 *     0.19 r                   0.90
  n122 (net)                    16                   0.00       0.19 r                   
  U93/Y (AOI22_X0P5M_A9TR)                 0.11      0.11 *     0.30 f                   0.90
  n74 (net)                      1                   0.00       0.30 f                   
  U95/Y (NAND2_X0P5M_A9TR)                 0.10      0.10 *     0.39 r                   0.90
  n130 (net)                     3                   0.00       0.39 r                   
  U97/Y (OAI22BB_X0P7M_A9TR)               0.09      0.09 *     0.48 r                   0.90
  n11 (net)                      1                   0.00       0.48 r                   
  shifted_reg_11_/D (DFFQ_X0P5M_A9TR)      0.09      0.00 *     0.48 r                   0.90
  data arrival time                                             0.48                     

  clock CLK (rise edge)                             10.00      10.00                     
  clock network delay (ideal)                        0.00      10.00                     
  shifted_reg_11_/CK (DFFQ_X0P5M_A9TR)               0.00      10.00 r                   
  library setup time                                -0.05       9.95                     
  data required time                                            9.95                     
  ----------------------------------------------------------------------------------------------------
  data required time                                            9.95                     
  data arrival time                                            -0.48                     
  ----------------------------------------------------------------------------------------------------
  slack (MET)                                                   9.47                     


  Startpoint: shifted_reg_5_
              (rising edge-triggered flip-flop clocked by CLK)
  Endpoint: out[5] (output port clocked by CLK)
  Scenario: mode_norm.OC_rvt_ss_0p900v_125c
  Path Group: REGOUT
  Path Type: max

Attributes:
    d - dont_touch
    u - dont_use
   mo - map_only
   so - size_only
    i - ideal_net or ideal_network
  inf - infeasible path

  Point                        Fanout     Trans      Incr       Path      Attributes     Voltage
  ----------------------------------------------------------------------------------------------------
  clock CLK (rise edge)                              0.00       0.00                     
  clock network delay (ideal)                        0.00       0.00                     
  shifted_reg_5_/CK (DFFQ_X0P5M_A9TR)      0.00      0.00       0.00 r                   0.90
  shifted_reg_5_/Q (DFFQ_X0P5M_A9TR)       0.02      0.12       0.12 f                   0.90
  out[5] (net)                   1                   0.00       0.12 f                   
  out[5] (out)                             0.02      0.00 *     0.12 f                   
  data arrival time                                             0.12                     

  clock CLK (rise edge)                             10.00      10.00                     
  clock network delay (ideal)                        0.00      10.00                     
  output external delay                              0.00      10.00                     
  data required time                                           10.00                     
  ----------------------------------------------------------------------------------------------------
  data required time                                           10.00                     
  data arrival time                                            -0.12                     
  ----------------------------------------------------------------------------------------------------
  slack (MET)                                                   9.88                     


  Startpoint: shifted_reg_14_
              (rising edge-triggered flip-flop clocked by CLK)
  Endpoint: out[14] (output port clocked by CLK)
  Scenario: mode_norm.OC_rvt_ss_0p900v_125c
  Path Group: REGOUT
  Path Type: max

Attributes:
    d - dont_touch
    u - dont_use
   mo - map_only
   so - size_only
    i - ideal_net or ideal_network
  inf - infeasible path

  Point                         Fanout     Trans      Incr       Path      Attributes     Voltage
  -----------------------------------------------------------------------------------------------------
  clock CLK (rise edge)                               0.00       0.00                     
  clock network delay (ideal)                         0.00       0.00                     
  shifted_reg_14_/CK (DFFQ_X0P5M_A9TR)      0.00      0.00       0.00 r                   0.90
  shifted_reg_14_/Q (DFFQ_X0P5M_A9TR)       0.02      0.12       0.12 f                   0.90
  out[14] (net)                   1                   0.00       0.12 f                   
  out[14] (out)                             0.02      0.00 *     0.12 f                   
  data arrival time                                              0.12                     

  clock CLK (rise edge)                              10.00      10.00                     
  clock network delay (ideal)                         0.00      10.00                     
  output external delay                               0.00      10.00                     
  data required time                                            10.00                     
  -----------------------------------------------------------------------------------------------------
  data required time                                            10.00                     
  data arrival time                                             -0.12                     
  -----------------------------------------------------------------------------------------------------
  slack (MET)                                                    9.88                     


  Startpoint: shifted_reg_6_
              (rising edge-triggered flip-flop clocked by CLK)
  Endpoint: out[6] (output port clocked by CLK)
  Scenario: mode_norm.OC_rvt_ss_0p900v_125c
  Path Group: REGOUT
  Path Type: max

Attributes:
    d - dont_touch
    u - dont_use
   mo - map_only
   so - size_only
    i - ideal_net or ideal_network
  inf - infeasible path

  Point                        Fanout     Trans      Incr       Path      Attributes     Voltage
  ----------------------------------------------------------------------------------------------------
  clock CLK (rise edge)                              0.00       0.00                     
  clock network delay (ideal)                        0.00       0.00                     
  shifted_reg_6_/CK (DFFQ_X0P5M_A9TR)      0.00      0.00       0.00 r                   0.90
  shifted_reg_6_/Q (DFFQ_X0P5M_A9TR)       0.02      0.12       0.12 f                   0.90
  out[6] (net)                   1                   0.00       0.12 f                   
  out[6] (out)                             0.02      0.00 *     0.12 f                   
  data arrival time                                             0.12                     

  clock CLK (rise edge)                             10.00      10.00                     
  clock network delay (ideal)                        0.00      10.00                     
  output external delay                              0.00      10.00                     
  data required time                                           10.00                     
  ----------------------------------------------------------------------------------------------------
  data required time                                           10.00                     
  data arrival time                                            -0.12                     
  ----------------------------------------------------------------------------------------------------
  slack (MET)                                                   9.88                     


  Startpoint: shifted_reg_11_
              (rising edge-triggered flip-flop clocked by CLK)
  Endpoint: out[11] (output port clocked by CLK)
  Scenario: mode_norm.OC_rvt_ss_0p900v_125c
  Path Group: REGOUT
  Path Type: max

Attributes:
    d - dont_touch
    u - dont_use
   mo - map_only
   so - size_only
    i - ideal_net or ideal_network
  inf - infeasible path

  Point                         Fanout     Trans      Incr       Path      Attributes     Voltage
  -----------------------------------------------------------------------------------------------------
  clock CLK (rise edge)                               0.00       0.00                     
  clock network delay (ideal)                         0.00       0.00                     
  shifted_reg_11_/CK (DFFQ_X0P5M_A9TR)      0.00      0.00       0.00 r                   0.90
  shifted_reg_11_/Q (DFFQ_X0P5M_A9TR)       0.02      0.12       0.12 f                   0.90
  out[11] (net)                   1                   0.00       0.12 f                   
  out[11] (out)                             0.02      0.00 *     0.12 f                   
  data arrival time                                              0.12                     

  clock CLK (rise edge)                              10.00      10.00                     
  clock network delay (ideal)                         0.00      10.00                     
  output external delay                               0.00      10.00                     
  data required time                                            10.00                     
  -----------------------------------------------------------------------------------------------------
  data required time                                            10.00                     
  data arrival time                                             -0.12                     
  -----------------------------------------------------------------------------------------------------
  slack (MET)                                                    9.88                     


  Startpoint: shifted_reg_0_
              (rising edge-triggered flip-flop clocked by CLK)
  Endpoint: out[0] (output port clocked by CLK)
  Scenario: mode_norm.OC_rvt_ss_0p900v_125c
  Path Group: REGOUT
  Path Type: max

Attributes:
    d - dont_touch
    u - dont_use
   mo - map_only
   so - size_only
    i - ideal_net or ideal_network
  inf - infeasible path

  Point                        Fanout     Trans      Incr       Path      Attributes     Voltage
  ----------------------------------------------------------------------------------------------------
  clock CLK (rise edge)                              0.00       0.00                     
  clock network delay (ideal)                        0.00       0.00                     
  shifted_reg_0_/CK (DFFQ_X0P5M_A9TR)      0.00      0.00       0.00 r                   0.90
  shifted_reg_0_/Q (DFFQ_X0P5M_A9TR)       0.02      0.12       0.12 f                   0.90
  out[0] (net)                   1                   0.00       0.12 f                   
  out[0] (out)                             0.02      0.00 *     0.12 f                   
  data arrival time                                             0.12                     

  clock CLK (rise edge)                             10.00      10.00                     
  clock network delay (ideal)                        0.00      10.00                     
  output external delay                              0.00      10.00                     
  data required time                                           10.00                     
  ----------------------------------------------------------------------------------------------------
  data required time                                           10.00                     
  data arrival time                                            -0.12                     
  ----------------------------------------------------------------------------------------------------
  slack (MET)                                                   9.88                     


  Startpoint: shifted_reg_13_
              (rising edge-triggered flip-flop clocked by CLK)
  Endpoint: out[13] (output port clocked by CLK)
  Scenario: mode_norm.OC_rvt_ss_0p900v_125c
  Path Group: REGOUT
  Path Type: max

Attributes:
    d - dont_touch
    u - dont_use
   mo - map_only
   so - size_only
    i - ideal_net or ideal_network
  inf - infeasible path

  Point                         Fanout     Trans      Incr       Path      Attributes     Voltage
  -----------------------------------------------------------------------------------------------------
  clock CLK (rise edge)                               0.00       0.00                     
  clock network delay (ideal)                         0.00       0.00                     
  shifted_reg_13_/CK (DFFQ_X0P5M_A9TR)      0.00      0.00       0.00 r                   0.90
  shifted_reg_13_/Q (DFFQ_X0P5M_A9TR)       0.02      0.11       0.11 f                   0.90
  out[13] (net)                   1                   0.00       0.11 f                   
  out[13] (out)                             0.02      0.00 *     0.11 f                   
  data arrival time                                              0.11                     

  clock CLK (rise edge)                              10.00      10.00                     
  clock network delay (ideal)                         0.00      10.00                     
  output external delay                               0.00      10.00                     
  data required time                                            10.00                     
  -----------------------------------------------------------------------------------------------------
  data required time                                            10.00                     
  data arrival time                                             -0.11                     
  -----------------------------------------------------------------------------------------------------
  slack (MET)                                                    9.89                     


  Startpoint: shifted_reg_8_
              (rising edge-triggered flip-flop clocked by CLK)
  Endpoint: out[8] (output port clocked by CLK)
  Scenario: mode_norm.OC_rvt_ss_0p900v_125c
  Path Group: REGOUT
  Path Type: max

Attributes:
    d - dont_touch
    u - dont_use
   mo - map_only
   so - size_only
    i - ideal_net or ideal_network
  inf - infeasible path

  Point                        Fanout     Trans      Incr       Path      Attributes     Voltage
  ----------------------------------------------------------------------------------------------------
  clock CLK (rise edge)                              0.00       0.00                     
  clock network delay (ideal)                        0.00       0.00                     
  shifted_reg_8_/CK (DFFQ_X0P5M_A9TR)      0.00      0.00       0.00 r                   0.90
  shifted_reg_8_/Q (DFFQ_X0P5M_A9TR)       0.02      0.11       0.11 f                   0.90
  out[8] (net)                   1                   0.00       0.11 f                   
  out[8] (out)                             0.02      0.00 *     0.11 f                   
  data arrival time                                             0.11                     

  clock CLK (rise edge)                             10.00      10.00                     
  clock network delay (ideal)                        0.00      10.00                     
  output external delay                              0.00      10.00                     
  data required time                                           10.00                     
  ----------------------------------------------------------------------------------------------------
  data required time                                           10.00                     
  data arrival time                                            -0.11                     
  ----------------------------------------------------------------------------------------------------
  slack (MET)                                                   9.89                     


  Startpoint: shifted_reg_2_
              (rising edge-triggered flip-flop clocked by CLK)
  Endpoint: out[2] (output port clocked by CLK)
  Scenario: mode_norm.OC_rvt_ss_0p900v_125c
  Path Group: REGOUT
  Path Type: max

Attributes:
    d - dont_touch
    u - dont_use
   mo - map_only
   so - size_only
    i - ideal_net or ideal_network
  inf - infeasible path

  Point                        Fanout     Trans      Incr       Path      Attributes     Voltage
  ----------------------------------------------------------------------------------------------------
  clock CLK (rise edge)                              0.00       0.00                     
  clock network delay (ideal)                        0.00       0.00                     
  shifted_reg_2_/CK (DFFQ_X0P5M_A9TR)      0.00      0.00       0.00 r                   0.90
  shifted_reg_2_/Q (DFFQ_X0P5M_A9TR)       0.02      0.11       0.11 f                   0.90
  out[2] (net)                   1                   0.00       0.11 f                   
  out[2] (out)                             0.02      0.00 *     0.11 f                   
  data arrival time                                             0.11                     

  clock CLK (rise edge)                             10.00      10.00                     
  clock network delay (ideal)                        0.00      10.00                     
  output external delay                              0.00      10.00                     
  data required time                                           10.00                     
  ----------------------------------------------------------------------------------------------------
  data required time                                           10.00                     
  data arrival time                                            -0.11                     
  ----------------------------------------------------------------------------------------------------
  slack (MET)                                                   9.89                     


  Startpoint: shifted_reg_12_
              (rising edge-triggered flip-flop clocked by CLK)
  Endpoint: out[12] (output port clocked by CLK)
  Scenario: mode_norm.OC_rvt_ss_0p900v_125c
  Path Group: REGOUT
  Path Type: max

Attributes:
    d - dont_touch
    u - dont_use
   mo - map_only
   so - size_only
    i - ideal_net or ideal_network
  inf - infeasible path

  Point                         Fanout     Trans      Incr       Path      Attributes     Voltage
  -----------------------------------------------------------------------------------------------------
  clock CLK (rise edge)                               0.00       0.00                     
  clock network delay (ideal)                         0.00       0.00                     
  shifted_reg_12_/CK (DFFQ_X0P5M_A9TR)      0.00      0.00       0.00 r                   0.90
  shifted_reg_12_/Q (DFFQ_X0P5M_A9TR)       0.02      0.11       0.11 f                   0.90
  out[12] (net)                   1                   0.00       0.11 f                   
  out[12] (out)                             0.02      0.00 *     0.11 f                   
  data arrival time                                              0.11                     

  clock CLK (rise edge)                              10.00      10.00                     
  clock network delay (ideal)                         0.00      10.00                     
  output external delay                               0.00      10.00                     
  data required time                                            10.00                     
  -----------------------------------------------------------------------------------------------------
  data required time                                            10.00                     
  data arrival time                                             -0.11                     
  -----------------------------------------------------------------------------------------------------
  slack (MET)                                                    9.89                     


  Startpoint: shifted_reg_10_
              (rising edge-triggered flip-flop clocked by CLK)
  Endpoint: out[10] (output port clocked by CLK)
  Scenario: mode_norm.OC_rvt_ss_0p900v_125c
  Path Group: REGOUT
  Path Type: max

Attributes:
    d - dont_touch
    u - dont_use
   mo - map_only
   so - size_only
    i - ideal_net or ideal_network
  inf - infeasible path

  Point                         Fanout     Trans      Incr       Path      Attributes     Voltage
  -----------------------------------------------------------------------------------------------------
  clock CLK (rise edge)                               0.00       0.00                     
  clock network delay (ideal)                         0.00       0.00                     
  shifted_reg_10_/CK (DFFQ_X0P5M_A9TR)      0.00      0.00       0.00 r                   0.90
  shifted_reg_10_/Q (DFFQ_X0P5M_A9TR)       0.02      0.11       0.11 f                   0.90
  out[10] (net)                   1                   0.00       0.11 f                   
  out[10] (out)                             0.02      0.00 *     0.11 f                   
  data arrival time                                              0.11                     

  clock CLK (rise edge)                              10.00      10.00                     
  clock network delay (ideal)                         0.00      10.00                     
  output external delay                               0.00      10.00                     
  data required time                                            10.00                     
  -----------------------------------------------------------------------------------------------------
  data required time                                            10.00                     
  data arrival time                                             -0.11                     
  -----------------------------------------------------------------------------------------------------
  slack (MET)                                                    9.89                     


1
