 
****************************************
Report : area
Design : VX_barrel_shifter
Version: V-2023.12-SP5-3
Date   : Thu May 21 21:49:16 2026
****************************************

Library(s) Used:

    sc9_cmos28lpp_base_rvt_ss_nominal_max_0p900v_125c_sadhm (File: /tool/PDK/Samsung/LN28LPP_202203/PRIMITIVES/RVT/ln28lpp_sc_9t_base_rvt_c130_V1.00d/FE-Common/LIBERTY/sc9_cmos28lpp_base_rvt_ss_nominal_max_0p900v_125c_sadhm.db)

Number of ports:                           42
Number of nets:                           125
Number of cells:                          100
Number of combinational cells:             81
Number of sequential cells:                17
Number of macros/black boxes:               0
Number of buf/inv:                          6
Number of references:                      18

Combinational area:                 51.129001
Buf/Inv area:                        2.106000
Noncombinational area:              35.450999
Macro/Black Box area:                0.000000
Net Interconnect area:      undefined  (No wire load specified)

Total cell area:                    86.580000
Total area:                 undefined

Core Area:                       152
Aspect Ratio:                 1.0422
Utilization Ratio:            0.5684


The above information was reported from the logical library. The following are from the physical library:

  Total moveable cell area: 86.6
  Total fixed cell area: 0.0
  Total physical cell area: 86.6
 Core area: 0.000, 0.000, 12.090, 12.600

Hierarchical area distribution
------------------------------

                                  Global cell area          Local cell area
                                  ------------------  --------------------------- 
Hierarchical cell                 Absolute   Percent  Combi-    Noncombi-  Black-
                                  Total      Total    national  national   boxes   Design
--------------------------------  ---------  -------  --------  ---------  ------  --------------------------------------
VX_barrel_shifter                   86.5800    100.0   51.1290    33.6960  0.0000  VX_barrel_shifter
clk_gate_shifted_reg                 1.7550      2.0    0.0000     1.7550  0.0000  SNPS_CLOCK_GATE_HIGH_VX_barrel_shifter
--------------------------------  ---------  -------  --------  ---------  ------  --------------------------------------
Total                                                  51.1290    35.4510  0.0000

1
