Information: Propagating switching activity (high effort zero delay simulation). (PWR-6)
Warning: Design has unannotated primary inputs. (PWR-414)
Warning: Design has unannotated sequential cell outputs. (PWR-415)
 
****************************************
Report : power
        -hier
        -analysis_effort high
        -verbose
Design : VX_stream_xbar__28a0d7fb0405
Scenario(s): mode_norm.OC_rvt_ss_0p900v_125c
Version: V-2023.12-SP5-3
Date   : Tue Jul 21 09:05:53 2026
****************************************


Library(s) Used:

    sc9_cmos28lpp_base_rvt_ss_nominal_max_0p900v_125c_sadhm (File: /tool/PDK/Samsung/LN28LPP_202203/PRIMITIVES/RVT/ln28lpp_sc_9t_base_rvt_c130_V1.00d/FE-Common/LIBERTY/sc9_cmos28lpp_base_rvt_ss_nominal_max_0p900v_125c_sadhm.db)


Global Operating Voltage = 0.9  
Power-specific unit information :
    Voltage Units = 1V
    Capacitance Units = 1.000000pf
    Time Units = 1ns
    Dynamic Power Units = 1mW    (derived from V,C,T units)
    Leakage Power Units = 1uW


--------------------------------------------------------------------------------
                                       Switch   Int      Leak     Total
Hierarchy                              Power    Power    Power    Power    %
--------------------------------------------------------------------------------
VX_stream_xbar__28a0d7fb0405              0.125 6.98e-02   33.545    0.228 100.0
  genblk3_u_pop_count_ex (VX_popcount) 9.18e-06 2.06e-05 2.57e-02 5.55e-05   0.0
    g_popcount6_pc63 (VX_popcount63)   9.18e-06 2.06e-05 2.57e-02 5.55e-05   0.0
  genblk2_u_buffer_ex (VX_pipe_register) 2.01e-05 9.55e-04 5.56e-02 1.03e-03   0.5
    g_shift_register (VX_shift_register_4_4_1_0) 2.01e-05 9.55e-04 5.56e-02 1.03e-03   0.5
  g_multi_inputs_g_multiple_outputs_g_xbar_arbs_3__xbar_arb (VX_stream_arb_10_0) 3.05e-02 1.66e-02    8.231 5.53e-02  24.2
    g_input_select_g_arbiter_g_out_buf_0__out_buf (VX_elastic_buffer_521_0_0_0_0) 1.34e-02 7.50e-03    3.507 2.44e-02  10.7
    g_input_select_g_arbiter_arbiter (VX_generic_arbiter_0) 2.64e-04 3.71e-04    0.176 8.11e-04   0.4
      g_round_robin_rr_arbiter (VX_rr_arbiter_0) 2.64e-04 3.71e-04    0.176 8.11e-04   0.4
        g_model1_onehot_encoder (VX_onehot_encoder_1_0) 1.46e-04 4.16e-05 2.15e-02 2.09e-04   0.1
  g_multi_inputs_g_multiple_outputs_g_xbar_arbs_2__xbar_arb (VX_stream_arb_10_1) 3.07e-02 1.68e-02    8.213 5.58e-02  24.4
    g_input_select_g_arbiter_g_out_buf_0__out_buf (VX_elastic_buffer_521_0_0_0_1) 1.37e-02 7.56e-03    3.506 2.47e-02  10.8
    g_input_select_g_arbiter_arbiter (VX_generic_arbiter_11) 2.53e-04 3.74e-04    0.176 8.03e-04   0.4
      g_round_robin_rr_arbiter (VX_rr_arbiter_4) 2.53e-04 3.74e-04    0.176 8.03e-04   0.4
        g_model1_onehot_encoder (VX_onehot_encoder_1_1) 1.31e-04 4.24e-05 2.15e-02 1.95e-04   0.1
  g_multi_inputs_g_multiple_outputs_g_xbar_arbs_1__xbar_arb (VX_stream_arb_10_2) 2.96e-02 1.70e-02    8.269 5.49e-02  24.1
    g_input_select_g_arbiter_g_out_buf_0__out_buf (VX_elastic_buffer_521_0_0_0_2) 1.30e-02 7.63e-03    3.507 2.42e-02  10.6
    g_input_select_g_arbiter_arbiter (VX_generic_arbiter_12) 2.48e-04 3.75e-04    0.178 8.01e-04   0.4
      g_round_robin_rr_arbiter (VX_rr_arbiter_5) 2.48e-04 3.75e-04    0.178 8.01e-04   0.4
        g_model1_onehot_encoder (VX_onehot_encoder_1_2) 1.03e-04 4.31e-05 2.15e-02 1.68e-04   0.1
  g_multi_inputs_g_multiple_outputs_g_xbar_arbs_0__xbar_arb (VX_stream_arb_10_3) 3.33e-02 1.69e-02    8.244 5.84e-02  25.6
    g_input_select_g_arbiter_g_out_buf_0__out_buf (VX_elastic_buffer_521_0_0_0_3) 1.66e-02 7.61e-03    3.506 2.77e-02  12.2
    g_input_select_g_arbiter_arbiter (VX_generic_arbiter_13) 2.30e-04 3.76e-04    0.178 7.84e-04   0.3
      g_round_robin_rr_arbiter (VX_rr_arbiter_6) 2.30e-04 3.76e-04    0.178 7.84e-04   0.3
        g_model1_onehot_encoder (VX_onehot_encoder_1_3) 9.57e-05 4.26e-05 2.15e-02 1.60e-04   0.1
  g_multi_inputs_g_multiple_outputs_val_in_transpose (VX_transpose_0) 1.22e-04 8.33e-05    0.100 3.06e-04   0.1
  g_multi_inputs_g_multiple_outputs_g_sel_in_demux_3__sel_in_demux (VX_demux_0) 2.18e-05 3.13e-05 2.11e-02 7.43e-05   0.0
  g_multi_inputs_g_multiple_outputs_g_sel_in_demux_2__sel_in_demux (VX_demux_4) 2.34e-05 3.03e-05 2.11e-02 7.48e-05   0.0
  g_multi_inputs_g_multiple_outputs_g_sel_in_demux_1__sel_in_demux (VX_demux_5) 2.23e-05 3.07e-05 2.11e-02 7.41e-05   0.0
  g_multi_inputs_g_multiple_outputs_g_sel_in_demux_0__sel_in_demux (VX_demux_6) 2.20e-05 3.00e-05 2.11e-02 7.32e-05   0.0
  g_multi_inputs_g_multiple_outputs_rdy_in_transpose (VX_transpose_5) 4.26e-05 6.87e-05 9.90e-02 2.10e-04   0.1
1
