Information: Propagating switching activity (high effort zero delay simulation). (PWR-6)
Warning: Design has unannotated primary inputs. (PWR-414)
Warning: Design has unannotated sequential cell outputs. (PWR-415)
 
****************************************
Report : power
        -hier
        -analysis_effort high
        -verbose
Design : VX_stream_xbar__6df738aa32c5
Scenario(s): mode_norm.OC_rvt_ss_0p900v_125c
Version: V-2023.12-SP5-3
Date   : Tue Jul 21 09:31:55 2026
****************************************


Library(s) Used:

    sc9_cmos28lpp_base_rvt_ss_nominal_max_0p900v_125c_sadhm (File: /tool/PDK/Samsung/LN28LPP_202203/PRIMITIVES/RVT/ln28lpp_sc_9t_base_rvt_c130_V1.00d/FE-Common/LIBERTY/sc9_cmos28lpp_base_rvt_ss_nominal_max_0p900v_125c_sadhm.db)


Global Operating Voltage = 0.9  
Power-specific unit information :
    Voltage Units = 1V
    Capacitance Units = 1.000000pf
    Time Units = 1ns
    Dynamic Power Units = 1mW    (derived from V,C,T units)
    Leakage Power Units = 1uW


--------------------------------------------------------------------------------
                                       Switch   Int      Leak     Total
Hierarchy                              Power    Power    Power    Power    %
--------------------------------------------------------------------------------
VX_stream_xbar__6df738aa32c5              0.127 6.94e-02   33.400    0.230 100.0
  genblk3_u_pop_count_ex (VX_popcount) 7.50e-06 2.12e-05 2.58e-02 5.45e-05   0.0
    g_popcount6_pc63 (VX_popcount63)   7.50e-06 2.12e-05 2.58e-02 5.45e-05   0.0
  genblk2_u_buffer_ex (VX_pipe_register) 2.25e-05 9.57e-04 5.56e-02 1.04e-03   0.5
    g_shift_register (VX_shift_register_4_4_1_0) 2.25e-05 9.57e-04 5.56e-02 1.04e-03   0.5
  g_multi_inputs_g_multiple_outputs_g_xbar_arbs_3__xbar_arb (VX_stream_arb_30_0) 3.09e-02 1.67e-02    8.213 5.58e-02  24.3
    g_input_select_g_arbiter_g_out_buf_0__out_buf (VX_elastic_buffer_519_0_0_0_0) 1.33e-02 7.50e-03    3.493 2.43e-02  10.6
    g_input_select_g_arbiter_arbiter (VX_generic_arbiter_0) 2.68e-04 3.73e-04    0.177 8.17e-04   0.4
      g_round_robin_rr_arbiter (VX_rr_arbiter_0) 2.68e-04 3.73e-04    0.177 8.17e-04   0.4
        g_model1_onehot_encoder (VX_onehot_encoder_1_0) 1.36e-04 4.16e-05 2.14e-02 1.99e-04   0.1
  g_multi_inputs_g_multiple_outputs_g_xbar_arbs_2__xbar_arb (VX_stream_arb_30_1) 3.15e-02 1.66e-02    8.185 5.63e-02  24.5
    g_input_select_g_arbiter_g_out_buf_0__out_buf (VX_elastic_buffer_519_0_0_0_1) 1.41e-02 7.50e-03    3.493 2.51e-02  10.9
    g_input_select_g_arbiter_arbiter (VX_generic_arbiter_11) 2.69e-04 3.67e-04    0.177 8.12e-04   0.4
      g_round_robin_rr_arbiter (VX_rr_arbiter_4) 2.69e-04 3.67e-04    0.177 8.12e-04   0.4
        g_model1_onehot_encoder (VX_onehot_encoder_1_1) 1.35e-04 4.19e-05 2.15e-02 1.98e-04   0.1
  g_multi_inputs_g_multiple_outputs_g_xbar_arbs_1__xbar_arb (VX_stream_arb_30_2) 3.04e-02 1.67e-02    8.204 5.53e-02  24.1
    g_input_select_g_arbiter_g_out_buf_0__out_buf (VX_elastic_buffer_519_0_0_0_2) 1.33e-02 7.51e-03    3.493 2.43e-02  10.6
    g_input_select_g_arbiter_arbiter (VX_generic_arbiter_12) 2.43e-04 3.69e-04    0.175 7.87e-04   0.3
      g_round_robin_rr_arbiter (VX_rr_arbiter_5) 2.43e-04 3.69e-04    0.175 7.87e-04   0.3
        g_model1_onehot_encoder (VX_onehot_encoder_1_2) 1.20e-04 4.11e-05 2.02e-02 1.81e-04   0.1
  g_multi_inputs_g_multiple_outputs_g_xbar_arbs_0__xbar_arb (VX_stream_arb_30_3) 3.34e-02 1.68e-02    8.207 5.84e-02  25.4
    g_input_select_g_arbiter_g_out_buf_0__out_buf (VX_elastic_buffer_519_0_0_0_3) 1.63e-02 7.56e-03    3.493 2.74e-02  11.9
    g_input_select_g_arbiter_arbiter (VX_generic_arbiter_13) 2.14e-04 3.76e-04    0.177 7.67e-04   0.3
      g_round_robin_rr_arbiter (VX_rr_arbiter_6) 2.14e-04 3.76e-04    0.177 7.67e-04   0.3
        g_model1_onehot_encoder (VX_onehot_encoder_1_3) 9.15e-05 4.26e-05 2.15e-02 1.56e-04   0.1
  g_multi_inputs_g_multiple_outputs_val_in_transpose (VX_transpose_0) 1.22e-04 8.37e-05    0.100 3.07e-04   0.1
  g_multi_inputs_g_multiple_outputs_g_sel_in_demux_3__sel_in_demux (VX_demux_0) 2.70e-05 3.06e-05 2.11e-02 7.87e-05   0.0
  g_multi_inputs_g_multiple_outputs_g_sel_in_demux_2__sel_in_demux (VX_demux_4) 2.87e-05 3.05e-05 2.11e-02 8.03e-05   0.0
  g_multi_inputs_g_multiple_outputs_g_sel_in_demux_1__sel_in_demux (VX_demux_5) 2.98e-05 3.06e-05 2.11e-02 8.14e-05   0.0
  g_multi_inputs_g_multiple_outputs_g_sel_in_demux_0__sel_in_demux (VX_demux_6) 2.73e-05 3.09e-05 2.11e-02 7.93e-05   0.0
  g_multi_inputs_g_multiple_outputs_rdy_in_transpose (VX_transpose_5) 5.73e-05 7.04e-05 9.90e-02 2.27e-04   0.1
1
