 
****************************************
Report : area
Design : VX_mem_arb__8510cc7fe712
Version: V-2023.12-SP5-3
Date   : Tue Jul 21 07:01:01 2026
****************************************

Library(s) Used:

    sc9_cmos28lpp_base_rvt_ss_nominal_max_0p900v_125c_sadhm (File: /tool/PDK/Samsung/LN28LPP_202203/PRIMITIVES/RVT/ln28lpp_sc_9t_base_rvt_c130_V1.00d/FE-Common/LIBERTY/sc9_cmos28lpp_base_rvt_ss_nominal_max_0p900v_125c_sadhm.db)

Number of ports:                        27390
Number of nets:                         27360
Number of cells:                         4570
Number of combinational cells:           4560
Number of sequential cells:                 0
Number of macros/black boxes:               0
Number of buf/inv:                       4560
Number of references:                       2

Combinational area:               2134.079976
Buf/Inv area:                     2134.079976
Noncombinational area:               0.000000
Macro/Black Box area:                0.000000
Net Interconnect area:      undefined  (No wire load specified)

Total cell area:                  2134.079976
Total area:                 undefined

Core Area:                     23094
Aspect Ratio:                 1.0017
Utilization Ratio:            0.0924


The above information was reported from the logical library. The following are from the physical library:

  Total moveable cell area: 2134.1
  Total fixed cell area: 0.0
  Total physical cell area: 2134.1
 Core area: 0.000, 0.000, 151.840, 152.100

Hierarchical area distribution
------------------------------

                                  Global cell area          Local cell area
                                  ------------------  ---------------------------- 
Hierarchical cell                 Absolute   Percent  Combi-     Noncombi-  Black-
                                  Total      Total    national   national   boxes   Design
--------------------------------  ---------  -------  ---------  ---------  ------  -----------------------------
VX_mem_arb__8510cc7fe712          2134.0800    100.0     0.0000     0.0000  0.0000  VX_mem_arb__8510cc7fe712
g_rsp_arb_req_arb                  977.1840     45.8     0.0000     0.0000  0.0000  VX_stream_arb_1
g_rsp_arb_req_arb/g_passthru_g_out_buf_0__out_buf  244.2960    11.4  244.2960    0.0000 0.0000 VX_elastic_buffer_520_0_0_0_3
g_rsp_arb_req_arb/g_passthru_g_out_buf_1__out_buf  244.2960    11.4  244.2960    0.0000 0.0000 VX_elastic_buffer_520_0_0_0_2
g_rsp_arb_req_arb/g_passthru_g_out_buf_2__out_buf  244.2960    11.4  244.2960    0.0000 0.0000 VX_elastic_buffer_520_0_0_0_1
g_rsp_arb_req_arb/g_passthru_g_out_buf_3__out_buf  244.2960    11.4  244.2960    0.0000 0.0000 VX_elastic_buffer_520_0_0_0_0
req_arb                           1156.8960     54.2     0.0000     0.0000  0.0000  VX_stream_arb_2
req_arb/g_passthru_g_out_buf_0__out_buf  289.2240    13.6  289.2240    0.0000 0.0000 VX_elastic_buffer_616_0_0_0_3
req_arb/g_passthru_g_out_buf_1__out_buf  289.2240    13.6  289.2240    0.0000 0.0000 VX_elastic_buffer_616_0_0_0_2
req_arb/g_passthru_g_out_buf_2__out_buf  289.2240    13.6  289.2240    0.0000 0.0000 VX_elastic_buffer_616_0_0_0_1
req_arb/g_passthru_g_out_buf_3__out_buf  289.2240    13.6  289.2240    0.0000 0.0000 VX_elastic_buffer_616_0_0_0_0
--------------------------------  ---------  -------  ---------  ---------  ------  -----------------------------
Total                                                 2134.0800     0.0000  0.0000

1
