Information: Propagating switching activity (high effort zero delay simulation). (PWR-6)
Warning: Design has unannotated primary inputs. (PWR-414)
 
****************************************
Report : power
        -hier
        -analysis_effort high
        -verbose
Design : VX_mem_arb__8510cc7fe712
Scenario(s): mode_norm.OC_rvt_ss_0p900v_125c
Version: V-2023.12-SP5-3
Date   : Tue Jul 21 07:01:02 2026
****************************************


Library(s) Used:

    sc9_cmos28lpp_base_rvt_ss_nominal_max_0p900v_125c_sadhm (File: /tool/PDK/Samsung/LN28LPP_202203/PRIMITIVES/RVT/ln28lpp_sc_9t_base_rvt_c130_V1.00d/FE-Common/LIBERTY/sc9_cmos28lpp_base_rvt_ss_nominal_max_0p900v_125c_sadhm.db)


Global Operating Voltage = 0.9  
Power-specific unit information :
    Voltage Units = 1V
    Capacitance Units = 1.000000pf
    Time Units = 1ns
    Dynamic Power Units = 1mW    (derived from V,C,T units)
    Leakage Power Units = 1uW


--------------------------------------------------------------------------------
                                       Switch   Int      Leak     Total
Hierarchy                              Power    Power    Power    Power    %
--------------------------------------------------------------------------------
VX_mem_arb__8510cc7fe712               6.92e-02 3.38e-02   30.580    0.134 100.0
  g_rsp_arb_req_arb (VX_stream_arb_1)  2.77e-02 1.54e-02   14.002 5.72e-02  42.8
    g_passthru_g_out_buf_3__out_buf (VX_elastic_buffer_520_0_0_0_0) 9.53e-03 3.89e-03    3.501 1.69e-02  12.7
    g_passthru_g_out_buf_2__out_buf (VX_elastic_buffer_520_0_0_0_1) 6.27e-03 3.86e-03    3.501 1.36e-02  10.2
    g_passthru_g_out_buf_1__out_buf (VX_elastic_buffer_520_0_0_0_2) 5.91e-03 3.86e-03    3.501 1.33e-02   9.9
    g_passthru_g_out_buf_0__out_buf (VX_elastic_buffer_520_0_0_0_3) 6.02e-03 3.84e-03    3.501 1.34e-02  10.0
  req_arb (VX_stream_arb_2)            4.15e-02 1.84e-02   16.577 7.64e-02  57.2
    g_passthru_g_out_buf_3__out_buf (VX_elastic_buffer_616_0_0_0_0) 7.02e-03 4.56e-03    4.144 1.57e-02  11.8
    g_passthru_g_out_buf_2__out_buf (VX_elastic_buffer_616_0_0_0_1) 7.18e-03 4.57e-03    4.144 1.59e-02  11.9
    g_passthru_g_out_buf_1__out_buf (VX_elastic_buffer_616_0_0_0_2) 1.34e-02 4.61e-03    4.144 2.22e-02  16.6
    g_passthru_g_out_buf_0__out_buf (VX_elastic_buffer_616_0_0_0_3) 1.39e-02 4.62e-03    4.144 2.26e-02  17.0
1
