Information: Propagating switching activity (high effort zero delay simulation). (PWR-6)
Warning: Design has unannotated primary inputs. (PWR-414)
Warning: Design has unannotated sequential cell outputs. (PWR-415)
 
****************************************
Report : power
        -hier
        -analysis_effort high
        -verbose
Design : VX_lmem_switch__7f008141c976
Scenario(s): mode_norm.OC_rvt_ss_0p900v_125c
Version: V-2023.12-SP5-3
Date   : Thu Jul 23 22:43:55 2026
****************************************


Library(s) Used:

    sc9_cmos28lpp_base_rvt_ss_nominal_max_0p900v_125c_sadhm (File: /tool/PDK/Samsung/LN28LPP_202203/PRIMITIVES/RVT/ln28lpp_sc_9t_base_rvt_c130_V1.00d/FE-Common/LIBERTY/sc9_cmos28lpp_base_rvt_ss_nominal_max_0p900v_125c_sadhm.db)


Global Operating Voltage = 0.9  
Power-specific unit information :
    Voltage Units = 1V
    Capacitance Units = 1.000000pf
    Time Units = 1ns
    Dynamic Power Units = 1mW    (derived from V,C,T units)
    Leakage Power Units = 1uW


--------------------------------------------------------------------------------
                                       Switch   Int      Leak     Total
Hierarchy                              Power    Power    Power    Power    %
--------------------------------------------------------------------------------
VX_lmem_switch__7f008141c976              0.882    3.379  229.427    4.491 100.0
  rsp_arb (VX_stream_arb_15)              0.197    0.402   49.429    0.649  14.4
    g_input_select_g_arbiter_g_out_buf_0__out_buf (VX_elastic_buffer_2084_1_1_0) 9.85e-02    0.370   31.769    0.500  11.1
      g_eb1_pipe_buffer (VX_pipe_buffer_34) 9.85e-02    0.370   31.769    0.500  11.1
        g_register_g_pipe_regs_0__pipe_register (VX_pipe_register_33) 9.85e-02    0.370   31.764    0.500  11.1
          g_shift_register (VX_shift_register_2085_1_1_0) 9.85e-02    0.370   31.764    0.500  11.1
    g_input_select_g_arbiter_arbiter (VX_generic_arbiter_2) 5.01e-05 5.43e-05 3.74e-02 1.42e-04   0.0
      g_priority_priority_arbiter (VX_priority_arbiter_1) 5.01e-05 5.43e-05 3.74e-02 1.42e-04   0.0
        g_encoder_grant_sel (VX_priority_encoder_1) 5.01e-05 5.43e-05 3.74e-02 1.42e-04   0.0
          g_lsb_g_model1_lzc (VX_lzc_1) 3.38e-05 2.27e-05 1.53e-02 7.17e-05   0.0
            g_lzc_find_first (VX_find_first_4_2_0) 3.38e-05 2.27e-05 1.53e-02 7.17e-05   0.0
  req_dma_buf (VX_elastic_buffer_12_0)    0.231    1.107   51.366    1.389  30.9
    g_eb1_pipe_buffer (VX_pipe_buffer_19_0)    0.231    1.107   51.366    1.389  30.9
      g_register_g_pipe_regs_0__pipe_register (VX_pipe_register_27_0)    0.231    1.107   51.360    1.389  30.9
        g_shift_register (VX_shift_register_3428_1_1_0_0)    0.231    1.107   51.360    1.389  30.9
  req_gemm_buf (VX_elastic_buffer_12_1)    0.202    1.107   51.366    1.361  30.3
    g_eb1_pipe_buffer (VX_pipe_buffer_19_1)    0.202    1.107   51.366    1.361  30.3
      g_register_g_pipe_regs_0__pipe_register (VX_pipe_register_27_1)    0.202    1.107   51.360    1.360  30.3
        g_shift_register (VX_shift_register_3428_1_1_0_1)    0.202    1.107   51.360    1.360  30.3
  req_local_buf (VX_elastic_buffer_12_2)    0.157    0.735   52.090    0.944  21.0
    g_eb1_pipe_buffer (VX_pipe_buffer_19_2)    0.157    0.735   52.090    0.944  21.0
      g_register_g_pipe_regs_0__pipe_register (VX_pipe_register_27_2)    0.157    0.735   52.082    0.943  21.0
        g_shift_register (VX_shift_register_3428_1_1_0_2)    0.157    0.735   52.082    0.943  21.0
  req_global_buf (VX_elastic_buffer_11) 9.35e-02 2.57e-02   22.986    0.142   3.2
1
