Information: Propagating switching activity (high effort zero delay simulation). (PWR-6)
Warning: Design has unannotated primary inputs. (PWR-414)
Warning: Design has unannotated sequential cell outputs. (PWR-415)
 
****************************************
Report : power
        -hier
        -analysis_effort high
        -verbose
Design : VX_mem_arb__ccefc13a2312
Scenario(s): mode_norm.OC_rvt_ss_0p900v_125c
Version: V-2023.12-SP5-3
Date   : Wed Jul 29 06:24:36 2026
****************************************


Library(s) Used:

    sc9_cmos28lpp_base_rvt_ss_nominal_max_0p900v_125c_sadhm (File: /tool/PDK/Samsung/LN28LPP_202203/PRIMITIVES/RVT/ln28lpp_sc_9t_base_rvt_c130_V1.00d/FE-Common/LIBERTY/sc9_cmos28lpp_base_rvt_ss_nominal_max_0p900v_125c_sadhm.db)


Global Operating Voltage = 0.9  
Power-specific unit information :
    Voltage Units = 1V
    Capacitance Units = 1.000000pf
    Time Units = 1ns
    Dynamic Power Units = 1mW    (derived from V,C,T units)
    Leakage Power Units = 1uW


--------------------------------------------------------------------------------
                                       Switch   Int      Leak     Total
Hierarchy                              Power    Power    Power    Power    %
--------------------------------------------------------------------------------
VX_mem_arb__ccefc13a2312               1.31e-02 6.41e-02   16.549 9.38e-02 100.0
  g_rsp_select_rsp_switch (VX_stream_switch_7) 3.36e-03 2.08e-02   10.148 3.43e-02  36.6
    g_out_buf_2__out_buf (VX_elastic_buffer_43_0) 1.13e-03 7.01e-03    3.368 1.15e-02  12.3
      g_eb2_out_buf (VX_pipe_buffer_24_0) 9.16e-05 1.03e-04    0.488 6.83e-04   0.7
      g_eb2_stream_buffer (VX_stream_buffer_71_0_0) 1.04e-03 6.91e-03    2.880 1.08e-02  11.5
    g_out_buf_1__out_buf (VX_elastic_buffer_43_1) 1.09e-03 6.93e-03    3.366 1.14e-02  12.1
      g_eb2_out_buf (VX_pipe_buffer_24_1) 7.53e-05 1.08e-04    0.488 6.71e-04   0.7
      g_eb2_stream_buffer (VX_stream_buffer_71_0_1) 1.01e-03 6.82e-03    2.879 1.07e-02  11.4
    g_out_buf_0__out_buf (VX_elastic_buffer_43_2) 1.10e-03 6.82e-03    3.378 1.13e-02  12.0
      g_eb2_out_buf (VX_pipe_buffer_24_2) 9.44e-05 1.07e-04    0.488 6.90e-04   0.7
      g_eb2_stream_buffer (VX_stream_buffer_71_0_2) 1.01e-03 6.71e-03    2.891 1.06e-02  11.3
  g_rsp_select_g_rsp_data_in_0__bits_remove (VX_bits_remove_6) 1.11e-04 6.77e-05 6.04e-02 2.39e-04   0.3
  g_bus_out_if_0__g_req_tag_sel_out_bits_insert (VX_bits_insert_6) 2.76e-05 4.93e-05 5.97e-02 1.37e-04   0.1
  req_arb (VX_stream_arb_23)           9.61e-03 4.32e-02    6.281 5.91e-02  63.0
    g_input_select_g_arbiter_g_out_buf_0__out_buf (VX_elastic_buffer_116_2_0_0) 7.75e-03 4.11e-02    5.411 5.42e-02  57.8
      g_eb2_out_buf (VX_pipe_buffer_48) 4.99e-04 7.01e-04    0.791 1.99e-03   2.1
      g_eb2_stream_buffer (VX_stream_buffer_116_0) 7.25e-03 4.04e-02    4.621 5.22e-02  55.7
    g_input_select_g_arbiter_arbiter (VX_generic_arbiter_7) 4.14e-05 4.01e-05 3.06e-02 1.12e-04   0.1
      g_priority_priority_arbiter (VX_priority_arbiter_3) 4.14e-05 4.01e-05 3.06e-02 1.12e-04   0.1
        g_encoder_grant_sel (VX_priority_encoder_6) 4.14e-05 4.01e-05 3.06e-02 1.12e-04   0.1
          g_lsb_g_model1_lzc (VX_lzc_4) 2.78e-05 2.09e-05 1.52e-02 6.40e-05   0.1
            g_lzc_find_first (VX_find_first_3_2_0) 2.78e-05 2.09e-05 1.52e-02 6.40e-05   0.1
1
