 
****************************************
Report : timing
        -path full
        -delay max
        -nets
        -max_paths 10
        -transition_time
Design : VX_mem_arb__64c70c5d640b
Scenario(s): mode_norm.OC_rvt_ss_0p900v_125c
Version: V-2023.12-SP5-3
Date   : Tue Jul 21 06:52:20 2026
****************************************

 * Some/all delay information is back-annotated.
Wire Load Model Mode: Inactive.

  Startpoint: bus_out_if_0__rsp_data[164]
              (input port clocked by CLK)
  Endpoint: bus_in_if_0__rsp_data[164]
            (output port clocked by CLK)
  Scenario: mode_norm.OC_rvt_ss_0p900v_125c
  Path Group: FEEDTHROUGH
  Path Type: max

Attributes:
    d - dont_touch
    u - dont_use
   mo - map_only
   so - size_only
    i - ideal_net or ideal_network
  inf - infeasible path

  Point                                                                                    Fanout     Trans      Incr       Path      Attributes     Voltage
  ----------------------------------------------------------------------------------------------------------------------------------------------------------------
  clock CLK (rise edge)                                                                                          0.00       0.00                     
  clock network delay (ideal)                                                                                    0.00       0.00                     
  input external delay                                                                                           0.00       0.00 r                   
  bus_out_if_0__rsp_data[164] (in)                                                                     0.29      0.16       0.16 r                   
  bus_out_if_0__rsp_data[164] (net)                                                          1                   0.00       0.16 r                   
  g_rsp_arb_req_arb/data_in[164] (VX_stream_arb_1)                                                               0.00       0.16 r                   
  g_rsp_arb_req_arb/data_in[164] (net)                                                                           0.00       0.16 r                   
  g_rsp_arb_req_arb/g_passthru_g_out_buf_0__out_buf/data_in[164] (VX_elastic_buffer_520_0_0_0_3)                 0.00       0.16 r                   
  g_rsp_arb_req_arb/g_passthru_g_out_buf_0__out_buf/data_in[164] (net)                                           0.00       0.16 r                   
  g_rsp_arb_req_arb/g_passthru_g_out_buf_0__out_buf/U139/Y (BUF_X1M_A9TR)                              0.10      0.14 *     0.29 r                   0.90
  g_rsp_arb_req_arb/g_passthru_g_out_buf_0__out_buf/data_out[164] (net)                      1                   0.00       0.29 r                   
  g_rsp_arb_req_arb/g_passthru_g_out_buf_0__out_buf/data_out[164] (VX_elastic_buffer_520_0_0_0_3)                0.00       0.29 r                   
  g_rsp_arb_req_arb/data_out[164] (net)                                                                          0.00       0.29 r                   
  g_rsp_arb_req_arb/data_out[164] (VX_stream_arb_1)                                                              0.00       0.29 r                   
  bus_in_if_0__rsp_data[164] (net)                                                                               0.00       0.29 r                   
  bus_in_if_0__rsp_data[164] (out)                                                                     0.10      0.00 *     0.30 r                   
  data arrival time                                                                                                         0.30                     

  clock CLK (rise edge)                                                                                          9.90       9.90                     
  clock network delay (ideal)                                                                                    0.00       9.90                     
  output external delay                                                                                          0.00       9.90                     
  data required time                                                                                                        9.90                     
  ----------------------------------------------------------------------------------------------------------------------------------------------------------------
  data required time                                                                                                        9.90                     
  data arrival time                                                                                                        -0.30                     
  ----------------------------------------------------------------------------------------------------------------------------------------------------------------
  slack (MET)                                                                                                               9.60                     


  Startpoint: bus_out_if_0__rsp_data[179]
              (input port clocked by CLK)
  Endpoint: bus_in_if_0__rsp_data[179]
            (output port clocked by CLK)
  Scenario: mode_norm.OC_rvt_ss_0p900v_125c
  Path Group: FEEDTHROUGH
  Path Type: max

Attributes:
    d - dont_touch
    u - dont_use
   mo - map_only
   so - size_only
    i - ideal_net or ideal_network
  inf - infeasible path

  Point                                                                                    Fanout     Trans      Incr       Path      Attributes     Voltage
  ----------------------------------------------------------------------------------------------------------------------------------------------------------------
  clock CLK (rise edge)                                                                                          0.00       0.00                     
  clock network delay (ideal)                                                                                    0.00       0.00                     
  input external delay                                                                                           0.00       0.00 r                   
  bus_out_if_0__rsp_data[179] (in)                                                                     0.29      0.15       0.15 r                   
  bus_out_if_0__rsp_data[179] (net)                                                          1                   0.00       0.15 r                   
  g_rsp_arb_req_arb/data_in[179] (VX_stream_arb_1)                                                               0.00       0.15 r                   
  g_rsp_arb_req_arb/data_in[179] (net)                                                                           0.00       0.15 r                   
  g_rsp_arb_req_arb/g_passthru_g_out_buf_0__out_buf/data_in[179] (VX_elastic_buffer_520_0_0_0_3)                 0.00       0.15 r                   
  g_rsp_arb_req_arb/g_passthru_g_out_buf_0__out_buf/data_in[179] (net)                                           0.00       0.15 r                   
  g_rsp_arb_req_arb/g_passthru_g_out_buf_0__out_buf/U136/Y (BUF_X1M_A9TR)                              0.09      0.14 *     0.29 r                   0.90
  g_rsp_arb_req_arb/g_passthru_g_out_buf_0__out_buf/data_out[179] (net)                      1                   0.00       0.29 r                   
  g_rsp_arb_req_arb/g_passthru_g_out_buf_0__out_buf/data_out[179] (VX_elastic_buffer_520_0_0_0_3)                0.00       0.29 r                   
  g_rsp_arb_req_arb/data_out[179] (net)                                                                          0.00       0.29 r                   
  g_rsp_arb_req_arb/data_out[179] (VX_stream_arb_1)                                                              0.00       0.29 r                   
  bus_in_if_0__rsp_data[179] (net)                                                                               0.00       0.29 r                   
  bus_in_if_0__rsp_data[179] (out)                                                                     0.09      0.00 *     0.29 r                   
  data arrival time                                                                                                         0.29                     

  clock CLK (rise edge)                                                                                          9.90       9.90                     
  clock network delay (ideal)                                                                                    0.00       9.90                     
  output external delay                                                                                          0.00       9.90                     
  data required time                                                                                                        9.90                     
  ----------------------------------------------------------------------------------------------------------------------------------------------------------------
  data required time                                                                                                        9.90                     
  data arrival time                                                                                                        -0.29                     
  ----------------------------------------------------------------------------------------------------------------------------------------------------------------
  slack (MET)                                                                                                               9.61                     


  Startpoint: bus_out_if_0__rsp_data[311]
              (input port clocked by CLK)
  Endpoint: bus_in_if_0__rsp_data[311]
            (output port clocked by CLK)
  Scenario: mode_norm.OC_rvt_ss_0p900v_125c
  Path Group: FEEDTHROUGH
  Path Type: max

Attributes:
    d - dont_touch
    u - dont_use
   mo - map_only
   so - size_only
    i - ideal_net or ideal_network
  inf - infeasible path

  Point                                                                                    Fanout     Trans      Incr       Path      Attributes     Voltage
  ----------------------------------------------------------------------------------------------------------------------------------------------------------------
  clock CLK (rise edge)                                                                                          0.00       0.00                     
  clock network delay (ideal)                                                                                    0.00       0.00                     
  input external delay                                                                                           0.00       0.00 r                   
  bus_out_if_0__rsp_data[311] (in)                                                                     0.29      0.16       0.16 r                   
  bus_out_if_0__rsp_data[311] (net)                                                          1                   0.00       0.16 r                   
  g_rsp_arb_req_arb/data_in[311] (VX_stream_arb_1)                                                               0.00       0.16 r                   
  g_rsp_arb_req_arb/data_in[311] (net)                                                                           0.00       0.16 r                   
  g_rsp_arb_req_arb/g_passthru_g_out_buf_0__out_buf/data_in[311] (VX_elastic_buffer_520_0_0_0_3)                 0.00       0.16 r                   
  g_rsp_arb_req_arb/g_passthru_g_out_buf_0__out_buf/data_in[311] (net)                                           0.00       0.16 r                   
  g_rsp_arb_req_arb/g_passthru_g_out_buf_0__out_buf/U80/Y (BUF_X1M_A9TR)                               0.09      0.13 *     0.29 r                   0.90
  g_rsp_arb_req_arb/g_passthru_g_out_buf_0__out_buf/data_out[311] (net)                      1                   0.00       0.29 r                   
  g_rsp_arb_req_arb/g_passthru_g_out_buf_0__out_buf/data_out[311] (VX_elastic_buffer_520_0_0_0_3)                0.00       0.29 r                   
  g_rsp_arb_req_arb/data_out[311] (net)                                                                          0.00       0.29 r                   
  g_rsp_arb_req_arb/data_out[311] (VX_stream_arb_1)                                                              0.00       0.29 r                   
  bus_in_if_0__rsp_data[311] (net)                                                                               0.00       0.29 r                   
  bus_in_if_0__rsp_data[311] (out)                                                                     0.09      0.00 *     0.29 r                   
  data arrival time                                                                                                         0.29                     

  clock CLK (rise edge)                                                                                          9.90       9.90                     
  clock network delay (ideal)                                                                                    0.00       9.90                     
  output external delay                                                                                          0.00       9.90                     
  data required time                                                                                                        9.90                     
  ----------------------------------------------------------------------------------------------------------------------------------------------------------------
  data required time                                                                                                        9.90                     
  data arrival time                                                                                                        -0.29                     
  ----------------------------------------------------------------------------------------------------------------------------------------------------------------
  slack (MET)                                                                                                               9.61                     


  Startpoint: bus_out_if_0__rsp_data[295]
              (input port clocked by CLK)
  Endpoint: bus_in_if_0__rsp_data[295]
            (output port clocked by CLK)
  Scenario: mode_norm.OC_rvt_ss_0p900v_125c
  Path Group: FEEDTHROUGH
  Path Type: max

Attributes:
    d - dont_touch
    u - dont_use
   mo - map_only
   so - size_only
    i - ideal_net or ideal_network
  inf - infeasible path

  Point                                                                                    Fanout     Trans      Incr       Path      Attributes     Voltage
  ----------------------------------------------------------------------------------------------------------------------------------------------------------------
  clock CLK (rise edge)                                                                                          0.00       0.00                     
  clock network delay (ideal)                                                                                    0.00       0.00                     
  input external delay                                                                                           0.00       0.00 r                   
  bus_out_if_0__rsp_data[295] (in)                                                                     0.29      0.15       0.15 r                   
  bus_out_if_0__rsp_data[295] (net)                                                          1                   0.00       0.15 r                   
  g_rsp_arb_req_arb/data_in[295] (VX_stream_arb_1)                                                               0.00       0.15 r                   
  g_rsp_arb_req_arb/data_in[295] (net)                                                                           0.00       0.15 r                   
  g_rsp_arb_req_arb/g_passthru_g_out_buf_0__out_buf/data_in[295] (VX_elastic_buffer_520_0_0_0_3)                 0.00       0.15 r                   
  g_rsp_arb_req_arb/g_passthru_g_out_buf_0__out_buf/data_in[295] (net)                                           0.00       0.15 r                   
  g_rsp_arb_req_arb/g_passthru_g_out_buf_0__out_buf/U85/Y (BUF_X1M_A9TR)                               0.09      0.14 *     0.29 r                   0.90
  g_rsp_arb_req_arb/g_passthru_g_out_buf_0__out_buf/data_out[295] (net)                      1                   0.00       0.29 r                   
  g_rsp_arb_req_arb/g_passthru_g_out_buf_0__out_buf/data_out[295] (VX_elastic_buffer_520_0_0_0_3)                0.00       0.29 r                   
  g_rsp_arb_req_arb/data_out[295] (net)                                                                          0.00       0.29 r                   
  g_rsp_arb_req_arb/data_out[295] (VX_stream_arb_1)                                                              0.00       0.29 r                   
  bus_in_if_0__rsp_data[295] (net)                                                                               0.00       0.29 r                   
  bus_in_if_0__rsp_data[295] (out)                                                                     0.09      0.00 *     0.29 r                   
  data arrival time                                                                                                         0.29                     

  clock CLK (rise edge)                                                                                          9.90       9.90                     
  clock network delay (ideal)                                                                                    0.00       9.90                     
  output external delay                                                                                          0.00       9.90                     
  data required time                                                                                                        9.90                     
  ----------------------------------------------------------------------------------------------------------------------------------------------------------------
  data required time                                                                                                        9.90                     
  data arrival time                                                                                                        -0.29                     
  ----------------------------------------------------------------------------------------------------------------------------------------------------------------
  slack (MET)                                                                                                               9.61                     


  Startpoint: bus_out_if_0__rsp_data[492]
              (input port clocked by CLK)
  Endpoint: bus_in_if_0__rsp_data[492]
            (output port clocked by CLK)
  Scenario: mode_norm.OC_rvt_ss_0p900v_125c
  Path Group: FEEDTHROUGH
  Path Type: max

Attributes:
    d - dont_touch
    u - dont_use
   mo - map_only
   so - size_only
    i - ideal_net or ideal_network
  inf - infeasible path

  Point                                                                                    Fanout     Trans      Incr       Path      Attributes     Voltage
  ----------------------------------------------------------------------------------------------------------------------------------------------------------------
  clock CLK (rise edge)                                                                                          0.00       0.00                     
  clock network delay (ideal)                                                                                    0.00       0.00                     
  input external delay                                                                                           0.00       0.00 r                   
  bus_out_if_0__rsp_data[492] (in)                                                                     0.28      0.15       0.15 r                   
  bus_out_if_0__rsp_data[492] (net)                                                          1                   0.00       0.15 r                   
  g_rsp_arb_req_arb/data_in[492] (VX_stream_arb_1)                                                               0.00       0.15 r                   
  g_rsp_arb_req_arb/data_in[492] (net)                                                                           0.00       0.15 r                   
  g_rsp_arb_req_arb/g_passthru_g_out_buf_0__out_buf/data_in[492] (VX_elastic_buffer_520_0_0_0_3)                 0.00       0.15 r                   
  g_rsp_arb_req_arb/g_passthru_g_out_buf_0__out_buf/data_in[492] (net)                                           0.00       0.15 r                   
  g_rsp_arb_req_arb/g_passthru_g_out_buf_0__out_buf/U16/Y (BUF_X1M_A9TR)                               0.09      0.14 *     0.29 r                   0.90
  g_rsp_arb_req_arb/g_passthru_g_out_buf_0__out_buf/data_out[492] (net)                      1                   0.00       0.29 r                   
  g_rsp_arb_req_arb/g_passthru_g_out_buf_0__out_buf/data_out[492] (VX_elastic_buffer_520_0_0_0_3)                0.00       0.29 r                   
  g_rsp_arb_req_arb/data_out[492] (net)                                                                          0.00       0.29 r                   
  g_rsp_arb_req_arb/data_out[492] (VX_stream_arb_1)                                                              0.00       0.29 r                   
  bus_in_if_0__rsp_data[492] (net)                                                                               0.00       0.29 r                   
  bus_in_if_0__rsp_data[492] (out)                                                                     0.09      0.00 *     0.29 r                   
  data arrival time                                                                                                         0.29                     

  clock CLK (rise edge)                                                                                          9.90       9.90                     
  clock network delay (ideal)                                                                                    0.00       9.90                     
  output external delay                                                                                          0.00       9.90                     
  data required time                                                                                                        9.90                     
  ----------------------------------------------------------------------------------------------------------------------------------------------------------------
  data required time                                                                                                        9.90                     
  data arrival time                                                                                                        -0.29                     
  ----------------------------------------------------------------------------------------------------------------------------------------------------------------
  slack (MET)                                                                                                               9.61                     


  Startpoint: bus_out_if_0__rsp_data[9]
              (input port clocked by CLK)
  Endpoint: bus_in_if_0__rsp_data[9]
            (output port clocked by CLK)
  Scenario: mode_norm.OC_rvt_ss_0p900v_125c
  Path Group: FEEDTHROUGH
  Path Type: max

Attributes:
    d - dont_touch
    u - dont_use
   mo - map_only
   so - size_only
    i - ideal_net or ideal_network
  inf - infeasible path

  Point                                                                                  Fanout     Trans      Incr       Path      Attributes     Voltage
  --------------------------------------------------------------------------------------------------------------------------------------------------------------
  clock CLK (rise edge)                                                                                        0.00       0.00                     
  clock network delay (ideal)                                                                                  0.00       0.00                     
  input external delay                                                                                         0.00       0.00 r                   
  bus_out_if_0__rsp_data[9] (in)                                                                     0.29      0.15       0.15 r                   
  bus_out_if_0__rsp_data[9] (net)                                                          1                   0.00       0.15 r                   
  g_rsp_arb_req_arb/data_in[9] (VX_stream_arb_1)                                                               0.00       0.15 r                   
  g_rsp_arb_req_arb/data_in[9] (net)                                                                           0.00       0.15 r                   
  g_rsp_arb_req_arb/g_passthru_g_out_buf_0__out_buf/data_in[9] (VX_elastic_buffer_520_0_0_0_3)                 0.00       0.15 r                   
  g_rsp_arb_req_arb/g_passthru_g_out_buf_0__out_buf/data_in[9] (net)                                           0.00       0.15 r                   
  g_rsp_arb_req_arb/g_passthru_g_out_buf_0__out_buf/U192/Y (BUF_X1M_A9TR)                            0.09      0.13 *     0.29 r                   0.90
  g_rsp_arb_req_arb/g_passthru_g_out_buf_0__out_buf/data_out[9] (net)                      1                   0.00       0.29 r                   
  g_rsp_arb_req_arb/g_passthru_g_out_buf_0__out_buf/data_out[9] (VX_elastic_buffer_520_0_0_0_3)                0.00       0.29 r                   
  g_rsp_arb_req_arb/data_out[9] (net)                                                                          0.00       0.29 r                   
  g_rsp_arb_req_arb/data_out[9] (VX_stream_arb_1)                                                              0.00       0.29 r                   
  bus_in_if_0__rsp_data[9] (net)                                                                               0.00       0.29 r                   
  bus_in_if_0__rsp_data[9] (out)                                                                     0.09      0.00 *     0.29 r                   
  data arrival time                                                                                                       0.29                     

  clock CLK (rise edge)                                                                                        9.90       9.90                     
  clock network delay (ideal)                                                                                  0.00       9.90                     
  output external delay                                                                                        0.00       9.90                     
  data required time                                                                                                      9.90                     
  --------------------------------------------------------------------------------------------------------------------------------------------------------------
  data required time                                                                                                      9.90                     
  data arrival time                                                                                                      -0.29                     
  --------------------------------------------------------------------------------------------------------------------------------------------------------------
  slack (MET)                                                                                                             9.61                     


  Startpoint: bus_out_if_0__rsp_data[199]
              (input port clocked by CLK)
  Endpoint: bus_in_if_0__rsp_data[199]
            (output port clocked by CLK)
  Scenario: mode_norm.OC_rvt_ss_0p900v_125c
  Path Group: FEEDTHROUGH
  Path Type: max

Attributes:
    d - dont_touch
    u - dont_use
   mo - map_only
   so - size_only
    i - ideal_net or ideal_network
  inf - infeasible path

  Point                                                                                    Fanout     Trans      Incr       Path      Attributes     Voltage
  ----------------------------------------------------------------------------------------------------------------------------------------------------------------
  clock CLK (rise edge)                                                                                          0.00       0.00                     
  clock network delay (ideal)                                                                                    0.00       0.00                     
  input external delay                                                                                           0.00       0.00 r                   
  bus_out_if_0__rsp_data[199] (in)                                                                     0.29      0.15       0.15 r                   
  bus_out_if_0__rsp_data[199] (net)                                                          1                   0.00       0.15 r                   
  g_rsp_arb_req_arb/data_in[199] (VX_stream_arb_1)                                                               0.00       0.15 r                   
  g_rsp_arb_req_arb/data_in[199] (net)                                                                           0.00       0.15 r                   
  g_rsp_arb_req_arb/g_passthru_g_out_buf_0__out_buf/data_in[199] (VX_elastic_buffer_520_0_0_0_3)                 0.00       0.15 r                   
  g_rsp_arb_req_arb/g_passthru_g_out_buf_0__out_buf/data_in[199] (net)                                           0.00       0.15 r                   
  g_rsp_arb_req_arb/g_passthru_g_out_buf_0__out_buf/U117/Y (BUF_X1M_A9TR)                              0.09      0.13 *     0.29 r                   0.90
  g_rsp_arb_req_arb/g_passthru_g_out_buf_0__out_buf/data_out[199] (net)                      1                   0.00       0.29 r                   
  g_rsp_arb_req_arb/g_passthru_g_out_buf_0__out_buf/data_out[199] (VX_elastic_buffer_520_0_0_0_3)                0.00       0.29 r                   
  g_rsp_arb_req_arb/data_out[199] (net)                                                                          0.00       0.29 r                   
  g_rsp_arb_req_arb/data_out[199] (VX_stream_arb_1)                                                              0.00       0.29 r                   
  bus_in_if_0__rsp_data[199] (net)                                                                               0.00       0.29 r                   
  bus_in_if_0__rsp_data[199] (out)                                                                     0.09      0.00 *     0.29 r                   
  data arrival time                                                                                                         0.29                     

  clock CLK (rise edge)                                                                                          9.90       9.90                     
  clock network delay (ideal)                                                                                    0.00       9.90                     
  output external delay                                                                                          0.00       9.90                     
  data required time                                                                                                        9.90                     
  ----------------------------------------------------------------------------------------------------------------------------------------------------------------
  data required time                                                                                                        9.90                     
  data arrival time                                                                                                        -0.29                     
  ----------------------------------------------------------------------------------------------------------------------------------------------------------------
  slack (MET)                                                                                                               9.61                     


  Startpoint: bus_out_if_0__rsp_data[302]
              (input port clocked by CLK)
  Endpoint: bus_in_if_0__rsp_data[302]
            (output port clocked by CLK)
  Scenario: mode_norm.OC_rvt_ss_0p900v_125c
  Path Group: FEEDTHROUGH
  Path Type: max

Attributes:
    d - dont_touch
    u - dont_use
   mo - map_only
   so - size_only
    i - ideal_net or ideal_network
  inf - infeasible path

  Point                                                                                    Fanout     Trans      Incr       Path      Attributes     Voltage
  ----------------------------------------------------------------------------------------------------------------------------------------------------------------
  clock CLK (rise edge)                                                                                          0.00       0.00                     
  clock network delay (ideal)                                                                                    0.00       0.00                     
  input external delay                                                                                           0.00       0.00 r                   
  bus_out_if_0__rsp_data[302] (in)                                                                     0.29      0.15       0.15 r                   
  bus_out_if_0__rsp_data[302] (net)                                                          1                   0.00       0.15 r                   
  g_rsp_arb_req_arb/data_in[302] (VX_stream_arb_1)                                                               0.00       0.15 r                   
  g_rsp_arb_req_arb/data_in[302] (net)                                                                           0.00       0.15 r                   
  g_rsp_arb_req_arb/g_passthru_g_out_buf_0__out_buf/data_in[302] (VX_elastic_buffer_520_0_0_0_3)                 0.00       0.15 r                   
  g_rsp_arb_req_arb/g_passthru_g_out_buf_0__out_buf/data_in[302] (net)                                           0.00       0.15 r                   
  g_rsp_arb_req_arb/g_passthru_g_out_buf_0__out_buf/U77/Y (BUF_X1M_A9TR)                               0.09      0.13 *     0.28 r                   0.90
  g_rsp_arb_req_arb/g_passthru_g_out_buf_0__out_buf/data_out[302] (net)                      1                   0.00       0.28 r                   
  g_rsp_arb_req_arb/g_passthru_g_out_buf_0__out_buf/data_out[302] (VX_elastic_buffer_520_0_0_0_3)                0.00       0.28 r                   
  g_rsp_arb_req_arb/data_out[302] (net)                                                                          0.00       0.28 r                   
  g_rsp_arb_req_arb/data_out[302] (VX_stream_arb_1)                                                              0.00       0.28 r                   
  bus_in_if_0__rsp_data[302] (net)                                                                               0.00       0.28 r                   
  bus_in_if_0__rsp_data[302] (out)                                                                     0.09      0.00 *     0.29 r                   
  data arrival time                                                                                                         0.29                     

  clock CLK (rise edge)                                                                                          9.90       9.90                     
  clock network delay (ideal)                                                                                    0.00       9.90                     
  output external delay                                                                                          0.00       9.90                     
  data required time                                                                                                        9.90                     
  ----------------------------------------------------------------------------------------------------------------------------------------------------------------
  data required time                                                                                                        9.90                     
  data arrival time                                                                                                        -0.29                     
  ----------------------------------------------------------------------------------------------------------------------------------------------------------------
  slack (MET)                                                                                                               9.61                     


  Startpoint: bus_out_if_0__rsp_data[374]
              (input port clocked by CLK)
  Endpoint: bus_in_if_0__rsp_data[374]
            (output port clocked by CLK)
  Scenario: mode_norm.OC_rvt_ss_0p900v_125c
  Path Group: FEEDTHROUGH
  Path Type: max

Attributes:
    d - dont_touch
    u - dont_use
   mo - map_only
   so - size_only
    i - ideal_net or ideal_network
  inf - infeasible path

  Point                                                                                    Fanout     Trans      Incr       Path      Attributes     Voltage
  ----------------------------------------------------------------------------------------------------------------------------------------------------------------
  clock CLK (rise edge)                                                                                          0.00       0.00                     
  clock network delay (ideal)                                                                                    0.00       0.00                     
  input external delay                                                                                           0.00       0.00 r                   
  bus_out_if_0__rsp_data[374] (in)                                                                     0.28      0.15       0.15 r                   
  bus_out_if_0__rsp_data[374] (net)                                                          1                   0.00       0.15 r                   
  g_rsp_arb_req_arb/data_in[374] (VX_stream_arb_1)                                                               0.00       0.15 r                   
  g_rsp_arb_req_arb/data_in[374] (net)                                                                           0.00       0.15 r                   
  g_rsp_arb_req_arb/g_passthru_g_out_buf_0__out_buf/data_in[374] (VX_elastic_buffer_520_0_0_0_3)                 0.00       0.15 r                   
  g_rsp_arb_req_arb/g_passthru_g_out_buf_0__out_buf/data_in[374] (net)                                           0.00       0.15 r                   
  g_rsp_arb_req_arb/g_passthru_g_out_buf_0__out_buf/U55/Y (BUF_X1M_A9TR)                               0.09      0.13 *     0.28 r                   0.90
  g_rsp_arb_req_arb/g_passthru_g_out_buf_0__out_buf/data_out[374] (net)                      1                   0.00       0.28 r                   
  g_rsp_arb_req_arb/g_passthru_g_out_buf_0__out_buf/data_out[374] (VX_elastic_buffer_520_0_0_0_3)                0.00       0.28 r                   
  g_rsp_arb_req_arb/data_out[374] (net)                                                                          0.00       0.28 r                   
  g_rsp_arb_req_arb/data_out[374] (VX_stream_arb_1)                                                              0.00       0.28 r                   
  bus_in_if_0__rsp_data[374] (net)                                                                               0.00       0.28 r                   
  bus_in_if_0__rsp_data[374] (out)                                                                     0.09      0.00 *     0.28 r                   
  data arrival time                                                                                                         0.28                     

  clock CLK (rise edge)                                                                                          9.90       9.90                     
  clock network delay (ideal)                                                                                    0.00       9.90                     
  output external delay                                                                                          0.00       9.90                     
  data required time                                                                                                        9.90                     
  ----------------------------------------------------------------------------------------------------------------------------------------------------------------
  data required time                                                                                                        9.90                     
  data arrival time                                                                                                        -0.28                     
  ----------------------------------------------------------------------------------------------------------------------------------------------------------------
  slack (MET)                                                                                                               9.62                     


  Startpoint: bus_out_if_0__rsp_data[466]
              (input port clocked by CLK)
  Endpoint: bus_in_if_0__rsp_data[466]
            (output port clocked by CLK)
  Scenario: mode_norm.OC_rvt_ss_0p900v_125c
  Path Group: FEEDTHROUGH
  Path Type: max

Attributes:
    d - dont_touch
    u - dont_use
   mo - map_only
   so - size_only
    i - ideal_net or ideal_network
  inf - infeasible path

  Point                                                                                    Fanout     Trans      Incr       Path      Attributes     Voltage
  ----------------------------------------------------------------------------------------------------------------------------------------------------------------
  clock CLK (rise edge)                                                                                          0.00       0.00                     
  clock network delay (ideal)                                                                                    0.00       0.00                     
  input external delay                                                                                           0.00       0.00 r                   
  bus_out_if_0__rsp_data[466] (in)                                                                     0.28      0.15       0.15 r                   
  bus_out_if_0__rsp_data[466] (net)                                                          1                   0.00       0.15 r                   
  g_rsp_arb_req_arb/data_in[466] (VX_stream_arb_1)                                                               0.00       0.15 r                   
  g_rsp_arb_req_arb/data_in[466] (net)                                                                           0.00       0.15 r                   
  g_rsp_arb_req_arb/g_passthru_g_out_buf_0__out_buf/data_in[466] (VX_elastic_buffer_520_0_0_0_3)                 0.00       0.15 r                   
  g_rsp_arb_req_arb/g_passthru_g_out_buf_0__out_buf/data_in[466] (net)                                           0.00       0.15 r                   
  g_rsp_arb_req_arb/g_passthru_g_out_buf_0__out_buf/U17/Y (BUF_X1M_A9TR)                               0.10      0.13 *     0.28 r                   0.90
  g_rsp_arb_req_arb/g_passthru_g_out_buf_0__out_buf/data_out[466] (net)                      1                   0.00       0.28 r                   
  g_rsp_arb_req_arb/g_passthru_g_out_buf_0__out_buf/data_out[466] (VX_elastic_buffer_520_0_0_0_3)                0.00       0.28 r                   
  g_rsp_arb_req_arb/data_out[466] (net)                                                                          0.00       0.28 r                   
  g_rsp_arb_req_arb/data_out[466] (VX_stream_arb_1)                                                              0.00       0.28 r                   
  bus_in_if_0__rsp_data[466] (net)                                                                               0.00       0.28 r                   
  bus_in_if_0__rsp_data[466] (out)                                                                     0.10      0.00 *     0.28 r                   
  data arrival time                                                                                                         0.28                     

  clock CLK (rise edge)                                                                                          9.90       9.90                     
  clock network delay (ideal)                                                                                    0.00       9.90                     
  output external delay                                                                                          0.00       9.90                     
  data required time                                                                                                        9.90                     
  ----------------------------------------------------------------------------------------------------------------------------------------------------------------
  data required time                                                                                                        9.90                     
  data arrival time                                                                                                        -0.28                     
  ----------------------------------------------------------------------------------------------------------------------------------------------------------------
  slack (MET)                                                                                                               9.62                     


1
