 
****************************************
Report : area
Design : VX_mem_arb__438331428525
Version: V-2023.12-SP5-3
Date   : Thu Jul 23 21:07:52 2026
****************************************

Library(s) Used:

    sc9_cmos28lpp_base_rvt_ss_nominal_max_0p900v_125c_sadhm (File: /tool/PDK/Samsung/LN28LPP_202203/PRIMITIVES/RVT/ln28lpp_sc_9t_base_rvt_c130_V1.00d/FE-Common/LIBERTY/sc9_cmos28lpp_base_rvt_ss_nominal_max_0p900v_125c_sadhm.db)

Number of ports:                        50516
Number of nets:                         61104
Number of cells:                        17271
Number of combinational cells:          12296
Number of sequential cells:              4930
Number of macros/black boxes:               0
Number of buf/inv:                       7333
Number of references:                      10

Combinational area:               8021.870915
Buf/Inv area:                     3389.840967
Noncombinational area:           10379.771737
Macro/Black Box area:                0.000000
Net Interconnect area:      undefined  (No wire load specified)

Total cell area:                 18401.642652
Total area:                 undefined

Core Area:                     59733
Aspect Ratio:                 1.0032
Utilization Ratio:            0.3081


The above information was reported from the logical library. The following are from the physical library:

  Total moveable cell area: 18401.6
  Total fixed cell area: 0.0
  Total physical cell area: 18401.6
 Core area: 0.000, 0.000, 244.010, 244.800

Hierarchical area distribution
------------------------------

                                  Global cell area            Local cell area
                                  -------------------  ----------------------------- 
Hierarchical cell                 Absolute    Percent  Combi-     Noncombi-   Black-
                                  Total       Total    national   national    boxes   Design
--------------------------------  ----------  -------  ---------  ----------  ------  -----------------------------------------------
VX_mem_arb__438331428525          18401.6427    100.0     0.0000      0.0000  0.0000  VX_mem_arb__438331428525
g_bus_out_if_0__g_req_tag_sel_out_bits_insert     2.8080     0.0    2.8080     0.0000 0.0000 VX_bits_insert_3_3
g_bus_out_if_1__g_req_tag_sel_out_bits_insert     2.8080     0.0    2.8080     0.0000 0.0000 VX_bits_insert_3_2
g_bus_out_if_2__g_req_tag_sel_out_bits_insert     2.8080     0.0    2.8080     0.0000 0.0000 VX_bits_insert_3_1
g_bus_out_if_3__g_req_tag_sel_out_bits_insert     2.8080     0.0    2.8080     0.0000 0.0000 VX_bits_insert_3_0
g_rsp_select_g_rsp_data_in_0__bits_remove     2.8080     0.0    2.8080     0.0000 0.0000 VX_bits_remove_3_3
g_rsp_select_g_rsp_data_in_1__bits_remove     2.8080     0.0    2.8080     0.0000 0.0000 VX_bits_remove_3_2
g_rsp_select_g_rsp_data_in_2__bits_remove     2.8080     0.0    2.8080     0.0000 0.0000 VX_bits_remove_3_1
g_rsp_select_g_rsp_data_in_3__bits_remove     2.8080     0.0    2.8080     0.0000 0.0000 VX_bits_remove_3_0
g_rsp_select_rsp_switch            1952.9640     10.6     9.8280      0.0000  0.0000  VX_stream_switch_5
g_rsp_select_rsp_switch/g_out_buf_0__out_buf   242.8920     1.3  242.8920     0.0000 0.0000 VX_elastic_buffer_40_7
g_rsp_select_rsp_switch/g_out_buf_1__out_buf   242.8920     1.3  242.8920     0.0000 0.0000 VX_elastic_buffer_40_6
g_rsp_select_rsp_switch/g_out_buf_2__out_buf   242.8920     1.3  242.8920     0.0000 0.0000 VX_elastic_buffer_40_5
g_rsp_select_rsp_switch/g_out_buf_3__out_buf   242.8920     1.3  242.8920     0.0000 0.0000 VX_elastic_buffer_40_4
g_rsp_select_rsp_switch/g_out_buf_4__out_buf   242.8920     1.3  242.8920     0.0000 0.0000 VX_elastic_buffer_40_3
g_rsp_select_rsp_switch/g_out_buf_5__out_buf   242.8920     1.3  242.8920     0.0000 0.0000 VX_elastic_buffer_40_2
g_rsp_select_rsp_switch/g_out_buf_6__out_buf   242.8920     1.3  242.8920     0.0000 0.0000 VX_elastic_buffer_40_1
g_rsp_select_rsp_switch/g_out_buf_7__out_buf   242.8920     1.3  242.8920     0.0000 0.0000 VX_elastic_buffer_40_0
req_arb                           16426.2147     89.3  2443.8960      0.0000  0.0000  VX_stream_arb_21
req_arb/g_input_select_g_arbiter_arbiter    11.7000     0.1    0.4680     0.0000 0.0000 VX_generic_arbiter_5
req_arb/g_input_select_g_arbiter_arbiter/g_round_robin_rr_arbiter    11.2320     0.1    5.9670     4.2120 0.0000 VX_rr_arbiter_1
req_arb/g_input_select_g_arbiter_arbiter/g_round_robin_rr_arbiter/g_model1_onehot_encoder     1.0530     0.0    1.0530     0.0000 0.0000 VX_onehot_encoder_1
req_arb/g_input_select_g_arbiter_g_out_buf_0__out_buf  3491.7479    19.0    0.0000     0.0000 0.0000 VX_elastic_buffer_614_2_0_0_3
req_arb/g_input_select_g_arbiter_g_out_buf_0__out_buf/g_eb2_out_buf   288.2880     1.6  288.2880     0.0000 0.0000 VX_pipe_buffer_1_3
req_arb/g_input_select_g_arbiter_g_out_buf_0__out_buf/g_eb2_stream_buffer  3203.4599    17.4  609.5700  2590.3799 0.0000 VX_stream_buffer_614_0_3
req_arb/g_input_select_g_arbiter_g_out_buf_0__out_buf/g_eb2_stream_buffer/clk_gate_g_buffer_buffer_r_reg     1.7550     0.0    0.0000     1.7550 0.0000 SNPS_CLOCK_GATE_HIGH_VX_stream_buffer_614_0_0_6
req_arb/g_input_select_g_arbiter_g_out_buf_0__out_buf/g_eb2_stream_buffer/clk_gate_g_buffer_data_out_r_reg     1.7550     0.0    0.0000     1.7550 0.0000 SNPS_CLOCK_GATE_HIGH_VX_stream_buffer_614_0_0_7
req_arb/g_input_select_g_arbiter_g_out_buf_1__out_buf  3494.2049    19.0    0.0000     0.0000 0.0000 VX_elastic_buffer_614_2_0_0_2
req_arb/g_input_select_g_arbiter_g_out_buf_1__out_buf/g_eb2_out_buf   288.2880     1.6  288.2880     0.0000 0.0000 VX_pipe_buffer_1_2
req_arb/g_input_select_g_arbiter_g_out_buf_1__out_buf/g_eb2_stream_buffer  3205.9169    17.4  612.0270  2590.3799 0.0000 VX_stream_buffer_614_0_2
req_arb/g_input_select_g_arbiter_g_out_buf_1__out_buf/g_eb2_stream_buffer/clk_gate_g_buffer_buffer_r_reg     1.7550     0.0    0.0000     1.7550 0.0000 SNPS_CLOCK_GATE_HIGH_VX_stream_buffer_614_0_0_4
req_arb/g_input_select_g_arbiter_g_out_buf_1__out_buf/g_eb2_stream_buffer/clk_gate_g_buffer_data_out_r_reg     1.7550     0.0    0.0000     1.7550 0.0000 SNPS_CLOCK_GATE_HIGH_VX_stream_buffer_614_0_0_5
req_arb/g_input_select_g_arbiter_g_out_buf_2__out_buf  3490.4609    19.0    0.0000     0.0000 0.0000 VX_elastic_buffer_614_2_0_0_1
req_arb/g_input_select_g_arbiter_g_out_buf_2__out_buf/g_eb2_out_buf   288.2880     1.6  288.2880     0.0000 0.0000 VX_pipe_buffer_1_1
req_arb/g_input_select_g_arbiter_g_out_buf_2__out_buf/g_eb2_stream_buffer  3202.1729    17.4  608.2830  2590.3799 0.0000 VX_stream_buffer_614_0_1
req_arb/g_input_select_g_arbiter_g_out_buf_2__out_buf/g_eb2_stream_buffer/clk_gate_g_buffer_buffer_r_reg     1.7550     0.0    0.0000     1.7550 0.0000 SNPS_CLOCK_GATE_HIGH_VX_stream_buffer_614_0_0_2
req_arb/g_input_select_g_arbiter_g_out_buf_2__out_buf/g_eb2_stream_buffer/clk_gate_g_buffer_data_out_r_reg     1.7550     0.0    0.0000     1.7550 0.0000 SNPS_CLOCK_GATE_HIGH_VX_stream_buffer_614_0_0_3
req_arb/g_input_select_g_arbiter_g_out_buf_3__out_buf  3494.2049    19.0    0.0000     0.0000 0.0000 VX_elastic_buffer_614_2_0_0_0
req_arb/g_input_select_g_arbiter_g_out_buf_3__out_buf/g_eb2_out_buf   288.2880     1.6  288.2880     0.0000 0.0000 VX_pipe_buffer_1_0
req_arb/g_input_select_g_arbiter_g_out_buf_3__out_buf/g_eb2_stream_buffer  3205.9169    17.4  612.0270  2590.3799 0.0000 VX_stream_buffer_614_0_0
req_arb/g_input_select_g_arbiter_g_out_buf_3__out_buf/g_eb2_stream_buffer/clk_gate_g_buffer_buffer_r_reg     1.7550     0.0    0.0000     1.7550 0.0000 SNPS_CLOCK_GATE_HIGH_VX_stream_buffer_614_0_0_1
req_arb/g_input_select_g_arbiter_g_out_buf_3__out_buf/g_eb2_stream_buffer/clk_gate_g_buffer_data_out_r_reg     1.7550     0.0    0.0000     1.7550 0.0000 SNPS_CLOCK_GATE_HIGH_VX_stream_buffer_614_0_0_0
--------------------------------  ----------  -------  ---------  ----------  ------  -----------------------------------------------
Total                                                  8021.8709  10379.7717  0.0000

1
