Information: Propagating switching activity (high effort zero delay simulation). (PWR-6)
Warning: Design has unannotated primary inputs. (PWR-414)
Warning: Design has unannotated sequential cell outputs. (PWR-415)
 
****************************************
Report : power
        -hier
        -analysis_effort high
        -verbose
Design : VX_mem_arb__438331428525
Scenario(s): mode_norm.OC_rvt_ss_0p900v_125c
Version: V-2023.12-SP5-3
Date   : Thu Jul 23 21:07:58 2026
****************************************


Library(s) Used:

    sc9_cmos28lpp_base_rvt_ss_nominal_max_0p900v_125c_sadhm (File: /tool/PDK/Samsung/LN28LPP_202203/PRIMITIVES/RVT/ln28lpp_sc_9t_base_rvt_c130_V1.00d/FE-Common/LIBERTY/sc9_cmos28lpp_base_rvt_ss_nominal_max_0p900v_125c_sadhm.db)


Global Operating Voltage = 0.9  
Power-specific unit information :
    Voltage Units = 1V
    Capacitance Units = 1.000000pf
    Time Units = 1ns
    Dynamic Power Units = 1mW    (derived from V,C,T units)
    Leakage Power Units = 1uW


--------------------------------------------------------------------------------
                                       Switch   Int      Leak     Total
Hierarchy                              Power    Power    Power    Power    %
--------------------------------------------------------------------------------
VX_mem_arb__438331428525                  0.422    0.777  164.152    1.364 100.0
  g_rsp_select_rsp_switch (VX_stream_switch_5) 6.67e-02 3.09e-02   27.928    0.125   9.2
    g_out_buf_7__out_buf (VX_elastic_buffer_40_0) 1.58e-02 3.87e-03    3.480 2.32e-02   1.7
    g_out_buf_6__out_buf (VX_elastic_buffer_40_1) 1.07e-02 3.85e-03    3.480 1.81e-02   1.3
    g_out_buf_5__out_buf (VX_elastic_buffer_40_2) 7.75e-03 3.83e-03    3.480 1.51e-02   1.1
    g_out_buf_4__out_buf (VX_elastic_buffer_40_3) 6.65e-03 3.87e-03    3.480 1.40e-02   1.0
    g_out_buf_3__out_buf (VX_elastic_buffer_40_4) 6.27e-03 3.82e-03    3.480 1.36e-02   1.0
    g_out_buf_2__out_buf (VX_elastic_buffer_40_5) 6.43e-03 3.82e-03    3.480 1.37e-02   1.0
    g_out_buf_1__out_buf (VX_elastic_buffer_40_6) 6.46e-03 3.82e-03    3.480 1.38e-02   1.0
    g_out_buf_0__out_buf (VX_elastic_buffer_40_7) 6.42e-03 3.87e-03    3.480 1.38e-02   1.0
  g_rsp_select_g_rsp_data_in_3__bits_remove (VX_bits_remove_3_0) 3.90e-05 4.36e-05 4.02e-02 1.23e-04   0.0
  g_rsp_select_g_rsp_data_in_2__bits_remove (VX_bits_remove_3_1) 3.59e-05 4.37e-05 4.02e-02 1.20e-04   0.0
  g_rsp_select_g_rsp_data_in_1__bits_remove (VX_bits_remove_3_2) 3.87e-05 4.38e-05 4.02e-02 1.23e-04   0.0
  g_rsp_select_g_rsp_data_in_0__bits_remove (VX_bits_remove_3_3) 3.79e-05 4.39e-05 4.02e-02 1.22e-04   0.0
  g_bus_out_if_3__g_req_tag_sel_out_bits_insert (VX_bits_insert_3_0) 2.18e-04 5.33e-05 4.02e-02 3.11e-04   0.0
  g_bus_out_if_2__g_req_tag_sel_out_bits_insert (VX_bits_insert_3_1) 1.57e-04 5.35e-05 4.02e-02 2.51e-04   0.0
  g_bus_out_if_1__g_req_tag_sel_out_bits_insert (VX_bits_insert_3_2) 8.28e-05 5.04e-05 4.02e-02 1.73e-04   0.0
  g_bus_out_if_0__g_req_tag_sel_out_bits_insert (VX_bits_insert_3_3) 4.33e-04 5.33e-05 4.02e-02 5.26e-04   0.0
  req_arb (VX_stream_arb_21)              0.355    0.746  135.902    1.237  90.7
    g_input_select_g_arbiter_g_out_buf_3__out_buf (VX_elastic_buffer_614_2_0_0_0) 4.34e-02    0.151   28.510    0.223  16.4
      g_eb2_out_buf (VX_pipe_buffer_1_0) 1.86e-02 5.08e-03    4.130 2.78e-02   2.0
      g_eb2_stream_buffer (VX_stream_buffer_614_0_0) 2.49e-02    0.146   24.380    0.195  14.3
    g_input_select_g_arbiter_g_out_buf_2__out_buf (VX_elastic_buffer_614_2_0_0_1) 3.95e-02    0.152   28.467    0.220  16.1
      g_eb2_out_buf (VX_pipe_buffer_1_1) 1.32e-02 5.09e-03    4.130 2.25e-02   1.6
      g_eb2_stream_buffer (VX_stream_buffer_614_0_1) 2.63e-02    0.147   24.337    0.197  14.5
    g_input_select_g_arbiter_g_out_buf_1__out_buf (VX_elastic_buffer_614_2_0_0_2) 3.51e-02    0.145   28.531    0.209  15.3
      g_eb2_out_buf (VX_pipe_buffer_1_2) 1.01e-02 4.83e-03    4.130 1.91e-02   1.4
      g_eb2_stream_buffer (VX_stream_buffer_614_0_2) 2.50e-02    0.141   24.401    0.190  13.9
    g_input_select_g_arbiter_g_out_buf_0__out_buf (VX_elastic_buffer_614_2_0_0_3) 5.50e-02    0.144   28.503    0.228  16.7
      g_eb2_out_buf (VX_pipe_buffer_1_3) 3.07e-02 5.03e-03    4.130 3.98e-02   2.9
      g_eb2_stream_buffer (VX_stream_buffer_614_0_3) 2.44e-02    0.139   24.373    0.188  13.8
    g_input_select_g_arbiter_arbiter (VX_generic_arbiter_5) 2.67e-03 1.20e-03 9.63e-02 3.96e-03   0.3
      g_round_robin_rr_arbiter (VX_rr_arbiter_1) 2.17e-03 1.13e-03 8.96e-02 3.39e-03   0.2
        g_model1_onehot_encoder (VX_onehot_encoder_1) 4.26e-05 1.12e-04 1.20e-02 1.67e-04   0.0
1
