 
****************************************
Report : area
Design : VX_tmem_switch__85dbb2754a53
Version: V-2023.12-SP5-3
Date   : Tue Jul 21 10:26:48 2026
****************************************

Library(s) Used:

    sc9_cmos28lpp_base_rvt_ss_nominal_max_0p900v_125c_sadhm (File: /tool/PDK/Samsung/LN28LPP_202203/PRIMITIVES/RVT/ln28lpp_sc_9t_base_rvt_c130_V1.00d/FE-Common/LIBERTY/sc9_cmos28lpp_base_rvt_ss_nominal_max_0p900v_125c_sadhm.db)

Number of ports:                        16131
Number of nets:                         19534
Number of cells:                         8958
Number of combinational cells:           8918
Number of sequential cells:                 9
Number of macros/black boxes:               0
Number of buf/inv:                       6240
Number of references:                       8

Combinational area:               4144.374114
Buf/Inv area:                     2267.577058
Noncombinational area:              18.603000
Macro/Black Box area:                0.000000
Net Interconnect area:      undefined  (No wire load specified)

Total cell area:                  4162.977114
Total area:                 undefined

Core Area:                     20370
Aspect Ratio:                 1.0053
Utilization Ratio:            0.2044


The above information was reported from the logical library. The following are from the physical library:

  Total moveable cell area: 4163.0
  Total fixed cell area: 0.0
  Total physical cell area: 4163.0
 Core area: 0.000, 0.000, 142.350, 143.100

Hierarchical area distribution
------------------------------

                                  Global cell area          Local cell area
                                  ------------------  ---------------------------- 
Hierarchical cell                 Absolute   Percent  Combi-     Noncombi-  Black-
                                  Total      Total    national   national   boxes   Design
--------------------------------  ---------  -------  ---------  ---------  ------  --------------------------------------
VX_tmem_switch__85dbb2754a53      4162.9771    100.0  1963.8451     0.0000  0.0000  VX_tmem_switch__85dbb2754a53
rsp_arb                           2199.1321     52.8  1903.2391     0.0000  0.0000  VX_stream_arb_38
rsp_arb/g_input_select_g_arbiter_arbiter   52.0650     1.3    0.0000    0.0000 0.0000 VX_generic_arbiter_7
rsp_arb/g_input_select_g_arbiter_arbiter/g_round_robin_rr_arbiter   52.0650     1.3   29.1330   16.8480 0.0000 VX_rr_arbiter_2
rsp_arb/g_input_select_g_arbiter_arbiter/g_round_robin_rr_arbiter/clk_gate_g_model1_reqs_mask_reg    1.7550     0.0    0.0000    1.7550 0.0000 SNPS_CLOCK_GATE_HIGH_VX_rr_arbiter_2_1
rsp_arb/g_input_select_g_arbiter_arbiter/g_round_robin_rr_arbiter/g_model1_onehot_encoder    4.3290     0.1    4.3290    0.0000 0.0000 VX_onehot_encoder
rsp_arb/g_input_select_g_arbiter_g_out_buf_0__out_buf  243.8280     5.9  243.8280    0.0000 0.0000 VX_elastic_buffer_525_0_0_0
--------------------------------  ---------  -------  ---------  ---------  ------  --------------------------------------
Total                                                 4144.3741    18.6030  0.0000

1
