 
****************************************
Report : area
Design : VX_stream_xbar__81d3074b2b9b
Version: V-2023.12-SP5-3
Date   : Tue Jul 21 08:57:01 2026
****************************************

Library(s) Used:

    sc9_cmos28lpp_base_rvt_ss_nominal_max_0p900v_125c_sadhm (File: /tool/PDK/Samsung/LN28LPP_202203/PRIMITIVES/RVT/ln28lpp_sc_9t_base_rvt_c130_V1.00d/FE-Common/LIBERTY/sc9_cmos28lpp_base_rvt_ss_nominal_max_0p900v_125c_sadhm.db)

Number of ports:                        32500
Number of nets:                         48327
Number of cells:                        18412
Number of combinational cells:          13343
Number of sequential cells:              5011
Number of macros/black boxes:               0
Number of buf/inv:                       3234
Number of references:                      32

Combinational area:               8576.919055
Buf/Inv area:                     1487.069987
Noncombinational area:           10548.953733
Macro/Black Box area:                0.000000
Net Interconnect area:      undefined  (No wire load specified)

Total cell area:                 19125.872788
Total area:                 undefined

Core Area:                     44651
Aspect Ratio:                 1.0018
Utilization Ratio:            0.4283


The above information was reported from the logical library. The following are from the physical library:

  Total moveable cell area: 19125.9
  Total fixed cell area: 0.0
  Total physical cell area: 19125.9
 Core area: 0.000, 0.000, 211.120, 211.500

Hierarchical area distribution
------------------------------

                                  Global cell area            Local cell area
                                  -------------------  ----------------------------- 
Hierarchical cell                 Absolute    Percent  Combi-     Noncombi-   Black-
                                  Total       Total    national   national    boxes   Design
--------------------------------  ----------  -------  ---------  ----------  ------  -----------------------------------------------
VX_stream_xbar__81d3074b2b9b      19125.8728    100.0    89.3880     92.6640  0.0000  VX_stream_xbar__81d3074b2b9b
g_multi_inputs_g_multiple_outputs_g_sel_in_demux_0__sel_in_demux     3.1590     0.0    3.1590     0.0000 0.0000 VX_demux_6
g_multi_inputs_g_multiple_outputs_g_sel_in_demux_1__sel_in_demux     3.1590     0.0    3.1590     0.0000 0.0000 VX_demux_5
g_multi_inputs_g_multiple_outputs_g_sel_in_demux_2__sel_in_demux     3.1590     0.0    3.1590     0.0000 0.0000 VX_demux_4
g_multi_inputs_g_multiple_outputs_g_sel_in_demux_3__sel_in_demux     3.1590     0.0    3.1590     0.0000 0.0000 VX_demux_0
g_multi_inputs_g_multiple_outputs_g_xbar_arbs_0__xbar_arb  4731.3629    24.7 1195.3890     0.0000 0.0000 VX_stream_arb_9_3
g_multi_inputs_g_multiple_outputs_g_xbar_arbs_0__xbar_arb/g_input_select_g_arbiter_arbiter    25.3890     0.1    0.0000     0.0000 0.0000 VX_generic_arbiter_13
g_multi_inputs_g_multiple_outputs_g_xbar_arbs_0__xbar_arb/g_input_select_g_arbiter_arbiter/g_round_robin_rr_arbiter    25.3890     0.1   13.3380     8.4240 0.0000 VX_rr_arbiter_6
g_multi_inputs_g_multiple_outputs_g_xbar_arbs_0__xbar_arb/g_input_select_g_arbiter_arbiter/g_round_robin_rr_arbiter/clk_gate_g_model1_reqs_mask_reg     1.7550     0.0    0.0000     1.7550 0.0000 SNPS_CLOCK_GATE_HIGH_VX_rr_arbiter_6_1
g_multi_inputs_g_multiple_outputs_g_xbar_arbs_0__xbar_arb/g_input_select_g_arbiter_arbiter/g_round_robin_rr_arbiter/g_model1_onehot_encoder     1.8720     0.0    1.8720     0.0000 0.0000 VX_onehot_encoder_1_3
g_multi_inputs_g_multiple_outputs_g_xbar_arbs_0__xbar_arb/g_input_select_g_arbiter_g_out_buf_0__out_buf  3510.5849    18.4    0.0000     0.0000 0.0000 VX_elastic_buffer_616_2_0_0_3
g_multi_inputs_g_multiple_outputs_g_xbar_arbs_0__xbar_arb/g_input_select_g_arbiter_g_out_buf_0__out_buf/g_eb2_out_buf   289.2240     1.5  289.2240     0.0000 0.0000 VX_pipe_buffer_18_3
g_multi_inputs_g_multiple_outputs_g_xbar_arbs_0__xbar_arb/g_input_select_g_arbiter_g_out_buf_0__out_buf/g_eb2_stream_buffer  3221.3609    16.8  619.0470  2598.8039 0.0000 VX_stream_buffer_616_0_3
g_multi_inputs_g_multiple_outputs_g_xbar_arbs_0__xbar_arb/g_input_select_g_arbiter_g_out_buf_0__out_buf/g_eb2_stream_buffer/clk_gate_g_buffer_buffer_r_reg     1.7550     0.0    0.0000     1.7550 0.0000 SNPS_CLOCK_GATE_HIGH_VX_stream_buffer_616_0_0_6
g_multi_inputs_g_multiple_outputs_g_xbar_arbs_0__xbar_arb/g_input_select_g_arbiter_g_out_buf_0__out_buf/g_eb2_stream_buffer/clk_gate_g_buffer_data_out_r_reg     1.7550     0.0    0.0000     1.7550 0.0000 SNPS_CLOCK_GATE_HIGH_VX_stream_buffer_616_0_0_7
g_multi_inputs_g_multiple_outputs_g_xbar_arbs_1__xbar_arb  4725.6299    24.7 1194.9210     0.0000 0.0000 VX_stream_arb_9_2
g_multi_inputs_g_multiple_outputs_g_xbar_arbs_1__xbar_arb/g_input_select_g_arbiter_arbiter    25.3890     0.1    0.0000     0.0000 0.0000 VX_generic_arbiter_12
g_multi_inputs_g_multiple_outputs_g_xbar_arbs_1__xbar_arb/g_input_select_g_arbiter_arbiter/g_round_robin_rr_arbiter    25.3890     0.1   13.3380     8.4240 0.0000 VX_rr_arbiter_5
g_multi_inputs_g_multiple_outputs_g_xbar_arbs_1__xbar_arb/g_input_select_g_arbiter_arbiter/g_round_robin_rr_arbiter/clk_gate_g_model1_reqs_mask_reg     1.7550     0.0    0.0000     1.7550 0.0000 SNPS_CLOCK_GATE_HIGH_VX_rr_arbiter_5_1
g_multi_inputs_g_multiple_outputs_g_xbar_arbs_1__xbar_arb/g_input_select_g_arbiter_arbiter/g_round_robin_rr_arbiter/g_model1_onehot_encoder     1.8720     0.0    1.8720     0.0000 0.0000 VX_onehot_encoder_1_2
g_multi_inputs_g_multiple_outputs_g_xbar_arbs_1__xbar_arb/g_input_select_g_arbiter_g_out_buf_0__out_buf  3505.3199    18.3    0.0000     0.0000 0.0000 VX_elastic_buffer_616_2_0_0_2
g_multi_inputs_g_multiple_outputs_g_xbar_arbs_1__xbar_arb/g_input_select_g_arbiter_g_out_buf_0__out_buf/g_eb2_out_buf   289.2240     1.5  289.2240     0.0000 0.0000 VX_pipe_buffer_18_2
g_multi_inputs_g_multiple_outputs_g_xbar_arbs_1__xbar_arb/g_input_select_g_arbiter_g_out_buf_0__out_buf/g_eb2_stream_buffer  3216.0959    16.8  613.7820  2598.8039 0.0000 VX_stream_buffer_616_0_2
g_multi_inputs_g_multiple_outputs_g_xbar_arbs_1__xbar_arb/g_input_select_g_arbiter_g_out_buf_0__out_buf/g_eb2_stream_buffer/clk_gate_g_buffer_buffer_r_reg     1.7550     0.0    0.0000     1.7550 0.0000 SNPS_CLOCK_GATE_HIGH_VX_stream_buffer_616_0_0_4
g_multi_inputs_g_multiple_outputs_g_xbar_arbs_1__xbar_arb/g_input_select_g_arbiter_g_out_buf_0__out_buf/g_eb2_stream_buffer/clk_gate_g_buffer_data_out_r_reg     1.7550     0.0    0.0000     1.7550 0.0000 SNPS_CLOCK_GATE_HIGH_VX_stream_buffer_616_0_0_5
g_multi_inputs_g_multiple_outputs_g_xbar_arbs_2__xbar_arb  4724.2259    24.7 1193.9850     0.0000 0.0000 VX_stream_arb_9_1
g_multi_inputs_g_multiple_outputs_g_xbar_arbs_2__xbar_arb/g_input_select_g_arbiter_arbiter    25.3890     0.1    0.0000     0.0000 0.0000 VX_generic_arbiter_11
g_multi_inputs_g_multiple_outputs_g_xbar_arbs_2__xbar_arb/g_input_select_g_arbiter_arbiter/g_round_robin_rr_arbiter    25.3890     0.1   13.3380     8.4240 0.0000 VX_rr_arbiter_4
g_multi_inputs_g_multiple_outputs_g_xbar_arbs_2__xbar_arb/g_input_select_g_arbiter_arbiter/g_round_robin_rr_arbiter/clk_gate_g_model1_reqs_mask_reg     1.7550     0.0    0.0000     1.7550 0.0000 SNPS_CLOCK_GATE_HIGH_VX_rr_arbiter_4_1
g_multi_inputs_g_multiple_outputs_g_xbar_arbs_2__xbar_arb/g_input_select_g_arbiter_arbiter/g_round_robin_rr_arbiter/g_model1_onehot_encoder     1.8720     0.0    1.8720     0.0000 0.0000 VX_onehot_encoder_1_1
g_multi_inputs_g_multiple_outputs_g_xbar_arbs_2__xbar_arb/g_input_select_g_arbiter_g_out_buf_0__out_buf  3504.8519    18.3    0.0000     0.0000 0.0000 VX_elastic_buffer_616_2_0_0_1
g_multi_inputs_g_multiple_outputs_g_xbar_arbs_2__xbar_arb/g_input_select_g_arbiter_g_out_buf_0__out_buf/g_eb2_out_buf   289.2240     1.5  289.2240     0.0000 0.0000 VX_pipe_buffer_18_1
g_multi_inputs_g_multiple_outputs_g_xbar_arbs_2__xbar_arb/g_input_select_g_arbiter_g_out_buf_0__out_buf/g_eb2_stream_buffer  3215.6279    16.8  613.3140  2598.8039 0.0000 VX_stream_buffer_616_0_1
g_multi_inputs_g_multiple_outputs_g_xbar_arbs_2__xbar_arb/g_input_select_g_arbiter_g_out_buf_0__out_buf/g_eb2_stream_buffer/clk_gate_g_buffer_buffer_r_reg     1.7550     0.0    0.0000     1.7550 0.0000 SNPS_CLOCK_GATE_HIGH_VX_stream_buffer_616_0_0_2
g_multi_inputs_g_multiple_outputs_g_xbar_arbs_2__xbar_arb/g_input_select_g_arbiter_g_out_buf_0__out_buf/g_eb2_stream_buffer/clk_gate_g_buffer_data_out_r_reg     1.7550     0.0    0.0000     1.7550 0.0000 SNPS_CLOCK_GATE_HIGH_VX_stream_buffer_616_0_0_3
g_multi_inputs_g_multiple_outputs_g_xbar_arbs_3__xbar_arb  4724.9279    24.7 1194.4530     0.0000 0.0000 VX_stream_arb_9_0
g_multi_inputs_g_multiple_outputs_g_xbar_arbs_3__xbar_arb/g_input_select_g_arbiter_arbiter    25.3890     0.1    0.0000     0.0000 0.0000 VX_generic_arbiter_0
g_multi_inputs_g_multiple_outputs_g_xbar_arbs_3__xbar_arb/g_input_select_g_arbiter_arbiter/g_round_robin_rr_arbiter    25.3890     0.1   13.3380     8.4240 0.0000 VX_rr_arbiter_0
g_multi_inputs_g_multiple_outputs_g_xbar_arbs_3__xbar_arb/g_input_select_g_arbiter_arbiter/g_round_robin_rr_arbiter/clk_gate_g_model1_reqs_mask_reg     1.7550     0.0    0.0000     1.7550 0.0000 SNPS_CLOCK_GATE_HIGH_VX_rr_arbiter_0_1
g_multi_inputs_g_multiple_outputs_g_xbar_arbs_3__xbar_arb/g_input_select_g_arbiter_arbiter/g_round_robin_rr_arbiter/g_model1_onehot_encoder     1.8720     0.0    1.8720     0.0000 0.0000 VX_onehot_encoder_1_0
g_multi_inputs_g_multiple_outputs_g_xbar_arbs_3__xbar_arb/g_input_select_g_arbiter_g_out_buf_0__out_buf  3505.0859    18.3    0.0000     0.0000 0.0000 VX_elastic_buffer_616_2_0_0_0
g_multi_inputs_g_multiple_outputs_g_xbar_arbs_3__xbar_arb/g_input_select_g_arbiter_g_out_buf_0__out_buf/g_eb2_out_buf   289.2240     1.5  289.2240     0.0000 0.0000 VX_pipe_buffer_18_0
g_multi_inputs_g_multiple_outputs_g_xbar_arbs_3__xbar_arb/g_input_select_g_arbiter_g_out_buf_0__out_buf/g_eb2_stream_buffer  3215.8619    16.8  613.5480  2598.8039 0.0000 VX_stream_buffer_616_0_0
g_multi_inputs_g_multiple_outputs_g_xbar_arbs_3__xbar_arb/g_input_select_g_arbiter_g_out_buf_0__out_buf/g_eb2_stream_buffer/clk_gate_g_buffer_buffer_r_reg     1.7550     0.0    0.0000     1.7550 0.0000 SNPS_CLOCK_GATE_HIGH_VX_stream_buffer_616_0_0_1
g_multi_inputs_g_multiple_outputs_g_xbar_arbs_3__xbar_arb/g_input_select_g_arbiter_g_out_buf_0__out_buf/g_eb2_stream_buffer/clk_gate_g_buffer_data_out_r_reg     1.7550     0.0    0.0000     1.7550 0.0000 SNPS_CLOCK_GATE_HIGH_VX_stream_buffer_616_0_0_0
g_multi_inputs_g_multiple_outputs_rdy_in_transpose     7.4880     0.0    7.4880     0.0000 0.0000 VX_transpose_5
g_multi_inputs_g_multiple_outputs_val_in_transpose     7.4880     0.0    7.4880     0.0000 0.0000 VX_transpose_0
genblk2_u_buffer_ex                   8.0730      0.0     0.0000      0.0000  0.0000  VX_pipe_register
genblk2_u_buffer_ex/g_shift_register     8.0730     0.0    1.7550     6.3180  0.0000  VX_shift_register_4_4_1_0
genblk3_u_pop_count_ex                1.9890      0.0     0.0000      0.0000  0.0000  VX_popcount
genblk3_u_pop_count_ex/g_popcount6_pc63     1.9890     0.0    1.9890     0.0000 0.0000 VX_popcount63
--------------------------------  ----------  -------  ---------  ----------  ------  -----------------------------------------------
Total                                                  8576.9191  10548.9537  0.0000

1
