 
****************************************
Report : timing
        -path full
        -delay max
        -nets
        -max_paths 10
        -transition_time
Design : VX_mem_switch__ddec79494822
Scenario(s): mode_norm.OC_rvt_ss_0p900v_125c
Version: V-2023.12-SP5-3
Date   : Tue Jul 21 07:51:53 2026
****************************************

 * Some/all delay information is back-annotated.
Wire Load Model Mode: Inactive.

  Startpoint: bus_out_if_0__rsp_data[434]
              (input port clocked by CLK)
  Endpoint: bus_in_if_0__rsp_data[434]
            (output port clocked by CLK)
  Scenario: mode_norm.OC_rvt_ss_0p900v_125c
  Path Group: FEEDTHROUGH
  Path Type: max

Attributes:
    d - dont_touch
    u - dont_use
   mo - map_only
   so - size_only
    i - ideal_net or ideal_network
  inf - infeasible path

  Point                                                                          Fanout     Trans      Incr       Path      Attributes     Voltage
  ------------------------------------------------------------------------------------------------------------------------------------------------------
  clock CLK (rise edge)                                                                                0.00       0.00                     
  clock network delay (ideal)                                                                          0.00       0.00                     
  input external delay                                                                                 0.00       0.00 r                   
  bus_out_if_0__rsp_data[434] (in)                                                           0.29      0.15       0.15 r                   
  bus_out_if_0__rsp_data[434] (net)                                                1                   0.00       0.15 r                   
  rsp_arb/data_in[434] (VX_stream_arb_1)                                                               0.00       0.15 r                   
  rsp_arb/data_in[434] (net)                                                                           0.00       0.15 r                   
  rsp_arb/g_passthru_g_out_buf_0__out_buf/data_in[434] (VX_elastic_buffer_520_0_0_0_3)                 0.00       0.15 r                   
  rsp_arb/g_passthru_g_out_buf_0__out_buf/data_in[434] (net)                                           0.00       0.15 r                   
  rsp_arb/g_passthru_g_out_buf_0__out_buf/U39/Y (BUF_X1M_A9TR)                               0.09      0.14 *     0.29 r                   0.90
  rsp_arb/g_passthru_g_out_buf_0__out_buf/data_out[434] (net)                      1                   0.00       0.29 r                   
  rsp_arb/g_passthru_g_out_buf_0__out_buf/data_out[434] (VX_elastic_buffer_520_0_0_0_3)                0.00       0.29 r                   
  rsp_arb/data_out[434] (net)                                                                          0.00       0.29 r                   
  rsp_arb/data_out[434] (VX_stream_arb_1)                                                              0.00       0.29 r                   
  bus_in_if_0__rsp_data[434] (net)                                                                     0.00       0.29 r                   
  bus_in_if_0__rsp_data[434] (out)                                                           0.09      0.00 *     0.29 r                   
  data arrival time                                                                                               0.29                     

  clock CLK (rise edge)                                                                                9.90       9.90                     
  clock network delay (ideal)                                                                          0.00       9.90                     
  output external delay                                                                                0.00       9.90                     
  data required time                                                                                              9.90                     
  ------------------------------------------------------------------------------------------------------------------------------------------------------
  data required time                                                                                              9.90                     
  data arrival time                                                                                              -0.29                     
  ------------------------------------------------------------------------------------------------------------------------------------------------------
  slack (MET)                                                                                                     9.61                     


  Startpoint: bus_out_if_0__rsp_data[418]
              (input port clocked by CLK)
  Endpoint: bus_in_if_0__rsp_data[418]
            (output port clocked by CLK)
  Scenario: mode_norm.OC_rvt_ss_0p900v_125c
  Path Group: FEEDTHROUGH
  Path Type: max

Attributes:
    d - dont_touch
    u - dont_use
   mo - map_only
   so - size_only
    i - ideal_net or ideal_network
  inf - infeasible path

  Point                                                                          Fanout     Trans      Incr       Path      Attributes     Voltage
  ------------------------------------------------------------------------------------------------------------------------------------------------------
  clock CLK (rise edge)                                                                                0.00       0.00                     
  clock network delay (ideal)                                                                          0.00       0.00                     
  input external delay                                                                                 0.00       0.00 r                   
  bus_out_if_0__rsp_data[418] (in)                                                           0.28      0.15       0.15 r                   
  bus_out_if_0__rsp_data[418] (net)                                                1                   0.00       0.15 r                   
  rsp_arb/data_in[418] (VX_stream_arb_1)                                                               0.00       0.15 r                   
  rsp_arb/data_in[418] (net)                                                                           0.00       0.15 r                   
  rsp_arb/g_passthru_g_out_buf_0__out_buf/data_in[418] (VX_elastic_buffer_520_0_0_0_3)                 0.00       0.15 r                   
  rsp_arb/g_passthru_g_out_buf_0__out_buf/data_in[418] (net)                                           0.00       0.15 r                   
  rsp_arb/g_passthru_g_out_buf_0__out_buf/U44/Y (BUF_X1M_A9TR)                               0.09      0.14 *     0.29 r                   0.90
  rsp_arb/g_passthru_g_out_buf_0__out_buf/data_out[418] (net)                      1                   0.00       0.29 r                   
  rsp_arb/g_passthru_g_out_buf_0__out_buf/data_out[418] (VX_elastic_buffer_520_0_0_0_3)                0.00       0.29 r                   
  rsp_arb/data_out[418] (net)                                                                          0.00       0.29 r                   
  rsp_arb/data_out[418] (VX_stream_arb_1)                                                              0.00       0.29 r                   
  bus_in_if_0__rsp_data[418] (net)                                                                     0.00       0.29 r                   
  bus_in_if_0__rsp_data[418] (out)                                                           0.09      0.00 *     0.29 r                   
  data arrival time                                                                                               0.29                     

  clock CLK (rise edge)                                                                                9.90       9.90                     
  clock network delay (ideal)                                                                          0.00       9.90                     
  output external delay                                                                                0.00       9.90                     
  data required time                                                                                              9.90                     
  ------------------------------------------------------------------------------------------------------------------------------------------------------
  data required time                                                                                              9.90                     
  data arrival time                                                                                              -0.29                     
  ------------------------------------------------------------------------------------------------------------------------------------------------------
  slack (MET)                                                                                                     9.61                     


  Startpoint: bus_out_if_0__rsp_data[122]
              (input port clocked by CLK)
  Endpoint: bus_in_if_0__rsp_data[122]
            (output port clocked by CLK)
  Scenario: mode_norm.OC_rvt_ss_0p900v_125c
  Path Group: FEEDTHROUGH
  Path Type: max

Attributes:
    d - dont_touch
    u - dont_use
   mo - map_only
   so - size_only
    i - ideal_net or ideal_network
  inf - infeasible path

  Point                                                                          Fanout     Trans      Incr       Path      Attributes     Voltage
  ------------------------------------------------------------------------------------------------------------------------------------------------------
  clock CLK (rise edge)                                                                                0.00       0.00                     
  clock network delay (ideal)                                                                          0.00       0.00                     
  input external delay                                                                                 0.00       0.00 r                   
  bus_out_if_0__rsp_data[122] (in)                                                           0.28      0.15       0.15 r                   
  bus_out_if_0__rsp_data[122] (net)                                                1                   0.00       0.15 r                   
  rsp_arb/data_in[122] (VX_stream_arb_1)                                                               0.00       0.15 r                   
  rsp_arb/data_in[122] (net)                                                                           0.00       0.15 r                   
  rsp_arb/g_passthru_g_out_buf_0__out_buf/data_in[122] (VX_elastic_buffer_520_0_0_0_3)                 0.00       0.15 r                   
  rsp_arb/g_passthru_g_out_buf_0__out_buf/data_in[122] (net)                                           0.00       0.15 r                   
  rsp_arb/g_passthru_g_out_buf_0__out_buf/U152/Y (BUF_X1M_A9TR)                              0.09      0.13 *     0.29 r                   0.90
  rsp_arb/g_passthru_g_out_buf_0__out_buf/data_out[122] (net)                      1                   0.00       0.29 r                   
  rsp_arb/g_passthru_g_out_buf_0__out_buf/data_out[122] (VX_elastic_buffer_520_0_0_0_3)                0.00       0.29 r                   
  rsp_arb/data_out[122] (net)                                                                          0.00       0.29 r                   
  rsp_arb/data_out[122] (VX_stream_arb_1)                                                              0.00       0.29 r                   
  bus_in_if_0__rsp_data[122] (net)                                                                     0.00       0.29 r                   
  bus_in_if_0__rsp_data[122] (out)                                                           0.09      0.00 *     0.29 r                   
  data arrival time                                                                                               0.29                     

  clock CLK (rise edge)                                                                                9.90       9.90                     
  clock network delay (ideal)                                                                          0.00       9.90                     
  output external delay                                                                                0.00       9.90                     
  data required time                                                                                              9.90                     
  ------------------------------------------------------------------------------------------------------------------------------------------------------
  data required time                                                                                              9.90                     
  data arrival time                                                                                              -0.29                     
  ------------------------------------------------------------------------------------------------------------------------------------------------------
  slack (MET)                                                                                                     9.61                     


  Startpoint: bus_out_if_0__rsp_data[3]
              (input port clocked by CLK)
  Endpoint: bus_in_if_0__rsp_data[3]
            (output port clocked by CLK)
  Scenario: mode_norm.OC_rvt_ss_0p900v_125c
  Path Group: FEEDTHROUGH
  Path Type: max

Attributes:
    d - dont_touch
    u - dont_use
   mo - map_only
   so - size_only
    i - ideal_net or ideal_network
  inf - infeasible path

  Point                                                                        Fanout     Trans      Incr       Path      Attributes     Voltage
  ----------------------------------------------------------------------------------------------------------------------------------------------------
  clock CLK (rise edge)                                                                              0.00       0.00                     
  clock network delay (ideal)                                                                        0.00       0.00                     
  input external delay                                                                               0.00       0.00 r                   
  bus_out_if_0__rsp_data[3] (in)                                                           0.28      0.15       0.15 r                   
  bus_out_if_0__rsp_data[3] (net)                                                1                   0.00       0.15 r                   
  rsp_arb/data_in[3] (VX_stream_arb_1)                                                               0.00       0.15 r                   
  rsp_arb/data_in[3] (net)                                                                           0.00       0.15 r                   
  rsp_arb/g_passthru_g_out_buf_0__out_buf/data_in[3] (VX_elastic_buffer_520_0_0_0_3)                 0.00       0.15 r                   
  rsp_arb/g_passthru_g_out_buf_0__out_buf/data_in[3] (net)                                           0.00       0.15 r                   
  rsp_arb/g_passthru_g_out_buf_0__out_buf/U193/Y (BUF_X1M_A9TR)                            0.09      0.13 *     0.28 r                   0.90
  rsp_arb/g_passthru_g_out_buf_0__out_buf/data_out[3] (net)                      1                   0.00       0.28 r                   
  rsp_arb/g_passthru_g_out_buf_0__out_buf/data_out[3] (VX_elastic_buffer_520_0_0_0_3)                0.00       0.28 r                   
  rsp_arb/data_out[3] (net)                                                                          0.00       0.28 r                   
  rsp_arb/data_out[3] (VX_stream_arb_1)                                                              0.00       0.28 r                   
  bus_in_if_0__rsp_data[3] (net)                                                                     0.00       0.28 r                   
  bus_in_if_0__rsp_data[3] (out)                                                           0.09      0.00 *     0.28 r                   
  data arrival time                                                                                             0.28                     

  clock CLK (rise edge)                                                                              9.90       9.90                     
  clock network delay (ideal)                                                                        0.00       9.90                     
  output external delay                                                                              0.00       9.90                     
  data required time                                                                                            9.90                     
  ----------------------------------------------------------------------------------------------------------------------------------------------------
  data required time                                                                                            9.90                     
  data arrival time                                                                                            -0.28                     
  ----------------------------------------------------------------------------------------------------------------------------------------------------
  slack (MET)                                                                                                   9.62                     


  Startpoint: bus_out_if_0__rsp_data[316]
              (input port clocked by CLK)
  Endpoint: bus_in_if_0__rsp_data[316]
            (output port clocked by CLK)
  Scenario: mode_norm.OC_rvt_ss_0p900v_125c
  Path Group: FEEDTHROUGH
  Path Type: max

Attributes:
    d - dont_touch
    u - dont_use
   mo - map_only
   so - size_only
    i - ideal_net or ideal_network
  inf - infeasible path

  Point                                                                          Fanout     Trans      Incr       Path      Attributes     Voltage
  ------------------------------------------------------------------------------------------------------------------------------------------------------
  clock CLK (rise edge)                                                                                0.00       0.00                     
  clock network delay (ideal)                                                                          0.00       0.00                     
  input external delay                                                                                 0.00       0.00 r                   
  bus_out_if_0__rsp_data[316] (in)                                                           0.28      0.15       0.15 r                   
  bus_out_if_0__rsp_data[316] (net)                                                1                   0.00       0.15 r                   
  rsp_arb/data_in[316] (VX_stream_arb_1)                                                               0.00       0.15 r                   
  rsp_arb/data_in[316] (net)                                                                           0.00       0.15 r                   
  rsp_arb/g_passthru_g_out_buf_0__out_buf/data_in[316] (VX_elastic_buffer_520_0_0_0_3)                 0.00       0.15 r                   
  rsp_arb/g_passthru_g_out_buf_0__out_buf/data_in[316] (net)                                           0.00       0.15 r                   
  rsp_arb/g_passthru_g_out_buf_0__out_buf/U72/Y (BUF_X1M_A9TR)                               0.09      0.13 *     0.28 r                   0.90
  rsp_arb/g_passthru_g_out_buf_0__out_buf/data_out[316] (net)                      1                   0.00       0.28 r                   
  rsp_arb/g_passthru_g_out_buf_0__out_buf/data_out[316] (VX_elastic_buffer_520_0_0_0_3)                0.00       0.28 r                   
  rsp_arb/data_out[316] (net)                                                                          0.00       0.28 r                   
  rsp_arb/data_out[316] (VX_stream_arb_1)                                                              0.00       0.28 r                   
  bus_in_if_0__rsp_data[316] (net)                                                                     0.00       0.28 r                   
  bus_in_if_0__rsp_data[316] (out)                                                           0.09      0.00 *     0.28 r                   
  data arrival time                                                                                               0.28                     

  clock CLK (rise edge)                                                                                9.90       9.90                     
  clock network delay (ideal)                                                                          0.00       9.90                     
  output external delay                                                                                0.00       9.90                     
  data required time                                                                                              9.90                     
  ------------------------------------------------------------------------------------------------------------------------------------------------------
  data required time                                                                                              9.90                     
  data arrival time                                                                                              -0.28                     
  ------------------------------------------------------------------------------------------------------------------------------------------------------
  slack (MET)                                                                                                     9.62                     


  Startpoint: bus_out_if_0__rsp_data[126]
              (input port clocked by CLK)
  Endpoint: bus_in_if_0__rsp_data[126]
            (output port clocked by CLK)
  Scenario: mode_norm.OC_rvt_ss_0p900v_125c
  Path Group: FEEDTHROUGH
  Path Type: max

Attributes:
    d - dont_touch
    u - dont_use
   mo - map_only
   so - size_only
    i - ideal_net or ideal_network
  inf - infeasible path

  Point                                                                          Fanout     Trans      Incr       Path      Attributes     Voltage
  ------------------------------------------------------------------------------------------------------------------------------------------------------
  clock CLK (rise edge)                                                                                0.00       0.00                     
  clock network delay (ideal)                                                                          0.00       0.00                     
  input external delay                                                                                 0.00       0.00 r                   
  bus_out_if_0__rsp_data[126] (in)                                                           0.28      0.15       0.15 r                   
  bus_out_if_0__rsp_data[126] (net)                                                1                   0.00       0.15 r                   
  rsp_arb/data_in[126] (VX_stream_arb_1)                                                               0.00       0.15 r                   
  rsp_arb/data_in[126] (net)                                                                           0.00       0.15 r                   
  rsp_arb/g_passthru_g_out_buf_0__out_buf/data_in[126] (VX_elastic_buffer_520_0_0_0_3)                 0.00       0.15 r                   
  rsp_arb/g_passthru_g_out_buf_0__out_buf/data_in[126] (net)                                           0.00       0.15 r                   
  rsp_arb/g_passthru_g_out_buf_0__out_buf/U153/Y (BUF_X1M_A9TR)                              0.09      0.13 *     0.28 r                   0.90
  rsp_arb/g_passthru_g_out_buf_0__out_buf/data_out[126] (net)                      1                   0.00       0.28 r                   
  rsp_arb/g_passthru_g_out_buf_0__out_buf/data_out[126] (VX_elastic_buffer_520_0_0_0_3)                0.00       0.28 r                   
  rsp_arb/data_out[126] (net)                                                                          0.00       0.28 r                   
  rsp_arb/data_out[126] (VX_stream_arb_1)                                                              0.00       0.28 r                   
  bus_in_if_0__rsp_data[126] (net)                                                                     0.00       0.28 r                   
  bus_in_if_0__rsp_data[126] (out)                                                           0.09      0.00 *     0.28 r                   
  data arrival time                                                                                               0.28                     

  clock CLK (rise edge)                                                                                9.90       9.90                     
  clock network delay (ideal)                                                                          0.00       9.90                     
  output external delay                                                                                0.00       9.90                     
  data required time                                                                                              9.90                     
  ------------------------------------------------------------------------------------------------------------------------------------------------------
  data required time                                                                                              9.90                     
  data arrival time                                                                                              -0.28                     
  ------------------------------------------------------------------------------------------------------------------------------------------------------
  slack (MET)                                                                                                     9.62                     


  Startpoint: bus_out_if_0__rsp_data[463]
              (input port clocked by CLK)
  Endpoint: bus_in_if_0__rsp_data[463]
            (output port clocked by CLK)
  Scenario: mode_norm.OC_rvt_ss_0p900v_125c
  Path Group: FEEDTHROUGH
  Path Type: max

Attributes:
    d - dont_touch
    u - dont_use
   mo - map_only
   so - size_only
    i - ideal_net or ideal_network
  inf - infeasible path

  Point                                                                          Fanout     Trans      Incr       Path      Attributes     Voltage
  ------------------------------------------------------------------------------------------------------------------------------------------------------
  clock CLK (rise edge)                                                                                0.00       0.00                     
  clock network delay (ideal)                                                                          0.00       0.00                     
  input external delay                                                                                 0.00       0.00 r                   
  bus_out_if_0__rsp_data[463] (in)                                                           0.27      0.15       0.15 r                   
  bus_out_if_0__rsp_data[463] (net)                                                1                   0.00       0.15 r                   
  rsp_arb/data_in[463] (VX_stream_arb_1)                                                               0.00       0.15 r                   
  rsp_arb/data_in[463] (net)                                                                           0.00       0.15 r                   
  rsp_arb/g_passthru_g_out_buf_0__out_buf/data_in[463] (VX_elastic_buffer_520_0_0_0_3)                 0.00       0.15 r                   
  rsp_arb/g_passthru_g_out_buf_0__out_buf/data_in[463] (net)                                           0.00       0.15 r                   
  rsp_arb/g_passthru_g_out_buf_0__out_buf/U30/Y (BUF_X1M_A9TR)                               0.09      0.13 *     0.28 r                   0.90
  rsp_arb/g_passthru_g_out_buf_0__out_buf/data_out[463] (net)                      1                   0.00       0.28 r                   
  rsp_arb/g_passthru_g_out_buf_0__out_buf/data_out[463] (VX_elastic_buffer_520_0_0_0_3)                0.00       0.28 r                   
  rsp_arb/data_out[463] (net)                                                                          0.00       0.28 r                   
  rsp_arb/data_out[463] (VX_stream_arb_1)                                                              0.00       0.28 r                   
  bus_in_if_0__rsp_data[463] (net)                                                                     0.00       0.28 r                   
  bus_in_if_0__rsp_data[463] (out)                                                           0.09      0.00 *     0.28 r                   
  data arrival time                                                                                               0.28                     

  clock CLK (rise edge)                                                                                9.90       9.90                     
  clock network delay (ideal)                                                                          0.00       9.90                     
  output external delay                                                                                0.00       9.90                     
  data required time                                                                                              9.90                     
  ------------------------------------------------------------------------------------------------------------------------------------------------------
  data required time                                                                                              9.90                     
  data arrival time                                                                                              -0.28                     
  ------------------------------------------------------------------------------------------------------------------------------------------------------
  slack (MET)                                                                                                     9.62                     


  Startpoint: bus_out_if_0__rsp_data[87]
              (input port clocked by CLK)
  Endpoint: bus_in_if_0__rsp_data[87]
            (output port clocked by CLK)
  Scenario: mode_norm.OC_rvt_ss_0p900v_125c
  Path Group: FEEDTHROUGH
  Path Type: max

Attributes:
    d - dont_touch
    u - dont_use
   mo - map_only
   so - size_only
    i - ideal_net or ideal_network
  inf - infeasible path

  Point                                                                         Fanout     Trans      Incr       Path      Attributes     Voltage
  -----------------------------------------------------------------------------------------------------------------------------------------------------
  clock CLK (rise edge)                                                                               0.00       0.00                     
  clock network delay (ideal)                                                                         0.00       0.00                     
  input external delay                                                                                0.00       0.00 r                   
  bus_out_if_0__rsp_data[87] (in)                                                           0.28      0.15       0.15 r                   
  bus_out_if_0__rsp_data[87] (net)                                                1                   0.00       0.15 r                   
  rsp_arb/data_in[87] (VX_stream_arb_1)                                                               0.00       0.15 r                   
  rsp_arb/data_in[87] (net)                                                                           0.00       0.15 r                   
  rsp_arb/g_passthru_g_out_buf_0__out_buf/data_in[87] (VX_elastic_buffer_520_0_0_0_3)                 0.00       0.15 r                   
  rsp_arb/g_passthru_g_out_buf_0__out_buf/data_in[87] (net)                                           0.00       0.15 r                   
  rsp_arb/g_passthru_g_out_buf_0__out_buf/U167/Y (BUF_X1M_A9TR)                             0.09      0.13 *     0.28 r                   0.90
  rsp_arb/g_passthru_g_out_buf_0__out_buf/data_out[87] (net)                      1                   0.00       0.28 r                   
  rsp_arb/g_passthru_g_out_buf_0__out_buf/data_out[87] (VX_elastic_buffer_520_0_0_0_3)                0.00       0.28 r                   
  rsp_arb/data_out[87] (net)                                                                          0.00       0.28 r                   
  rsp_arb/data_out[87] (VX_stream_arb_1)                                                              0.00       0.28 r                   
  bus_in_if_0__rsp_data[87] (net)                                                                     0.00       0.28 r                   
  bus_in_if_0__rsp_data[87] (out)                                                           0.09      0.00 *     0.28 r                   
  data arrival time                                                                                              0.28                     

  clock CLK (rise edge)                                                                               9.90       9.90                     
  clock network delay (ideal)                                                                         0.00       9.90                     
  output external delay                                                                               0.00       9.90                     
  data required time                                                                                             9.90                     
  -----------------------------------------------------------------------------------------------------------------------------------------------------
  data required time                                                                                             9.90                     
  data arrival time                                                                                             -0.28                     
  -----------------------------------------------------------------------------------------------------------------------------------------------------
  slack (MET)                                                                                                    9.62                     


  Startpoint: bus_out_if_0__rsp_data[348]
              (input port clocked by CLK)
  Endpoint: bus_in_if_0__rsp_data[348]
            (output port clocked by CLK)
  Scenario: mode_norm.OC_rvt_ss_0p900v_125c
  Path Group: FEEDTHROUGH
  Path Type: max

Attributes:
    d - dont_touch
    u - dont_use
   mo - map_only
   so - size_only
    i - ideal_net or ideal_network
  inf - infeasible path

  Point                                                                          Fanout     Trans      Incr       Path      Attributes     Voltage
  ------------------------------------------------------------------------------------------------------------------------------------------------------
  clock CLK (rise edge)                                                                                0.00       0.00                     
  clock network delay (ideal)                                                                          0.00       0.00                     
  input external delay                                                                                 0.00       0.00 r                   
  bus_out_if_0__rsp_data[348] (in)                                                           0.27      0.15       0.15 r                   
  bus_out_if_0__rsp_data[348] (net)                                                1                   0.00       0.15 r                   
  rsp_arb/data_in[348] (VX_stream_arb_1)                                                               0.00       0.15 r                   
  rsp_arb/data_in[348] (net)                                                                           0.00       0.15 r                   
  rsp_arb/g_passthru_g_out_buf_0__out_buf/data_in[348] (VX_elastic_buffer_520_0_0_0_3)                 0.00       0.15 r                   
  rsp_arb/g_passthru_g_out_buf_0__out_buf/data_in[348] (net)                                           0.00       0.15 r                   
  rsp_arb/g_passthru_g_out_buf_0__out_buf/U65/Y (BUF_X1M_A9TR)                               0.09      0.13 *     0.28 r                   0.90
  rsp_arb/g_passthru_g_out_buf_0__out_buf/data_out[348] (net)                      1                   0.00       0.28 r                   
  rsp_arb/g_passthru_g_out_buf_0__out_buf/data_out[348] (VX_elastic_buffer_520_0_0_0_3)                0.00       0.28 r                   
  rsp_arb/data_out[348] (net)                                                                          0.00       0.28 r                   
  rsp_arb/data_out[348] (VX_stream_arb_1)                                                              0.00       0.28 r                   
  bus_in_if_0__rsp_data[348] (net)                                                                     0.00       0.28 r                   
  bus_in_if_0__rsp_data[348] (out)                                                           0.09      0.00 *     0.28 r                   
  data arrival time                                                                                               0.28                     

  clock CLK (rise edge)                                                                                9.90       9.90                     
  clock network delay (ideal)                                                                          0.00       9.90                     
  output external delay                                                                                0.00       9.90                     
  data required time                                                                                              9.90                     
  ------------------------------------------------------------------------------------------------------------------------------------------------------
  data required time                                                                                              9.90                     
  data arrival time                                                                                              -0.28                     
  ------------------------------------------------------------------------------------------------------------------------------------------------------
  slack (MET)                                                                                                     9.62                     


  Startpoint: bus_out_if_0__rsp_data[233]
              (input port clocked by CLK)
  Endpoint: bus_in_if_0__rsp_data[233]
            (output port clocked by CLK)
  Scenario: mode_norm.OC_rvt_ss_0p900v_125c
  Path Group: FEEDTHROUGH
  Path Type: max

Attributes:
    d - dont_touch
    u - dont_use
   mo - map_only
   so - size_only
    i - ideal_net or ideal_network
  inf - infeasible path

  Point                                                                          Fanout     Trans      Incr       Path      Attributes     Voltage
  ------------------------------------------------------------------------------------------------------------------------------------------------------
  clock CLK (rise edge)                                                                                0.00       0.00                     
  clock network delay (ideal)                                                                          0.00       0.00                     
  input external delay                                                                                 0.00       0.00 r                   
  bus_out_if_0__rsp_data[233] (in)                                                           0.27      0.15       0.15 r                   
  bus_out_if_0__rsp_data[233] (net)                                                1                   0.00       0.15 r                   
  rsp_arb/data_in[233] (VX_stream_arb_1)                                                               0.00       0.15 r                   
  rsp_arb/data_in[233] (net)                                                                           0.00       0.15 r                   
  rsp_arb/g_passthru_g_out_buf_0__out_buf/data_in[233] (VX_elastic_buffer_520_0_0_0_3)                 0.00       0.15 r                   
  rsp_arb/g_passthru_g_out_buf_0__out_buf/data_in[233] (net)                                           0.00       0.15 r                   
  rsp_arb/g_passthru_g_out_buf_0__out_buf/U101/Y (BUF_X1M_A9TR)                              0.09      0.13 *     0.28 r                   0.90
  rsp_arb/g_passthru_g_out_buf_0__out_buf/data_out[233] (net)                      1                   0.00       0.28 r                   
  rsp_arb/g_passthru_g_out_buf_0__out_buf/data_out[233] (VX_elastic_buffer_520_0_0_0_3)                0.00       0.28 r                   
  rsp_arb/data_out[233] (net)                                                                          0.00       0.28 r                   
  rsp_arb/data_out[233] (VX_stream_arb_1)                                                              0.00       0.28 r                   
  bus_in_if_0__rsp_data[233] (net)                                                                     0.00       0.28 r                   
  bus_in_if_0__rsp_data[233] (out)                                                           0.09      0.00 *     0.28 r                   
  data arrival time                                                                                               0.28                     

  clock CLK (rise edge)                                                                                9.90       9.90                     
  clock network delay (ideal)                                                                          0.00       9.90                     
  output external delay                                                                                0.00       9.90                     
  data required time                                                                                              9.90                     
  ------------------------------------------------------------------------------------------------------------------------------------------------------
  data required time                                                                                              9.90                     
  data arrival time                                                                                              -0.28                     
  ------------------------------------------------------------------------------------------------------------------------------------------------------
  slack (MET)                                                                                                     9.62                     


1
