 
****************************************
Report : area
Design : VX_mem_arb__fd0cdeb266aa
Version: V-2023.12-SP5-3
Date   : Tue Jul 21 07:24:31 2026
****************************************

Library(s) Used:

    sc9_cmos28lpp_base_rvt_ss_nominal_max_0p900v_125c_sadhm (File: /tool/PDK/Samsung/LN28LPP_202203/PRIMITIVES/RVT/ln28lpp_sc_9t_base_rvt_c130_V1.00d/FE-Common/LIBERTY/sc9_cmos28lpp_base_rvt_ss_nominal_max_0p900v_125c_sadhm.db)

Number of ports:                        16794
Number of nets:                         22680
Number of cells:                         7569
Number of combinational cells:           4242
Number of sequential cells:              3302
Number of macros/black boxes:               0
Number of buf/inv:                       1963
Number of references:                       4

Combinational area:               3026.555968
Buf/Inv area:                      900.782992
Noncombinational area:            6951.905824
Macro/Black Box area:                0.000000
Net Interconnect area:      undefined  (No wire load specified)

Total cell area:                  9978.461792
Total area:                 undefined

Core Area:                     23867
Aspect Ratio:                 1.0040
Utilization Ratio:            0.4181


The above information was reported from the logical library. The following are from the physical library:

  Total moveable cell area: 9978.5
  Total fixed cell area: 0.0
  Total physical cell area: 9978.5
 Core area: 0.000, 0.000, 154.180, 154.800

Hierarchical area distribution
------------------------------

                                  Global cell area          Local cell area
                                  ------------------  ---------------------------- 
Hierarchical cell                 Absolute   Percent  Combi-     Noncombi-  Black-
                                  Total      Total    national   national   boxes   Design
--------------------------------  ---------  -------  ---------  ---------  ------  -----------------------------------------------
VX_mem_arb__fd0cdeb266aa          9978.4618    100.0     0.0000     0.0000  0.0000  VX_mem_arb__fd0cdeb266aa
g_bus_out_if_0__g_req_tag_sel_out_bits_insert    2.3400     0.0    2.3400    0.0000 0.0000 VX_bits_insert_3
g_rsp_select_g_rsp_data_in_0__bits_remove    2.3400     0.0    2.3400    0.0000 0.0000 VX_bits_remove_3
g_rsp_select_rsp_switch           5880.3029     58.9     2.4570     0.0000  0.0000  VX_stream_switch_5
g_rsp_select_rsp_switch/g_out_buf_0__out_buf 2939.7419    29.5    0.0000    0.0000 0.0000 VX_elastic_buffer_34_1
g_rsp_select_rsp_switch/g_out_buf_0__out_buf/g_eb2_out_buf  242.4240     2.4  242.4240    0.0000 0.0000 VX_pipe_buffer_67
g_rsp_select_rsp_switch/g_out_buf_0__out_buf/g_eb2_stream_buffer 2697.3179    27.0  516.2040 2177.6039 0.0000 VX_stream_buffer_516_1_1
g_rsp_select_rsp_switch/g_out_buf_0__out_buf/g_eb2_stream_buffer/clk_gate_g_buffer_buffer_r_reg    1.7550     0.0    0.0000    1.7550 0.0000 SNPS_CLOCK_GATE_HIGH_VX_stream_buffer_516_1_0_3
g_rsp_select_rsp_switch/g_out_buf_0__out_buf/g_eb2_stream_buffer/clk_gate_g_buffer_data_out_r_reg    1.7550     0.0    0.0000    1.7550 0.0000 SNPS_CLOCK_GATE_HIGH_VX_stream_buffer_516_1_0_2
g_rsp_select_rsp_switch/g_out_buf_1__out_buf 2938.1039    29.4    0.0000    0.0000 0.0000 VX_elastic_buffer_34_0
g_rsp_select_rsp_switch/g_out_buf_1__out_buf/g_eb2_out_buf  242.4240     2.4  242.4240    0.0000 0.0000 VX_pipe_buffer_0
g_rsp_select_rsp_switch/g_out_buf_1__out_buf/g_eb2_stream_buffer 2695.6799    27.0  514.5660 2177.6039 0.0000 VX_stream_buffer_516_1_0
g_rsp_select_rsp_switch/g_out_buf_1__out_buf/g_eb2_stream_buffer/clk_gate_g_buffer_buffer_r_reg    1.7550     0.0    0.0000    1.7550 0.0000 SNPS_CLOCK_GATE_HIGH_VX_stream_buffer_516_1_0_0
g_rsp_select_rsp_switch/g_out_buf_1__out_buf/g_eb2_stream_buffer/clk_gate_g_buffer_data_out_r_reg    1.7550     0.0    0.0000    1.7550 0.0000 SNPS_CLOCK_GATE_HIGH_VX_stream_buffer_516_1_0_1
req_arb                           4093.4789     41.0   603.6030     0.0000  0.0000  VX_stream_arb_24
req_arb/g_input_select_g_arbiter_arbiter    2.9250     0.0    0.4680    0.0000 0.0000 VX_generic_arbiter_1
req_arb/g_input_select_g_arbiter_arbiter/g_priority_priority_arbiter    2.4570     0.0    0.4680    0.0000 0.0000 VX_priority_arbiter
req_arb/g_input_select_g_arbiter_arbiter/g_priority_priority_arbiter/g_encoder_grant_sel    1.9890     0.0    1.9890    0.0000 0.0000 VX_priority_encoder_3
req_arb/g_input_select_g_arbiter_g_out_buf_0__out_buf 3486.9509    34.9    0.0000    0.0000 0.0000 VX_elastic_buffer_613_2_1_0
req_arb/g_input_select_g_arbiter_g_out_buf_0__out_buf/g_eb2_out_buf  287.8200     2.9  287.8200    0.0000 0.0000 VX_pipe_buffer_41
req_arb/g_input_select_g_arbiter_g_out_buf_0__out_buf/g_eb2_stream_buffer 3199.1309    32.1  609.4530 2586.1679 0.0000 VX_stream_buffer_613_1
req_arb/g_input_select_g_arbiter_g_out_buf_0__out_buf/g_eb2_stream_buffer/clk_gate_g_buffer_buffer_r_reg    1.7550     0.0    0.0000    1.7550 0.0000 SNPS_CLOCK_GATE_HIGH_VX_stream_buffer_613_1_0
req_arb/g_input_select_g_arbiter_g_out_buf_0__out_buf/g_eb2_stream_buffer/clk_gate_g_buffer_data_out_r_reg    1.7550     0.0    0.0000    1.7550 0.0000 SNPS_CLOCK_GATE_HIGH_VX_stream_buffer_613_1_1
--------------------------------  ---------  -------  ---------  ---------  ------  -----------------------------------------------
Total                                                 3026.5560  6951.9058  0.0000

1
