Information: Propagating switching activity (high effort zero delay simulation). (PWR-6)
Warning: Design has unannotated primary inputs. (PWR-414)
Warning: Design has unannotated sequential cell outputs. (PWR-415)
 
****************************************
Report : power
        -hier
        -analysis_effort high
        -verbose
Design : VX_mem_arb__fd0cdeb266aa
Scenario(s): mode_norm.OC_rvt_ss_0p900v_125c
Version: V-2023.12-SP5-3
Date   : Tue Jul 21 07:24:33 2026
****************************************


Library(s) Used:

    sc9_cmos28lpp_base_rvt_ss_nominal_max_0p900v_125c_sadhm (File: /tool/PDK/Samsung/LN28LPP_202203/PRIMITIVES/RVT/ln28lpp_sc_9t_base_rvt_c130_V1.00d/FE-Common/LIBERTY/sc9_cmos28lpp_base_rvt_ss_nominal_max_0p900v_125c_sadhm.db)


Global Operating Voltage = 0.9  
Power-specific unit information :
    Voltage Units = 1V
    Capacitance Units = 1.000000pf
    Time Units = 1ns
    Dynamic Power Units = 1mW    (derived from V,C,T units)
    Leakage Power Units = 1uW


--------------------------------------------------------------------------------
                                       Switch   Int      Leak     Total
Hierarchy                              Power    Power    Power    Power    %
--------------------------------------------------------------------------------
VX_mem_arb__fd0cdeb266aa                  0.108    0.590   81.451    0.780 100.0
  g_rsp_select_rsp_switch (VX_stream_switch_5) 5.97e-02    0.357   47.686    0.464  59.5
    g_out_buf_1__out_buf (VX_elastic_buffer_34_0) 2.97e-02    0.178   23.819    0.232  29.7
      g_eb2_out_buf (VX_pipe_buffer_0) 4.53e-03 2.92e-03    3.472 1.09e-02   1.4
      g_eb2_stream_buffer (VX_stream_buffer_516_1_0) 2.52e-02    0.175   20.347    0.221  28.3
    g_out_buf_0__out_buf (VX_elastic_buffer_34_1) 2.99e-02    0.179   23.845    0.232  29.8
      g_eb2_out_buf (VX_pipe_buffer_67) 4.56e-03 2.97e-03    3.472 1.10e-02   1.4
      g_eb2_stream_buffer (VX_stream_buffer_516_1_1) 2.54e-02    0.176   20.373    0.221  28.4
  g_rsp_select_g_rsp_data_in_0__bits_remove (VX_bits_remove_3) 5.13e-05 3.68e-05 3.35e-02 1.22e-04   0.0
  g_bus_out_if_0__g_req_tag_sel_out_bits_insert (VX_bits_insert_3) 4.10e-05 2.97e-05 3.35e-02 1.04e-04   0.0
  req_arb (VX_stream_arb_24)           4.85e-02    0.233   33.698    0.315  40.4
    g_input_select_g_arbiter_g_out_buf_0__out_buf (VX_elastic_buffer_613_2_1_0) 3.95e-02    0.223   28.298    0.291  37.3
      g_eb2_out_buf (VX_pipe_buffer_41) 6.46e-03 3.80e-03    4.123 1.44e-02   1.8
      g_eb2_stream_buffer (VX_stream_buffer_613_1) 3.30e-02    0.219   24.176    0.277  35.5
    g_input_select_g_arbiter_arbiter (VX_generic_arbiter_1) 6.82e-05 3.93e-05 3.35e-02 1.41e-04   0.0
      g_priority_priority_arbiter (VX_priority_arbiter) 5.85e-05 3.18e-05 2.68e-02 1.17e-04   0.0
        g_encoder_grant_sel (VX_priority_encoder_3) 5.28e-05 2.46e-05 2.00e-02 9.74e-05   0.0
1
