 
****************************************
Report : timing
        -path full
        -delay max
        -nets
        -max_paths 10
        -transition_time
Design : VX_barrel_shifter
Scenario(s): mode_norm.OC_rvt_ss_0p900v_125c
Version: V-2023.12-SP5-3
Date   : Thu May 21 21:50:20 2026
****************************************

 * Some/all delay information is back-annotated.
Wire Load Model Mode: Inactive.

  Startpoint: shift_amount[5]
              (input port clocked by CLK)
  Endpoint: shifted_reg_4_
            (rising edge-triggered flip-flop clocked by CLK)
  Scenario: mode_norm.OC_rvt_ss_0p900v_125c
  Path Group: REGIN
  Path Type: max

Attributes:
    d - dont_touch
    u - dont_use
   mo - map_only
   so - size_only
    i - ideal_net or ideal_network
  inf - infeasible path

  Point                        Fanout     Trans      Incr       Path      Attributes     Voltage
  ----------------------------------------------------------------------------------------------------
  clock CLK (rise edge)                              0.00       0.00                     
  clock network delay (ideal)                        0.00       0.00                     
  input external delay                               0.00       0.00 r                   
  shift_amount[5] (in)                     0.40      0.22       0.22 r                   
  shift_amount[5] (net)         20                   0.00       0.22 r                   
  U402/Y (INV_X0P7M_A9TR)                  0.19      0.20 *     0.41 f                   0.90
  n852 (net)                    15                   0.00       0.41 f                   
  U428/Y (NAND2_X0P5M_A9TR)                0.60      0.41 *     0.82 r                   0.90
  n402 (net)                    28                   0.00       0.82 r                   
  U598/Y (NOR2_X0P5B_A9TR)                 0.25      0.28 *     1.10 f                   0.90
  n832 (net)                    12                   0.00       1.10 f                   
  U794/Y (AOI22_X0P5M_A9TR)                0.12      0.14 *     1.24 r                   0.90
  n653 (net)                     1                   0.00       1.24 r                   
  U795/Y (OAI211_X0P5M_A9TR)               0.07      0.07 *     1.31 f                   0.90
  n655 (net)                     1                   0.00       1.31 f                   
  U796/Y (AOI21_X0P7M_A9TR)                0.07      0.06 *     1.37 r                   0.90
  n657 (net)                     1                   0.00       1.37 r                   
  U797/Y (OAI21_X0P7M_A9TR)                0.08      0.06 *     1.44 f                   0.90
  n4 (net)                       1                   0.00       1.44 f                   
  shifted_reg_4_/D (DFFQ_X0P5M_A9TR)       0.08      0.00 *     1.44 f                   0.90
  data arrival time                                             1.44                     

  clock CLK (rise edge)                             10.00      10.00                     
  clock network delay (ideal)                        0.00      10.00                     
  shifted_reg_4_/CK (DFFQ_X0P5M_A9TR)                0.00      10.00 r                   
  library setup time                                -0.06       9.94                     
  data required time                                            9.94                     
  ----------------------------------------------------------------------------------------------------
  data required time                                            9.94                     
  data arrival time                                            -1.44                     
  ----------------------------------------------------------------------------------------------------
  slack (MET)                                                   8.50                     


  Startpoint: shift_amount[5]
              (input port clocked by CLK)
  Endpoint: shifted_reg_13_
            (rising edge-triggered flip-flop clocked by CLK)
  Scenario: mode_norm.OC_rvt_ss_0p900v_125c
  Path Group: REGIN
  Path Type: max

Attributes:
    d - dont_touch
    u - dont_use
   mo - map_only
   so - size_only
    i - ideal_net or ideal_network
  inf - infeasible path

  Point                        Fanout     Trans      Incr       Path      Attributes     Voltage
  ----------------------------------------------------------------------------------------------------
  clock CLK (rise edge)                              0.00       0.00                     
  clock network delay (ideal)                        0.00       0.00                     
  input external delay                               0.00       0.00 r                   
  shift_amount[5] (in)                     0.40      0.22       0.22 r                   
  shift_amount[5] (net)         20                   0.00       0.22 r                   
  U402/Y (INV_X0P7M_A9TR)                  0.19      0.20 *     0.41 f                   0.90
  n852 (net)                    15                   0.00       0.41 f                   
  U428/Y (NAND2_X0P5M_A9TR)                0.60      0.41 *     0.82 r                   0.90
  n402 (net)                    28                   0.00       0.82 r                   
  U607/Y (NOR2_X0P5B_A9TR)                 0.25      0.28 *     1.10 f                   0.90
  n826 (net)                    12                   0.00       1.10 f                   
  U743/Y (AOI22_X0P5M_A9TR)                0.14      0.15 *     1.25 r                   0.90
  n593 (net)                     1                   0.00       1.25 r                   
  U744/Y (OAI211_X0P5M_A9TR)               0.06      0.06 *     1.31 f                   0.90
  n597 (net)                     1                   0.00       1.31 f                   
  U745/Y (AOI21_X0P7M_A9TR)                0.06      0.06 *     1.37 r                   0.90
  n599 (net)                     1                   0.00       1.37 r                   
  U746/Y (OAI21_X0P7M_A9TR)                0.07      0.06 *     1.43 f                   0.90
  n13 (net)                      1                   0.00       1.43 f                   
  shifted_reg_13_/D (DFFQ_X0P5M_A9TR)      0.07      0.00 *     1.43 f                   0.90
  data arrival time                                             1.43                     

  clock CLK (rise edge)                             10.00      10.00                     
  clock network delay (ideal)                        0.00      10.00                     
  shifted_reg_13_/CK (DFFQ_X0P5M_A9TR)               0.00      10.00 r                   
  library setup time                                -0.06       9.94                     
  data required time                                            9.94                     
  ----------------------------------------------------------------------------------------------------
  data required time                                            9.94                     
  data arrival time                                            -1.43                     
  ----------------------------------------------------------------------------------------------------
  slack (MET)                                                   8.51                     


  Startpoint: shift_amount[5]
              (input port clocked by CLK)
  Endpoint: shifted_reg_9_
            (rising edge-triggered flip-flop clocked by CLK)
  Scenario: mode_norm.OC_rvt_ss_0p900v_125c
  Path Group: REGIN
  Path Type: max

Attributes:
    d - dont_touch
    u - dont_use
   mo - map_only
   so - size_only
    i - ideal_net or ideal_network
  inf - infeasible path

  Point                        Fanout     Trans      Incr       Path      Attributes     Voltage
  ----------------------------------------------------------------------------------------------------
  clock CLK (rise edge)                              0.00       0.00                     
  clock network delay (ideal)                        0.00       0.00                     
  input external delay                               0.00       0.00 r                   
  shift_amount[5] (in)                     0.40      0.22       0.22 r                   
  shift_amount[5] (net)         20                   0.00       0.22 r                   
  U402/Y (INV_X0P7M_A9TR)                  0.19      0.20 *     0.41 f                   0.90
  n852 (net)                    15                   0.00       0.41 f                   
  U428/Y (NAND2_X0P5M_A9TR)                0.60      0.41 *     0.82 r                   0.90
  n402 (net)                    28                   0.00       0.82 r                   
  U611/Y (NOR2_X0P5B_A9TR)                 0.25      0.28 *     1.10 f                   0.90
  n828 (net)                    12                   0.00       1.10 f                   
  U772/Y (AOI22_X0P5M_A9TR)                0.11      0.12 *     1.22 r                   0.90
  n630 (net)                     1                   0.00       1.22 r                   
  U773/Y (AO1B2_X0P7M_A9TR)                0.03      0.04 *     1.26 f                   0.90
  n631 (net)                     1                   0.00       1.26 f                   
  U774/Y (AOI21_X0P7M_A9TR)                0.09      0.06 *     1.32 r                   0.90
  n635 (net)                     1                   0.00       1.32 r                   
  U776/Y (OAI211_X0P5M_A9TR)               0.09      0.09 *     1.40 f                   0.90
  n9 (net)                       1                   0.00       1.40 f                   
  shifted_reg_9_/D (DFFQ_X0P5M_A9TR)       0.09      0.00 *     1.40 f                   0.90
  data arrival time                                             1.40                     

  clock CLK (rise edge)                             10.00      10.00                     
  clock network delay (ideal)                        0.00      10.00                     
  shifted_reg_9_/CK (DFFQ_X0P5M_A9TR)                0.00      10.00 r                   
  library setup time                                -0.07       9.93                     
  data required time                                            9.93                     
  ----------------------------------------------------------------------------------------------------
  data required time                                            9.93                     
  data arrival time                                            -1.40                     
  ----------------------------------------------------------------------------------------------------
  slack (MET)                                                   8.53                     


  Startpoint: shift_amount[5]
              (input port clocked by CLK)
  Endpoint: shifted_reg_7_
            (rising edge-triggered flip-flop clocked by CLK)
  Scenario: mode_norm.OC_rvt_ss_0p900v_125c
  Path Group: REGIN
  Path Type: max

Attributes:
    d - dont_touch
    u - dont_use
   mo - map_only
   so - size_only
    i - ideal_net or ideal_network
  inf - infeasible path

  Point                        Fanout     Trans      Incr       Path      Attributes     Voltage
  ----------------------------------------------------------------------------------------------------
  clock CLK (rise edge)                              0.00       0.00                     
  clock network delay (ideal)                        0.00       0.00                     
  input external delay                               0.00       0.00 r                   
  shift_amount[5] (in)                     0.40      0.22       0.22 r                   
  shift_amount[5] (net)         20                   0.00       0.22 r                   
  U402/Y (INV_X0P7M_A9TR)                  0.19      0.20 *     0.41 f                   0.90
  n852 (net)                    15                   0.00       0.41 f                   
  U428/Y (NAND2_X0P5M_A9TR)                0.60      0.41 *     0.82 r                   0.90
  n402 (net)                    28                   0.00       0.82 r                   
  U598/Y (NOR2_X0P5B_A9TR)                 0.25      0.28 *     1.10 f                   0.90
  n832 (net)                    12                   0.00       1.10 f                   
  U899/Y (AOI22_X0P5M_A9TR)                0.11      0.13 *     1.23 r                   0.90
  n811 (net)                     1                   0.00       1.23 r                   
  U900/Y (OAI211_X0P5M_A9TR)               0.07      0.07 *     1.30 f                   0.90
  n814 (net)                     1                   0.00       1.30 f                   
  U901/Y (AOI21_X0P7M_A9TR)                0.05      0.05 *     1.35 r                   0.90
  n816 (net)                     1                   0.00       1.35 r                   
  U902/Y (OAI21_X0P7M_A9TR)                0.08      0.05 *     1.40 f                   0.90
  n7 (net)                       1                   0.00       1.40 f                   
  shifted_reg_7_/D (DFFQ_X0P5M_A9TR)       0.08      0.00 *     1.40 f                   0.90
  data arrival time                                             1.40                     

  clock CLK (rise edge)                             10.00      10.00                     
  clock network delay (ideal)                        0.00      10.00                     
  shifted_reg_7_/CK (DFFQ_X0P5M_A9TR)                0.00      10.00 r                   
  library setup time                                -0.06       9.94                     
  data required time                                            9.94                     
  ----------------------------------------------------------------------------------------------------
  data required time                                            9.94                     
  data arrival time                                            -1.40                     
  ----------------------------------------------------------------------------------------------------
  slack (MET)                                                   8.54                     


  Startpoint: shift_amount[5]
              (input port clocked by CLK)
  Endpoint: shifted_reg_14_
            (rising edge-triggered flip-flop clocked by CLK)
  Scenario: mode_norm.OC_rvt_ss_0p900v_125c
  Path Group: REGIN
  Path Type: max

Attributes:
    d - dont_touch
    u - dont_use
   mo - map_only
   so - size_only
    i - ideal_net or ideal_network
  inf - infeasible path

  Point                        Fanout     Trans      Incr       Path      Attributes     Voltage
  ----------------------------------------------------------------------------------------------------
  clock CLK (rise edge)                              0.00       0.00                     
  clock network delay (ideal)                        0.00       0.00                     
  input external delay                               0.00       0.00 r                   
  shift_amount[5] (in)                     0.40      0.22       0.22 r                   
  shift_amount[5] (net)         20                   0.00       0.22 r                   
  U402/Y (INV_X0P7M_A9TR)                  0.19      0.20 *     0.41 f                   0.90
  n852 (net)                    15                   0.00       0.41 f                   
  U428/Y (NAND2_X0P5M_A9TR)                0.60      0.41 *     0.82 r                   0.90
  n402 (net)                    28                   0.00       0.82 r                   
  U598/Y (NOR2_X0P5B_A9TR)                 0.25      0.28 *     1.10 f                   0.90
  n832 (net)                    12                   0.00       1.10 f                   
  U671/Y (AOI22_X0P5M_A9TR)                0.12      0.13 *     1.24 r                   0.90
  n540 (net)                     1                   0.00       1.24 r                   
  U679/Y (OAI211_X0P5M_A9TR)               0.06      0.06 *     1.30 f                   0.90
  n542 (net)                     1                   0.00       1.30 f                   
  U680/Y (AOI21_X0P7M_A9TR)                0.06      0.06 *     1.36 r                   0.90
  n543 (net)                     1                   0.00       1.36 r                   
  U681/Y (OAI21_X0P7M_A9TR)                0.06      0.04 *     1.40 f                   0.90
  n14 (net)                      1                   0.00       1.40 f                   
  shifted_reg_14_/D (DFFQ_X0P5M_A9TR)      0.06      0.00 *     1.40 f                   0.90
  data arrival time                                             1.40                     

  clock CLK (rise edge)                             10.00      10.00                     
  clock network delay (ideal)                        0.00      10.00                     
  shifted_reg_14_/CK (DFFQ_X0P5M_A9TR)               0.00      10.00 r                   
  library setup time                                -0.05       9.95                     
  data required time                                            9.95                     
  ----------------------------------------------------------------------------------------------------
  data required time                                            9.95                     
  data arrival time                                            -1.40                     
  ----------------------------------------------------------------------------------------------------
  slack (MET)                                                   8.54                     


  Startpoint: shift_amount[5]
              (input port clocked by CLK)
  Endpoint: shifted_reg_5_
            (rising edge-triggered flip-flop clocked by CLK)
  Scenario: mode_norm.OC_rvt_ss_0p900v_125c
  Path Group: REGIN
  Path Type: max

Attributes:
    d - dont_touch
    u - dont_use
   mo - map_only
   so - size_only
    i - ideal_net or ideal_network
  inf - infeasible path

  Point                        Fanout     Trans      Incr       Path      Attributes     Voltage
  ----------------------------------------------------------------------------------------------------
  clock CLK (rise edge)                              0.00       0.00                     
  clock network delay (ideal)                        0.00       0.00                     
  input external delay                               0.00       0.00 r                   
  shift_amount[5] (in)                     0.40      0.22       0.22 r                   
  shift_amount[5] (net)         20                   0.00       0.22 r                   
  U402/Y (INV_X0P7M_A9TR)                  0.19      0.20 *     0.41 f                   0.90
  n852 (net)                    15                   0.00       0.41 f                   
  U428/Y (NAND2_X0P5M_A9TR)                0.60      0.41 *     0.82 r                   0.90
  n402 (net)                    28                   0.00       0.82 r                   
  U611/Y (NOR2_X0P5B_A9TR)                 0.25      0.28 *     1.10 f                   0.90
  n828 (net)                    12                   0.00       1.10 f                   
  U816/Y (AOI22_X0P5M_A9TR)                0.10      0.12 *     1.22 r                   0.90
  n680 (net)                     1                   0.00       1.22 r                   
  U817/Y (AO1B2_X0P7M_A9TR)                0.03      0.04 *     1.26 f                   0.90
  n682 (net)                     1                   0.00       1.26 f                   
  U818/Y (AOI21_X0P7M_A9TR)                0.10      0.06 *     1.32 r                   0.90
  n684 (net)                     1                   0.00       1.32 r                   
  U820/Y (OAI211_X0P5M_A9TR)               0.08      0.07 *     1.39 f                   0.90
  n5 (net)                       1                   0.00       1.39 f                   
  shifted_reg_5_/D (DFFQ_X0P5M_A9TR)       0.08      0.00 *     1.39 f                   0.90
  data arrival time                                             1.39                     

  clock CLK (rise edge)                             10.00      10.00                     
  clock network delay (ideal)                        0.00      10.00                     
  shifted_reg_5_/CK (DFFQ_X0P5M_A9TR)                0.00      10.00 r                   
  library setup time                                -0.06       9.94                     
  data required time                                            9.94                     
  ----------------------------------------------------------------------------------------------------
  data required time                                            9.94                     
  data arrival time                                            -1.39                     
  ----------------------------------------------------------------------------------------------------
  slack (MET)                                                   8.55                     


  Startpoint: shift_amount[5]
              (input port clocked by CLK)
  Endpoint: shifted_reg_11_
            (rising edge-triggered flip-flop clocked by CLK)
  Scenario: mode_norm.OC_rvt_ss_0p900v_125c
  Path Group: REGIN
  Path Type: max

Attributes:
    d - dont_touch
    u - dont_use
   mo - map_only
   so - size_only
    i - ideal_net or ideal_network
  inf - infeasible path

  Point                        Fanout     Trans      Incr       Path      Attributes     Voltage
  ----------------------------------------------------------------------------------------------------
  clock CLK (rise edge)                              0.00       0.00                     
  clock network delay (ideal)                        0.00       0.00                     
  input external delay                               0.00       0.00 r                   
  shift_amount[5] (in)                     0.40      0.22       0.22 r                   
  shift_amount[5] (net)         20                   0.00       0.22 r                   
  U402/Y (INV_X0P7M_A9TR)                  0.19      0.20 *     0.41 f                   0.90
  n852 (net)                    15                   0.00       0.41 f                   
  U428/Y (NAND2_X0P5M_A9TR)                0.60      0.41 *     0.82 r                   0.90
  n402 (net)                    28                   0.00       0.82 r                   
  U607/Y (NOR2_X0P5B_A9TR)                 0.25      0.28 *     1.10 f                   0.90
  n826 (net)                    12                   0.00       1.10 f                   
  U844/Y (AOI22_X0P5M_A9TR)                0.12      0.13 *     1.23 r                   0.90
  n716 (net)                     1                   0.00       1.23 r                   
  U846/Y (OAI211_X0P5M_A9TR)               0.05      0.06 *     1.29 f                   0.90
  n718 (net)                     1                   0.00       1.29 f                   
  U847/Y (AOI21_X0P7M_A9TR)                0.05      0.05 *     1.34 r                   0.90
  n720 (net)                     1                   0.00       1.34 r                   
  U848/Y (OAI21_X0P7M_A9TR)                0.06      0.05 *     1.39 f                   0.90
  n11 (net)                      1                   0.00       1.39 f                   
  shifted_reg_11_/D (DFFQ_X0P5M_A9TR)      0.06      0.00 *     1.39 f                   0.90
  data arrival time                                             1.39                     

  clock CLK (rise edge)                             10.00      10.00                     
  clock network delay (ideal)                        0.00      10.00                     
  shifted_reg_11_/CK (DFFQ_X0P5M_A9TR)               0.00      10.00 r                   
  library setup time                                -0.06       9.94                     
  data required time                                            9.94                     
  ----------------------------------------------------------------------------------------------------
  data required time                                            9.94                     
  data arrival time                                            -1.39                     
  ----------------------------------------------------------------------------------------------------
  slack (MET)                                                   8.55                     


  Startpoint: shift_amount[5]
              (input port clocked by CLK)
  Endpoint: shifted_reg_15_
            (rising edge-triggered flip-flop clocked by CLK)
  Scenario: mode_norm.OC_rvt_ss_0p900v_125c
  Path Group: REGIN
  Path Type: max

Attributes:
    d - dont_touch
    u - dont_use
   mo - map_only
   so - size_only
    i - ideal_net or ideal_network
  inf - infeasible path

  Point                        Fanout     Trans      Incr       Path      Attributes     Voltage
  ----------------------------------------------------------------------------------------------------
  clock CLK (rise edge)                              0.00       0.00                     
  clock network delay (ideal)                        0.00       0.00                     
  input external delay                               0.00       0.00 r                   
  shift_amount[5] (in)                     0.40      0.22       0.22 r                   
  shift_amount[5] (net)         20                   0.00       0.22 r                   
  U402/Y (INV_X0P7M_A9TR)                  0.19      0.20 *     0.41 f                   0.90
  n852 (net)                    15                   0.00       0.41 f                   
  U428/Y (NAND2_X0P5M_A9TR)                0.60      0.41 *     0.82 r                   0.90
  n402 (net)                    28                   0.00       0.82 r                   
  U598/Y (NOR2_X0P5B_A9TR)                 0.25      0.28 *     1.10 f                   0.90
  n832 (net)                    12                   0.00       1.10 f                   
  U634/Y (AOI22_X0P5M_A9TR)                0.11      0.13 *     1.23 r                   0.90
  n514 (net)                     1                   0.00       1.23 r                   
  U642/Y (OAI211_X0P5M_A9TR)               0.07      0.07 *     1.31 f                   0.90
  n516 (net)                     1                   0.00       1.31 f                   
  U643/Y (AOI21_X0P7M_A9TR)                0.05      0.06 *     1.36 r                   0.90
  n517 (net)                     1                   0.00       1.36 r                   
  U644/Y (OAI21_X0P7M_A9TR)                0.05      0.03 *     1.40 f                   0.90
  n15 (net)                      1                   0.00       1.40 f                   
  shifted_reg_15_/D (DFFQ_X0P5M_A9TR)      0.05      0.00 *     1.40 f                   0.90
  data arrival time                                             1.40                     

  clock CLK (rise edge)                             10.00      10.00                     
  clock network delay (ideal)                        0.00      10.00                     
  shifted_reg_15_/CK (DFFQ_X0P5M_A9TR)               0.00      10.00 r                   
  library setup time                                -0.05       9.95                     
  data required time                                            9.95                     
  ----------------------------------------------------------------------------------------------------
  data required time                                            9.95                     
  data arrival time                                            -1.40                     
  ----------------------------------------------------------------------------------------------------
  slack (MET)                                                   8.55                     


  Startpoint: shift_amount[5]
              (input port clocked by CLK)
  Endpoint: shifted_reg_10_
            (rising edge-triggered flip-flop clocked by CLK)
  Scenario: mode_norm.OC_rvt_ss_0p900v_125c
  Path Group: REGIN
  Path Type: max

Attributes:
    d - dont_touch
    u - dont_use
   mo - map_only
   so - size_only
    i - ideal_net or ideal_network
  inf - infeasible path

  Point                        Fanout     Trans      Incr       Path      Attributes     Voltage
  ----------------------------------------------------------------------------------------------------
  clock CLK (rise edge)                              0.00       0.00                     
  clock network delay (ideal)                        0.00       0.00                     
  input external delay                               0.00       0.00 r                   
  shift_amount[5] (in)                     0.40      0.22       0.22 r                   
  shift_amount[5] (net)         20                   0.00       0.22 r                   
  U402/Y (INV_X0P7M_A9TR)                  0.19      0.20 *     0.41 f                   0.90
  n852 (net)                    15                   0.00       0.41 f                   
  U428/Y (NAND2_X0P5M_A9TR)                0.60      0.41 *     0.82 r                   0.90
  n402 (net)                    28                   0.00       0.82 r                   
  U607/Y (NOR2_X0P5B_A9TR)                 0.25      0.28 *     1.10 f                   0.90
  n826 (net)                    12                   0.00       1.10 f                   
  U852/Y (AOI22_X0P5M_A9TR)                0.11      0.13 *     1.23 r                   0.90
  n726 (net)                     1                   0.00       1.23 r                   
  U854/Y (OAI211_X0P5M_A9TR)               0.05      0.06 *     1.28 f                   0.90
  n729 (net)                     1                   0.00       1.28 f                   
  U855/Y (AOI21_X0P7M_A9TR)                0.05      0.05 *     1.33 r                   0.90
  n732 (net)                     1                   0.00       1.33 r                   
  U856/Y (OAI21_X0P7M_A9TR)                0.07      0.05 *     1.39 f                   0.90
  n10 (net)                      1                   0.00       1.39 f                   
  shifted_reg_10_/D (DFFQ_X0P5M_A9TR)      0.07      0.00 *     1.39 f                   0.90
  data arrival time                                             1.39                     

  clock CLK (rise edge)                             10.00      10.00                     
  clock network delay (ideal)                        0.00      10.00                     
  shifted_reg_10_/CK (DFFQ_X0P5M_A9TR)               0.00      10.00 r                   
  library setup time                                -0.06       9.94                     
  data required time                                            9.94                     
  ----------------------------------------------------------------------------------------------------
  data required time                                            9.94                     
  data arrival time                                            -1.39                     
  ----------------------------------------------------------------------------------------------------
  slack (MET)                                                   8.56                     


  Startpoint: shift_amount[5]
              (input port clocked by CLK)
  Endpoint: shifted_reg_12_
            (rising edge-triggered flip-flop clocked by CLK)
  Scenario: mode_norm.OC_rvt_ss_0p900v_125c
  Path Group: REGIN
  Path Type: max

Attributes:
    d - dont_touch
    u - dont_use
   mo - map_only
   so - size_only
    i - ideal_net or ideal_network
  inf - infeasible path

  Point                        Fanout     Trans      Incr       Path      Attributes     Voltage
  ----------------------------------------------------------------------------------------------------
  clock CLK (rise edge)                              0.00       0.00                     
  clock network delay (ideal)                        0.00       0.00                     
  input external delay                               0.00       0.00 r                   
  shift_amount[5] (in)                     0.40      0.22       0.22 r                   
  shift_amount[5] (net)         20                   0.00       0.22 r                   
  U402/Y (INV_X0P7M_A9TR)                  0.19      0.20 *     0.41 f                   0.90
  n852 (net)                    15                   0.00       0.41 f                   
  U428/Y (NAND2_X0P5M_A9TR)                0.60      0.41 *     0.82 r                   0.90
  n402 (net)                    28                   0.00       0.82 r                   
  U607/Y (NOR2_X0P5B_A9TR)                 0.25      0.28 *     1.10 f                   0.90
  n826 (net)                    12                   0.00       1.10 f                   
  U615/Y (AOI22_X0P5M_A9TR)                0.12      0.13 *     1.23 r                   0.90
  n494 (net)                     1                   0.00       1.23 r                   
  U616/Y (OAI211_X0P5M_A9TR)               0.07      0.07 *     1.30 f                   0.90
  n497 (net)                     1                   0.00       1.30 f                   
  U617/Y (AOI21_X0P7M_A9TR)                0.05      0.05 *     1.35 r                   0.90
  n498 (net)                     1                   0.00       1.35 r                   
  U618/Y (OAI21_X0P7M_A9TR)                0.05      0.04 *     1.38 f                   0.90
  n12 (net)                      1                   0.00       1.38 f                   
  shifted_reg_12_/D (DFFQ_X0P5M_A9TR)      0.05      0.00 *     1.38 f                   0.90
  data arrival time                                             1.38                     

  clock CLK (rise edge)                             10.00      10.00                     
  clock network delay (ideal)                        0.00      10.00                     
  shifted_reg_12_/CK (DFFQ_X0P5M_A9TR)               0.00      10.00 r                   
  library setup time                                -0.05       9.95                     
  data required time                                            9.95                     
  ----------------------------------------------------------------------------------------------------
  data required time                                            9.95                     
  data arrival time                                            -1.38                     
  ----------------------------------------------------------------------------------------------------
  slack (MET)                                                   8.57                     


  Startpoint: shifted_reg_17_
              (rising edge-triggered flip-flop clocked by CLK)
  Endpoint: out[17] (output port clocked by CLK)
  Scenario: mode_norm.OC_rvt_ss_0p900v_125c
  Path Group: REGOUT
  Path Type: max

Attributes:
    d - dont_touch
    u - dont_use
   mo - map_only
   so - size_only
    i - ideal_net or ideal_network
  inf - infeasible path

  Point                         Fanout     Trans      Incr       Path      Attributes     Voltage
  -----------------------------------------------------------------------------------------------------
  clock CLK (rise edge)                               0.00       0.00                     
  clock network delay (ideal)                         0.00       0.00                     
  shifted_reg_17_/CK (DFFQ_X0P5M_A9TR)      0.00      0.00       0.00 r                   0.90
  shifted_reg_17_/Q (DFFQ_X0P5M_A9TR)       0.02      0.12       0.12 f                   0.90
  out[17] (net)                   1                   0.00       0.12 f                   
  out[17] (out)                             0.02      0.00 *     0.12 f                   
  data arrival time                                              0.12                     

  clock CLK (rise edge)                              10.00      10.00                     
  clock network delay (ideal)                         0.00      10.00                     
  output external delay                               0.00      10.00                     
  data required time                                            10.00                     
  -----------------------------------------------------------------------------------------------------
  data required time                                            10.00                     
  data arrival time                                             -0.12                     
  -----------------------------------------------------------------------------------------------------
  slack (MET)                                                    9.88                     


  Startpoint: shifted_reg_56_
              (rising edge-triggered flip-flop clocked by CLK)
  Endpoint: out[56] (output port clocked by CLK)
  Scenario: mode_norm.OC_rvt_ss_0p900v_125c
  Path Group: REGOUT
  Path Type: max

Attributes:
    d - dont_touch
    u - dont_use
   mo - map_only
   so - size_only
    i - ideal_net or ideal_network
  inf - infeasible path

  Point                         Fanout     Trans      Incr       Path      Attributes     Voltage
  -----------------------------------------------------------------------------------------------------
  clock CLK (rise edge)                               0.00       0.00                     
  clock network delay (ideal)                         0.00       0.00                     
  shifted_reg_56_/CK (DFFQ_X0P5M_A9TR)      0.00      0.00       0.00 r                   0.90
  shifted_reg_56_/Q (DFFQ_X0P5M_A9TR)       0.02      0.12       0.12 f                   0.90
  out[56] (net)                   1                   0.00       0.12 f                   
  out[56] (out)                             0.02      0.00 *     0.12 f                   
  data arrival time                                              0.12                     

  clock CLK (rise edge)                              10.00      10.00                     
  clock network delay (ideal)                         0.00      10.00                     
  output external delay                               0.00      10.00                     
  data required time                                            10.00                     
  -----------------------------------------------------------------------------------------------------
  data required time                                            10.00                     
  data arrival time                                             -0.12                     
  -----------------------------------------------------------------------------------------------------
  slack (MET)                                                    9.88                     


  Startpoint: shifted_reg_58_
              (rising edge-triggered flip-flop clocked by CLK)
  Endpoint: out[58] (output port clocked by CLK)
  Scenario: mode_norm.OC_rvt_ss_0p900v_125c
  Path Group: REGOUT
  Path Type: max

Attributes:
    d - dont_touch
    u - dont_use
   mo - map_only
   so - size_only
    i - ideal_net or ideal_network
  inf - infeasible path

  Point                         Fanout     Trans      Incr       Path      Attributes     Voltage
  -----------------------------------------------------------------------------------------------------
  clock CLK (rise edge)                               0.00       0.00                     
  clock network delay (ideal)                         0.00       0.00                     
  shifted_reg_58_/CK (DFFQ_X0P5M_A9TR)      0.00      0.00       0.00 r                   0.90
  shifted_reg_58_/Q (DFFQ_X0P5M_A9TR)       0.02      0.12       0.12 f                   0.90
  out[58] (net)                   1                   0.00       0.12 f                   
  out[58] (out)                             0.02      0.00 *     0.12 f                   
  data arrival time                                              0.12                     

  clock CLK (rise edge)                              10.00      10.00                     
  clock network delay (ideal)                         0.00      10.00                     
  output external delay                               0.00      10.00                     
  data required time                                            10.00                     
  -----------------------------------------------------------------------------------------------------
  data required time                                            10.00                     
  data arrival time                                             -0.12                     
  -----------------------------------------------------------------------------------------------------
  slack (MET)                                                    9.88                     


  Startpoint: shifted_reg_59_
              (rising edge-triggered flip-flop clocked by CLK)
  Endpoint: out[59] (output port clocked by CLK)
  Scenario: mode_norm.OC_rvt_ss_0p900v_125c
  Path Group: REGOUT
  Path Type: max

Attributes:
    d - dont_touch
    u - dont_use
   mo - map_only
   so - size_only
    i - ideal_net or ideal_network
  inf - infeasible path

  Point                         Fanout     Trans      Incr       Path      Attributes     Voltage
  -----------------------------------------------------------------------------------------------------
  clock CLK (rise edge)                               0.00       0.00                     
  clock network delay (ideal)                         0.00       0.00                     
  shifted_reg_59_/CK (DFFQ_X0P5M_A9TR)      0.00      0.00       0.00 r                   0.90
  shifted_reg_59_/Q (DFFQ_X0P5M_A9TR)       0.02      0.12       0.12 f                   0.90
  out[59] (net)                   1                   0.00       0.12 f                   
  out[59] (out)                             0.02      0.00 *     0.12 f                   
  data arrival time                                              0.12                     

  clock CLK (rise edge)                              10.00      10.00                     
  clock network delay (ideal)                         0.00      10.00                     
  output external delay                               0.00      10.00                     
  data required time                                            10.00                     
  -----------------------------------------------------------------------------------------------------
  data required time                                            10.00                     
  data arrival time                                             -0.12                     
  -----------------------------------------------------------------------------------------------------
  slack (MET)                                                    9.88                     


  Startpoint: shifted_reg_61_
              (rising edge-triggered flip-flop clocked by CLK)
  Endpoint: out[61] (output port clocked by CLK)
  Scenario: mode_norm.OC_rvt_ss_0p900v_125c
  Path Group: REGOUT
  Path Type: max

Attributes:
    d - dont_touch
    u - dont_use
   mo - map_only
   so - size_only
    i - ideal_net or ideal_network
  inf - infeasible path

  Point                         Fanout     Trans      Incr       Path      Attributes     Voltage
  -----------------------------------------------------------------------------------------------------
  clock CLK (rise edge)                               0.00       0.00                     
  clock network delay (ideal)                         0.00       0.00                     
  shifted_reg_61_/CK (DFFQ_X0P5M_A9TR)      0.00      0.00       0.00 r                   0.90
  shifted_reg_61_/Q (DFFQ_X0P5M_A9TR)       0.02      0.12       0.12 f                   0.90
  out[61] (net)                   1                   0.00       0.12 f                   
  out[61] (out)                             0.02      0.00 *     0.12 f                   
  data arrival time                                              0.12                     

  clock CLK (rise edge)                              10.00      10.00                     
  clock network delay (ideal)                         0.00      10.00                     
  output external delay                               0.00      10.00                     
  data required time                                            10.00                     
  -----------------------------------------------------------------------------------------------------
  data required time                                            10.00                     
  data arrival time                                             -0.12                     
  -----------------------------------------------------------------------------------------------------
  slack (MET)                                                    9.88                     


  Startpoint: shifted_reg_50_
              (rising edge-triggered flip-flop clocked by CLK)
  Endpoint: out[50] (output port clocked by CLK)
  Scenario: mode_norm.OC_rvt_ss_0p900v_125c
  Path Group: REGOUT
  Path Type: max

Attributes:
    d - dont_touch
    u - dont_use
   mo - map_only
   so - size_only
    i - ideal_net or ideal_network
  inf - infeasible path

  Point                         Fanout     Trans      Incr       Path      Attributes     Voltage
  -----------------------------------------------------------------------------------------------------
  clock CLK (rise edge)                               0.00       0.00                     
  clock network delay (ideal)                         0.00       0.00                     
  shifted_reg_50_/CK (DFFQ_X0P5M_A9TR)      0.00      0.00       0.00 r                   0.90
  shifted_reg_50_/Q (DFFQ_X0P5M_A9TR)       0.02      0.12       0.12 f                   0.90
  out[50] (net)                   1                   0.00       0.12 f                   
  out[50] (out)                             0.02      0.00 *     0.12 f                   
  data arrival time                                              0.12                     

  clock CLK (rise edge)                              10.00      10.00                     
  clock network delay (ideal)                         0.00      10.00                     
  output external delay                               0.00      10.00                     
  data required time                                            10.00                     
  -----------------------------------------------------------------------------------------------------
  data required time                                            10.00                     
  data arrival time                                             -0.12                     
  -----------------------------------------------------------------------------------------------------
  slack (MET)                                                    9.88                     


  Startpoint: shifted_reg_18_
              (rising edge-triggered flip-flop clocked by CLK)
  Endpoint: out[18] (output port clocked by CLK)
  Scenario: mode_norm.OC_rvt_ss_0p900v_125c
  Path Group: REGOUT
  Path Type: max

Attributes:
    d - dont_touch
    u - dont_use
   mo - map_only
   so - size_only
    i - ideal_net or ideal_network
  inf - infeasible path

  Point                         Fanout     Trans      Incr       Path      Attributes     Voltage
  -----------------------------------------------------------------------------------------------------
  clock CLK (rise edge)                               0.00       0.00                     
  clock network delay (ideal)                         0.00       0.00                     
  shifted_reg_18_/CK (DFFQ_X0P5M_A9TR)      0.00      0.00       0.00 r                   0.90
  shifted_reg_18_/Q (DFFQ_X0P5M_A9TR)       0.02      0.12       0.12 f                   0.90
  out[18] (net)                   1                   0.00       0.12 f                   
  out[18] (out)                             0.02      0.00 *     0.12 f                   
  data arrival time                                              0.12                     

  clock CLK (rise edge)                              10.00      10.00                     
  clock network delay (ideal)                         0.00      10.00                     
  output external delay                               0.00      10.00                     
  data required time                                            10.00                     
  -----------------------------------------------------------------------------------------------------
  data required time                                            10.00                     
  data arrival time                                             -0.12                     
  -----------------------------------------------------------------------------------------------------
  slack (MET)                                                    9.88                     


  Startpoint: shifted_reg_15_
              (rising edge-triggered flip-flop clocked by CLK)
  Endpoint: out[15] (output port clocked by CLK)
  Scenario: mode_norm.OC_rvt_ss_0p900v_125c
  Path Group: REGOUT
  Path Type: max

Attributes:
    d - dont_touch
    u - dont_use
   mo - map_only
   so - size_only
    i - ideal_net or ideal_network
  inf - infeasible path

  Point                         Fanout     Trans      Incr       Path      Attributes     Voltage
  -----------------------------------------------------------------------------------------------------
  clock CLK (rise edge)                               0.00       0.00                     
  clock network delay (ideal)                         0.00       0.00                     
  shifted_reg_15_/CK (DFFQ_X0P5M_A9TR)      0.00      0.00       0.00 r                   0.90
  shifted_reg_15_/Q (DFFQ_X0P5M_A9TR)       0.02      0.12       0.12 f                   0.90
  out[15] (net)                   1                   0.00       0.12 f                   
  out[15] (out)                             0.02      0.00 *     0.12 f                   
  data arrival time                                              0.12                     

  clock CLK (rise edge)                              10.00      10.00                     
  clock network delay (ideal)                         0.00      10.00                     
  output external delay                               0.00      10.00                     
  data required time                                            10.00                     
  -----------------------------------------------------------------------------------------------------
  data required time                                            10.00                     
  data arrival time                                             -0.12                     
  -----------------------------------------------------------------------------------------------------
  slack (MET)                                                    9.88                     


  Startpoint: shifted_reg_3_
              (rising edge-triggered flip-flop clocked by CLK)
  Endpoint: out[3] (output port clocked by CLK)
  Scenario: mode_norm.OC_rvt_ss_0p900v_125c
  Path Group: REGOUT
  Path Type: max

Attributes:
    d - dont_touch
    u - dont_use
   mo - map_only
   so - size_only
    i - ideal_net or ideal_network
  inf - infeasible path

  Point                        Fanout     Trans      Incr       Path      Attributes     Voltage
  ----------------------------------------------------------------------------------------------------
  clock CLK (rise edge)                              0.00       0.00                     
  clock network delay (ideal)                        0.00       0.00                     
  shifted_reg_3_/CK (DFFQ_X0P5M_A9TR)      0.00      0.00       0.00 r                   0.90
  shifted_reg_3_/Q (DFFQ_X0P5M_A9TR)       0.02      0.12       0.12 f                   0.90
  out[3] (net)                   1                   0.00       0.12 f                   
  out[3] (out)                             0.02      0.00 *     0.12 f                   
  data arrival time                                             0.12                     

  clock CLK (rise edge)                             10.00      10.00                     
  clock network delay (ideal)                        0.00      10.00                     
  output external delay                              0.00      10.00                     
  data required time                                           10.00                     
  ----------------------------------------------------------------------------------------------------
  data required time                                           10.00                     
  data arrival time                                            -0.12                     
  ----------------------------------------------------------------------------------------------------
  slack (MET)                                                   9.88                     


  Startpoint: shifted_reg_55_
              (rising edge-triggered flip-flop clocked by CLK)
  Endpoint: out[55] (output port clocked by CLK)
  Scenario: mode_norm.OC_rvt_ss_0p900v_125c
  Path Group: REGOUT
  Path Type: max

Attributes:
    d - dont_touch
    u - dont_use
   mo - map_only
   so - size_only
    i - ideal_net or ideal_network
  inf - infeasible path

  Point                         Fanout     Trans      Incr       Path      Attributes     Voltage
  -----------------------------------------------------------------------------------------------------
  clock CLK (rise edge)                               0.00       0.00                     
  clock network delay (ideal)                         0.00       0.00                     
  shifted_reg_55_/CK (DFFQ_X0P5M_A9TR)      0.00      0.00       0.00 r                   0.90
  shifted_reg_55_/Q (DFFQ_X0P5M_A9TR)       0.02      0.12       0.12 f                   0.90
  out[55] (net)                   1                   0.00       0.12 f                   
  out[55] (out)                             0.02      0.00 *     0.12 f                   
  data arrival time                                              0.12                     

  clock CLK (rise edge)                              10.00      10.00                     
  clock network delay (ideal)                         0.00      10.00                     
  output external delay                               0.00      10.00                     
  data required time                                            10.00                     
  -----------------------------------------------------------------------------------------------------
  data required time                                            10.00                     
  data arrival time                                             -0.12                     
  -----------------------------------------------------------------------------------------------------
  slack (MET)                                                    9.88                     


1
