 
****************************************
Report : area
Design : VX_barrel_shifter
Version: V-2023.12-SP5-3
Date   : Thu May 21 21:50:20 2026
****************************************

Library(s) Used:

    sc9_cmos28lpp_base_rvt_ss_nominal_max_0p900v_125c_sadhm (File: /tool/PDK/Samsung/LN28LPP_202203/PRIMITIVES/RVT/ln28lpp_sc_9t_base_rvt_c130_V1.00d/FE-Common/LIBERTY/sc9_cmos28lpp_base_rvt_ss_nominal_max_0p900v_125c_sadhm.db)

Number of ports:                          140
Number of nets:                           651
Number of cells:                          576
Number of combinational cells:            509
Number of sequential cells:                65
Number of macros/black boxes:               0
Number of buf/inv:                         46
Number of references:                      26

Combinational area:                316.953003
Buf/Inv area:                       16.380000
Noncombinational area:             136.538997
Macro/Black Box area:                0.000000
Net Interconnect area:      undefined  (No wire load specified)

Total cell area:                   453.492000
Total area:                 undefined

Core Area:                       776
Aspect Ratio:                 1.0029
Utilization Ratio:            0.5843


The above information was reported from the logical library. The following are from the physical library:

  Total moveable cell area: 453.5
  Total fixed cell area: 0.0
  Total physical cell area: 453.5
 Core area: 0.000, 0.000, 27.820, 27.900

Hierarchical area distribution
------------------------------

                                  Global cell area          Local cell area
                                  ------------------  --------------------------- 
Hierarchical cell                 Absolute   Percent  Combi-    Noncombi-  Black-
                                  Total      Total    national  national   boxes   Design
--------------------------------  ---------  -------  --------  ---------  ------  --------------------------------------
VX_barrel_shifter                  453.4920    100.0  316.9530   134.7840  0.0000  VX_barrel_shifter
clk_gate_shifted_reg                 1.7550      0.4    0.0000     1.7550  0.0000  SNPS_CLOCK_GATE_HIGH_VX_barrel_shifter
--------------------------------  ---------  -------  --------  ---------  ------  --------------------------------------
Total                                                 316.9530   136.5390  0.0000

1
