Information: Propagating switching activity (high effort zero delay simulation). (PWR-6)
Warning: Design has unannotated primary inputs. (PWR-414)
 
****************************************
Report : power
        -hier
        -analysis_effort high
        -verbose
Design : VX_mem_arb__4fea390c8046
Scenario(s): mode_norm.OC_rvt_ss_0p900v_125c
Version: V-2023.12-SP5-3
Date   : Fri Jul 31 12:34:56 2026
****************************************


Library(s) Used:

    sc9_cmos28lpp_base_rvt_ss_nominal_max_0p900v_125c_sadhm (File: /tool/PDK/Samsung/LN28LPP_202203/PRIMITIVES/RVT/ln28lpp_sc_9t_base_rvt_c130_V1.00d/FE-Common/LIBERTY/sc9_cmos28lpp_base_rvt_ss_nominal_max_0p900v_125c_sadhm.db)


Global Operating Voltage = 0.9  
Power-specific unit information :
    Voltage Units = 1V
    Capacitance Units = 1.000000pf
    Time Units = 1ns
    Dynamic Power Units = 1mW    (derived from V,C,T units)
    Leakage Power Units = 1uW


--------------------------------------------------------------------------------
                                       Switch   Int      Leak     Total
Hierarchy                              Power    Power    Power    Power    %
--------------------------------------------------------------------------------
VX_mem_arb__4fea390c8046               6.91e-02 3.37e-02   30.526    0.133 100.0
  g_rsp_arb_req_arb (VX_stream_arb_1)  2.77e-02 1.54e-02   13.975 5.71e-02  42.8
    g_passthru_g_out_buf_3__out_buf (VX_elastic_buffer_519_0_0_0_0) 9.35e-03 3.88e-03    3.494 1.67e-02  12.5
    g_passthru_g_out_buf_2__out_buf (VX_elastic_buffer_519_0_0_0_1) 6.49e-03 3.85e-03    3.494 1.38e-02  10.4
    g_passthru_g_out_buf_1__out_buf (VX_elastic_buffer_519_0_0_0_2) 5.96e-03 3.85e-03    3.494 1.33e-02  10.0
    g_passthru_g_out_buf_0__out_buf (VX_elastic_buffer_519_0_0_0_3) 5.93e-03 3.83e-03    3.494 1.33e-02   9.9
  req_arb (VX_stream_arb_2)            4.14e-02 1.83e-02   16.550 7.62e-02  57.2
    g_passthru_g_out_buf_3__out_buf (VX_elastic_buffer_615_0_0_0_0) 7.21e-03 4.55e-03    4.138 1.59e-02  11.9
    g_passthru_g_out_buf_2__out_buf (VX_elastic_buffer_615_0_0_0_1) 6.99e-03 4.56e-03    4.138 1.57e-02  11.8
    g_passthru_g_out_buf_1__out_buf (VX_elastic_buffer_615_0_0_0_2) 1.33e-02 4.60e-03    4.138 2.20e-02  16.5
    g_passthru_g_out_buf_0__out_buf (VX_elastic_buffer_615_0_0_0_3) 1.39e-02 4.61e-03    4.138 2.26e-02  17.0
1
