Information: Propagating switching activity (high effort zero delay simulation). (PWR-6)
Warning: Design has unannotated primary inputs. (PWR-414)
Warning: Design has unannotated sequential cell outputs. (PWR-415)
 
****************************************
Report : power
        -hier
        -analysis_effort high
        -verbose
Design : VX_mem_arb__4620d502c3c8
Scenario(s): mode_norm.OC_rvt_ss_0p900v_125c
Version: V-2023.12-SP5-3
Date   : Tue Jul 21 06:36:37 2026
****************************************


Library(s) Used:

    sc9_cmos28lpp_base_rvt_ss_nominal_max_0p900v_125c_sadhm (File: /tool/PDK/Samsung/LN28LPP_202203/PRIMITIVES/RVT/ln28lpp_sc_9t_base_rvt_c130_V1.00d/FE-Common/LIBERTY/sc9_cmos28lpp_base_rvt_ss_nominal_max_0p900v_125c_sadhm.db)


Global Operating Voltage = 0.9  
Power-specific unit information :
    Voltage Units = 1V
    Capacitance Units = 1.000000pf
    Time Units = 1ns
    Dynamic Power Units = 1mW    (derived from V,C,T units)
    Leakage Power Units = 1uW


--------------------------------------------------------------------------------
                                       Switch   Int      Leak     Total
Hierarchy                              Power    Power    Power    Power    %
--------------------------------------------------------------------------------
VX_mem_arb__4620d502c3c8                  0.446    0.768  164.734    1.378 100.0
  g_rsp_select_rsp_switch (VX_stream_switch_3) 6.40e-02 3.09e-02   28.035    0.123   8.9
    g_out_buf_7__out_buf (VX_elastic_buffer_11_0) 7.41e-03 3.85e-03    3.494 1.48e-02   1.1
    g_out_buf_6__out_buf (VX_elastic_buffer_11_1) 1.16e-02 3.86e-03    3.494 1.89e-02   1.4
    g_out_buf_5__out_buf (VX_elastic_buffer_11_2) 1.05e-02 3.86e-03    3.494 1.78e-02   1.3
    g_out_buf_4__out_buf (VX_elastic_buffer_11_3) 7.97e-03 3.85e-03    3.494 1.53e-02   1.1
    g_out_buf_3__out_buf (VX_elastic_buffer_11_4) 6.87e-03 3.84e-03    3.494 1.42e-02   1.0
    g_out_buf_2__out_buf (VX_elastic_buffer_11_5) 6.44e-03 3.83e-03    3.494 1.38e-02   1.0
    g_out_buf_1__out_buf (VX_elastic_buffer_11_6) 6.72e-03 3.84e-03    3.494 1.41e-02   1.0
    g_out_buf_0__out_buf (VX_elastic_buffer_11_7) 6.38e-03 3.83e-03    3.494 1.37e-02   1.0
  g_rsp_select_g_rsp_data_in_3__bits_remove (VX_bits_remove_1_0) 5.18e-05 5.93e-05 5.36e-02 1.65e-04   0.0
  g_rsp_select_g_rsp_data_in_2__bits_remove (VX_bits_remove_1_1) 5.15e-05 5.82e-05 5.36e-02 1.63e-04   0.0
  g_rsp_select_g_rsp_data_in_1__bits_remove (VX_bits_remove_1_2) 5.15e-05 5.89e-05 5.36e-02 1.64e-04   0.0
  g_rsp_select_g_rsp_data_in_0__bits_remove (VX_bits_remove_1_3) 5.09e-05 5.83e-05 5.36e-02 1.63e-04   0.0
  g_bus_out_if_3__g_req_tag_sel_out_bits_insert (VX_bits_insert_1_0) 3.24e-04 6.73e-05 5.36e-02 4.45e-04   0.0
  g_bus_out_if_2__g_req_tag_sel_out_bits_insert (VX_bits_insert_1_1) 2.63e-04 7.00e-05 5.36e-02 3.87e-04   0.0
  g_bus_out_if_1__g_req_tag_sel_out_bits_insert (VX_bits_insert_1_2) 1.39e-04 6.66e-05 5.35e-02 2.59e-04   0.0
  g_bus_out_if_0__g_req_tag_sel_out_bits_insert (VX_bits_insert_1_3) 2.74e-04 6.85e-05 5.37e-02 3.96e-04   0.0
  req_arb (VX_stream_arb_8)               0.381    0.736  136.270    1.253  90.9
    g_input_select_g_arbiter_g_out_buf_3__out_buf (VX_elastic_buffer_616_2_0_0_0) 5.48e-02    0.147   28.621    0.230  16.7
      g_eb2_out_buf (VX_pipe_buffer_18_0) 2.93e-02 4.89e-03    4.143 3.84e-02   2.8
      g_eb2_stream_buffer (VX_stream_buffer_616_0_0) 2.55e-02    0.142   24.477    0.192  13.9
    g_input_select_g_arbiter_g_out_buf_2__out_buf (VX_elastic_buffer_616_2_0_0_1) 4.24e-02    0.145   28.592    0.216  15.7
      g_eb2_out_buf (VX_pipe_buffer_18_1) 1.70e-02 5.07e-03    4.143 2.62e-02   1.9
      g_eb2_stream_buffer (VX_stream_buffer_616_0_1) 2.54e-02    0.140   24.449    0.190  13.8
    g_input_select_g_arbiter_g_out_buf_1__out_buf (VX_elastic_buffer_616_2_0_0_2) 5.37e-02    0.145   28.596    0.228  16.5
      g_eb2_out_buf (VX_pipe_buffer_18_2) 2.81e-02 4.89e-03    4.142 3.72e-02   2.7
      g_eb2_stream_buffer (VX_stream_buffer_616_0_2) 2.56e-02    0.140   24.454    0.190  13.8
    g_input_select_g_arbiter_g_out_buf_0__out_buf (VX_elastic_buffer_616_2_0_0_3) 5.12e-02    0.146   28.598    0.226  16.4
      g_eb2_out_buf (VX_pipe_buffer_18_3) 2.55e-02 4.98e-03    4.143 3.46e-02   2.5
      g_eb2_stream_buffer (VX_stream_buffer_616_0_3) 2.57e-02    0.141   24.455    0.192  13.9
    g_input_select_g_arbiter_arbiter (VX_generic_arbiter_2) 6.15e-03 1.26e-03    0.103 7.52e-03   0.5
      g_round_robin_rr_arbiter (VX_rr_arbiter_1) 5.75e-03 1.20e-03 9.64e-02 7.04e-03   0.5
        g_model1_onehot_encoder (VX_onehot_encoder_2) 4.55e-05 1.12e-04 1.20e-02 1.70e-04   0.0
1
