Information: Propagating switching activity (high effort zero delay simulation). (PWR-6)
Warning: Design has unannotated primary inputs. (PWR-414)
Warning: Design has unannotated sequential cell outputs. (PWR-415)
Warning: Design has unannotated black box outputs. (PWR-428)
 
****************************************
Report : power
        -hier
        -analysis_effort high
        -verbose
Design : VX_axi_adapter
Scenario(s): mode_norm.OC_rvt_ss_0p900v_125c
Version: V-2023.12-SP5-3
Date   : Mon May 11 23:37:03 2026
****************************************


Library(s) Used:

    sc9_cmos28lpp_base_rvt_ss_nominal_max_0p900v_125c_sadhm (File: /tool/PDK/Samsung/LN28LPP_202203/PRIMITIVES/RVT/ln28lpp_sc_9t_base_rvt_c130_V1.00d/FE-Common/LIBERTY/sc9_cmos28lpp_base_rvt_ss_nominal_max_0p900v_125c_sadhm.db)


Global Operating Voltage = 0.9  
Power-specific unit information :
    Voltage Units = 1V
    Capacitance Units = 1.000000pf
    Time Units = 1ns
    Dynamic Power Units = 1mW    (derived from V,C,T units)
    Leakage Power Units = 1uW


--------------------------------------------------------------------------------
                                       Switch   Int      Leak     Total
Hierarchy                              Power    Power    Power    Power    %
--------------------------------------------------------------------------------
VX_axi_adapter                            3.395    2.164  811.952    6.371 100.0
  rsp_xbar (VX_stream_xbar_1)             2.425    1.878  597.287    4.901  76.9
    g_multi_inputs_g_multiple_outputs_g_xbar_arbs_3__xbar_arb (VX_stream_arb_1_0)    0.667    0.479  148.901    1.295  20.3
      g_input_select_g_fanout_fanout_join_arb (VX_stream_arb_3_0)    0.189 2.92e-02    9.614    0.228   3.6
        g_input_select_g_arbiter_g_out_buf_0__out_buf (VX_elastic_buffer_521_0_0_0_0) 6.70e-02 1.01e-02    3.472 8.05e-02   1.3
        g_input_select_g_arbiter_arbiter (VX_generic_arbiter_0) 6.16e-04 1.19e-03    0.176 1.98e-03   0.0
          g_round_robin_rr_arbiter (VX_rr_arbiter_0) 6.16e-04 1.19e-03    0.176 1.98e-03   0.0
            g_model1_onehot_encoder (VX_onehot_encoder_0) 2.39e-04 6.07e-05 1.95e-02 3.20e-04   0.0
      g_input_select_g_fanout_g_slice_arbs_3__fanout_slice_arb (VX_stream_arb_2_0)    0.140    0.107   34.872    0.281   4.4
        g_input_select_g_arbiter_g_out_buf_0__out_buf (VX_elastic_buffer_519_2_1_0_0) 2.91e-02 8.58e-02   23.893    0.139   2.2
          g_eb2_out_buf (VX_pipe_buffer_0) 1.60e-03 2.05e-03    3.472 7.13e-03   0.1
          g_eb2_stream_buffer (VX_stream_buffer_519_1_0) 2.75e-02 8.37e-02   20.421    0.132   2.1
        g_input_select_g_arbiter_arbiter (VX_generic_arbiter_1_0) 1.25e-03 6.80e-04    0.363 2.29e-03   0.0
          g_round_robin_rr_arbiter (VX_rr_arbiter_1_0) 1.25e-03 6.80e-04    0.363 2.29e-03   0.0
            g_model1_onehot_encoder (VX_onehot_encoder_1_0) 8.55e-04 8.49e-05 5.09e-02 9.91e-04   0.0
      g_input_select_g_fanout_g_slice_arbs_2__fanout_slice_arb (VX_stream_arb_2_1)    0.122    0.110   34.863    0.267   4.2
        g_input_select_g_arbiter_g_out_buf_0__out_buf (VX_elastic_buffer_519_2_1_0_1) 3.11e-02 8.96e-02   23.908    0.145   2.3
          g_eb2_out_buf (VX_pipe_buffer_1) 5.60e-03 2.19e-03    3.472 1.13e-02   0.2
          g_eb2_stream_buffer (VX_stream_buffer_519_1_1) 2.55e-02 8.74e-02   20.435    0.133   2.1
        g_input_select_g_arbiter_arbiter (VX_generic_arbiter_1_1) 9.14e-04 7.01e-04    0.364 1.98e-03   0.0
          g_round_robin_rr_arbiter (VX_rr_arbiter_1_1) 9.14e-04 7.01e-04    0.364 1.98e-03   0.0
            g_model1_onehot_encoder (VX_onehot_encoder_1_1) 5.05e-04 8.30e-05 5.24e-02 6.41e-04   0.0
      g_input_select_g_fanout_g_slice_arbs_1__fanout_slice_arb (VX_stream_arb_2_2)    0.109    0.113   35.089    0.257   4.0
        g_input_select_g_arbiter_g_out_buf_0__out_buf (VX_elastic_buffer_519_2_1_0_2) 2.73e-02 9.21e-02   23.913    0.143   2.3
          g_eb2_out_buf (VX_pipe_buffer_2) 1.31e-03 2.26e-03    3.472 7.05e-03   0.1
          g_eb2_stream_buffer (VX_stream_buffer_519_1_2) 2.60e-02 8.99e-02   20.441    0.136   2.1
        g_input_select_g_arbiter_arbiter (VX_generic_arbiter_1_2) 1.36e-03 7.20e-04    0.366 2.45e-03   0.0
          g_round_robin_rr_arbiter (VX_rr_arbiter_1_2) 1.36e-03 7.20e-04    0.366 2.45e-03   0.0
            g_model1_onehot_encoder (VX_onehot_encoder_1_2) 9.72e-04 8.63e-05 5.09e-02 1.11e-03   0.0
      g_input_select_g_fanout_g_slice_arbs_0__fanout_slice_arb (VX_stream_arb_2_3)    0.107    0.119   34.463    0.261   4.1
        g_input_select_g_arbiter_g_out_buf_0__out_buf (VX_elastic_buffer_519_2_1_0_3) 3.72e-02 9.86e-02   23.875    0.160   2.5
          g_eb2_out_buf (VX_pipe_buffer_3) 6.85e-03 2.47e-03    3.471 1.28e-02   0.2
          g_eb2_stream_buffer (VX_stream_buffer_519_1_3) 3.03e-02 9.61e-02   20.404    0.147   2.3
        g_input_select_g_arbiter_arbiter (VX_generic_arbiter_1_3) 1.31e-03 7.65e-04    0.366 2.44e-03   0.0
          g_round_robin_rr_arbiter (VX_rr_arbiter_1_3) 1.31e-03 7.65e-04    0.366 2.44e-03   0.0
            g_model1_onehot_encoder (VX_onehot_encoder_1_3) 8.63e-04 8.72e-05 5.23e-02 1.00e-03   0.0
    g_multi_inputs_g_multiple_outputs_g_xbar_arbs_2__xbar_arb (VX_stream_arb_1_1)    0.605    0.457  148.386    1.211  19.0
      g_input_select_g_fanout_fanout_join_arb (VX_stream_arb_3_1)    0.175 2.83e-02    9.938    0.213   3.3
        g_input_select_g_arbiter_g_out_buf_0__out_buf (VX_elastic_buffer_521_0_0_0_1) 4.83e-02 9.68e-03    3.473 6.15e-02   1.0
        g_input_select_g_arbiter_arbiter (VX_generic_arbiter_2) 6.29e-04 1.15e-03    0.176 1.95e-03   0.0
          g_round_robin_rr_arbiter (VX_rr_arbiter_2) 6.29e-04 1.15e-03    0.176 1.95e-03   0.0
            g_model1_onehot_encoder (VX_onehot_encoder_2) 2.74e-04 5.71e-05 1.86e-02 3.50e-04   0.0
      g_input_select_g_fanout_g_slice_arbs_3__fanout_slice_arb (VX_stream_arb_2_4)    0.126    0.101   35.073    0.262   4.1
        g_input_select_g_arbiter_g_out_buf_0__out_buf (VX_elastic_buffer_519_2_1_0_4) 2.86e-02 8.00e-02   23.944    0.133   2.1
          g_eb2_out_buf (VX_pipe_buffer_4) 1.55e-03 1.88e-03    3.473 6.91e-03   0.1
          g_eb2_stream_buffer (VX_stream_buffer_519_1_4) 2.70e-02 7.82e-02   20.471    0.126   2.0
        g_input_select_g_arbiter_arbiter (VX_generic_arbiter_1_4) 1.23e-03 6.55e-04    0.363 2.25e-03   0.0
          g_round_robin_rr_arbiter (VX_rr_arbiter_1_4) 1.23e-03 6.55e-04    0.363 2.25e-03   0.0
            g_model1_onehot_encoder (VX_onehot_encoder_1_4) 8.66e-04 8.57e-05 5.09e-02 1.00e-03   0.0
      g_input_select_g_fanout_g_slice_arbs_2__fanout_slice_arb (VX_stream_arb_2_5)    0.119    0.106   35.007    0.260   4.1
        g_input_select_g_arbiter_g_out_buf_0__out_buf (VX_elastic_buffer_519_2_1_0_5) 3.48e-02 8.52e-02   23.928    0.144   2.3
          g_eb2_out_buf (VX_pipe_buffer_5) 7.63e-03 2.07e-03    3.473 1.32e-02   0.2
          g_eb2_stream_buffer (VX_stream_buffer_519_1_5) 2.71e-02 8.31e-02   20.454    0.131   2.1
        g_input_select_g_arbiter_arbiter (VX_generic_arbiter_1_5) 8.06e-04 6.73e-04    0.361 1.84e-03   0.0
          g_round_robin_rr_arbiter (VX_rr_arbiter_1_5) 8.06e-04 6.73e-04    0.361 1.84e-03   0.0
            g_model1_onehot_encoder (VX_onehot_encoder_1_5) 4.22e-04 7.98e-05 4.81e-02 5.50e-04   0.0
      g_input_select_g_fanout_g_slice_arbs_1__fanout_slice_arb (VX_stream_arb_2_6) 7.96e-02    0.105   33.866    0.219   3.4
        g_input_select_g_arbiter_g_out_buf_0__out_buf (VX_elastic_buffer_519_2_1_0_6) 3.03e-02 8.59e-02   23.918    0.140   2.2
          g_eb2_out_buf (VX_pipe_buffer_6) 1.14e-03 2.15e-03    3.473 6.77e-03   0.1
          g_eb2_stream_buffer (VX_stream_buffer_519_1_6) 2.91e-02 8.38e-02   20.446    0.133   2.1
        g_input_select_g_arbiter_arbiter (VX_generic_arbiter_1_6) 1.38e-03 6.96e-04    0.363 2.44e-03   0.0
          g_round_robin_rr_arbiter (VX_rr_arbiter_1_6) 1.38e-03 6.96e-04    0.363 2.44e-03   0.0
            g_model1_onehot_encoder (VX_onehot_encoder_1_6) 1.00e-03 8.54e-05 5.09e-02 1.14e-03   0.0
      g_input_select_g_fanout_g_slice_arbs_0__fanout_slice_arb (VX_stream_arb_2_7)    0.105    0.117   34.502    0.256   4.0
        g_input_select_g_arbiter_g_out_buf_0__out_buf (VX_elastic_buffer_519_2_1_0_7) 3.76e-02 9.58e-02   23.895    0.157   2.5
          g_eb2_out_buf (VX_pipe_buffer_7) 6.77e-03 2.37e-03    3.473 1.26e-02   0.2
          g_eb2_stream_buffer (VX_stream_buffer_519_1_7) 3.08e-02 9.35e-02   20.422    0.145   2.3
        g_input_select_g_arbiter_arbiter (VX_generic_arbiter_1_7) 1.27e-03 7.28e-04    0.363 2.36e-03   0.0
          g_round_robin_rr_arbiter (VX_rr_arbiter_1_7) 1.27e-03 7.28e-04    0.363 2.36e-03   0.0
            g_model1_onehot_encoder (VX_onehot_encoder_1_7) 8.57e-04 8.63e-05 5.23e-02 9.96e-04   0.0
    g_multi_inputs_g_multiple_outputs_g_xbar_arbs_1__xbar_arb (VX_stream_arb_1_2)    0.565    0.474  148.130    1.187  18.6
      g_input_select_g_fanout_fanout_join_arb (VX_stream_arb_3_2)    0.189 3.06e-02   10.781    0.230   3.6
        g_input_select_g_arbiter_g_out_buf_0__out_buf (VX_elastic_buffer_521_0_0_0_2) 3.37e-02 1.00e-02    3.473 4.72e-02   0.7
        g_input_select_g_arbiter_arbiter (VX_generic_arbiter_3) 7.29e-04 1.19e-03    0.177 2.09e-03   0.0
          g_round_robin_rr_arbiter (VX_rr_arbiter_3) 7.29e-04 1.19e-03    0.177 2.09e-03   0.0
            g_model1_onehot_encoder (VX_onehot_encoder_3) 3.56e-04 6.29e-05 1.98e-02 4.39e-04   0.0
      g_input_select_g_fanout_g_slice_arbs_3__fanout_slice_arb (VX_stream_arb_2_8) 8.33e-02    0.105   34.486    0.223   3.5
        g_input_select_g_arbiter_g_out_buf_0__out_buf (VX_elastic_buffer_519_2_1_0_8) 2.43e-02 8.49e-02   23.910    0.133   2.1
          g_eb2_out_buf (VX_pipe_buffer_8) 1.46e-03 2.03e-03    3.472 6.97e-03   0.1
          g_eb2_stream_buffer (VX_stream_buffer_519_1_8) 2.28e-02 8.29e-02   20.438    0.126   2.0
        g_input_select_g_arbiter_arbiter (VX_generic_arbiter_1_8) 1.27e-03 6.86e-04    0.363 2.32e-03   0.0
          g_round_robin_rr_arbiter (VX_rr_arbiter_1_8) 1.27e-03 6.86e-04    0.363 2.32e-03   0.0
            g_model1_onehot_encoder (VX_onehot_encoder_1_8) 8.88e-04 8.48e-05 5.09e-02 1.02e-03   0.0
      g_input_select_g_fanout_g_slice_arbs_2__fanout_slice_arb (VX_stream_arb_2_9) 9.52e-02    0.108   34.281    0.237   3.7
        g_input_select_g_arbiter_g_out_buf_0__out_buf (VX_elastic_buffer_519_2_1_0_9) 3.96e-02 8.80e-02   23.916    0.151   2.4
          g_eb2_out_buf (VX_pipe_buffer_9) 8.56e-03 2.24e-03    3.473 1.43e-02   0.2
          g_eb2_stream_buffer (VX_stream_buffer_519_1_9) 3.10e-02 8.58e-02   20.443    0.137   2.2
        g_input_select_g_arbiter_arbiter (VX_generic_arbiter_1_9) 6.92e-04 6.72e-04    0.355 1.72e-03   0.0
          g_round_robin_rr_arbiter (VX_rr_arbiter_1_9) 6.92e-04 6.72e-04    0.355 1.72e-03   0.0
            g_model1_onehot_encoder (VX_onehot_encoder_1_9) 3.06e-04 7.23e-05 4.23e-02 4.20e-04   0.0
      g_input_select_g_fanout_g_slice_arbs_1__fanout_slice_arb (VX_stream_arb_2_10) 7.63e-02    0.110   33.735    0.220   3.5
        g_input_select_g_arbiter_g_out_buf_0__out_buf (VX_elastic_buffer_519_2_1_0_10) 2.99e-02 9.05e-02   23.896    0.144   2.3
          g_eb2_out_buf (VX_pipe_buffer_10) 1.11e-03 2.28e-03    3.473 6.86e-03   0.1
          g_eb2_stream_buffer (VX_stream_buffer_519_1_10) 2.88e-02 8.82e-02   20.424    0.137   2.2
        g_input_select_g_arbiter_arbiter (VX_generic_arbiter_1_10) 1.47e-03 7.21e-04    0.364 2.55e-03   0.0
          g_round_robin_rr_arbiter (VX_rr_arbiter_1_10) 1.47e-03 7.21e-04    0.364 2.55e-03   0.0
            g_model1_onehot_encoder (VX_onehot_encoder_1_10) 1.07e-03 8.69e-05 5.08e-02 1.21e-03   0.0
      g_input_select_g_fanout_g_slice_arbs_0__fanout_slice_arb (VX_stream_arb_2_11)    0.121    0.120   34.848    0.276   4.3
        g_input_select_g_arbiter_g_out_buf_0__out_buf (VX_elastic_buffer_519_2_1_0_11) 4.33e-02 9.87e-02   23.859    0.166   2.6
          g_eb2_out_buf (VX_pipe_buffer_11) 1.15e-02 2.47e-03    3.473 1.74e-02   0.3
          g_eb2_stream_buffer (VX_stream_buffer_519_1_11) 3.18e-02 9.62e-02   20.387    0.148   2.3
        g_input_select_g_arbiter_arbiter (VX_generic_arbiter_1_11) 1.39e-03 7.56e-04    0.364 2.51e-03   0.0
          g_round_robin_rr_arbiter (VX_rr_arbiter_1_11) 1.39e-03 7.56e-04    0.364 2.51e-03   0.0
            g_model1_onehot_encoder (VX_onehot_encoder_1_11) 9.27e-04 8.76e-05 5.23e-02 1.07e-03   0.0
    g_multi_inputs_g_multiple_outputs_g_xbar_arbs_0__xbar_arb (VX_stream_arb_1_3)    0.574    0.465  148.614    1.188  18.7
      g_input_select_g_fanout_fanout_join_arb (VX_stream_arb_3_3)    0.163 2.86e-02   10.004    0.201   3.2
        g_input_select_g_arbiter_g_out_buf_0__out_buf (VX_elastic_buffer_521_0_0_0_3) 2.48e-02 9.60e-03    3.474 3.78e-02   0.6
        g_input_select_g_arbiter_arbiter (VX_generic_arbiter_4) 7.63e-04 1.16e-03    0.177 2.10e-03   0.0
          g_round_robin_rr_arbiter (VX_rr_arbiter_4) 7.63e-04 1.16e-03    0.177 2.10e-03   0.0
            g_model1_onehot_encoder (VX_onehot_encoder_4) 4.01e-04 6.10e-05 1.98e-02 4.82e-04   0.0
      g_input_select_g_fanout_g_slice_arbs_3__fanout_slice_arb (VX_stream_arb_2_12) 7.93e-02    0.103   34.261    0.216   3.4
        g_input_select_g_arbiter_g_out_buf_0__out_buf (VX_elastic_buffer_519_2_1_0_12) 2.48e-02 8.28e-02   23.922    0.131   2.1
          g_eb2_out_buf (VX_pipe_buffer_12) 2.04e-03 2.01e-03    3.474 7.52e-03   0.1
          g_eb2_stream_buffer (VX_stream_buffer_519_1_12) 2.27e-02 8.08e-02   20.448    0.124   1.9
        g_input_select_g_arbiter_arbiter (VX_generic_arbiter_1_12) 1.32e-03 6.80e-04    0.363 2.36e-03   0.0
          g_round_robin_rr_arbiter (VX_rr_arbiter_1_12) 1.32e-03 6.80e-04    0.363 2.36e-03   0.0
            g_model1_onehot_encoder (VX_onehot_encoder_1_12) 9.47e-04 8.50e-05 5.09e-02 1.08e-03   0.0
      g_input_select_g_fanout_g_slice_arbs_2__fanout_slice_arb (VX_stream_arb_2_13)    0.117    0.107   34.883    0.259   4.1
        g_input_select_g_arbiter_g_out_buf_0__out_buf (VX_elastic_buffer_519_2_1_0_13) 4.46e-02 8.62e-02   23.878    0.155   2.4
          g_eb2_out_buf (VX_pipe_buffer_13) 1.23e-02 2.13e-03    3.475 1.79e-02   0.3
          g_eb2_stream_buffer (VX_stream_buffer_519_1_13) 3.23e-02 8.41e-02   20.403    0.137   2.1
        g_input_select_g_arbiter_arbiter (VX_generic_arbiter_1_13) 7.93e-04 6.76e-04    0.360 1.83e-03   0.0
          g_round_robin_rr_arbiter (VX_rr_arbiter_1_13) 7.93e-04 6.76e-04    0.360 1.83e-03   0.0
            g_model1_onehot_encoder (VX_onehot_encoder_1_13) 4.11e-04 7.97e-05 4.82e-02 5.38e-04   0.0
      g_input_select_g_fanout_g_slice_arbs_1__fanout_slice_arb (VX_stream_arb_2_14) 8.40e-02    0.110   34.541    0.228   3.6
        g_input_select_g_arbiter_g_out_buf_0__out_buf (VX_elastic_buffer_519_2_1_0_14) 2.61e-02 8.91e-02   23.888    0.139   2.2
          g_eb2_out_buf (VX_pipe_buffer_14) 9.66e-04 2.15e-03    3.474 6.59e-03   0.1
          g_eb2_stream_buffer (VX_stream_buffer_519_1_14) 2.52e-02 8.69e-02   20.414    0.133   2.1
        g_input_select_g_arbiter_arbiter (VX_generic_arbiter_1_14) 1.50e-03 7.11e-04    0.364 2.57e-03   0.0
          g_round_robin_rr_arbiter (VX_rr_arbiter_1_14) 1.50e-03 7.11e-04    0.364 2.57e-03   0.0
            g_model1_onehot_encoder (VX_onehot_encoder_1_14) 1.10e-03 8.59e-05 5.08e-02 1.24e-03   0.0
      g_input_select_g_fanout_g_slice_arbs_0__fanout_slice_arb (VX_stream_arb_2_15)    0.131    0.118   34.924    0.284   4.5
        g_input_select_g_arbiter_g_out_buf_0__out_buf (VX_elastic_buffer_519_2_1_0_15) 4.42e-02 9.64e-02   23.838    0.164   2.6
          g_eb2_out_buf (VX_pipe_buffer_15) 1.55e-02 2.44e-03    3.473 2.15e-02   0.3
          g_eb2_stream_buffer (VX_stream_buffer_519_1_15) 2.86e-02 9.40e-02   20.365    0.143   2.2
        g_input_select_g_arbiter_arbiter (VX_generic_arbiter_1_15) 1.42e-03 7.57e-04    0.365 2.54e-03   0.0
          g_round_robin_rr_arbiter (VX_rr_arbiter_1_15) 1.42e-03 7.57e-04    0.365 2.54e-03   0.0
            g_model1_onehot_encoder (VX_onehot_encoder_1_15) 9.44e-04 8.75e-05 5.23e-02 1.08e-03   0.0
    g_multi_inputs_g_multiple_outputs_val_in_transpose (VX_transpose_0) 1.00e-03 6.80e-04    0.803 2.48e-03   0.0
    g_multi_inputs_g_multiple_outputs_g_sel_in_demux_31__sel_in_demux (VX_demux_1_0) 2.33e-05 3.07e-05 2.11e-02 7.51e-05   0.0
    g_multi_inputs_g_multiple_outputs_g_sel_in_demux_30__sel_in_demux (VX_demux_1_1) 2.35e-05 3.07e-05 2.11e-02 7.53e-05   0.0
    g_multi_inputs_g_multiple_outputs_g_sel_in_demux_29__sel_in_demux (VX_demux_1_2) 2.38e-05 3.08e-05 2.11e-02 7.58e-05   0.0
    g_multi_inputs_g_multiple_outputs_g_sel_in_demux_28__sel_in_demux (VX_demux_1_3) 3.10e-05 3.09e-05 2.11e-02 8.30e-05   0.0
    g_multi_inputs_g_multiple_outputs_g_sel_in_demux_27__sel_in_demux (VX_demux_1_4) 2.92e-05 3.02e-05 2.11e-02 8.05e-05   0.0
    g_multi_inputs_g_multiple_outputs_g_sel_in_demux_26__sel_in_demux (VX_demux_1_5) 3.14e-05 3.06e-05 2.11e-02 8.32e-05   0.0
    g_multi_inputs_g_multiple_outputs_g_sel_in_demux_25__sel_in_demux (VX_demux_1_6) 3.06e-05 3.07e-05 2.11e-02 8.24e-05   0.0
    g_multi_inputs_g_multiple_outputs_g_sel_in_demux_24__sel_in_demux (VX_demux_1_7) 3.26e-05 3.10e-05 2.11e-02 8.47e-05   0.0
    g_multi_inputs_g_multiple_outputs_g_sel_in_demux_23__sel_in_demux (VX_demux_1_8) 9.16e-05 3.08e-05 2.11e-02 1.43e-04   0.0
    g_multi_inputs_g_multiple_outputs_g_sel_in_demux_22__sel_in_demux (VX_demux_1_9) 9.02e-05 3.02e-05 2.11e-02 1.42e-04   0.0
    g_multi_inputs_g_multiple_outputs_g_sel_in_demux_21__sel_in_demux (VX_demux_1_10) 9.34e-05 3.05e-05 2.11e-02 1.45e-04   0.0
    g_multi_inputs_g_multiple_outputs_g_sel_in_demux_20__sel_in_demux (VX_demux_1_11) 8.79e-05 3.12e-05 2.11e-02 1.40e-04   0.0
    g_multi_inputs_g_multiple_outputs_g_sel_in_demux_19__sel_in_demux (VX_demux_1_12) 9.10e-05 3.08e-05 2.11e-02 1.43e-04   0.0
    g_multi_inputs_g_multiple_outputs_g_sel_in_demux_18__sel_in_demux (VX_demux_1_13) 1.05e-04 3.11e-05 2.11e-02 1.57e-04   0.0
    g_multi_inputs_g_multiple_outputs_g_sel_in_demux_17__sel_in_demux (VX_demux_1_14) 2.37e-05 3.11e-05 2.11e-02 7.59e-05   0.0
    g_multi_inputs_g_multiple_outputs_g_sel_in_demux_16__sel_in_demux (VX_demux_1_15) 1.04e-04 3.14e-05 2.11e-02 1.56e-04   0.0
    g_multi_inputs_g_multiple_outputs_g_sel_in_demux_15__sel_in_demux (VX_demux_1_16) 1.23e-04 3.08e-05 2.11e-02 1.75e-04   0.0
    g_multi_inputs_g_multiple_outputs_g_sel_in_demux_14__sel_in_demux (VX_demux_1_17) 1.16e-04 3.07e-05 2.11e-02 1.68e-04   0.0
    g_multi_inputs_g_multiple_outputs_g_sel_in_demux_13__sel_in_demux (VX_demux_1_18) 1.19e-04 3.11e-05 2.11e-02 1.71e-04   0.0
    g_multi_inputs_g_multiple_outputs_g_sel_in_demux_12__sel_in_demux (VX_demux_1_19) 1.20e-04 3.08e-05 2.11e-02 1.71e-04   0.0
    g_multi_inputs_g_multiple_outputs_g_sel_in_demux_11__sel_in_demux (VX_demux_1_20) 1.17e-04 3.05e-05 2.11e-02 1.68e-04   0.0
    g_multi_inputs_g_multiple_outputs_g_sel_in_demux_10__sel_in_demux (VX_demux_1_21) 1.20e-04 3.15e-05 2.11e-02 1.72e-04   0.0
    g_multi_inputs_g_multiple_outputs_g_sel_in_demux_9__sel_in_demux (VX_demux_1_22) 1.24e-04 3.15e-05 2.11e-02 1.76e-04   0.0
    g_multi_inputs_g_multiple_outputs_g_sel_in_demux_8__sel_in_demux (VX_demux_1_23) 1.19e-04 3.15e-05 2.11e-02 1.71e-04   0.0
    g_multi_inputs_g_multiple_outputs_g_sel_in_demux_7__sel_in_demux (VX_demux_1_24) 1.07e-04 3.12e-05 2.11e-02 1.59e-04   0.0
    g_multi_inputs_g_multiple_outputs_g_sel_in_demux_6__sel_in_demux (VX_demux_1_25) 1.40e-04 3.24e-05 2.11e-02 1.94e-04   0.0
    g_multi_inputs_g_multiple_outputs_g_sel_in_demux_5__sel_in_demux (VX_demux_1_26) 1.41e-04 3.19e-05 2.11e-02 1.94e-04   0.0
    g_multi_inputs_g_multiple_outputs_g_sel_in_demux_4__sel_in_demux (VX_demux_1_27) 1.36e-04 3.14e-05 2.11e-02 1.89e-04   0.0
    g_multi_inputs_g_multiple_outputs_g_sel_in_demux_3__sel_in_demux (VX_demux_1_28) 1.61e-04 3.21e-05 2.11e-02 2.14e-04   0.0
    g_multi_inputs_g_multiple_outputs_g_sel_in_demux_2__sel_in_demux (VX_demux_1_29) 1.38e-04 3.19e-05 2.11e-02 1.91e-04   0.0
    g_multi_inputs_g_multiple_outputs_g_sel_in_demux_1__sel_in_demux (VX_demux_1_30) 9.68e-05 3.22e-05 2.11e-02 1.50e-04   0.0
    g_multi_inputs_g_multiple_outputs_g_sel_in_demux_0__sel_in_demux (VX_demux_1_31) 9.58e-05 3.15e-05 2.11e-02 1.48e-04   0.0
    g_multi_inputs_g_multiple_outputs_rdy_in_transpose (VX_transpose_1_0) 1.56e-04 3.14e-04    0.787 1.26e-03   0.0
  g_axi_reqs_0__axi_write_ack (VX_axi_write_ack_31) 4.85e-05 6.56e-04 5.95e-02 7.64e-04   0.0
  req_xbar (VX_stream_xbar)               0.285    0.207  147.336    0.639  10.0
    g_multi_inputs_g_multiple_outputs_g_xbar_arbs_31__xbar_arb (VX_stream_arb_0) 3.84e-03 5.63e-03    4.341 1.38e-02   0.2
      g_input_select_g_arbiter_g_out_buf_0__out_buf (VX_elastic_buffer_621_0_0_0_0) 2.42e-03 5.41e-03    4.140 1.20e-02   0.2
    g_multi_inputs_g_multiple_outputs_g_xbar_arbs_30__xbar_arb (VX_stream_arb_4) 3.78e-03 5.63e-03    4.341 1.38e-02   0.2
      g_input_select_g_arbiter_g_out_buf_0__out_buf (VX_elastic_buffer_621_0_0_0_1) 2.40e-03 5.41e-03    4.140 1.19e-02   0.2
    g_multi_inputs_g_multiple_outputs_g_xbar_arbs_29__xbar_arb (VX_stream_arb_5) 3.75e-03 5.63e-03    4.341 1.37e-02   0.2
      g_input_select_g_arbiter_g_out_buf_0__out_buf (VX_elastic_buffer_621_0_0_0_2) 2.39e-03 5.41e-03    4.140 1.19e-02   0.2
    g_multi_inputs_g_multiple_outputs_g_xbar_arbs_28__xbar_arb (VX_stream_arb_6) 3.80e-03 5.63e-03    4.341 1.38e-02   0.2
      g_input_select_g_arbiter_g_out_buf_0__out_buf (VX_elastic_buffer_621_0_0_0_3) 2.42e-03 5.41e-03    4.140 1.20e-02   0.2
    g_multi_inputs_g_multiple_outputs_g_xbar_arbs_27__xbar_arb (VX_stream_arb_7) 3.76e-03 5.63e-03    4.341 1.37e-02   0.2
      g_input_select_g_arbiter_g_out_buf_0__out_buf (VX_elastic_buffer_621_0_0_0_4) 2.37e-03 5.41e-03    4.140 1.19e-02   0.2
    g_multi_inputs_g_multiple_outputs_g_xbar_arbs_26__xbar_arb (VX_stream_arb_8) 3.83e-03 5.63e-03    4.341 1.38e-02   0.2
      g_input_select_g_arbiter_g_out_buf_0__out_buf (VX_elastic_buffer_621_0_0_0_5) 2.45e-03 5.41e-03    4.140 1.20e-02   0.2
    g_multi_inputs_g_multiple_outputs_g_xbar_arbs_25__xbar_arb (VX_stream_arb_9) 3.79e-03 5.63e-03    4.341 1.38e-02   0.2
      g_input_select_g_arbiter_g_out_buf_0__out_buf (VX_elastic_buffer_621_0_0_0_6) 2.42e-03 5.41e-03    4.140 1.20e-02   0.2
    g_multi_inputs_g_multiple_outputs_g_xbar_arbs_24__xbar_arb (VX_stream_arb_10) 3.79e-03 5.64e-03    4.341 1.38e-02   0.2
      g_input_select_g_arbiter_g_out_buf_0__out_buf (VX_elastic_buffer_621_0_0_0_7) 2.42e-03 5.41e-03    4.140 1.20e-02   0.2
    g_multi_inputs_g_multiple_outputs_g_xbar_arbs_23__xbar_arb (VX_stream_arb_11) 3.84e-03 5.63e-03    4.341 1.38e-02   0.2
      g_input_select_g_arbiter_g_out_buf_0__out_buf (VX_elastic_buffer_621_0_0_0_8) 2.44e-03 5.41e-03    4.140 1.20e-02   0.2
    g_multi_inputs_g_multiple_outputs_g_xbar_arbs_22__xbar_arb (VX_stream_arb_12) 3.80e-03 5.63e-03    4.341 1.38e-02   0.2
      g_input_select_g_arbiter_g_out_buf_0__out_buf (VX_elastic_buffer_621_0_0_0_9) 2.41e-03 5.41e-03    4.140 1.20e-02   0.2
    g_multi_inputs_g_multiple_outputs_g_xbar_arbs_21__xbar_arb (VX_stream_arb_13) 3.77e-03 5.63e-03    4.341 1.37e-02   0.2
      g_input_select_g_arbiter_g_out_buf_0__out_buf (VX_elastic_buffer_621_0_0_0_10) 2.39e-03 5.41e-03    4.140 1.19e-02   0.2
    g_multi_inputs_g_multiple_outputs_g_xbar_arbs_20__xbar_arb (VX_stream_arb_14) 3.78e-03 5.63e-03    4.341 1.38e-02   0.2
      g_input_select_g_arbiter_g_out_buf_0__out_buf (VX_elastic_buffer_621_0_0_0_11) 2.38e-03 5.41e-03    4.140 1.19e-02   0.2
    g_multi_inputs_g_multiple_outputs_g_xbar_arbs_19__xbar_arb (VX_stream_arb_15) 3.74e-03 5.63e-03    4.341 1.37e-02   0.2
      g_input_select_g_arbiter_g_out_buf_0__out_buf (VX_elastic_buffer_621_0_0_0_12) 2.37e-03 5.41e-03    4.140 1.19e-02   0.2
    g_multi_inputs_g_multiple_outputs_g_xbar_arbs_18__xbar_arb (VX_stream_arb_16) 4.13e-03 5.64e-03    4.341 1.41e-02   0.2
      g_input_select_g_arbiter_g_out_buf_0__out_buf (VX_elastic_buffer_621_0_0_0_13) 2.62e-03 5.41e-03    4.140 1.22e-02   0.2
    g_multi_inputs_g_multiple_outputs_g_xbar_arbs_17__xbar_arb (VX_stream_arb_17) 4.08e-03 5.64e-03    4.341 1.41e-02   0.2
      g_input_select_g_arbiter_g_out_buf_0__out_buf (VX_elastic_buffer_621_0_0_0_14) 2.59e-03 5.41e-03    4.140 1.21e-02   0.2
    g_multi_inputs_g_multiple_outputs_g_xbar_arbs_16__xbar_arb (VX_stream_arb_18) 4.10e-03 5.64e-03    4.341 1.41e-02   0.2
      g_input_select_g_arbiter_g_out_buf_0__out_buf (VX_elastic_buffer_621_0_0_0_15) 2.57e-03 5.41e-03    4.140 1.21e-02   0.2
    g_multi_inputs_g_multiple_outputs_g_xbar_arbs_15__xbar_arb (VX_stream_arb_19) 4.16e-03 5.64e-03    4.341 1.41e-02   0.2
      g_input_select_g_arbiter_g_out_buf_0__out_buf (VX_elastic_buffer_621_0_0_0_16) 2.62e-03 5.41e-03    4.140 1.22e-02   0.2
    g_multi_inputs_g_multiple_outputs_g_xbar_arbs_14__xbar_arb (VX_stream_arb_20) 4.05e-03 5.64e-03    4.341 1.40e-02   0.2
      g_input_select_g_arbiter_g_out_buf_0__out_buf (VX_elastic_buffer_621_0_0_0_17) 2.57e-03 5.41e-03    4.140 1.21e-02   0.2
    g_multi_inputs_g_multiple_outputs_g_xbar_arbs_13__xbar_arb (VX_stream_arb_21) 4.09e-03 5.64e-03    4.341 1.41e-02   0.2
      g_input_select_g_arbiter_g_out_buf_0__out_buf (VX_elastic_buffer_621_0_0_0_18) 2.61e-03 5.41e-03    4.140 1.22e-02   0.2
    g_multi_inputs_g_multiple_outputs_g_xbar_arbs_12__xbar_arb (VX_stream_arb_22) 4.09e-03 5.64e-03    4.341 1.41e-02   0.2
      g_input_select_g_arbiter_g_out_buf_0__out_buf (VX_elastic_buffer_621_0_0_0_19) 2.61e-03 5.41e-03    4.140 1.22e-02   0.2
    g_multi_inputs_g_multiple_outputs_g_xbar_arbs_11__xbar_arb (VX_stream_arb_23) 4.15e-03 5.64e-03    4.341 1.41e-02   0.2
      g_input_select_g_arbiter_g_out_buf_0__out_buf (VX_elastic_buffer_621_0_0_0_20) 2.69e-03 5.41e-03    4.140 1.22e-02   0.2
    g_multi_inputs_g_multiple_outputs_g_xbar_arbs_10__xbar_arb (VX_stream_arb_24) 4.51e-03 5.65e-03    4.341 1.45e-02   0.2
      g_input_select_g_arbiter_g_out_buf_0__out_buf (VX_elastic_buffer_621_0_0_0_21) 3.03e-03 5.42e-03    4.140 1.26e-02   0.2
    g_multi_inputs_g_multiple_outputs_g_xbar_arbs_9__xbar_arb (VX_stream_arb_25) 4.15e-03 5.65e-03    4.341 1.41e-02   0.2
      g_input_select_g_arbiter_g_out_buf_0__out_buf (VX_elastic_buffer_621_0_0_0_22) 2.62e-03 5.42e-03    4.140 1.22e-02   0.2
    g_multi_inputs_g_multiple_outputs_g_xbar_arbs_8__xbar_arb (VX_stream_arb_26) 4.09e-03 5.64e-03    4.341 1.41e-02   0.2
      g_input_select_g_arbiter_g_out_buf_0__out_buf (VX_elastic_buffer_621_0_0_0_23) 2.62e-03 5.41e-03    4.140 1.22e-02   0.2
    g_multi_inputs_g_multiple_outputs_g_xbar_arbs_7__xbar_arb (VX_stream_arb_27) 4.13e-03 5.64e-03    4.341 1.41e-02   0.2
      g_input_select_g_arbiter_g_out_buf_0__out_buf (VX_elastic_buffer_621_0_0_0_24) 2.63e-03 5.41e-03    4.140 1.22e-02   0.2
    g_multi_inputs_g_multiple_outputs_g_xbar_arbs_6__xbar_arb (VX_stream_arb_28) 4.04e-03 5.64e-03    4.341 1.40e-02   0.2
      g_input_select_g_arbiter_g_out_buf_0__out_buf (VX_elastic_buffer_621_0_0_0_25) 2.55e-03 5.41e-03    4.140 1.21e-02   0.2
    g_multi_inputs_g_multiple_outputs_g_xbar_arbs_5__xbar_arb (VX_stream_arb_29) 3.82e-03 5.63e-03    4.334 1.38e-02   0.2
      g_input_select_g_arbiter_g_out_buf_0__out_buf (VX_elastic_buffer_621_0_0_0_26) 2.41e-03 5.41e-03    4.140 1.20e-02   0.2
    g_multi_inputs_g_multiple_outputs_g_xbar_arbs_4__xbar_arb (VX_stream_arb_30) 3.83e-03 5.63e-03    4.334 1.38e-02   0.2
      g_input_select_g_arbiter_g_out_buf_0__out_buf (VX_elastic_buffer_621_0_0_0_27) 2.43e-03 5.41e-03    4.140 1.20e-02   0.2
    g_multi_inputs_g_multiple_outputs_g_xbar_arbs_3__xbar_arb (VX_stream_arb_31) 3.40e-03 5.55e-03    4.267 1.32e-02   0.2
      g_input_select_g_arbiter_g_out_buf_0__out_buf (VX_elastic_buffer_621_0_0_0_28) 2.34e-03 5.41e-03    4.140 1.19e-02   0.2
    g_multi_inputs_g_multiple_outputs_g_xbar_arbs_2__xbar_arb (VX_stream_arb_32) 3.89e-03 5.58e-03    4.287 1.37e-02   0.2
      g_input_select_g_arbiter_g_out_buf_0__out_buf (VX_elastic_buffer_621_0_0_0_29) 2.40e-03 5.41e-03    4.140 1.19e-02   0.2
    g_multi_inputs_g_multiple_outputs_g_xbar_arbs_1__xbar_arb (VX_stream_arb_33) 4.46e-03 5.60e-03    4.307 1.44e-02   0.2
      g_input_select_g_arbiter_g_out_buf_0__out_buf (VX_elastic_buffer_621_0_0_0_30) 2.42e-03 5.41e-03    4.140 1.20e-02   0.2
    g_multi_inputs_g_multiple_outputs_g_xbar_arbs_0__xbar_arb (VX_stream_arb_34) 7.87e-02 2.90e-02    9.975    0.118   1.8
      g_input_select_g_arbiter_g_out_buf_0__out_buf (VX_elastic_buffer_621_0_0_0_31) 3.52e-02 1.19e-02    4.174 5.14e-02   0.8
      g_input_select_g_arbiter_arbiter (VX_generic_arbiter_36) 4.44e-04 8.67e-04    0.175 1.49e-03   0.0
        g_round_robin_rr_arbiter (VX_rr_arbiter_36) 4.44e-04 8.67e-04    0.175 1.49e-03   0.0
          g_model1_onehot_encoder (VX_onehot_encoder_36) 1.35e-04 4.54e-05 1.89e-02 1.99e-04   0.0
    g_multi_inputs_g_multiple_outputs_val_in_transpose (VX_transpose_1_1) 3.18e-05 3.00e-05 2.68e-02 8.86e-05   0.0
    g_multi_inputs_g_multiple_outputs_g_sel_in_demux_3__sel_in_demux (VX_demux_0) 3.22e-06 7.34e-06 6.69e-03 1.73e-05   0.0
    g_multi_inputs_g_multiple_outputs_g_sel_in_demux_2__sel_in_demux (VX_demux_2) 6.36e-06 4.54e-06 6.27e-03 1.72e-05   0.0
    g_multi_inputs_g_multiple_outputs_g_sel_in_demux_1__sel_in_demux (VX_demux_3) 3.44e-06 7.21e-06 6.72e-03 1.74e-05   0.0
    g_multi_inputs_g_multiple_outputs_g_sel_in_demux_0__sel_in_demux (VX_demux_4) 5.34e-06 7.06e-06 6.71e-03 1.91e-05   0.0
    g_multi_inputs_g_multiple_outputs_rdy_in_transpose (VX_transpose_2) 4.67e-05 4.15e-05 2.49e-02 1.13e-04   0.0
  g_tag_buf_3__g_enabled_tag_buf (VX_index_buffer_0) 6.26e-03 1.04e-02    6.258 2.29e-02   0.4
    data_table (VX_dp_ram_0)           3.38e-03 6.81e-03    5.474 1.57e-02   0.2
      g_async_g_bram_async_ram_patch (VX_async_ram_patch_16_16_1_1_1_0_0_1_0__0000_0) 3.38e-03 6.81e-03    5.474 1.57e-02   0.2
        g_async_ram_placeholder2 (VX_placeholder_1) 8.96e-05    0.000    0.000 8.96e-05   0.0
        placeholder1 (VX_placeholder)  1.42e-05    0.000    0.000 1.42e-05   0.0
    allocator (VX_allocator_0)         6.95e-04 3.45e-03    0.677 4.82e-03   0.1
      free_slots_sel (VX_priority_encoder_0) 8.87e-06 9.36e-06 6.57e-02 8.40e-05   0.0
        g_lsb_g_model1_lzc (VX_lzc_0)  8.87e-06 9.36e-06 6.57e-02 8.40e-05   0.0
          g_lzc_find_first (VX_find_first_16_4_0_0) 8.87e-06 9.36e-06 6.57e-02 8.40e-05   0.0
  g_tag_buf_2__g_enabled_tag_buf (VX_index_buffer_1) 6.11e-03 1.03e-02    6.254 2.26e-02   0.4
    data_table (VX_dp_ram_1)           3.45e-03 6.82e-03    5.469 1.57e-02   0.2
      g_async_g_bram_async_ram_patch (VX_async_ram_patch_16_16_1_1_1_0_0_1_0__0000_1) 3.45e-03 6.82e-03    5.469 1.57e-02   0.2
        g_async_ram_placeholder2 (VX_placeholder_1) 8.75e-05    0.000    0.000 8.75e-05   0.0
        placeholder1 (VX_placeholder)  2.04e-05    0.000    0.000 2.04e-05   0.0
    allocator (VX_allocator_1)         6.74e-04 3.34e-03    0.678 4.69e-03   0.1
      free_slots_sel (VX_priority_encoder_1) 9.90e-06 1.07e-05 6.63e-02 8.69e-05   0.0
        g_lsb_g_model1_lzc (VX_lzc_1)  9.90e-06 1.07e-05 6.63e-02 8.69e-05   0.0
          g_lzc_find_first (VX_find_first_16_4_0_1) 9.90e-06 1.07e-05 6.63e-02 8.69e-05   0.0
  g_tag_buf_1__g_enabled_tag_buf (VX_index_buffer_2) 7.32e-03 1.05e-02    6.278 2.41e-02   0.4
    data_table (VX_dp_ram_2)           4.03e-03 6.98e-03    5.493 1.65e-02   0.3
      g_async_g_bram_async_ram_patch (VX_async_ram_patch_16_16_1_1_1_0_0_1_0__0000_2) 4.03e-03 6.98e-03    5.493 1.65e-02   0.3
        g_async_ram_placeholder2 (VX_placeholder_1) 8.77e-05    0.000    0.000 8.77e-05   0.0
        placeholder1 (VX_placeholder)  1.46e-05    0.000    0.000 1.46e-05   0.0
    allocator (VX_allocator_2)         7.12e-04 3.45e-03    0.678 4.84e-03   0.1
      free_slots_sel (VX_priority_encoder_2) 1.04e-05 1.15e-05 6.63e-02 8.81e-05   0.0
        g_lsb_g_model1_lzc (VX_lzc_2)  1.04e-05 1.15e-05 6.63e-02 8.81e-05   0.0
          g_lzc_find_first (VX_find_first_16_4_0_2) 1.04e-05 1.15e-05 6.63e-02 8.81e-05   0.0
  g_tag_buf_0__g_enabled_tag_buf (VX_index_buffer_3) 5.70e-03 1.04e-02    6.270 2.24e-02   0.4
    data_table (VX_dp_ram_3)           3.35e-03 6.94e-03    5.485 1.58e-02   0.2
      g_async_g_bram_async_ram_patch (VX_async_ram_patch_16_16_1_1_1_0_0_1_0__0000_3) 3.35e-03 6.93e-03    5.479 1.58e-02   0.2
        g_async_ram_placeholder2 (VX_placeholder_1) 9.29e-05    0.000    0.000 9.29e-05   0.0
        placeholder1 (VX_placeholder)  1.45e-05    0.000    0.000 1.45e-05   0.0
    allocator (VX_allocator_3)         6.85e-04 3.39e-03    0.678 4.75e-03   0.1
      free_slots_sel (VX_priority_encoder_3) 1.03e-05 1.12e-05 6.64e-02 8.79e-05   0.0
        g_lsb_g_model1_lzc (VX_lzc_3)  1.03e-05 1.12e-05 6.64e-02 8.79e-05   0.0
          g_lzc_find_first (VX_find_first_16_4_0_3) 1.03e-05 1.12e-05 6.64e-02 8.79e-05   0.0
1
