 
****************************************
Report : timing
        -path full
        -delay max
        -nets
        -max_paths 10
        -transition_time
Design : VX_mem_arb__eee349c233f3
Scenario(s): mode_norm.OC_rvt_ss_0p900v_125c
Version: V-2023.12-SP5-3
Date   : Fri Jul 31 12:53:09 2026
****************************************

 * Some/all delay information is back-annotated.
Wire Load Model Mode: Inactive.

  Startpoint: bus_out_if_0__rsp_data[55]
              (input port clocked by CLK)
  Endpoint: bus_in_if_0__rsp_data[55]
            (output port clocked by CLK)
  Scenario: mode_norm.OC_rvt_ss_0p900v_125c
  Path Group: FEEDTHROUGH
  Path Type: max

Attributes:
    d - dont_touch
    u - dont_use
   mo - map_only
   so - size_only
    i - ideal_net or ideal_network
  inf - infeasible path

  Point                                                                                 Fanout     Trans      Incr       Path      Attributes     Voltage
  -------------------------------------------------------------------------------------------------------------------------------------------------------------
  clock CLK (rise edge)                                                                                       0.00       0.00                     
  clock network delay (ideal)                                                                                 0.00       0.00                     
  input external delay                                                                                        0.00       0.00 r                   
  bus_out_if_0__rsp_data[55] (in)                                                                   0.14      0.07       0.07 r                   
  bus_out_if_0__rsp_data[55] (net)                                                        1                   0.00       0.07 r                   
  g_rsp_arb_req_arb/data_in[55] (VX_stream_arb_7)                                                             0.00       0.07 r                   
  g_rsp_arb_req_arb/data_in[55] (net)                                                                         0.00       0.07 r                   
  g_rsp_arb_req_arb/g_passthru_g_out_buf_0__out_buf/data_in[55] (VX_elastic_buffer_517_0_0_0)                 0.00       0.07 r                   
  g_rsp_arb_req_arb/g_passthru_g_out_buf_0__out_buf/data_in[55] (net)                                         0.00       0.07 r                   
  g_rsp_arb_req_arb/g_passthru_g_out_buf_0__out_buf/U26/Y (BUF_X1M_A9TR)                            0.06      0.09 *     0.16 r                   0.90
  g_rsp_arb_req_arb/g_passthru_g_out_buf_0__out_buf/data_out[55] (net)                    1                   0.00       0.16 r                   
  g_rsp_arb_req_arb/g_passthru_g_out_buf_0__out_buf/data_out[55] (VX_elastic_buffer_517_0_0_0)                0.00       0.16 r                   
  g_rsp_arb_req_arb/data_out[55] (net)                                                                        0.00       0.16 r                   
  g_rsp_arb_req_arb/data_out[55] (VX_stream_arb_7)                                                            0.00       0.16 r                   
  bus_in_if_0__rsp_data[55] (net)                                                                             0.00       0.16 r                   
  bus_in_if_0__rsp_data[55] (out)                                                                   0.06      0.00 *     0.16 r                   
  data arrival time                                                                                                      0.16                     

  clock CLK (rise edge)                                                                                       9.90       9.90                     
  clock network delay (ideal)                                                                                 0.00       9.90                     
  output external delay                                                                                       0.00       9.90                     
  data required time                                                                                                     9.90                     
  -------------------------------------------------------------------------------------------------------------------------------------------------------------
  data required time                                                                                                     9.90                     
  data arrival time                                                                                                     -0.16                     
  -------------------------------------------------------------------------------------------------------------------------------------------------------------
  slack (MET)                                                                                                            9.74                     


  Startpoint: bus_out_if_0__rsp_data[92]
              (input port clocked by CLK)
  Endpoint: bus_in_if_0__rsp_data[92]
            (output port clocked by CLK)
  Scenario: mode_norm.OC_rvt_ss_0p900v_125c
  Path Group: FEEDTHROUGH
  Path Type: max

Attributes:
    d - dont_touch
    u - dont_use
   mo - map_only
   so - size_only
    i - ideal_net or ideal_network
  inf - infeasible path

  Point                                                                                 Fanout     Trans      Incr       Path      Attributes     Voltage
  -------------------------------------------------------------------------------------------------------------------------------------------------------------
  clock CLK (rise edge)                                                                                       0.00       0.00                     
  clock network delay (ideal)                                                                                 0.00       0.00                     
  input external delay                                                                                        0.00       0.00 r                   
  bus_out_if_0__rsp_data[92] (in)                                                                   0.13      0.07       0.07 r                   
  bus_out_if_0__rsp_data[92] (net)                                                        1                   0.00       0.07 r                   
  g_rsp_arb_req_arb/data_in[92] (VX_stream_arb_7)                                                             0.00       0.07 r                   
  g_rsp_arb_req_arb/data_in[92] (net)                                                                         0.00       0.07 r                   
  g_rsp_arb_req_arb/g_passthru_g_out_buf_0__out_buf/data_in[92] (VX_elastic_buffer_517_0_0_0)                 0.00       0.07 r                   
  g_rsp_arb_req_arb/g_passthru_g_out_buf_0__out_buf/data_in[92] (net)                                         0.00       0.07 r                   
  g_rsp_arb_req_arb/g_passthru_g_out_buf_0__out_buf/U27/Y (BUF_X1M_A9TR)                            0.06      0.09 *     0.16 r                   0.90
  g_rsp_arb_req_arb/g_passthru_g_out_buf_0__out_buf/data_out[92] (net)                    1                   0.00       0.16 r                   
  g_rsp_arb_req_arb/g_passthru_g_out_buf_0__out_buf/data_out[92] (VX_elastic_buffer_517_0_0_0)                0.00       0.16 r                   
  g_rsp_arb_req_arb/data_out[92] (net)                                                                        0.00       0.16 r                   
  g_rsp_arb_req_arb/data_out[92] (VX_stream_arb_7)                                                            0.00       0.16 r                   
  bus_in_if_0__rsp_data[92] (net)                                                                             0.00       0.16 r                   
  bus_in_if_0__rsp_data[92] (out)                                                                   0.06      0.00 *     0.16 r                   
  data arrival time                                                                                                      0.16                     

  clock CLK (rise edge)                                                                                       9.90       9.90                     
  clock network delay (ideal)                                                                                 0.00       9.90                     
  output external delay                                                                                       0.00       9.90                     
  data required time                                                                                                     9.90                     
  -------------------------------------------------------------------------------------------------------------------------------------------------------------
  data required time                                                                                                     9.90                     
  data arrival time                                                                                                     -0.16                     
  -------------------------------------------------------------------------------------------------------------------------------------------------------------
  slack (MET)                                                                                                            9.74                     


  Startpoint: bus_out_if_0__rsp_data[151]
              (input port clocked by CLK)
  Endpoint: bus_in_if_0__rsp_data[151]
            (output port clocked by CLK)
  Scenario: mode_norm.OC_rvt_ss_0p900v_125c
  Path Group: FEEDTHROUGH
  Path Type: max

Attributes:
    d - dont_touch
    u - dont_use
   mo - map_only
   so - size_only
    i - ideal_net or ideal_network
  inf - infeasible path

  Point                                                                                  Fanout     Trans      Incr       Path      Attributes     Voltage
  --------------------------------------------------------------------------------------------------------------------------------------------------------------
  clock CLK (rise edge)                                                                                        0.00       0.00                     
  clock network delay (ideal)                                                                                  0.00       0.00                     
  input external delay                                                                                         0.00       0.00 r                   
  bus_out_if_0__rsp_data[151] (in)                                                                   0.13      0.07       0.07 r                   
  bus_out_if_0__rsp_data[151] (net)                                                        1                   0.00       0.07 r                   
  g_rsp_arb_req_arb/data_in[151] (VX_stream_arb_7)                                                             0.00       0.07 r                   
  g_rsp_arb_req_arb/data_in[151] (net)                                                                         0.00       0.07 r                   
  g_rsp_arb_req_arb/g_passthru_g_out_buf_0__out_buf/data_in[151] (VX_elastic_buffer_517_0_0_0)                 0.00       0.07 r                   
  g_rsp_arb_req_arb/g_passthru_g_out_buf_0__out_buf/data_in[151] (net)                                         0.00       0.07 r                   
  g_rsp_arb_req_arb/g_passthru_g_out_buf_0__out_buf/U29/Y (BUF_X1M_A9TR)                             0.05      0.08 *     0.15 r                   0.90
  g_rsp_arb_req_arb/g_passthru_g_out_buf_0__out_buf/data_out[151] (net)                    1                   0.00       0.15 r                   
  g_rsp_arb_req_arb/g_passthru_g_out_buf_0__out_buf/data_out[151] (VX_elastic_buffer_517_0_0_0)                0.00       0.15 r                   
  g_rsp_arb_req_arb/data_out[151] (net)                                                                        0.00       0.15 r                   
  g_rsp_arb_req_arb/data_out[151] (VX_stream_arb_7)                                                            0.00       0.15 r                   
  bus_in_if_0__rsp_data[151] (net)                                                                             0.00       0.15 r                   
  bus_in_if_0__rsp_data[151] (out)                                                                   0.05      0.00 *     0.15 r                   
  data arrival time                                                                                                       0.15                     

  clock CLK (rise edge)                                                                                        9.90       9.90                     
  clock network delay (ideal)                                                                                  0.00       9.90                     
  output external delay                                                                                        0.00       9.90                     
  data required time                                                                                                      9.90                     
  --------------------------------------------------------------------------------------------------------------------------------------------------------------
  data required time                                                                                                      9.90                     
  data arrival time                                                                                                      -0.15                     
  --------------------------------------------------------------------------------------------------------------------------------------------------------------
  slack (MET)                                                                                                             9.75                     


  Startpoint: bus_out_if_0__rsp_data[118]
              (input port clocked by CLK)
  Endpoint: bus_in_if_0__rsp_data[118]
            (output port clocked by CLK)
  Scenario: mode_norm.OC_rvt_ss_0p900v_125c
  Path Group: FEEDTHROUGH
  Path Type: max

Attributes:
    d - dont_touch
    u - dont_use
   mo - map_only
   so - size_only
    i - ideal_net or ideal_network
  inf - infeasible path

  Point                                                                                  Fanout     Trans      Incr       Path      Attributes     Voltage
  --------------------------------------------------------------------------------------------------------------------------------------------------------------
  clock CLK (rise edge)                                                                                        0.00       0.00                     
  clock network delay (ideal)                                                                                  0.00       0.00                     
  input external delay                                                                                         0.00       0.00 r                   
  bus_out_if_0__rsp_data[118] (in)                                                                   0.13      0.07       0.07 r                   
  bus_out_if_0__rsp_data[118] (net)                                                        1                   0.00       0.07 r                   
  g_rsp_arb_req_arb/data_in[118] (VX_stream_arb_7)                                                             0.00       0.07 r                   
  g_rsp_arb_req_arb/data_in[118] (net)                                                                         0.00       0.07 r                   
  g_rsp_arb_req_arb/g_passthru_g_out_buf_0__out_buf/data_in[118] (VX_elastic_buffer_517_0_0_0)                 0.00       0.07 r                   
  g_rsp_arb_req_arb/g_passthru_g_out_buf_0__out_buf/data_in[118] (net)                                         0.00       0.07 r                   
  g_rsp_arb_req_arb/g_passthru_g_out_buf_0__out_buf/U28/Y (BUF_X1M_A9TR)                             0.06      0.09 *     0.15 r                   0.90
  g_rsp_arb_req_arb/g_passthru_g_out_buf_0__out_buf/data_out[118] (net)                    1                   0.00       0.15 r                   
  g_rsp_arb_req_arb/g_passthru_g_out_buf_0__out_buf/data_out[118] (VX_elastic_buffer_517_0_0_0)                0.00       0.15 r                   
  g_rsp_arb_req_arb/data_out[118] (net)                                                                        0.00       0.15 r                   
  g_rsp_arb_req_arb/data_out[118] (VX_stream_arb_7)                                                            0.00       0.15 r                   
  bus_in_if_0__rsp_data[118] (net)                                                                             0.00       0.15 r                   
  bus_in_if_0__rsp_data[118] (out)                                                                   0.06      0.00 *     0.15 r                   
  data arrival time                                                                                                       0.15                     

  clock CLK (rise edge)                                                                                        9.90       9.90                     
  clock network delay (ideal)                                                                                  0.00       9.90                     
  output external delay                                                                                        0.00       9.90                     
  data required time                                                                                                      9.90                     
  --------------------------------------------------------------------------------------------------------------------------------------------------------------
  data required time                                                                                                      9.90                     
  data arrival time                                                                                                      -0.15                     
  --------------------------------------------------------------------------------------------------------------------------------------------------------------
  slack (MET)                                                                                                             9.75                     


  Startpoint: bus_out_if_0__rsp_data[493]
              (input port clocked by CLK)
  Endpoint: bus_in_if_0__rsp_data[493]
            (output port clocked by CLK)
  Scenario: mode_norm.OC_rvt_ss_0p900v_125c
  Path Group: FEEDTHROUGH
  Path Type: max

Attributes:
    d - dont_touch
    u - dont_use
   mo - map_only
   so - size_only
    i - ideal_net or ideal_network
  inf - infeasible path

  Point                                                                                  Fanout     Trans      Incr       Path      Attributes     Voltage
  --------------------------------------------------------------------------------------------------------------------------------------------------------------
  clock CLK (rise edge)                                                                                        0.00       0.00                     
  clock network delay (ideal)                                                                                  0.00       0.00                     
  input external delay                                                                                         0.00       0.00 r                   
  bus_out_if_0__rsp_data[493] (in)                                                                   0.12      0.06       0.06 r                   
  bus_out_if_0__rsp_data[493] (net)                                                        1                   0.00       0.06 r                   
  g_rsp_arb_req_arb/data_in[493] (VX_stream_arb_7)                                                             0.00       0.06 r                   
  g_rsp_arb_req_arb/data_in[493] (net)                                                                         0.00       0.06 r                   
  g_rsp_arb_req_arb/g_passthru_g_out_buf_0__out_buf/data_in[493] (VX_elastic_buffer_517_0_0_0)                 0.00       0.06 r                   
  g_rsp_arb_req_arb/g_passthru_g_out_buf_0__out_buf/data_in[493] (net)                                         0.00       0.06 r                   
  g_rsp_arb_req_arb/g_passthru_g_out_buf_0__out_buf/U3/Y (BUF_X1M_A9TR)                              0.06      0.09 *     0.15 r                   0.90
  g_rsp_arb_req_arb/g_passthru_g_out_buf_0__out_buf/data_out[493] (net)                    1                   0.00       0.15 r                   
  g_rsp_arb_req_arb/g_passthru_g_out_buf_0__out_buf/data_out[493] (VX_elastic_buffer_517_0_0_0)                0.00       0.15 r                   
  g_rsp_arb_req_arb/data_out[493] (net)                                                                        0.00       0.15 r                   
  g_rsp_arb_req_arb/data_out[493] (VX_stream_arb_7)                                                            0.00       0.15 r                   
  bus_in_if_0__rsp_data[493] (net)                                                                             0.00       0.15 r                   
  bus_in_if_0__rsp_data[493] (out)                                                                   0.06      0.00 *     0.15 r                   
  data arrival time                                                                                                       0.15                     

  clock CLK (rise edge)                                                                                        9.90       9.90                     
  clock network delay (ideal)                                                                                  0.00       9.90                     
  output external delay                                                                                        0.00       9.90                     
  data required time                                                                                                      9.90                     
  --------------------------------------------------------------------------------------------------------------------------------------------------------------
  data required time                                                                                                      9.90                     
  data arrival time                                                                                                      -0.15                     
  --------------------------------------------------------------------------------------------------------------------------------------------------------------
  slack (MET)                                                                                                             9.75                     


  Startpoint: bus_out_if_0__rsp_data[374]
              (input port clocked by CLK)
  Endpoint: bus_in_if_0__rsp_data[374]
            (output port clocked by CLK)
  Scenario: mode_norm.OC_rvt_ss_0p900v_125c
  Path Group: FEEDTHROUGH
  Path Type: max

Attributes:
    d - dont_touch
    u - dont_use
   mo - map_only
   so - size_only
    i - ideal_net or ideal_network
  inf - infeasible path

  Point                                                                                  Fanout     Trans      Incr       Path      Attributes     Voltage
  --------------------------------------------------------------------------------------------------------------------------------------------------------------
  clock CLK (rise edge)                                                                                        0.00       0.00                     
  clock network delay (ideal)                                                                                  0.00       0.00                     
  input external delay                                                                                         0.00       0.00 r                   
  bus_out_if_0__rsp_data[374] (in)                                                                   0.12      0.06       0.06 r                   
  bus_out_if_0__rsp_data[374] (net)                                                        1                   0.00       0.06 r                   
  g_rsp_arb_req_arb/data_in[374] (VX_stream_arb_7)                                                             0.00       0.06 r                   
  g_rsp_arb_req_arb/data_in[374] (net)                                                                         0.00       0.06 r                   
  g_rsp_arb_req_arb/g_passthru_g_out_buf_0__out_buf/data_in[374] (VX_elastic_buffer_517_0_0_0)                 0.00       0.06 r                   
  g_rsp_arb_req_arb/g_passthru_g_out_buf_0__out_buf/data_in[374] (net)                                         0.00       0.06 r                   
  g_rsp_arb_req_arb/g_passthru_g_out_buf_0__out_buf/U14/Y (BUF_X1M_A9TR)                             0.06      0.09 *     0.15 r                   0.90
  g_rsp_arb_req_arb/g_passthru_g_out_buf_0__out_buf/data_out[374] (net)                    1                   0.00       0.15 r                   
  g_rsp_arb_req_arb/g_passthru_g_out_buf_0__out_buf/data_out[374] (VX_elastic_buffer_517_0_0_0)                0.00       0.15 r                   
  g_rsp_arb_req_arb/data_out[374] (net)                                                                        0.00       0.15 r                   
  g_rsp_arb_req_arb/data_out[374] (VX_stream_arb_7)                                                            0.00       0.15 r                   
  bus_in_if_0__rsp_data[374] (net)                                                                             0.00       0.15 r                   
  bus_in_if_0__rsp_data[374] (out)                                                                   0.06      0.00 *     0.15 r                   
  data arrival time                                                                                                       0.15                     

  clock CLK (rise edge)                                                                                        9.90       9.90                     
  clock network delay (ideal)                                                                                  0.00       9.90                     
  output external delay                                                                                        0.00       9.90                     
  data required time                                                                                                      9.90                     
  --------------------------------------------------------------------------------------------------------------------------------------------------------------
  data required time                                                                                                      9.90                     
  data arrival time                                                                                                      -0.15                     
  --------------------------------------------------------------------------------------------------------------------------------------------------------------
  slack (MET)                                                                                                             9.75                     


  Startpoint: bus_out_if_0__rsp_data[11]
              (input port clocked by CLK)
  Endpoint: bus_in_if_0__rsp_data[11]
            (output port clocked by CLK)
  Scenario: mode_norm.OC_rvt_ss_0p900v_125c
  Path Group: FEEDTHROUGH
  Path Type: max

Attributes:
    d - dont_touch
    u - dont_use
   mo - map_only
   so - size_only
    i - ideal_net or ideal_network
  inf - infeasible path

  Point                                                                                 Fanout     Trans      Incr       Path      Attributes     Voltage
  -------------------------------------------------------------------------------------------------------------------------------------------------------------
  clock CLK (rise edge)                                                                                       0.00       0.00                     
  clock network delay (ideal)                                                                                 0.00       0.00                     
  input external delay                                                                                        0.00       0.00 r                   
  bus_out_if_0__rsp_data[11] (in)                                                                   0.12      0.06       0.06 r                   
  bus_out_if_0__rsp_data[11] (net)                                                        1                   0.00       0.06 r                   
  g_rsp_arb_req_arb/data_in[11] (VX_stream_arb_7)                                                             0.00       0.06 r                   
  g_rsp_arb_req_arb/data_in[11] (net)                                                                         0.00       0.06 r                   
  g_rsp_arb_req_arb/g_passthru_g_out_buf_0__out_buf/data_in[11] (VX_elastic_buffer_517_0_0_0)                 0.00       0.06 r                   
  g_rsp_arb_req_arb/g_passthru_g_out_buf_0__out_buf/data_in[11] (net)                                         0.00       0.06 r                   
  g_rsp_arb_req_arb/g_passthru_g_out_buf_0__out_buf/U30/Y (BUF_X1M_A9TR)                            0.05      0.08 *     0.15 r                   0.90
  g_rsp_arb_req_arb/g_passthru_g_out_buf_0__out_buf/data_out[11] (net)                    1                   0.00       0.15 r                   
  g_rsp_arb_req_arb/g_passthru_g_out_buf_0__out_buf/data_out[11] (VX_elastic_buffer_517_0_0_0)                0.00       0.15 r                   
  g_rsp_arb_req_arb/data_out[11] (net)                                                                        0.00       0.15 r                   
  g_rsp_arb_req_arb/data_out[11] (VX_stream_arb_7)                                                            0.00       0.15 r                   
  bus_in_if_0__rsp_data[11] (net)                                                                             0.00       0.15 r                   
  bus_in_if_0__rsp_data[11] (out)                                                                   0.05      0.00 *     0.15 r                   
  data arrival time                                                                                                      0.15                     

  clock CLK (rise edge)                                                                                       9.90       9.90                     
  clock network delay (ideal)                                                                                 0.00       9.90                     
  output external delay                                                                                       0.00       9.90                     
  data required time                                                                                                     9.90                     
  -------------------------------------------------------------------------------------------------------------------------------------------------------------
  data required time                                                                                                     9.90                     
  data arrival time                                                                                                     -0.15                     
  -------------------------------------------------------------------------------------------------------------------------------------------------------------
  slack (MET)                                                                                                            9.75                     


  Startpoint: bus_out_if_0__rsp_data[256]
              (input port clocked by CLK)
  Endpoint: bus_in_if_0__rsp_data[256]
            (output port clocked by CLK)
  Scenario: mode_norm.OC_rvt_ss_0p900v_125c
  Path Group: FEEDTHROUGH
  Path Type: max

Attributes:
    d - dont_touch
    u - dont_use
   mo - map_only
   so - size_only
    i - ideal_net or ideal_network
  inf - infeasible path

  Point                                                                                  Fanout     Trans      Incr       Path      Attributes     Voltage
  --------------------------------------------------------------------------------------------------------------------------------------------------------------
  clock CLK (rise edge)                                                                                        0.00       0.00                     
  clock network delay (ideal)                                                                                  0.00       0.00                     
  input external delay                                                                                         0.00       0.00 r                   
  bus_out_if_0__rsp_data[256] (in)                                                                   0.12      0.06       0.06 r                   
  bus_out_if_0__rsp_data[256] (net)                                                        1                   0.00       0.06 r                   
  g_rsp_arb_req_arb/data_in[256] (VX_stream_arb_7)                                                             0.00       0.06 r                   
  g_rsp_arb_req_arb/data_in[256] (net)                                                                         0.00       0.06 r                   
  g_rsp_arb_req_arb/g_passthru_g_out_buf_0__out_buf/data_in[256] (VX_elastic_buffer_517_0_0_0)                 0.00       0.06 r                   
  g_rsp_arb_req_arb/g_passthru_g_out_buf_0__out_buf/data_in[256] (net)                                         0.00       0.06 r                   
  g_rsp_arb_req_arb/g_passthru_g_out_buf_0__out_buf/U15/Y (BUF_X1M_A9TR)                             0.05      0.08 *     0.15 r                   0.90
  g_rsp_arb_req_arb/g_passthru_g_out_buf_0__out_buf/data_out[256] (net)                    1                   0.00       0.15 r                   
  g_rsp_arb_req_arb/g_passthru_g_out_buf_0__out_buf/data_out[256] (VX_elastic_buffer_517_0_0_0)                0.00       0.15 r                   
  g_rsp_arb_req_arb/data_out[256] (net)                                                                        0.00       0.15 r                   
  g_rsp_arb_req_arb/data_out[256] (VX_stream_arb_7)                                                            0.00       0.15 r                   
  bus_in_if_0__rsp_data[256] (net)                                                                             0.00       0.15 r                   
  bus_in_if_0__rsp_data[256] (out)                                                                   0.05      0.00 *     0.15 r                   
  data arrival time                                                                                                       0.15                     

  clock CLK (rise edge)                                                                                        9.90       9.90                     
  clock network delay (ideal)                                                                                  0.00       9.90                     
  output external delay                                                                                        0.00       9.90                     
  data required time                                                                                                      9.90                     
  --------------------------------------------------------------------------------------------------------------------------------------------------------------
  data required time                                                                                                      9.90                     
  data arrival time                                                                                                      -0.15                     
  --------------------------------------------------------------------------------------------------------------------------------------------------------------
  slack (MET)                                                                                                             9.75                     


  Startpoint: bus_out_if_0__rsp_data[45]
              (input port clocked by CLK)
  Endpoint: bus_in_if_0__rsp_data[45]
            (output port clocked by CLK)
  Scenario: mode_norm.OC_rvt_ss_0p900v_125c
  Path Group: FEEDTHROUGH
  Path Type: max

Attributes:
    d - dont_touch
    u - dont_use
   mo - map_only
   so - size_only
    i - ideal_net or ideal_network
  inf - infeasible path

  Point                                                                                 Fanout     Trans      Incr       Path      Attributes     Voltage
  -------------------------------------------------------------------------------------------------------------------------------------------------------------
  clock CLK (rise edge)                                                                                       0.00       0.00                     
  clock network delay (ideal)                                                                                 0.00       0.00                     
  input external delay                                                                                        0.00       0.00 r                   
  bus_out_if_0__rsp_data[45] (in)                                                                   0.12      0.06       0.06 r                   
  bus_out_if_0__rsp_data[45] (net)                                                        1                   0.00       0.06 r                   
  g_rsp_arb_req_arb/data_in[45] (VX_stream_arb_7)                                                             0.00       0.06 r                   
  g_rsp_arb_req_arb/data_in[45] (net)                                                                         0.00       0.06 r                   
  g_rsp_arb_req_arb/g_passthru_g_out_buf_0__out_buf/data_in[45] (VX_elastic_buffer_517_0_0_0)                 0.00       0.06 r                   
  g_rsp_arb_req_arb/g_passthru_g_out_buf_0__out_buf/data_in[45] (net)                                         0.00       0.06 r                   
  g_rsp_arb_req_arb/g_passthru_g_out_buf_0__out_buf/U474/Y (BUF_X1M_A9TR)                           0.05      0.08 *     0.15 r                   0.90
  g_rsp_arb_req_arb/g_passthru_g_out_buf_0__out_buf/data_out[45] (net)                    1                   0.00       0.15 r                   
  g_rsp_arb_req_arb/g_passthru_g_out_buf_0__out_buf/data_out[45] (VX_elastic_buffer_517_0_0_0)                0.00       0.15 r                   
  g_rsp_arb_req_arb/data_out[45] (net)                                                                        0.00       0.15 r                   
  g_rsp_arb_req_arb/data_out[45] (VX_stream_arb_7)                                                            0.00       0.15 r                   
  bus_in_if_0__rsp_data[45] (net)                                                                             0.00       0.15 r                   
  bus_in_if_0__rsp_data[45] (out)                                                                   0.05      0.00 *     0.15 r                   
  data arrival time                                                                                                      0.15                     

  clock CLK (rise edge)                                                                                       9.90       9.90                     
  clock network delay (ideal)                                                                                 0.00       9.90                     
  output external delay                                                                                       0.00       9.90                     
  data required time                                                                                                     9.90                     
  -------------------------------------------------------------------------------------------------------------------------------------------------------------
  data required time                                                                                                     9.90                     
  data arrival time                                                                                                     -0.15                     
  -------------------------------------------------------------------------------------------------------------------------------------------------------------
  slack (MET)                                                                                                            9.75                     


  Startpoint: bus_out_if_0__rsp_data[498]
              (input port clocked by CLK)
  Endpoint: bus_in_if_0__rsp_data[498]
            (output port clocked by CLK)
  Scenario: mode_norm.OC_rvt_ss_0p900v_125c
  Path Group: FEEDTHROUGH
  Path Type: max

Attributes:
    d - dont_touch
    u - dont_use
   mo - map_only
   so - size_only
    i - ideal_net or ideal_network
  inf - infeasible path

  Point                                                                                  Fanout     Trans      Incr       Path      Attributes     Voltage
  --------------------------------------------------------------------------------------------------------------------------------------------------------------
  clock CLK (rise edge)                                                                                        0.00       0.00                     
  clock network delay (ideal)                                                                                  0.00       0.00                     
  input external delay                                                                                         0.00       0.00 r                   
  bus_out_if_0__rsp_data[498] (in)                                                                   0.12      0.06       0.06 r                   
  bus_out_if_0__rsp_data[498] (net)                                                        1                   0.00       0.06 r                   
  g_rsp_arb_req_arb/data_in[498] (VX_stream_arb_7)                                                             0.00       0.06 r                   
  g_rsp_arb_req_arb/data_in[498] (net)                                                                         0.00       0.06 r                   
  g_rsp_arb_req_arb/g_passthru_g_out_buf_0__out_buf/data_in[498] (VX_elastic_buffer_517_0_0_0)                 0.00       0.06 r                   
  g_rsp_arb_req_arb/g_passthru_g_out_buf_0__out_buf/data_in[498] (net)                                         0.00       0.06 r                   
  g_rsp_arb_req_arb/g_passthru_g_out_buf_0__out_buf/U4/Y (BUF_X1M_A9TR)                              0.06      0.08 *     0.14 r                   0.90
  g_rsp_arb_req_arb/g_passthru_g_out_buf_0__out_buf/data_out[498] (net)                    1                   0.00       0.14 r                   
  g_rsp_arb_req_arb/g_passthru_g_out_buf_0__out_buf/data_out[498] (VX_elastic_buffer_517_0_0_0)                0.00       0.14 r                   
  g_rsp_arb_req_arb/data_out[498] (net)                                                                        0.00       0.14 r                   
  g_rsp_arb_req_arb/data_out[498] (VX_stream_arb_7)                                                            0.00       0.14 r                   
  bus_in_if_0__rsp_data[498] (net)                                                                             0.00       0.14 r                   
  bus_in_if_0__rsp_data[498] (out)                                                                   0.06      0.00 *     0.14 r                   
  data arrival time                                                                                                       0.14                     

  clock CLK (rise edge)                                                                                        9.90       9.90                     
  clock network delay (ideal)                                                                                  0.00       9.90                     
  output external delay                                                                                        0.00       9.90                     
  data required time                                                                                                      9.90                     
  --------------------------------------------------------------------------------------------------------------------------------------------------------------
  data required time                                                                                                      9.90                     
  data arrival time                                                                                                      -0.14                     
  --------------------------------------------------------------------------------------------------------------------------------------------------------------
  slack (MET)                                                                                                             9.76                     


1
