 
****************************************
Report : area
Design : VX_axi_adapter
Version: V-2023.12-SP5-3
Date   : Tue May 12 16:12:35 2026
****************************************

Library(s) Used:

    sc9_cmos28lpp_base_rvt_ss_nominal_max_0p900v_125c_sadhm (File: /tool/PDK/Samsung/LN28LPP_202203/PRIMITIVES/RVT/ln28lpp_sc_9t_base_rvt_c130_V1.00d/FE-Common/LIBERTY/sc9_cmos28lpp_base_rvt_ss_nominal_max_0p900v_125c_sadhm.db)

Number of ports:                       288086
Number of nets:                        316426
Number of cells:                        75090
Number of combinational cells:          62992
Number of sequential cells:              8978
Number of macros/black boxes:               0
Number of buf/inv:                      32729
Number of references:                      28

Combinational area:              37063.728330
Buf/Inv area:                    15000.803882
Noncombinational area:           18877.247524
Macro/Black Box area:                0.000000
Net Interconnect area:      undefined  (No wire load specified)

Total cell area:                 55940.975854
Total area:                 undefined

Core Area:                    211167
Aspect Ratio:                 1.0016
Utilization Ratio:            0.2649


The above information was reported from the logical library. The following are from the physical library:

  Total moveable cell area: 55948.5
  Total fixed cell area: 0.0
  Total physical cell area: 55948.5
 Core area: 0.000, 0.000, 459.160, 459.900

Hierarchical area distribution
------------------------------

                                  Global cell area            Local cell area
                                  -------------------  ------------------------------ 
Hierarchical cell                 Absolute    Percent  Combi-      Noncombi-   Black-
                                  Total       Total    national    national    boxes   Design
--------------------------------  ----------  -------  ----------  ----------  ------  ----------------------------------------------------------------------
VX_axi_adapter                    55940.9759    100.0   1902.0690      0.0000  0.0000  VX_axi_adapter
g_axi_reqs_0__axi_write_ack           7.9560      0.0      3.7440      4.2120  0.0000  VX_axi_write_ack_31
g_tag_buf_0__g_enabled_tag_buf      976.8330      1.7      7.4880      0.0000  0.0000  VX_index_buffer_1
g_tag_buf_0__g_enabled_tag_buf/allocator   105.5340     0.2    43.4070    44.2260 0.0000 VX_allocator_1
g_tag_buf_0__g_enabled_tag_buf/allocator/clk_gate_acquire_addr_r_reg     1.7550     0.0     0.0000     1.7550 0.0000 SNPS_CLOCK_GATE_HIGH_VX_allocator_0_3
g_tag_buf_0__g_enabled_tag_buf/allocator/clk_gate_free_slots_reg     1.7550     0.0     0.0000     1.7550 0.0000 SNPS_CLOCK_GATE_HIGH_VX_allocator_0_2
g_tag_buf_0__g_enabled_tag_buf/allocator/free_slots_sel    14.3910     0.0     0.0000     0.0000 0.0000 VX_priority_encoder_1
g_tag_buf_0__g_enabled_tag_buf/allocator/free_slots_sel/g_lsb_g_model1_lzc    14.3910     0.0     0.0000     0.0000 0.0000 VX_lzc_1
g_tag_buf_0__g_enabled_tag_buf/allocator/free_slots_sel/g_lsb_g_model1_lzc/g_lzc_find_first    14.3910     0.0    14.3910     0.0000 0.0000 VX_find_first_16_4_0_1
g_tag_buf_0__g_enabled_tag_buf/data_table   863.8110     1.5     0.0000     0.0000 0.0000 VX_dp_ram_1
g_tag_buf_0__g_enabled_tag_buf/data_table/g_async_g_bram_async_ram_patch   863.8110     1.5   286.4160   547.5600 0.0000 VX_async_ram_patch_16_16_1_1_1_0_0_1_0__0000_1
g_tag_buf_0__g_enabled_tag_buf/data_table/g_async_g_bram_async_ram_patch/clk_gate_g_sync_ram_g_no_wren_g_bram_g_write_first_raddr_r_reg     1.7550     0.0     0.0000     1.7550 0.0000 SNPS_CLOCK_GATE_HIGH_VX_async_ram_patch_16_16_1_1_1_0_0_1_0__0000_0_17
g_tag_buf_0__g_enabled_tag_buf/data_table/g_async_g_bram_async_ram_patch/clk_gate_g_sync_ram_g_no_wren_g_bram_g_write_first_ram_reg_0_     1.7550     0.0     0.0000     1.7550 0.0000 SNPS_CLOCK_GATE_HIGH_VX_async_ram_patch_16_16_1_1_1_0_0_1_0__0000_0_33
g_tag_buf_0__g_enabled_tag_buf/data_table/g_async_g_bram_async_ram_patch/clk_gate_g_sync_ram_g_no_wren_g_bram_g_write_first_ram_reg_10_     1.7550     0.0     0.0000     1.7550 0.0000 SNPS_CLOCK_GATE_HIGH_VX_async_ram_patch_16_16_1_1_1_0_0_1_0__0000_0_23
g_tag_buf_0__g_enabled_tag_buf/data_table/g_async_g_bram_async_ram_patch/clk_gate_g_sync_ram_g_no_wren_g_bram_g_write_first_ram_reg_11_     1.7550     0.0     0.0000     1.7550 0.0000 SNPS_CLOCK_GATE_HIGH_VX_async_ram_patch_16_16_1_1_1_0_0_1_0__0000_0_22
g_tag_buf_0__g_enabled_tag_buf/data_table/g_async_g_bram_async_ram_patch/clk_gate_g_sync_ram_g_no_wren_g_bram_g_write_first_ram_reg_12_     1.7550     0.0     0.0000     1.7550 0.0000 SNPS_CLOCK_GATE_HIGH_VX_async_ram_patch_16_16_1_1_1_0_0_1_0__0000_0_21
g_tag_buf_0__g_enabled_tag_buf/data_table/g_async_g_bram_async_ram_patch/clk_gate_g_sync_ram_g_no_wren_g_bram_g_write_first_ram_reg_13_     1.7550     0.0     0.0000     1.7550 0.0000 SNPS_CLOCK_GATE_HIGH_VX_async_ram_patch_16_16_1_1_1_0_0_1_0__0000_0_20
g_tag_buf_0__g_enabled_tag_buf/data_table/g_async_g_bram_async_ram_patch/clk_gate_g_sync_ram_g_no_wren_g_bram_g_write_first_ram_reg_14_     1.7550     0.0     0.0000     1.7550 0.0000 SNPS_CLOCK_GATE_HIGH_VX_async_ram_patch_16_16_1_1_1_0_0_1_0__0000_0_19
g_tag_buf_0__g_enabled_tag_buf/data_table/g_async_g_bram_async_ram_patch/clk_gate_g_sync_ram_g_no_wren_g_bram_g_write_first_ram_reg_15_     1.7550     0.0     0.0000     1.7550 0.0000 SNPS_CLOCK_GATE_HIGH_VX_async_ram_patch_16_16_1_1_1_0_0_1_0__0000_0_18
g_tag_buf_0__g_enabled_tag_buf/data_table/g_async_g_bram_async_ram_patch/clk_gate_g_sync_ram_g_no_wren_g_bram_g_write_first_ram_reg_1_     1.7550     0.0     0.0000     1.7550 0.0000 SNPS_CLOCK_GATE_HIGH_VX_async_ram_patch_16_16_1_1_1_0_0_1_0__0000_0_32
g_tag_buf_0__g_enabled_tag_buf/data_table/g_async_g_bram_async_ram_patch/clk_gate_g_sync_ram_g_no_wren_g_bram_g_write_first_ram_reg_2_     1.7550     0.0     0.0000     1.7550 0.0000 SNPS_CLOCK_GATE_HIGH_VX_async_ram_patch_16_16_1_1_1_0_0_1_0__0000_0_31
g_tag_buf_0__g_enabled_tag_buf/data_table/g_async_g_bram_async_ram_patch/clk_gate_g_sync_ram_g_no_wren_g_bram_g_write_first_ram_reg_3_     1.7550     0.0     0.0000     1.7550 0.0000 SNPS_CLOCK_GATE_HIGH_VX_async_ram_patch_16_16_1_1_1_0_0_1_0__0000_0_30
g_tag_buf_0__g_enabled_tag_buf/data_table/g_async_g_bram_async_ram_patch/clk_gate_g_sync_ram_g_no_wren_g_bram_g_write_first_ram_reg_4_     1.7550     0.0     0.0000     1.7550 0.0000 SNPS_CLOCK_GATE_HIGH_VX_async_ram_patch_16_16_1_1_1_0_0_1_0__0000_0_29
g_tag_buf_0__g_enabled_tag_buf/data_table/g_async_g_bram_async_ram_patch/clk_gate_g_sync_ram_g_no_wren_g_bram_g_write_first_ram_reg_5_     1.7550     0.0     0.0000     1.7550 0.0000 SNPS_CLOCK_GATE_HIGH_VX_async_ram_patch_16_16_1_1_1_0_0_1_0__0000_0_28
g_tag_buf_0__g_enabled_tag_buf/data_table/g_async_g_bram_async_ram_patch/clk_gate_g_sync_ram_g_no_wren_g_bram_g_write_first_ram_reg_6_     1.7550     0.0     0.0000     1.7550 0.0000 SNPS_CLOCK_GATE_HIGH_VX_async_ram_patch_16_16_1_1_1_0_0_1_0__0000_0_27
g_tag_buf_0__g_enabled_tag_buf/data_table/g_async_g_bram_async_ram_patch/clk_gate_g_sync_ram_g_no_wren_g_bram_g_write_first_ram_reg_7_     1.7550     0.0     0.0000     1.7550 0.0000 SNPS_CLOCK_GATE_HIGH_VX_async_ram_patch_16_16_1_1_1_0_0_1_0__0000_0_26
g_tag_buf_0__g_enabled_tag_buf/data_table/g_async_g_bram_async_ram_patch/clk_gate_g_sync_ram_g_no_wren_g_bram_g_write_first_ram_reg_8_     1.7550     0.0     0.0000     1.7550 0.0000 SNPS_CLOCK_GATE_HIGH_VX_async_ram_patch_16_16_1_1_1_0_0_1_0__0000_0_25
g_tag_buf_0__g_enabled_tag_buf/data_table/g_async_g_bram_async_ram_patch/clk_gate_g_sync_ram_g_no_wren_g_bram_g_write_first_ram_reg_9_     1.7550     0.0     0.0000     1.7550 0.0000 SNPS_CLOCK_GATE_HIGH_VX_async_ram_patch_16_16_1_1_1_0_0_1_0__0000_0_24
g_tag_buf_1__g_enabled_tag_buf      976.8330      1.7      7.4880      0.0000  0.0000  VX_index_buffer_0
g_tag_buf_1__g_enabled_tag_buf/allocator   105.5340     0.2    43.4070    44.2260 0.0000 VX_allocator_0
g_tag_buf_1__g_enabled_tag_buf/allocator/clk_gate_acquire_addr_r_reg     1.7550     0.0     0.0000     1.7550 0.0000 SNPS_CLOCK_GATE_HIGH_VX_allocator_0_0
g_tag_buf_1__g_enabled_tag_buf/allocator/clk_gate_free_slots_reg     1.7550     0.0     0.0000     1.7550 0.0000 SNPS_CLOCK_GATE_HIGH_VX_allocator_0_1
g_tag_buf_1__g_enabled_tag_buf/allocator/free_slots_sel    14.3910     0.0     0.0000     0.0000 0.0000 VX_priority_encoder_0
g_tag_buf_1__g_enabled_tag_buf/allocator/free_slots_sel/g_lsb_g_model1_lzc    14.3910     0.0     0.0000     0.0000 0.0000 VX_lzc_0
g_tag_buf_1__g_enabled_tag_buf/allocator/free_slots_sel/g_lsb_g_model1_lzc/g_lzc_find_first    14.3910     0.0    14.3910     0.0000 0.0000 VX_find_first_16_4_0_0
g_tag_buf_1__g_enabled_tag_buf/data_table   863.8110     1.5     0.0000     0.0000 0.0000 VX_dp_ram_0
g_tag_buf_1__g_enabled_tag_buf/data_table/g_async_g_bram_async_ram_patch   863.8110     1.5   286.4160   547.5600 0.0000 VX_async_ram_patch_16_16_1_1_1_0_0_1_0__0000_0
g_tag_buf_1__g_enabled_tag_buf/data_table/g_async_g_bram_async_ram_patch/clk_gate_g_sync_ram_g_no_wren_g_bram_g_write_first_raddr_r_reg     1.7550     0.0     0.0000     1.7550 0.0000 SNPS_CLOCK_GATE_HIGH_VX_async_ram_patch_16_16_1_1_1_0_0_1_0__0000_0_1
g_tag_buf_1__g_enabled_tag_buf/data_table/g_async_g_bram_async_ram_patch/clk_gate_g_sync_ram_g_no_wren_g_bram_g_write_first_ram_reg_0_     1.7550     0.0     0.0000     1.7550 0.0000 SNPS_CLOCK_GATE_HIGH_VX_async_ram_patch_16_16_1_1_1_0_0_1_0__0000_0_0
g_tag_buf_1__g_enabled_tag_buf/data_table/g_async_g_bram_async_ram_patch/clk_gate_g_sync_ram_g_no_wren_g_bram_g_write_first_ram_reg_10_     1.7550     0.0     0.0000     1.7550 0.0000 SNPS_CLOCK_GATE_HIGH_VX_async_ram_patch_16_16_1_1_1_0_0_1_0__0000_0_7
g_tag_buf_1__g_enabled_tag_buf/data_table/g_async_g_bram_async_ram_patch/clk_gate_g_sync_ram_g_no_wren_g_bram_g_write_first_ram_reg_11_     1.7550     0.0     0.0000     1.7550 0.0000 SNPS_CLOCK_GATE_HIGH_VX_async_ram_patch_16_16_1_1_1_0_0_1_0__0000_0_6
g_tag_buf_1__g_enabled_tag_buf/data_table/g_async_g_bram_async_ram_patch/clk_gate_g_sync_ram_g_no_wren_g_bram_g_write_first_ram_reg_12_     1.7550     0.0     0.0000     1.7550 0.0000 SNPS_CLOCK_GATE_HIGH_VX_async_ram_patch_16_16_1_1_1_0_0_1_0__0000_0_5
g_tag_buf_1__g_enabled_tag_buf/data_table/g_async_g_bram_async_ram_patch/clk_gate_g_sync_ram_g_no_wren_g_bram_g_write_first_ram_reg_13_     1.7550     0.0     0.0000     1.7550 0.0000 SNPS_CLOCK_GATE_HIGH_VX_async_ram_patch_16_16_1_1_1_0_0_1_0__0000_0_4
g_tag_buf_1__g_enabled_tag_buf/data_table/g_async_g_bram_async_ram_patch/clk_gate_g_sync_ram_g_no_wren_g_bram_g_write_first_ram_reg_14_     1.7550     0.0     0.0000     1.7550 0.0000 SNPS_CLOCK_GATE_HIGH_VX_async_ram_patch_16_16_1_1_1_0_0_1_0__0000_0_3
g_tag_buf_1__g_enabled_tag_buf/data_table/g_async_g_bram_async_ram_patch/clk_gate_g_sync_ram_g_no_wren_g_bram_g_write_first_ram_reg_15_     1.7550     0.0     0.0000     1.7550 0.0000 SNPS_CLOCK_GATE_HIGH_VX_async_ram_patch_16_16_1_1_1_0_0_1_0__0000_0_2
g_tag_buf_1__g_enabled_tag_buf/data_table/g_async_g_bram_async_ram_patch/clk_gate_g_sync_ram_g_no_wren_g_bram_g_write_first_ram_reg_1_     1.7550     0.0     0.0000     1.7550 0.0000 SNPS_CLOCK_GATE_HIGH_VX_async_ram_patch_16_16_1_1_1_0_0_1_0__0000_0_16
g_tag_buf_1__g_enabled_tag_buf/data_table/g_async_g_bram_async_ram_patch/clk_gate_g_sync_ram_g_no_wren_g_bram_g_write_first_ram_reg_2_     1.7550     0.0     0.0000     1.7550 0.0000 SNPS_CLOCK_GATE_HIGH_VX_async_ram_patch_16_16_1_1_1_0_0_1_0__0000_0_15
g_tag_buf_1__g_enabled_tag_buf/data_table/g_async_g_bram_async_ram_patch/clk_gate_g_sync_ram_g_no_wren_g_bram_g_write_first_ram_reg_3_     1.7550     0.0     0.0000     1.7550 0.0000 SNPS_CLOCK_GATE_HIGH_VX_async_ram_patch_16_16_1_1_1_0_0_1_0__0000_0_14
g_tag_buf_1__g_enabled_tag_buf/data_table/g_async_g_bram_async_ram_patch/clk_gate_g_sync_ram_g_no_wren_g_bram_g_write_first_ram_reg_4_     1.7550     0.0     0.0000     1.7550 0.0000 SNPS_CLOCK_GATE_HIGH_VX_async_ram_patch_16_16_1_1_1_0_0_1_0__0000_0_13
g_tag_buf_1__g_enabled_tag_buf/data_table/g_async_g_bram_async_ram_patch/clk_gate_g_sync_ram_g_no_wren_g_bram_g_write_first_ram_reg_5_     1.7550     0.0     0.0000     1.7550 0.0000 SNPS_CLOCK_GATE_HIGH_VX_async_ram_patch_16_16_1_1_1_0_0_1_0__0000_0_12
g_tag_buf_1__g_enabled_tag_buf/data_table/g_async_g_bram_async_ram_patch/clk_gate_g_sync_ram_g_no_wren_g_bram_g_write_first_ram_reg_6_     1.7550     0.0     0.0000     1.7550 0.0000 SNPS_CLOCK_GATE_HIGH_VX_async_ram_patch_16_16_1_1_1_0_0_1_0__0000_0_11
g_tag_buf_1__g_enabled_tag_buf/data_table/g_async_g_bram_async_ram_patch/clk_gate_g_sync_ram_g_no_wren_g_bram_g_write_first_ram_reg_7_     1.7550     0.0     0.0000     1.7550 0.0000 SNPS_CLOCK_GATE_HIGH_VX_async_ram_patch_16_16_1_1_1_0_0_1_0__0000_0_10
g_tag_buf_1__g_enabled_tag_buf/data_table/g_async_g_bram_async_ram_patch/clk_gate_g_sync_ram_g_no_wren_g_bram_g_write_first_ram_reg_8_     1.7550     0.0     0.0000     1.7550 0.0000 SNPS_CLOCK_GATE_HIGH_VX_async_ram_patch_16_16_1_1_1_0_0_1_0__0000_0_9
g_tag_buf_1__g_enabled_tag_buf/data_table/g_async_g_bram_async_ram_patch/clk_gate_g_sync_ram_g_no_wren_g_bram_g_write_first_ram_reg_9_     1.7550     0.0     0.0000     1.7550 0.0000 SNPS_CLOCK_GATE_HIGH_VX_async_ram_patch_16_16_1_1_1_0_0_1_0__0000_0_8
req_xbar                          10371.2309     18.5     52.5330      0.0000  0.0000  VX_stream_xbar
req_xbar/g_multi_inputs_g_multiple_outputs_g_sel_in_demux_0__sel_in_demux     0.4680     0.0     0.4680     0.0000 0.0000 VX_demux_2
req_xbar/g_multi_inputs_g_multiple_outputs_g_sel_in_demux_1__sel_in_demux     0.4680     0.0     0.4680     0.0000 0.0000 VX_demux_0
req_xbar/g_multi_inputs_g_multiple_outputs_g_xbar_arbs_0__xbar_arb   920.7900     1.6   618.8130     0.0000 0.0000 VX_stream_arb_34
req_xbar/g_multi_inputs_g_multiple_outputs_g_xbar_arbs_0__xbar_arb/g_input_select_g_arbiter_arbiter    10.8810     0.0     0.0000     0.0000 0.0000 VX_generic_arbiter_33
req_xbar/g_multi_inputs_g_multiple_outputs_g_xbar_arbs_0__xbar_arb/g_input_select_g_arbiter_arbiter/g_round_robin_rr_arbiter    10.8810     0.0     5.6160     4.2120 0.0000 VX_rr_arbiter_33
req_xbar/g_multi_inputs_g_multiple_outputs_g_xbar_arbs_0__xbar_arb/g_input_select_g_arbiter_arbiter/g_round_robin_rr_arbiter/g_model1_onehot_encoder     1.0530     0.0     1.0530     0.0000 0.0000 VX_onehot_encoder_33
req_xbar/g_multi_inputs_g_multiple_outputs_g_xbar_arbs_0__xbar_arb/g_input_select_g_arbiter_g_out_buf_0__out_buf   291.0960     0.5   291.0960     0.0000 0.0000 VX_elastic_buffer_620_0_0_0_31
req_xbar/g_multi_inputs_g_multiple_outputs_g_xbar_arbs_10__xbar_arb   303.2640     0.5    14.0400     0.0000 0.0000 VX_stream_arb_24
req_xbar/g_multi_inputs_g_multiple_outputs_g_xbar_arbs_10__xbar_arb/g_input_select_g_arbiter_g_out_buf_0__out_buf   289.2240     0.5   289.2240     0.0000 0.0000 VX_elastic_buffer_620_0_0_0_21
req_xbar/g_multi_inputs_g_multiple_outputs_g_xbar_arbs_11__xbar_arb   303.2640     0.5    14.0400     0.0000 0.0000 VX_stream_arb_23
req_xbar/g_multi_inputs_g_multiple_outputs_g_xbar_arbs_11__xbar_arb/g_input_select_g_arbiter_g_out_buf_0__out_buf   289.2240     0.5   289.2240     0.0000 0.0000 VX_elastic_buffer_620_0_0_0_20
req_xbar/g_multi_inputs_g_multiple_outputs_g_xbar_arbs_12__xbar_arb   303.2640     0.5    14.0400     0.0000 0.0000 VX_stream_arb_22
req_xbar/g_multi_inputs_g_multiple_outputs_g_xbar_arbs_12__xbar_arb/g_input_select_g_arbiter_g_out_buf_0__out_buf   289.2240     0.5   289.2240     0.0000 0.0000 VX_elastic_buffer_620_0_0_0_19
req_xbar/g_multi_inputs_g_multiple_outputs_g_xbar_arbs_13__xbar_arb   303.2640     0.5    14.0400     0.0000 0.0000 VX_stream_arb_21
req_xbar/g_multi_inputs_g_multiple_outputs_g_xbar_arbs_13__xbar_arb/g_input_select_g_arbiter_g_out_buf_0__out_buf   289.2240     0.5   289.2240     0.0000 0.0000 VX_elastic_buffer_620_0_0_0_18
req_xbar/g_multi_inputs_g_multiple_outputs_g_xbar_arbs_14__xbar_arb   303.2640     0.5    14.0400     0.0000 0.0000 VX_stream_arb_20
req_xbar/g_multi_inputs_g_multiple_outputs_g_xbar_arbs_14__xbar_arb/g_input_select_g_arbiter_g_out_buf_0__out_buf   289.2240     0.5   289.2240     0.0000 0.0000 VX_elastic_buffer_620_0_0_0_17
req_xbar/g_multi_inputs_g_multiple_outputs_g_xbar_arbs_15__xbar_arb   303.2640     0.5    14.0400     0.0000 0.0000 VX_stream_arb_19
req_xbar/g_multi_inputs_g_multiple_outputs_g_xbar_arbs_15__xbar_arb/g_input_select_g_arbiter_g_out_buf_0__out_buf   289.2240     0.5   289.2240     0.0000 0.0000 VX_elastic_buffer_620_0_0_0_16
req_xbar/g_multi_inputs_g_multiple_outputs_g_xbar_arbs_16__xbar_arb   303.2640     0.5    14.0400     0.0000 0.0000 VX_stream_arb_18
req_xbar/g_multi_inputs_g_multiple_outputs_g_xbar_arbs_16__xbar_arb/g_input_select_g_arbiter_g_out_buf_0__out_buf   289.2240     0.5   289.2240     0.0000 0.0000 VX_elastic_buffer_620_0_0_0_15
req_xbar/g_multi_inputs_g_multiple_outputs_g_xbar_arbs_17__xbar_arb   303.2640     0.5    14.0400     0.0000 0.0000 VX_stream_arb_17
req_xbar/g_multi_inputs_g_multiple_outputs_g_xbar_arbs_17__xbar_arb/g_input_select_g_arbiter_g_out_buf_0__out_buf   289.2240     0.5   289.2240     0.0000 0.0000 VX_elastic_buffer_620_0_0_0_14
req_xbar/g_multi_inputs_g_multiple_outputs_g_xbar_arbs_18__xbar_arb   303.2640     0.5    14.0400     0.0000 0.0000 VX_stream_arb_16
req_xbar/g_multi_inputs_g_multiple_outputs_g_xbar_arbs_18__xbar_arb/g_input_select_g_arbiter_g_out_buf_0__out_buf   289.2240     0.5   289.2240     0.0000 0.0000 VX_elastic_buffer_620_0_0_0_13
req_xbar/g_multi_inputs_g_multiple_outputs_g_xbar_arbs_19__xbar_arb   302.7960     0.5    13.5720     0.0000 0.0000 VX_stream_arb_15
req_xbar/g_multi_inputs_g_multiple_outputs_g_xbar_arbs_19__xbar_arb/g_input_select_g_arbiter_g_out_buf_0__out_buf   289.2240     0.5   289.2240     0.0000 0.0000 VX_elastic_buffer_620_0_0_0_12
req_xbar/g_multi_inputs_g_multiple_outputs_g_xbar_arbs_1__xbar_arb   303.2640     0.5    14.0400     0.0000 0.0000 VX_stream_arb_33
req_xbar/g_multi_inputs_g_multiple_outputs_g_xbar_arbs_1__xbar_arb/g_input_select_g_arbiter_g_out_buf_0__out_buf   289.2240     0.5   289.2240     0.0000 0.0000 VX_elastic_buffer_620_0_0_0_30
req_xbar/g_multi_inputs_g_multiple_outputs_g_xbar_arbs_20__xbar_arb   302.7960     0.5    13.5720     0.0000 0.0000 VX_stream_arb_14
req_xbar/g_multi_inputs_g_multiple_outputs_g_xbar_arbs_20__xbar_arb/g_input_select_g_arbiter_g_out_buf_0__out_buf   289.2240     0.5   289.2240     0.0000 0.0000 VX_elastic_buffer_620_0_0_0_11
req_xbar/g_multi_inputs_g_multiple_outputs_g_xbar_arbs_21__xbar_arb   302.7960     0.5    13.5720     0.0000 0.0000 VX_stream_arb_13
req_xbar/g_multi_inputs_g_multiple_outputs_g_xbar_arbs_21__xbar_arb/g_input_select_g_arbiter_g_out_buf_0__out_buf   289.2240     0.5   289.2240     0.0000 0.0000 VX_elastic_buffer_620_0_0_0_10
req_xbar/g_multi_inputs_g_multiple_outputs_g_xbar_arbs_22__xbar_arb   302.7960     0.5    13.5720     0.0000 0.0000 VX_stream_arb_12
req_xbar/g_multi_inputs_g_multiple_outputs_g_xbar_arbs_22__xbar_arb/g_input_select_g_arbiter_g_out_buf_0__out_buf   289.2240     0.5   289.2240     0.0000 0.0000 VX_elastic_buffer_620_0_0_0_9
req_xbar/g_multi_inputs_g_multiple_outputs_g_xbar_arbs_23__xbar_arb   302.7960     0.5    13.5720     0.0000 0.0000 VX_stream_arb_11
req_xbar/g_multi_inputs_g_multiple_outputs_g_xbar_arbs_23__xbar_arb/g_input_select_g_arbiter_g_out_buf_0__out_buf   289.2240     0.5   289.2240     0.0000 0.0000 VX_elastic_buffer_620_0_0_0_8
req_xbar/g_multi_inputs_g_multiple_outputs_g_xbar_arbs_24__xbar_arb   302.7960     0.5    13.5720     0.0000 0.0000 VX_stream_arb_10
req_xbar/g_multi_inputs_g_multiple_outputs_g_xbar_arbs_24__xbar_arb/g_input_select_g_arbiter_g_out_buf_0__out_buf   289.2240     0.5   289.2240     0.0000 0.0000 VX_elastic_buffer_620_0_0_0_7
req_xbar/g_multi_inputs_g_multiple_outputs_g_xbar_arbs_25__xbar_arb   302.7960     0.5    13.5720     0.0000 0.0000 VX_stream_arb_9
req_xbar/g_multi_inputs_g_multiple_outputs_g_xbar_arbs_25__xbar_arb/g_input_select_g_arbiter_g_out_buf_0__out_buf   289.2240     0.5   289.2240     0.0000 0.0000 VX_elastic_buffer_620_0_0_0_6
req_xbar/g_multi_inputs_g_multiple_outputs_g_xbar_arbs_26__xbar_arb   302.7960     0.5    13.5720     0.0000 0.0000 VX_stream_arb_8
req_xbar/g_multi_inputs_g_multiple_outputs_g_xbar_arbs_26__xbar_arb/g_input_select_g_arbiter_g_out_buf_0__out_buf   289.2240     0.5   289.2240     0.0000 0.0000 VX_elastic_buffer_620_0_0_0_5
req_xbar/g_multi_inputs_g_multiple_outputs_g_xbar_arbs_27__xbar_arb   302.7960     0.5    13.5720     0.0000 0.0000 VX_stream_arb_7
req_xbar/g_multi_inputs_g_multiple_outputs_g_xbar_arbs_27__xbar_arb/g_input_select_g_arbiter_g_out_buf_0__out_buf   289.2240     0.5   289.2240     0.0000 0.0000 VX_elastic_buffer_620_0_0_0_4
req_xbar/g_multi_inputs_g_multiple_outputs_g_xbar_arbs_28__xbar_arb   302.7960     0.5    13.5720     0.0000 0.0000 VX_stream_arb_6
req_xbar/g_multi_inputs_g_multiple_outputs_g_xbar_arbs_28__xbar_arb/g_input_select_g_arbiter_g_out_buf_0__out_buf   289.2240     0.5   289.2240     0.0000 0.0000 VX_elastic_buffer_620_0_0_0_3
req_xbar/g_multi_inputs_g_multiple_outputs_g_xbar_arbs_29__xbar_arb   302.7960     0.5    13.5720     0.0000 0.0000 VX_stream_arb_5
req_xbar/g_multi_inputs_g_multiple_outputs_g_xbar_arbs_29__xbar_arb/g_input_select_g_arbiter_g_out_buf_0__out_buf   289.2240     0.5   289.2240     0.0000 0.0000 VX_elastic_buffer_620_0_0_0_2
req_xbar/g_multi_inputs_g_multiple_outputs_g_xbar_arbs_2__xbar_arb   303.2640     0.5    14.0400     0.0000 0.0000 VX_stream_arb_32
req_xbar/g_multi_inputs_g_multiple_outputs_g_xbar_arbs_2__xbar_arb/g_input_select_g_arbiter_g_out_buf_0__out_buf   289.2240     0.5   289.2240     0.0000 0.0000 VX_elastic_buffer_620_0_0_0_29
req_xbar/g_multi_inputs_g_multiple_outputs_g_xbar_arbs_30__xbar_arb   302.7960     0.5    13.5720     0.0000 0.0000 VX_stream_arb_4
req_xbar/g_multi_inputs_g_multiple_outputs_g_xbar_arbs_30__xbar_arb/g_input_select_g_arbiter_g_out_buf_0__out_buf   289.2240     0.5   289.2240     0.0000 0.0000 VX_elastic_buffer_620_0_0_0_1
req_xbar/g_multi_inputs_g_multiple_outputs_g_xbar_arbs_31__xbar_arb   302.7960     0.5    13.5720     0.0000 0.0000 VX_stream_arb_0
req_xbar/g_multi_inputs_g_multiple_outputs_g_xbar_arbs_31__xbar_arb/g_input_select_g_arbiter_g_out_buf_0__out_buf   289.2240     0.5   289.2240     0.0000 0.0000 VX_elastic_buffer_620_0_0_0_0
req_xbar/g_multi_inputs_g_multiple_outputs_g_xbar_arbs_3__xbar_arb   303.2640     0.5    14.0400     0.0000 0.0000 VX_stream_arb_31
req_xbar/g_multi_inputs_g_multiple_outputs_g_xbar_arbs_3__xbar_arb/g_input_select_g_arbiter_g_out_buf_0__out_buf   289.2240     0.5   289.2240     0.0000 0.0000 VX_elastic_buffer_620_0_0_0_28
req_xbar/g_multi_inputs_g_multiple_outputs_g_xbar_arbs_4__xbar_arb   303.2640     0.5    14.0400     0.0000 0.0000 VX_stream_arb_30
req_xbar/g_multi_inputs_g_multiple_outputs_g_xbar_arbs_4__xbar_arb/g_input_select_g_arbiter_g_out_buf_0__out_buf   289.2240     0.5   289.2240     0.0000 0.0000 VX_elastic_buffer_620_0_0_0_27
req_xbar/g_multi_inputs_g_multiple_outputs_g_xbar_arbs_5__xbar_arb   303.2640     0.5    14.0400     0.0000 0.0000 VX_stream_arb_29
req_xbar/g_multi_inputs_g_multiple_outputs_g_xbar_arbs_5__xbar_arb/g_input_select_g_arbiter_g_out_buf_0__out_buf   289.2240     0.5   289.2240     0.0000 0.0000 VX_elastic_buffer_620_0_0_0_26
req_xbar/g_multi_inputs_g_multiple_outputs_g_xbar_arbs_6__xbar_arb   303.2640     0.5    14.0400     0.0000 0.0000 VX_stream_arb_28
req_xbar/g_multi_inputs_g_multiple_outputs_g_xbar_arbs_6__xbar_arb/g_input_select_g_arbiter_g_out_buf_0__out_buf   289.2240     0.5   289.2240     0.0000 0.0000 VX_elastic_buffer_620_0_0_0_25
req_xbar/g_multi_inputs_g_multiple_outputs_g_xbar_arbs_7__xbar_arb   303.2640     0.5    14.0400     0.0000 0.0000 VX_stream_arb_27
req_xbar/g_multi_inputs_g_multiple_outputs_g_xbar_arbs_7__xbar_arb/g_input_select_g_arbiter_g_out_buf_0__out_buf   289.2240     0.5   289.2240     0.0000 0.0000 VX_elastic_buffer_620_0_0_0_24
req_xbar/g_multi_inputs_g_multiple_outputs_g_xbar_arbs_8__xbar_arb   303.2640     0.5    14.0400     0.0000 0.0000 VX_stream_arb_26
req_xbar/g_multi_inputs_g_multiple_outputs_g_xbar_arbs_8__xbar_arb/g_input_select_g_arbiter_g_out_buf_0__out_buf   289.2240     0.5   289.2240     0.0000 0.0000 VX_elastic_buffer_620_0_0_0_23
req_xbar/g_multi_inputs_g_multiple_outputs_g_xbar_arbs_9__xbar_arb   303.2640     0.5    14.0400     0.0000 0.0000 VX_stream_arb_25
req_xbar/g_multi_inputs_g_multiple_outputs_g_xbar_arbs_9__xbar_arb/g_input_select_g_arbiter_g_out_buf_0__out_buf   289.2240     0.5   289.2240     0.0000 0.0000 VX_elastic_buffer_620_0_0_0_22
req_xbar/g_multi_inputs_g_multiple_outputs_rdy_in_transpose     0.9360     0.0     0.9360     0.0000 0.0000 VX_transpose_2
req_xbar/g_multi_inputs_g_multiple_outputs_val_in_transpose     0.9360     0.0     0.9360     0.0000 0.0000 VX_transpose_1_1
rsp_xbar                          41706.0540     74.6     23.8680      0.0000  0.0000  VX_stream_xbar_1
rsp_xbar/g_multi_inputs_g_multiple_outputs_g_sel_in_demux_0__sel_in_demux     1.1700     0.0     1.1700     0.0000 0.0000 VX_demux_1_31
rsp_xbar/g_multi_inputs_g_multiple_outputs_g_sel_in_demux_10__sel_in_demux     1.1700     0.0     1.1700     0.0000 0.0000 VX_demux_1_21
rsp_xbar/g_multi_inputs_g_multiple_outputs_g_sel_in_demux_11__sel_in_demux     1.1700     0.0     1.1700     0.0000 0.0000 VX_demux_1_20
rsp_xbar/g_multi_inputs_g_multiple_outputs_g_sel_in_demux_12__sel_in_demux     1.1700     0.0     1.1700     0.0000 0.0000 VX_demux_1_19
rsp_xbar/g_multi_inputs_g_multiple_outputs_g_sel_in_demux_13__sel_in_demux     1.1700     0.0     1.1700     0.0000 0.0000 VX_demux_1_18
rsp_xbar/g_multi_inputs_g_multiple_outputs_g_sel_in_demux_14__sel_in_demux     1.1700     0.0     1.1700     0.0000 0.0000 VX_demux_1_17
rsp_xbar/g_multi_inputs_g_multiple_outputs_g_sel_in_demux_15__sel_in_demux     1.1700     0.0     1.1700     0.0000 0.0000 VX_demux_1_16
rsp_xbar/g_multi_inputs_g_multiple_outputs_g_sel_in_demux_16__sel_in_demux     1.1700     0.0     1.1700     0.0000 0.0000 VX_demux_1_15
rsp_xbar/g_multi_inputs_g_multiple_outputs_g_sel_in_demux_17__sel_in_demux     1.1700     0.0     1.1700     0.0000 0.0000 VX_demux_1_14
rsp_xbar/g_multi_inputs_g_multiple_outputs_g_sel_in_demux_18__sel_in_demux     1.1700     0.0     1.1700     0.0000 0.0000 VX_demux_1_13
rsp_xbar/g_multi_inputs_g_multiple_outputs_g_sel_in_demux_19__sel_in_demux     1.1700     0.0     1.1700     0.0000 0.0000 VX_demux_1_12
rsp_xbar/g_multi_inputs_g_multiple_outputs_g_sel_in_demux_1__sel_in_demux     1.1700     0.0     1.1700     0.0000 0.0000 VX_demux_1_30
rsp_xbar/g_multi_inputs_g_multiple_outputs_g_sel_in_demux_20__sel_in_demux     1.1700     0.0     1.1700     0.0000 0.0000 VX_demux_1_11
rsp_xbar/g_multi_inputs_g_multiple_outputs_g_sel_in_demux_21__sel_in_demux     1.1700     0.0     1.1700     0.0000 0.0000 VX_demux_1_10
rsp_xbar/g_multi_inputs_g_multiple_outputs_g_sel_in_demux_22__sel_in_demux     1.1700     0.0     1.1700     0.0000 0.0000 VX_demux_1_9
rsp_xbar/g_multi_inputs_g_multiple_outputs_g_sel_in_demux_23__sel_in_demux     1.1700     0.0     1.1700     0.0000 0.0000 VX_demux_1_8
rsp_xbar/g_multi_inputs_g_multiple_outputs_g_sel_in_demux_24__sel_in_demux     1.1700     0.0     1.1700     0.0000 0.0000 VX_demux_1_7
rsp_xbar/g_multi_inputs_g_multiple_outputs_g_sel_in_demux_25__sel_in_demux     1.1700     0.0     1.1700     0.0000 0.0000 VX_demux_1_6
rsp_xbar/g_multi_inputs_g_multiple_outputs_g_sel_in_demux_26__sel_in_demux     1.1700     0.0     1.1700     0.0000 0.0000 VX_demux_1_5
rsp_xbar/g_multi_inputs_g_multiple_outputs_g_sel_in_demux_27__sel_in_demux     1.1700     0.0     1.1700     0.0000 0.0000 VX_demux_1_4
rsp_xbar/g_multi_inputs_g_multiple_outputs_g_sel_in_demux_28__sel_in_demux     1.1700     0.0     1.1700     0.0000 0.0000 VX_demux_1_3
rsp_xbar/g_multi_inputs_g_multiple_outputs_g_sel_in_demux_29__sel_in_demux     1.1700     0.0     1.1700     0.0000 0.0000 VX_demux_1_2
rsp_xbar/g_multi_inputs_g_multiple_outputs_g_sel_in_demux_2__sel_in_demux     1.1700     0.0     1.1700     0.0000 0.0000 VX_demux_1_29
rsp_xbar/g_multi_inputs_g_multiple_outputs_g_sel_in_demux_30__sel_in_demux     1.1700     0.0     1.1700     0.0000 0.0000 VX_demux_1_1
rsp_xbar/g_multi_inputs_g_multiple_outputs_g_sel_in_demux_31__sel_in_demux     1.1700     0.0     1.1700     0.0000 0.0000 VX_demux_1_0
rsp_xbar/g_multi_inputs_g_multiple_outputs_g_sel_in_demux_3__sel_in_demux     1.1700     0.0     1.1700     0.0000 0.0000 VX_demux_1_28
rsp_xbar/g_multi_inputs_g_multiple_outputs_g_sel_in_demux_4__sel_in_demux     1.1700     0.0     1.1700     0.0000 0.0000 VX_demux_1_27
rsp_xbar/g_multi_inputs_g_multiple_outputs_g_sel_in_demux_5__sel_in_demux     1.1700     0.0     1.1700     0.0000 0.0000 VX_demux_1_26
rsp_xbar/g_multi_inputs_g_multiple_outputs_g_sel_in_demux_6__sel_in_demux     1.1700     0.0     1.1700     0.0000 0.0000 VX_demux_1_25
rsp_xbar/g_multi_inputs_g_multiple_outputs_g_sel_in_demux_7__sel_in_demux     1.1700     0.0     1.1700     0.0000 0.0000 VX_demux_1_24
rsp_xbar/g_multi_inputs_g_multiple_outputs_g_sel_in_demux_8__sel_in_demux     1.1700     0.0     1.1700     0.0000 0.0000 VX_demux_1_23
rsp_xbar/g_multi_inputs_g_multiple_outputs_g_sel_in_demux_9__sel_in_demux     1.1700     0.0     1.1700     0.0000 0.0000 VX_demux_1_22
rsp_xbar/g_multi_inputs_g_multiple_outputs_g_xbar_arbs_0__xbar_arb 20791.0170    37.2     0.0000     0.0000 0.0000 VX_stream_arb_1_1
rsp_xbar/g_multi_inputs_g_multiple_outputs_g_xbar_arbs_0__xbar_arb/g_input_select_g_fanout_fanout_join_arb  1272.6090     2.3  1004.3280     0.0000 0.0000 VX_stream_arb_3_1
rsp_xbar/g_multi_inputs_g_multiple_outputs_g_xbar_arbs_0__xbar_arb/g_input_select_g_fanout_fanout_join_arb/g_input_select_g_arbiter_arbiter    25.8570     0.0     0.0000     0.0000 0.0000 VX_generic_arbiter_2_1
rsp_xbar/g_multi_inputs_g_multiple_outputs_g_xbar_arbs_0__xbar_arb/g_input_select_g_fanout_fanout_join_arb/g_input_select_g_arbiter_arbiter/g_round_robin_rr_arbiter    25.8570     0.0    13.8060     8.4240 0.0000 VX_rr_arbiter_2_1
rsp_xbar/g_multi_inputs_g_multiple_outputs_g_xbar_arbs_0__xbar_arb/g_input_select_g_fanout_fanout_join_arb/g_input_select_g_arbiter_arbiter/g_round_robin_rr_arbiter/clk_gate_g_model1_reqs_mask_reg     1.7550     0.0     0.0000     1.7550 0.0000 SNPS_CLOCK_GATE_HIGH_VX_rr_arbiter_2_1_1
rsp_xbar/g_multi_inputs_g_multiple_outputs_g_xbar_arbs_0__xbar_arb/g_input_select_g_fanout_fanout_join_arb/g_input_select_g_arbiter_arbiter/g_round_robin_rr_arbiter/g_model1_onehot_encoder     1.8720     0.0     1.8720     0.0000 0.0000 VX_onehot_encoder_2_1
rsp_xbar/g_multi_inputs_g_multiple_outputs_g_xbar_arbs_0__xbar_arb/g_input_select_g_fanout_fanout_join_arb/g_input_select_g_arbiter_g_out_buf_0__out_buf   242.4240     0.4   242.4240     0.0000 0.0000 VX_elastic_buffer_521_0_0_0_1
rsp_xbar/g_multi_inputs_g_multiple_outputs_g_xbar_arbs_0__xbar_arb/g_input_select_g_fanout_g_slice_arbs_0__fanout_slice_arb  4876.9110     8.7  1886.0401     0.0000 0.0000 VX_stream_arb_2_7
rsp_xbar/g_multi_inputs_g_multiple_outputs_g_xbar_arbs_0__xbar_arb/g_input_select_g_fanout_g_slice_arbs_0__fanout_slice_arb/g_input_select_g_arbiter_arbiter    52.0650     0.1     0.0000     0.0000 0.0000 VX_generic_arbiter_1_7
rsp_xbar/g_multi_inputs_g_multiple_outputs_g_xbar_arbs_0__xbar_arb/g_input_select_g_fanout_g_slice_arbs_0__fanout_slice_arb/g_input_select_g_arbiter_arbiter/g_round_robin_rr_arbiter    52.0650     0.1    29.1330    16.8480 0.0000 VX_rr_arbiter_1_7
rsp_xbar/g_multi_inputs_g_multiple_outputs_g_xbar_arbs_0__xbar_arb/g_input_select_g_fanout_g_slice_arbs_0__fanout_slice_arb/g_input_select_g_arbiter_arbiter/g_round_robin_rr_arbiter/clk_gate_g_model1_reqs_mask_reg     1.7550     0.0     0.0000     1.7550 0.0000 SNPS_CLOCK_GATE_HIGH_VX_rr_arbiter_1_7_1
rsp_xbar/g_multi_inputs_g_multiple_outputs_g_xbar_arbs_0__xbar_arb/g_input_select_g_fanout_g_slice_arbs_0__fanout_slice_arb/g_input_select_g_arbiter_arbiter/g_round_robin_rr_arbiter/g_model1_onehot_encoder     4.3290     0.0     4.3290     0.0000 0.0000 VX_onehot_encoder_1_7
rsp_xbar/g_multi_inputs_g_multiple_outputs_g_xbar_arbs_0__xbar_arb/g_input_select_g_fanout_g_slice_arbs_0__fanout_slice_arb/g_input_select_g_arbiter_g_out_buf_0__out_buf  2938.8059     5.3     0.0000     0.0000 0.0000 VX_elastic_buffer_519_2_1_0_7
rsp_xbar/g_multi_inputs_g_multiple_outputs_g_xbar_arbs_0__xbar_arb/g_input_select_g_fanout_g_slice_arbs_0__fanout_slice_arb/g_input_select_g_arbiter_g_out_buf_0__out_buf/g_eb2_out_buf   242.4240     0.4   242.4240     0.0000 0.0000 VX_pipe_buffer_7
rsp_xbar/g_multi_inputs_g_multiple_outputs_g_xbar_arbs_0__xbar_arb/g_input_select_g_fanout_g_slice_arbs_0__fanout_slice_arb/g_input_select_g_arbiter_g_out_buf_0__out_buf/g_eb2_stream_buffer  2696.3819     4.8   515.1510  2177.7209 0.0000 VX_stream_buffer_519_1_7
rsp_xbar/g_multi_inputs_g_multiple_outputs_g_xbar_arbs_0__xbar_arb/g_input_select_g_fanout_g_slice_arbs_0__fanout_slice_arb/g_input_select_g_arbiter_g_out_buf_0__out_buf/g_eb2_stream_buffer/clk_gate_g_buffer_buffer_r_reg     1.7550     0.0     0.0000     1.7550 0.0000 SNPS_CLOCK_GATE_HIGH_VX_stream_buffer_519_1_0_15
rsp_xbar/g_multi_inputs_g_multiple_outputs_g_xbar_arbs_0__xbar_arb/g_input_select_g_fanout_g_slice_arbs_0__fanout_slice_arb/g_input_select_g_arbiter_g_out_buf_0__out_buf/g_eb2_stream_buffer/clk_gate_g_buffer_data_out_r_reg     1.7550     0.0     0.0000     1.7550 0.0000 SNPS_CLOCK_GATE_HIGH_VX_stream_buffer_519_1_0_14
rsp_xbar/g_multi_inputs_g_multiple_outputs_g_xbar_arbs_0__xbar_arb/g_input_select_g_fanout_g_slice_arbs_1__fanout_slice_arb  4877.0280     8.7  1884.8701     0.0000 0.0000 VX_stream_arb_2_6
rsp_xbar/g_multi_inputs_g_multiple_outputs_g_xbar_arbs_0__xbar_arb/g_input_select_g_fanout_g_slice_arbs_1__fanout_slice_arb/g_input_select_g_arbiter_arbiter    52.0650     0.1     0.0000     0.0000 0.0000 VX_generic_arbiter_1_6
rsp_xbar/g_multi_inputs_g_multiple_outputs_g_xbar_arbs_0__xbar_arb/g_input_select_g_fanout_g_slice_arbs_1__fanout_slice_arb/g_input_select_g_arbiter_arbiter/g_round_robin_rr_arbiter    52.0650     0.1    29.1330    16.8480 0.0000 VX_rr_arbiter_1_6
rsp_xbar/g_multi_inputs_g_multiple_outputs_g_xbar_arbs_0__xbar_arb/g_input_select_g_fanout_g_slice_arbs_1__fanout_slice_arb/g_input_select_g_arbiter_arbiter/g_round_robin_rr_arbiter/clk_gate_g_model1_reqs_mask_reg     1.7550     0.0     0.0000     1.7550 0.0000 SNPS_CLOCK_GATE_HIGH_VX_rr_arbiter_1_6_1
rsp_xbar/g_multi_inputs_g_multiple_outputs_g_xbar_arbs_0__xbar_arb/g_input_select_g_fanout_g_slice_arbs_1__fanout_slice_arb/g_input_select_g_arbiter_arbiter/g_round_robin_rr_arbiter/g_model1_onehot_encoder     4.3290     0.0     4.3290     0.0000 0.0000 VX_onehot_encoder_1_6
rsp_xbar/g_multi_inputs_g_multiple_outputs_g_xbar_arbs_0__xbar_arb/g_input_select_g_fanout_g_slice_arbs_1__fanout_slice_arb/g_input_select_g_arbiter_g_out_buf_0__out_buf  2940.0929     5.3     0.0000     0.0000 0.0000 VX_elastic_buffer_519_2_1_0_6
rsp_xbar/g_multi_inputs_g_multiple_outputs_g_xbar_arbs_0__xbar_arb/g_input_select_g_fanout_g_slice_arbs_1__fanout_slice_arb/g_input_select_g_arbiter_g_out_buf_0__out_buf/g_eb2_out_buf   242.4240     0.4   242.4240     0.0000 0.0000 VX_pipe_buffer_6
rsp_xbar/g_multi_inputs_g_multiple_outputs_g_xbar_arbs_0__xbar_arb/g_input_select_g_fanout_g_slice_arbs_1__fanout_slice_arb/g_input_select_g_arbiter_g_out_buf_0__out_buf/g_eb2_stream_buffer  2697.6689     4.8   516.5550  2177.6039 0.0000 VX_stream_buffer_519_1_6
rsp_xbar/g_multi_inputs_g_multiple_outputs_g_xbar_arbs_0__xbar_arb/g_input_select_g_fanout_g_slice_arbs_1__fanout_slice_arb/g_input_select_g_arbiter_g_out_buf_0__out_buf/g_eb2_stream_buffer/clk_gate_g_buffer_buffer_r_reg     1.7550     0.0     0.0000     1.7550 0.0000 SNPS_CLOCK_GATE_HIGH_VX_stream_buffer_519_1_0_13
rsp_xbar/g_multi_inputs_g_multiple_outputs_g_xbar_arbs_0__xbar_arb/g_input_select_g_fanout_g_slice_arbs_1__fanout_slice_arb/g_input_select_g_arbiter_g_out_buf_0__out_buf/g_eb2_stream_buffer/clk_gate_g_buffer_data_out_r_reg     1.7550     0.0     0.0000     1.7550 0.0000 SNPS_CLOCK_GATE_HIGH_VX_stream_buffer_519_1_0_12
rsp_xbar/g_multi_inputs_g_multiple_outputs_g_xbar_arbs_0__xbar_arb/g_input_select_g_fanout_g_slice_arbs_2__fanout_slice_arb  4874.8050     8.7  1884.2851     0.0000 0.0000 VX_stream_arb_2_5
rsp_xbar/g_multi_inputs_g_multiple_outputs_g_xbar_arbs_0__xbar_arb/g_input_select_g_fanout_g_slice_arbs_2__fanout_slice_arb/g_input_select_g_arbiter_arbiter    52.8840     0.1     0.0000     0.0000 0.0000 VX_generic_arbiter_1_5
rsp_xbar/g_multi_inputs_g_multiple_outputs_g_xbar_arbs_0__xbar_arb/g_input_select_g_fanout_g_slice_arbs_2__fanout_slice_arb/g_input_select_g_arbiter_arbiter/g_round_robin_rr_arbiter    52.8840     0.1    29.4840    16.8480 0.0000 VX_rr_arbiter_1_5
rsp_xbar/g_multi_inputs_g_multiple_outputs_g_xbar_arbs_0__xbar_arb/g_input_select_g_fanout_g_slice_arbs_2__fanout_slice_arb/g_input_select_g_arbiter_arbiter/g_round_robin_rr_arbiter/clk_gate_g_model1_reqs_mask_reg     1.7550     0.0     0.0000     1.7550 0.0000 SNPS_CLOCK_GATE_HIGH_VX_rr_arbiter_1_5_1
rsp_xbar/g_multi_inputs_g_multiple_outputs_g_xbar_arbs_0__xbar_arb/g_input_select_g_fanout_g_slice_arbs_2__fanout_slice_arb/g_input_select_g_arbiter_arbiter/g_round_robin_rr_arbiter/g_model1_onehot_encoder     4.7970     0.0     4.7970     0.0000 0.0000 VX_onehot_encoder_1_5
rsp_xbar/g_multi_inputs_g_multiple_outputs_g_xbar_arbs_0__xbar_arb/g_input_select_g_fanout_g_slice_arbs_2__fanout_slice_arb/g_input_select_g_arbiter_g_out_buf_0__out_buf  2937.6359     5.3     0.0000     0.0000 0.0000 VX_elastic_buffer_519_2_1_0_5
rsp_xbar/g_multi_inputs_g_multiple_outputs_g_xbar_arbs_0__xbar_arb/g_input_select_g_fanout_g_slice_arbs_2__fanout_slice_arb/g_input_select_g_arbiter_g_out_buf_0__out_buf/g_eb2_out_buf   242.4240     0.4   242.4240     0.0000 0.0000 VX_pipe_buffer_5
rsp_xbar/g_multi_inputs_g_multiple_outputs_g_xbar_arbs_0__xbar_arb/g_input_select_g_fanout_g_slice_arbs_2__fanout_slice_arb/g_input_select_g_arbiter_g_out_buf_0__out_buf/g_eb2_stream_buffer  2695.2119     4.8   514.0980  2177.6039 0.0000 VX_stream_buffer_519_1_5
rsp_xbar/g_multi_inputs_g_multiple_outputs_g_xbar_arbs_0__xbar_arb/g_input_select_g_fanout_g_slice_arbs_2__fanout_slice_arb/g_input_select_g_arbiter_g_out_buf_0__out_buf/g_eb2_stream_buffer/clk_gate_g_buffer_buffer_r_reg     1.7550     0.0     0.0000     1.7550 0.0000 SNPS_CLOCK_GATE_HIGH_VX_stream_buffer_519_1_0_11
rsp_xbar/g_multi_inputs_g_multiple_outputs_g_xbar_arbs_0__xbar_arb/g_input_select_g_fanout_g_slice_arbs_2__fanout_slice_arb/g_input_select_g_arbiter_g_out_buf_0__out_buf/g_eb2_stream_buffer/clk_gate_g_buffer_data_out_r_reg     1.7550     0.0     0.0000     1.7550 0.0000 SNPS_CLOCK_GATE_HIGH_VX_stream_buffer_519_1_0_10
rsp_xbar/g_multi_inputs_g_multiple_outputs_g_xbar_arbs_0__xbar_arb/g_input_select_g_fanout_g_slice_arbs_3__fanout_slice_arb  4889.6640     8.7  1898.4421     0.0000 0.0000 VX_stream_arb_2_4
rsp_xbar/g_multi_inputs_g_multiple_outputs_g_xbar_arbs_0__xbar_arb/g_input_select_g_fanout_g_slice_arbs_3__fanout_slice_arb/g_input_select_g_arbiter_arbiter    52.0650     0.1     0.0000     0.0000 0.0000 VX_generic_arbiter_1_4
rsp_xbar/g_multi_inputs_g_multiple_outputs_g_xbar_arbs_0__xbar_arb/g_input_select_g_fanout_g_slice_arbs_3__fanout_slice_arb/g_input_select_g_arbiter_arbiter/g_round_robin_rr_arbiter    52.0650     0.1    29.1330    16.8480 0.0000 VX_rr_arbiter_1_4
rsp_xbar/g_multi_inputs_g_multiple_outputs_g_xbar_arbs_0__xbar_arb/g_input_select_g_fanout_g_slice_arbs_3__fanout_slice_arb/g_input_select_g_arbiter_arbiter/g_round_robin_rr_arbiter/clk_gate_g_model1_reqs_mask_reg     1.7550     0.0     0.0000     1.7550 0.0000 SNPS_CLOCK_GATE_HIGH_VX_rr_arbiter_1_4_1
rsp_xbar/g_multi_inputs_g_multiple_outputs_g_xbar_arbs_0__xbar_arb/g_input_select_g_fanout_g_slice_arbs_3__fanout_slice_arb/g_input_select_g_arbiter_arbiter/g_round_robin_rr_arbiter/g_model1_onehot_encoder     4.3290     0.0     4.3290     0.0000 0.0000 VX_onehot_encoder_1_4
rsp_xbar/g_multi_inputs_g_multiple_outputs_g_xbar_arbs_0__xbar_arb/g_input_select_g_fanout_g_slice_arbs_3__fanout_slice_arb/g_input_select_g_arbiter_g_out_buf_0__out_buf  2939.1569     5.3     0.0000     0.0000 0.0000 VX_elastic_buffer_519_2_1_0_4
rsp_xbar/g_multi_inputs_g_multiple_outputs_g_xbar_arbs_0__xbar_arb/g_input_select_g_fanout_g_slice_arbs_3__fanout_slice_arb/g_input_select_g_arbiter_g_out_buf_0__out_buf/g_eb2_out_buf   242.4240     0.4   242.4240     0.0000 0.0000 VX_pipe_buffer_4
rsp_xbar/g_multi_inputs_g_multiple_outputs_g_xbar_arbs_0__xbar_arb/g_input_select_g_fanout_g_slice_arbs_3__fanout_slice_arb/g_input_select_g_arbiter_g_out_buf_0__out_buf/g_eb2_stream_buffer  2696.7329     4.8   515.5020  2177.7209 0.0000 VX_stream_buffer_519_1_4
rsp_xbar/g_multi_inputs_g_multiple_outputs_g_xbar_arbs_0__xbar_arb/g_input_select_g_fanout_g_slice_arbs_3__fanout_slice_arb/g_input_select_g_arbiter_g_out_buf_0__out_buf/g_eb2_stream_buffer/clk_gate_g_buffer_buffer_r_reg     1.7550     0.0     0.0000     1.7550 0.0000 SNPS_CLOCK_GATE_HIGH_VX_stream_buffer_519_1_0_9
rsp_xbar/g_multi_inputs_g_multiple_outputs_g_xbar_arbs_0__xbar_arb/g_input_select_g_fanout_g_slice_arbs_3__fanout_slice_arb/g_input_select_g_arbiter_g_out_buf_0__out_buf/g_eb2_stream_buffer/clk_gate_g_buffer_data_out_r_reg     1.7550     0.0     0.0000     1.7550 0.0000 SNPS_CLOCK_GATE_HIGH_VX_stream_buffer_519_1_0_8
rsp_xbar/g_multi_inputs_g_multiple_outputs_g_xbar_arbs_1__xbar_arb 20793.8250    37.2     0.0000     0.0000 0.0000 VX_stream_arb_1_0
rsp_xbar/g_multi_inputs_g_multiple_outputs_g_xbar_arbs_1__xbar_arb/g_input_select_g_fanout_fanout_join_arb  1270.6200     2.3  1002.3390     0.0000 0.0000 VX_stream_arb_3_0
rsp_xbar/g_multi_inputs_g_multiple_outputs_g_xbar_arbs_1__xbar_arb/g_input_select_g_fanout_fanout_join_arb/g_input_select_g_arbiter_arbiter    25.8570     0.0     0.0000     0.0000 0.0000 VX_generic_arbiter_2_0
rsp_xbar/g_multi_inputs_g_multiple_outputs_g_xbar_arbs_1__xbar_arb/g_input_select_g_fanout_fanout_join_arb/g_input_select_g_arbiter_arbiter/g_round_robin_rr_arbiter    25.8570     0.0    13.8060     8.4240 0.0000 VX_rr_arbiter_2_0
rsp_xbar/g_multi_inputs_g_multiple_outputs_g_xbar_arbs_1__xbar_arb/g_input_select_g_fanout_fanout_join_arb/g_input_select_g_arbiter_arbiter/g_round_robin_rr_arbiter/clk_gate_g_model1_reqs_mask_reg     1.7550     0.0     0.0000     1.7550 0.0000 SNPS_CLOCK_GATE_HIGH_VX_rr_arbiter_2_0_1
rsp_xbar/g_multi_inputs_g_multiple_outputs_g_xbar_arbs_1__xbar_arb/g_input_select_g_fanout_fanout_join_arb/g_input_select_g_arbiter_arbiter/g_round_robin_rr_arbiter/g_model1_onehot_encoder     1.8720     0.0     1.8720     0.0000 0.0000 VX_onehot_encoder_2_0
rsp_xbar/g_multi_inputs_g_multiple_outputs_g_xbar_arbs_1__xbar_arb/g_input_select_g_fanout_fanout_join_arb/g_input_select_g_arbiter_g_out_buf_0__out_buf   242.4240     0.4   242.4240     0.0000 0.0000 VX_elastic_buffer_521_0_0_0_0
rsp_xbar/g_multi_inputs_g_multiple_outputs_g_xbar_arbs_1__xbar_arb/g_input_select_g_fanout_g_slice_arbs_0__fanout_slice_arb  4876.5600     8.7  1884.5191     0.0000 0.0000 VX_stream_arb_2_3
rsp_xbar/g_multi_inputs_g_multiple_outputs_g_xbar_arbs_1__xbar_arb/g_input_select_g_fanout_g_slice_arbs_0__fanout_slice_arb/g_input_select_g_arbiter_arbiter    52.0650     0.1     0.0000     0.0000 0.0000 VX_generic_arbiter_1_3
rsp_xbar/g_multi_inputs_g_multiple_outputs_g_xbar_arbs_1__xbar_arb/g_input_select_g_fanout_g_slice_arbs_0__fanout_slice_arb/g_input_select_g_arbiter_arbiter/g_round_robin_rr_arbiter    52.0650     0.1    29.1330    16.8480 0.0000 VX_rr_arbiter_1_3
rsp_xbar/g_multi_inputs_g_multiple_outputs_g_xbar_arbs_1__xbar_arb/g_input_select_g_fanout_g_slice_arbs_0__fanout_slice_arb/g_input_select_g_arbiter_arbiter/g_round_robin_rr_arbiter/clk_gate_g_model1_reqs_mask_reg     1.7550     0.0     0.0000     1.7550 0.0000 SNPS_CLOCK_GATE_HIGH_VX_rr_arbiter_1_3_1
rsp_xbar/g_multi_inputs_g_multiple_outputs_g_xbar_arbs_1__xbar_arb/g_input_select_g_fanout_g_slice_arbs_0__fanout_slice_arb/g_input_select_g_arbiter_arbiter/g_round_robin_rr_arbiter/g_model1_onehot_encoder     4.3290     0.0     4.3290     0.0000 0.0000 VX_onehot_encoder_1_3
rsp_xbar/g_multi_inputs_g_multiple_outputs_g_xbar_arbs_1__xbar_arb/g_input_select_g_fanout_g_slice_arbs_0__fanout_slice_arb/g_input_select_g_arbiter_g_out_buf_0__out_buf  2939.9759     5.3     0.0000     0.0000 0.0000 VX_elastic_buffer_519_2_1_0_3
rsp_xbar/g_multi_inputs_g_multiple_outputs_g_xbar_arbs_1__xbar_arb/g_input_select_g_fanout_g_slice_arbs_0__fanout_slice_arb/g_input_select_g_arbiter_g_out_buf_0__out_buf/g_eb2_out_buf   242.4240     0.4   242.4240     0.0000 0.0000 VX_pipe_buffer_3
rsp_xbar/g_multi_inputs_g_multiple_outputs_g_xbar_arbs_1__xbar_arb/g_input_select_g_fanout_g_slice_arbs_0__fanout_slice_arb/g_input_select_g_arbiter_g_out_buf_0__out_buf/g_eb2_stream_buffer  2697.5519     4.8   516.3210  2177.7209 0.0000 VX_stream_buffer_519_1_3
rsp_xbar/g_multi_inputs_g_multiple_outputs_g_xbar_arbs_1__xbar_arb/g_input_select_g_fanout_g_slice_arbs_0__fanout_slice_arb/g_input_select_g_arbiter_g_out_buf_0__out_buf/g_eb2_stream_buffer/clk_gate_g_buffer_buffer_r_reg     1.7550     0.0     0.0000     1.7550 0.0000 SNPS_CLOCK_GATE_HIGH_VX_stream_buffer_519_1_0_7
rsp_xbar/g_multi_inputs_g_multiple_outputs_g_xbar_arbs_1__xbar_arb/g_input_select_g_fanout_g_slice_arbs_0__fanout_slice_arb/g_input_select_g_arbiter_g_out_buf_0__out_buf/g_eb2_stream_buffer/clk_gate_g_buffer_data_out_r_reg     1.7550     0.0     0.0000     1.7550 0.0000 SNPS_CLOCK_GATE_HIGH_VX_stream_buffer_519_1_0_6
rsp_xbar/g_multi_inputs_g_multiple_outputs_g_xbar_arbs_1__xbar_arb/g_input_select_g_fanout_g_slice_arbs_1__fanout_slice_arb  4877.6130     8.7  1886.7421     0.0000 0.0000 VX_stream_arb_2_2
rsp_xbar/g_multi_inputs_g_multiple_outputs_g_xbar_arbs_1__xbar_arb/g_input_select_g_fanout_g_slice_arbs_1__fanout_slice_arb/g_input_select_g_arbiter_arbiter    52.0650     0.1     0.0000     0.0000 0.0000 VX_generic_arbiter_1_2
rsp_xbar/g_multi_inputs_g_multiple_outputs_g_xbar_arbs_1__xbar_arb/g_input_select_g_fanout_g_slice_arbs_1__fanout_slice_arb/g_input_select_g_arbiter_arbiter/g_round_robin_rr_arbiter    52.0650     0.1    29.1330    16.8480 0.0000 VX_rr_arbiter_1_2
rsp_xbar/g_multi_inputs_g_multiple_outputs_g_xbar_arbs_1__xbar_arb/g_input_select_g_fanout_g_slice_arbs_1__fanout_slice_arb/g_input_select_g_arbiter_arbiter/g_round_robin_rr_arbiter/clk_gate_g_model1_reqs_mask_reg     1.7550     0.0     0.0000     1.7550 0.0000 SNPS_CLOCK_GATE_HIGH_VX_rr_arbiter_1_2_1
rsp_xbar/g_multi_inputs_g_multiple_outputs_g_xbar_arbs_1__xbar_arb/g_input_select_g_fanout_g_slice_arbs_1__fanout_slice_arb/g_input_select_g_arbiter_arbiter/g_round_robin_rr_arbiter/g_model1_onehot_encoder     4.3290     0.0     4.3290     0.0000 0.0000 VX_onehot_encoder_1_2
rsp_xbar/g_multi_inputs_g_multiple_outputs_g_xbar_arbs_1__xbar_arb/g_input_select_g_fanout_g_slice_arbs_1__fanout_slice_arb/g_input_select_g_arbiter_g_out_buf_0__out_buf  2938.8059     5.3     0.0000     0.0000 0.0000 VX_elastic_buffer_519_2_1_0_2
rsp_xbar/g_multi_inputs_g_multiple_outputs_g_xbar_arbs_1__xbar_arb/g_input_select_g_fanout_g_slice_arbs_1__fanout_slice_arb/g_input_select_g_arbiter_g_out_buf_0__out_buf/g_eb2_out_buf   242.4240     0.4   242.4240     0.0000 0.0000 VX_pipe_buffer_2
rsp_xbar/g_multi_inputs_g_multiple_outputs_g_xbar_arbs_1__xbar_arb/g_input_select_g_fanout_g_slice_arbs_1__fanout_slice_arb/g_input_select_g_arbiter_g_out_buf_0__out_buf/g_eb2_stream_buffer  2696.3819     4.8   515.1510  2177.7209 0.0000 VX_stream_buffer_519_1_2
rsp_xbar/g_multi_inputs_g_multiple_outputs_g_xbar_arbs_1__xbar_arb/g_input_select_g_fanout_g_slice_arbs_1__fanout_slice_arb/g_input_select_g_arbiter_g_out_buf_0__out_buf/g_eb2_stream_buffer/clk_gate_g_buffer_buffer_r_reg     1.7550     0.0     0.0000     1.7550 0.0000 SNPS_CLOCK_GATE_HIGH_VX_stream_buffer_519_1_0_5
rsp_xbar/g_multi_inputs_g_multiple_outputs_g_xbar_arbs_1__xbar_arb/g_input_select_g_fanout_g_slice_arbs_1__fanout_slice_arb/g_input_select_g_arbiter_g_out_buf_0__out_buf/g_eb2_stream_buffer/clk_gate_g_buffer_data_out_r_reg     1.7550     0.0     0.0000     1.7550 0.0000 SNPS_CLOCK_GATE_HIGH_VX_stream_buffer_519_1_0_4
rsp_xbar/g_multi_inputs_g_multiple_outputs_g_xbar_arbs_1__xbar_arb/g_input_select_g_fanout_g_slice_arbs_2__fanout_slice_arb  4878.1980     8.7  1885.6891     0.0000 0.0000 VX_stream_arb_2_1
rsp_xbar/g_multi_inputs_g_multiple_outputs_g_xbar_arbs_1__xbar_arb/g_input_select_g_fanout_g_slice_arbs_2__fanout_slice_arb/g_input_select_g_arbiter_arbiter    52.8840     0.1     0.0000     0.0000 0.0000 VX_generic_arbiter_1_1
rsp_xbar/g_multi_inputs_g_multiple_outputs_g_xbar_arbs_1__xbar_arb/g_input_select_g_fanout_g_slice_arbs_2__fanout_slice_arb/g_input_select_g_arbiter_arbiter/g_round_robin_rr_arbiter    52.8840     0.1    29.4840    16.8480 0.0000 VX_rr_arbiter_1_1
rsp_xbar/g_multi_inputs_g_multiple_outputs_g_xbar_arbs_1__xbar_arb/g_input_select_g_fanout_g_slice_arbs_2__fanout_slice_arb/g_input_select_g_arbiter_arbiter/g_round_robin_rr_arbiter/clk_gate_g_model1_reqs_mask_reg     1.7550     0.0     0.0000     1.7550 0.0000 SNPS_CLOCK_GATE_HIGH_VX_rr_arbiter_1_1_1
rsp_xbar/g_multi_inputs_g_multiple_outputs_g_xbar_arbs_1__xbar_arb/g_input_select_g_fanout_g_slice_arbs_2__fanout_slice_arb/g_input_select_g_arbiter_arbiter/g_round_robin_rr_arbiter/g_model1_onehot_encoder     4.7970     0.0     4.7970     0.0000 0.0000 VX_onehot_encoder_1_1
rsp_xbar/g_multi_inputs_g_multiple_outputs_g_xbar_arbs_1__xbar_arb/g_input_select_g_fanout_g_slice_arbs_2__fanout_slice_arb/g_input_select_g_arbiter_g_out_buf_0__out_buf  2939.6249     5.3     0.0000     0.0000 0.0000 VX_elastic_buffer_519_2_1_0_1
rsp_xbar/g_multi_inputs_g_multiple_outputs_g_xbar_arbs_1__xbar_arb/g_input_select_g_fanout_g_slice_arbs_2__fanout_slice_arb/g_input_select_g_arbiter_g_out_buf_0__out_buf/g_eb2_out_buf   242.4240     0.4   242.4240     0.0000 0.0000 VX_pipe_buffer_1
rsp_xbar/g_multi_inputs_g_multiple_outputs_g_xbar_arbs_1__xbar_arb/g_input_select_g_fanout_g_slice_arbs_2__fanout_slice_arb/g_input_select_g_arbiter_g_out_buf_0__out_buf/g_eb2_stream_buffer  2697.2009     4.8   516.0870  2177.6039 0.0000 VX_stream_buffer_519_1_1
rsp_xbar/g_multi_inputs_g_multiple_outputs_g_xbar_arbs_1__xbar_arb/g_input_select_g_fanout_g_slice_arbs_2__fanout_slice_arb/g_input_select_g_arbiter_g_out_buf_0__out_buf/g_eb2_stream_buffer/clk_gate_g_buffer_buffer_r_reg     1.7550     0.0     0.0000     1.7550 0.0000 SNPS_CLOCK_GATE_HIGH_VX_stream_buffer_519_1_0_3
rsp_xbar/g_multi_inputs_g_multiple_outputs_g_xbar_arbs_1__xbar_arb/g_input_select_g_fanout_g_slice_arbs_2__fanout_slice_arb/g_input_select_g_arbiter_g_out_buf_0__out_buf/g_eb2_stream_buffer/clk_gate_g_buffer_data_out_r_reg     1.7550     0.0     0.0000     1.7550 0.0000 SNPS_CLOCK_GATE_HIGH_VX_stream_buffer_519_1_0_2
rsp_xbar/g_multi_inputs_g_multiple_outputs_g_xbar_arbs_1__xbar_arb/g_input_select_g_fanout_g_slice_arbs_3__fanout_slice_arb  4890.8340     8.7  1897.8571     0.0000 0.0000 VX_stream_arb_2_0
rsp_xbar/g_multi_inputs_g_multiple_outputs_g_xbar_arbs_1__xbar_arb/g_input_select_g_fanout_g_slice_arbs_3__fanout_slice_arb/g_input_select_g_arbiter_arbiter    52.0650     0.1     0.0000     0.0000 0.0000 VX_generic_arbiter_1_0
rsp_xbar/g_multi_inputs_g_multiple_outputs_g_xbar_arbs_1__xbar_arb/g_input_select_g_fanout_g_slice_arbs_3__fanout_slice_arb/g_input_select_g_arbiter_arbiter/g_round_robin_rr_arbiter    52.0650     0.1    29.1330    16.8480 0.0000 VX_rr_arbiter_1_0
rsp_xbar/g_multi_inputs_g_multiple_outputs_g_xbar_arbs_1__xbar_arb/g_input_select_g_fanout_g_slice_arbs_3__fanout_slice_arb/g_input_select_g_arbiter_arbiter/g_round_robin_rr_arbiter/clk_gate_g_model1_reqs_mask_reg     1.7550     0.0     0.0000     1.7550 0.0000 SNPS_CLOCK_GATE_HIGH_VX_rr_arbiter_1_0_1
rsp_xbar/g_multi_inputs_g_multiple_outputs_g_xbar_arbs_1__xbar_arb/g_input_select_g_fanout_g_slice_arbs_3__fanout_slice_arb/g_input_select_g_arbiter_arbiter/g_round_robin_rr_arbiter/g_model1_onehot_encoder     4.3290     0.0     4.3290     0.0000 0.0000 VX_onehot_encoder_1_0
rsp_xbar/g_multi_inputs_g_multiple_outputs_g_xbar_arbs_1__xbar_arb/g_input_select_g_fanout_g_slice_arbs_3__fanout_slice_arb/g_input_select_g_arbiter_g_out_buf_0__out_buf  2940.9119     5.3     0.0000     0.0000 0.0000 VX_elastic_buffer_519_2_1_0_0
rsp_xbar/g_multi_inputs_g_multiple_outputs_g_xbar_arbs_1__xbar_arb/g_input_select_g_fanout_g_slice_arbs_3__fanout_slice_arb/g_input_select_g_arbiter_g_out_buf_0__out_buf/g_eb2_out_buf   242.4240     0.4   242.4240     0.0000 0.0000 VX_pipe_buffer_0
rsp_xbar/g_multi_inputs_g_multiple_outputs_g_xbar_arbs_1__xbar_arb/g_input_select_g_fanout_g_slice_arbs_3__fanout_slice_arb/g_input_select_g_arbiter_g_out_buf_0__out_buf/g_eb2_stream_buffer  2698.4879     4.8   517.3740  2177.6039 0.0000 VX_stream_buffer_519_1_0
rsp_xbar/g_multi_inputs_g_multiple_outputs_g_xbar_arbs_1__xbar_arb/g_input_select_g_fanout_g_slice_arbs_3__fanout_slice_arb/g_input_select_g_arbiter_g_out_buf_0__out_buf/g_eb2_stream_buffer/clk_gate_g_buffer_buffer_r_reg     1.7550     0.0     0.0000     1.7550 0.0000 SNPS_CLOCK_GATE_HIGH_VX_stream_buffer_519_1_0_0
rsp_xbar/g_multi_inputs_g_multiple_outputs_g_xbar_arbs_1__xbar_arb/g_input_select_g_fanout_g_slice_arbs_3__fanout_slice_arb/g_input_select_g_arbiter_g_out_buf_0__out_buf/g_eb2_stream_buffer/clk_gate_g_buffer_data_out_r_reg     1.7550     0.0     0.0000     1.7550 0.0000 SNPS_CLOCK_GATE_HIGH_VX_stream_buffer_519_1_0_1
rsp_xbar/g_multi_inputs_g_multiple_outputs_rdy_in_transpose    29.9520     0.1    29.9520     0.0000 0.0000 VX_transpose_1_0
rsp_xbar/g_multi_inputs_g_multiple_outputs_val_in_transpose    29.9520     0.1    29.9520     0.0000 0.0000 VX_transpose_0
--------------------------------  ----------  -------  ----------  ----------  ------  ----------------------------------------------------------------------
Total                                                  37063.7283  18877.2475  0.0000

1
