Information: Propagating switching activity (high effort zero delay simulation). (PWR-6)
Warning: Design has unannotated primary inputs. (PWR-414)
Warning: Design has unannotated sequential cell outputs. (PWR-415)
Warning: Design has unannotated black box outputs. (PWR-428)
 
****************************************
Report : power
        -hier
        -analysis_effort high
        -verbose
Design : VX_axi_adapter
Scenario(s): mode_norm.OC_rvt_ss_0p900v_125c
Version: V-2023.12-SP5-3
Date   : Tue May 12 16:13:00 2026
****************************************


Library(s) Used:

    sc9_cmos28lpp_base_rvt_ss_nominal_max_0p900v_125c_sadhm (File: /tool/PDK/Samsung/LN28LPP_202203/PRIMITIVES/RVT/ln28lpp_sc_9t_base_rvt_c130_V1.00d/FE-Common/LIBERTY/sc9_cmos28lpp_base_rvt_ss_nominal_max_0p900v_125c_sadhm.db)


Global Operating Voltage = 0.9  
Power-specific unit information :
    Voltage Units = 1V
    Capacitance Units = 1.000000pf
    Time Units = 1ns
    Dynamic Power Units = 1mW    (derived from V,C,T units)
    Leakage Power Units = 1uW


--------------------------------------------------------------------------------
                                       Switch   Int      Leak     Total
Hierarchy                              Power    Power    Power    Power    %
--------------------------------------------------------------------------------
VX_axi_adapter                            1.494    1.053  477.653    3.025 100.0
  rsp_xbar (VX_stream_xbar_1)             1.046    0.818  296.272    2.160  71.4
    g_multi_inputs_g_multiple_outputs_g_xbar_arbs_1__xbar_arb (VX_stream_arb_1_0)    0.579    0.411  148.720    1.139  37.6
      g_input_select_g_fanout_fanout_join_arb (VX_stream_arb_3_0)    0.120 2.64e-02    8.831    0.156   5.1
        g_input_select_g_arbiter_g_out_buf_0__out_buf (VX_elastic_buffer_521_0_0_0_0) 6.15e-02 9.33e-03    3.473 7.43e-02   2.5
        g_input_select_g_arbiter_arbiter (VX_generic_arbiter_2_0) 5.73e-04 1.17e-03    0.187 1.93e-03   0.1
          g_round_robin_rr_arbiter (VX_rr_arbiter_2_0) 5.73e-04 1.17e-03    0.187 1.93e-03   0.1
            g_model1_onehot_encoder (VX_onehot_encoder_2_0) 1.94e-04 6.09e-05 1.98e-02 2.74e-04   0.0
      g_input_select_g_fanout_g_slice_arbs_3__fanout_slice_arb (VX_stream_arb_2_0)    0.132 9.10e-02   35.154    0.258   8.5
        g_input_select_g_arbiter_g_out_buf_0__out_buf (VX_elastic_buffer_519_2_1_0_0) 2.77e-02 6.91e-02   23.954    0.121   4.0
          g_eb2_out_buf (VX_pipe_buffer_0) 4.38e-03 1.95e-03    3.474 9.81e-03   0.3
          g_eb2_stream_buffer (VX_stream_buffer_519_1_0) 2.33e-02 6.71e-02   20.480    0.111   3.7
        g_input_select_g_arbiter_arbiter (VX_generic_arbiter_1_0) 1.41e-03 7.85e-04    0.367 2.56e-03   0.1
          g_round_robin_rr_arbiter (VX_rr_arbiter_1_0) 1.41e-03 7.85e-04    0.367 2.56e-03   0.1
            g_model1_onehot_encoder (VX_onehot_encoder_1_0) 9.88e-04 8.87e-05 5.17e-02 1.13e-03   0.0
      g_input_select_g_fanout_g_slice_arbs_2__fanout_slice_arb (VX_stream_arb_2_1)    0.108 9.46e-02   34.962    0.238   7.9
        g_input_select_g_arbiter_g_out_buf_0__out_buf (VX_elastic_buffer_519_2_1_0_1) 2.95e-02 7.25e-02   23.934    0.126   4.2
          g_eb2_out_buf (VX_pipe_buffer_1) 4.20e-03 2.07e-03    3.473 9.74e-03   0.3
          g_eb2_stream_buffer (VX_stream_buffer_519_1_1) 2.53e-02 7.04e-02   20.461    0.116   3.8
        g_input_select_g_arbiter_arbiter (VX_generic_arbiter_1_1) 1.68e-03 8.37e-04    0.382 2.90e-03   0.1
          g_round_robin_rr_arbiter (VX_rr_arbiter_1_1) 1.68e-03 8.37e-04    0.382 2.90e-03   0.1
            g_model1_onehot_encoder (VX_onehot_encoder_1_1) 1.26e-03 1.04e-04 6.14e-02 1.42e-03   0.0
      g_input_select_g_fanout_g_slice_arbs_1__fanout_slice_arb (VX_stream_arb_2_2) 9.81e-02 9.58e-02   34.875    0.229   7.6
        g_input_select_g_arbiter_g_out_buf_0__out_buf (VX_elastic_buffer_519_2_1_0_2) 2.92e-02 7.38e-02   23.934    0.127   4.2
          g_eb2_out_buf (VX_pipe_buffer_2) 1.78e-03 2.16e-03    3.473 7.41e-03   0.2
          g_eb2_stream_buffer (VX_stream_buffer_519_1_2) 2.74e-02 7.17e-02   20.461    0.120   4.0
        g_input_select_g_arbiter_arbiter (VX_generic_arbiter_1_2) 9.53e-04 8.32e-04    0.368 2.15e-03   0.1
          g_round_robin_rr_arbiter (VX_rr_arbiter_1_2) 9.53e-04 8.32e-04    0.368 2.15e-03   0.1
            g_model1_onehot_encoder (VX_onehot_encoder_1_2) 5.31e-04 8.64e-05 5.15e-02 6.69e-04   0.0
      g_input_select_g_fanout_g_slice_arbs_0__fanout_slice_arb (VX_stream_arb_2_3)    0.120    0.103   34.898    0.259   8.5
        g_input_select_g_arbiter_g_out_buf_0__out_buf (VX_elastic_buffer_519_2_1_0_3) 2.68e-02 8.06e-02   23.932    0.131   4.3
          g_eb2_out_buf (VX_pipe_buffer_3) 2.10e-03 2.29e-03    3.474 7.87e-03   0.3
          g_eb2_stream_buffer (VX_stream_buffer_519_1_3) 2.47e-02 7.83e-02   20.459    0.123   4.1
        g_input_select_g_arbiter_arbiter (VX_generic_arbiter_1_3) 1.25e-03 9.21e-04    0.370 2.54e-03   0.1
          g_round_robin_rr_arbiter (VX_rr_arbiter_1_3) 1.25e-03 9.21e-04    0.370 2.54e-03   0.1
            g_model1_onehot_encoder (VX_onehot_encoder_1_3) 6.59e-04 9.24e-05 5.30e-02 8.04e-04   0.0
    g_multi_inputs_g_multiple_outputs_g_xbar_arbs_0__xbar_arb (VX_stream_arb_1_1)    0.465    0.406  146.091    1.017  33.6
      g_input_select_g_fanout_fanout_join_arb (VX_stream_arb_3_1)    0.102 2.62e-02    8.819    0.137   4.5
        g_input_select_g_arbiter_g_out_buf_0__out_buf (VX_elastic_buffer_521_0_0_0_1) 3.84e-02 9.26e-03    3.473 5.11e-02   1.7
        g_input_select_g_arbiter_arbiter (VX_generic_arbiter_2_1) 5.19e-04 1.16e-03    0.187 1.87e-03   0.1
          g_round_robin_rr_arbiter (VX_rr_arbiter_2_1) 5.19e-04 1.16e-03    0.187 1.87e-03   0.1
            g_model1_onehot_encoder (VX_onehot_encoder_2_1) 1.44e-04 6.05e-05 1.99e-02 2.24e-04   0.0
      g_input_select_g_fanout_g_slice_arbs_3__fanout_slice_arb (VX_stream_arb_2_4)    0.111 9.06e-02   34.946    0.236   7.8
        g_input_select_g_arbiter_g_out_buf_0__out_buf (VX_elastic_buffer_519_2_1_0_4) 3.05e-02 6.87e-02   23.932    0.123   4.1
          g_eb2_out_buf (VX_pipe_buffer_4) 9.50e-03 1.94e-03    3.473 1.49e-02   0.5
          g_eb2_stream_buffer (VX_stream_buffer_519_1_4) 2.10e-02 6.67e-02   20.459    0.108   3.6
        g_input_select_g_arbiter_arbiter (VX_generic_arbiter_1_4) 1.38e-03 7.76e-04    0.365 2.52e-03   0.1
          g_round_robin_rr_arbiter (VX_rr_arbiter_1_4) 1.38e-03 7.76e-04    0.365 2.52e-03   0.1
            g_model1_onehot_encoder (VX_onehot_encoder_1_4) 9.68e-04 8.87e-05 5.17e-02 1.11e-03   0.0
      g_input_select_g_fanout_g_slice_arbs_2__fanout_slice_arb (VX_stream_arb_2_5) 8.33e-02 9.18e-02   34.196    0.209   6.9
        g_input_select_g_arbiter_g_out_buf_0__out_buf (VX_elastic_buffer_519_2_1_0_5) 2.97e-02 7.08e-02   23.915    0.124   4.1
          g_eb2_out_buf (VX_pipe_buffer_5) 7.22e-03 2.06e-03    3.473 1.28e-02   0.4
          g_eb2_stream_buffer (VX_stream_buffer_519_1_5) 2.25e-02 6.87e-02   20.441    0.112   3.7
        g_input_select_g_arbiter_arbiter (VX_generic_arbiter_1_5) 1.71e-03 8.29e-04    0.377 2.91e-03   0.1
          g_round_robin_rr_arbiter (VX_rr_arbiter_1_5) 1.71e-03 8.29e-04    0.377 2.91e-03   0.1
            g_model1_onehot_encoder (VX_onehot_encoder_1_5) 1.30e-03 1.02e-04 6.00e-02 1.46e-03   0.0
      g_input_select_g_fanout_g_slice_arbs_1__fanout_slice_arb (VX_stream_arb_2_6) 7.41e-02 9.50e-02   33.796    0.203   6.7
        g_input_select_g_arbiter_g_out_buf_0__out_buf (VX_elastic_buffer_519_2_1_0_6) 2.49e-02 7.45e-02   23.940    0.123   4.1
          g_eb2_out_buf (VX_pipe_buffer_6) 1.78e-03 2.11e-03    3.473 7.37e-03   0.2
          g_eb2_stream_buffer (VX_stream_buffer_519_1_6) 2.31e-02 7.24e-02   20.468    0.116   3.8
        g_input_select_g_arbiter_arbiter (VX_generic_arbiter_1_6) 9.84e-04 8.36e-04    0.367 2.19e-03   0.1
          g_round_robin_rr_arbiter (VX_rr_arbiter_1_6) 9.84e-04 8.36e-04    0.367 2.19e-03   0.1
            g_model1_onehot_encoder (VX_onehot_encoder_1_6) 5.60e-04 8.70e-05 5.17e-02 6.99e-04   0.0
      g_input_select_g_fanout_g_slice_arbs_0__fanout_slice_arb (VX_stream_arb_2_7) 9.48e-02    0.102   34.335    0.231   7.6
        g_input_select_g_arbiter_g_out_buf_0__out_buf (VX_elastic_buffer_519_2_1_0_7) 3.05e-02 8.01e-02   23.909    0.135   4.4
          g_eb2_out_buf (VX_pipe_buffer_7) 3.79e-03 2.32e-03    3.472 9.58e-03   0.3
          g_eb2_stream_buffer (VX_stream_buffer_519_1_7) 2.67e-02 7.78e-02   20.436    0.125   4.1
        g_input_select_g_arbiter_arbiter (VX_generic_arbiter_1_7) 1.16e-03 9.14e-04    0.369 2.45e-03   0.1
          g_round_robin_rr_arbiter (VX_rr_arbiter_1_7) 1.16e-03 9.14e-04    0.369 2.45e-03   0.1
            g_model1_onehot_encoder (VX_onehot_encoder_1_7) 5.91e-04 9.15e-05 5.31e-02 7.36e-04   0.0
    g_multi_inputs_g_multiple_outputs_val_in_transpose (VX_transpose_0) 6.30e-04 4.52e-04    0.411 1.49e-03   0.0
    g_multi_inputs_g_multiple_outputs_g_sel_in_demux_31__sel_in_demux (VX_demux_1_0) 7.02e-05 1.42e-05 8.96e-03 9.34e-05   0.0
    g_multi_inputs_g_multiple_outputs_g_sel_in_demux_30__sel_in_demux (VX_demux_1_1) 6.38e-05 1.40e-05 8.96e-03 8.68e-05   0.0
    g_multi_inputs_g_multiple_outputs_g_sel_in_demux_29__sel_in_demux (VX_demux_1_2) 6.00e-05 1.39e-05 8.96e-03 8.29e-05   0.0
    g_multi_inputs_g_multiple_outputs_g_sel_in_demux_28__sel_in_demux (VX_demux_1_3) 5.97e-05 1.39e-05 8.96e-03 8.26e-05   0.0
    g_multi_inputs_g_multiple_outputs_g_sel_in_demux_27__sel_in_demux (VX_demux_1_4) 6.10e-05 1.38e-05 8.96e-03 8.38e-05   0.0
    g_multi_inputs_g_multiple_outputs_g_sel_in_demux_26__sel_in_demux (VX_demux_1_5) 6.35e-05 1.41e-05 8.96e-03 8.65e-05   0.0
    g_multi_inputs_g_multiple_outputs_g_sel_in_demux_25__sel_in_demux (VX_demux_1_6) 5.71e-05 1.35e-05 8.96e-03 7.96e-05   0.0
    g_multi_inputs_g_multiple_outputs_g_sel_in_demux_24__sel_in_demux (VX_demux_1_7) 6.60e-05 1.35e-05 8.96e-03 8.84e-05   0.0
    g_multi_inputs_g_multiple_outputs_g_sel_in_demux_23__sel_in_demux (VX_demux_1_8) 1.47e-05 1.37e-05 8.96e-03 3.74e-05   0.0
    g_multi_inputs_g_multiple_outputs_g_sel_in_demux_22__sel_in_demux (VX_demux_1_9) 1.22e-05 1.37e-05 8.96e-03 3.49e-05   0.0
    g_multi_inputs_g_multiple_outputs_g_sel_in_demux_21__sel_in_demux (VX_demux_1_10) 9.66e-06 1.31e-05 8.96e-03 3.18e-05   0.0
    g_multi_inputs_g_multiple_outputs_g_sel_in_demux_20__sel_in_demux (VX_demux_1_11) 1.64e-05 1.39e-05 8.96e-03 3.92e-05   0.0
    g_multi_inputs_g_multiple_outputs_g_sel_in_demux_19__sel_in_demux (VX_demux_1_12) 1.31e-05 1.37e-05 8.96e-03 3.58e-05   0.0
    g_multi_inputs_g_multiple_outputs_g_sel_in_demux_18__sel_in_demux (VX_demux_1_13) 1.11e-05 1.34e-05 8.96e-03 3.35e-05   0.0
    g_multi_inputs_g_multiple_outputs_g_sel_in_demux_17__sel_in_demux (VX_demux_1_14) 1.82e-05 1.37e-05 8.96e-03 4.09e-05   0.0
    g_multi_inputs_g_multiple_outputs_g_sel_in_demux_16__sel_in_demux (VX_demux_1_15) 1.71e-05 1.36e-05 8.96e-03 3.96e-05   0.0
    g_multi_inputs_g_multiple_outputs_g_sel_in_demux_15__sel_in_demux (VX_demux_1_16) 1.05e-05 1.31e-05 8.96e-03 3.26e-05   0.0
    g_multi_inputs_g_multiple_outputs_g_sel_in_demux_14__sel_in_demux (VX_demux_1_17) 1.06e-05 1.37e-05 8.96e-03 3.32e-05   0.0
    g_multi_inputs_g_multiple_outputs_g_sel_in_demux_13__sel_in_demux (VX_demux_1_18) 1.20e-05 1.30e-05 8.96e-03 3.40e-05   0.0
    g_multi_inputs_g_multiple_outputs_g_sel_in_demux_12__sel_in_demux (VX_demux_1_19) 1.34e-05 1.34e-05 8.96e-03 3.58e-05   0.0
    g_multi_inputs_g_multiple_outputs_g_sel_in_demux_11__sel_in_demux (VX_demux_1_20) 1.47e-05 1.39e-05 8.96e-03 3.76e-05   0.0
    g_multi_inputs_g_multiple_outputs_g_sel_in_demux_10__sel_in_demux (VX_demux_1_21) 2.43e-05 1.33e-05 8.96e-03 4.65e-05   0.0
    g_multi_inputs_g_multiple_outputs_g_sel_in_demux_9__sel_in_demux (VX_demux_1_22) 2.17e-05 1.37e-05 8.96e-03 4.43e-05   0.0
    g_multi_inputs_g_multiple_outputs_g_sel_in_demux_8__sel_in_demux (VX_demux_1_23) 2.29e-05 1.38e-05 8.96e-03 4.57e-05   0.0
    g_multi_inputs_g_multiple_outputs_g_sel_in_demux_7__sel_in_demux (VX_demux_1_24) 1.62e-05 1.35e-05 8.96e-03 3.86e-05   0.0
    g_multi_inputs_g_multiple_outputs_g_sel_in_demux_6__sel_in_demux (VX_demux_1_25) 1.73e-05 1.39e-05 8.96e-03 4.02e-05   0.0
    g_multi_inputs_g_multiple_outputs_g_sel_in_demux_5__sel_in_demux (VX_demux_1_26) 1.70e-05 1.36e-05 8.96e-03 3.96e-05   0.0
    g_multi_inputs_g_multiple_outputs_g_sel_in_demux_4__sel_in_demux (VX_demux_1_27) 1.55e-05 1.34e-05 8.96e-03 3.78e-05   0.0
    g_multi_inputs_g_multiple_outputs_g_sel_in_demux_3__sel_in_demux (VX_demux_1_28) 1.54e-05 1.39e-05 8.96e-03 3.82e-05   0.0
    g_multi_inputs_g_multiple_outputs_g_sel_in_demux_2__sel_in_demux (VX_demux_1_29) 1.43e-05 1.37e-05 8.96e-03 3.69e-05   0.0
    g_multi_inputs_g_multiple_outputs_g_sel_in_demux_1__sel_in_demux (VX_demux_1_30) 1.40e-05 1.36e-05 8.96e-03 3.65e-05   0.0
    g_multi_inputs_g_multiple_outputs_g_sel_in_demux_0__sel_in_demux (VX_demux_1_31) 1.48e-05 1.37e-05 8.96e-03 3.74e-05   0.0
    g_multi_inputs_g_multiple_outputs_rdy_in_transpose (VX_transpose_1_0) 7.62e-05 1.62e-04    0.393 6.31e-04   0.0
  g_axi_reqs_0__axi_write_ack (VX_axi_write_ack_31) 2.79e-05 6.47e-04 5.28e-02 7.27e-04   0.0
  req_xbar (VX_stream_xbar)               0.217    0.197  145.422    0.559  18.5
    g_multi_inputs_g_multiple_outputs_g_xbar_arbs_31__xbar_arb (VX_stream_arb_0) 4.21e-03 5.59e-03    4.335 1.41e-02   0.5
      g_input_select_g_arbiter_g_out_buf_0__out_buf (VX_elastic_buffer_620_0_0_0_0) 2.90e-03 5.36e-03    4.141 1.24e-02   0.4
    g_multi_inputs_g_multiple_outputs_g_xbar_arbs_30__xbar_arb (VX_stream_arb_4) 4.33e-03 5.58e-03    4.335 1.42e-02   0.5
      g_input_select_g_arbiter_g_out_buf_0__out_buf (VX_elastic_buffer_620_0_0_0_1) 2.91e-03 5.36e-03    4.141 1.24e-02   0.4
    g_multi_inputs_g_multiple_outputs_g_xbar_arbs_29__xbar_arb (VX_stream_arb_5) 4.26e-03 5.58e-03    4.335 1.42e-02   0.5
      g_input_select_g_arbiter_g_out_buf_0__out_buf (VX_elastic_buffer_620_0_0_0_2) 2.91e-03 5.36e-03    4.141 1.24e-02   0.4
    g_multi_inputs_g_multiple_outputs_g_xbar_arbs_28__xbar_arb (VX_stream_arb_6) 4.23e-03 5.58e-03    4.335 1.41e-02   0.5
      g_input_select_g_arbiter_g_out_buf_0__out_buf (VX_elastic_buffer_620_0_0_0_3) 2.87e-03 5.36e-03    4.141 1.24e-02   0.4
    g_multi_inputs_g_multiple_outputs_g_xbar_arbs_27__xbar_arb (VX_stream_arb_7) 4.32e-03 5.58e-03    4.335 1.42e-02   0.5
      g_input_select_g_arbiter_g_out_buf_0__out_buf (VX_elastic_buffer_620_0_0_0_4) 2.76e-03 5.36e-03    4.141 1.23e-02   0.4
    g_multi_inputs_g_multiple_outputs_g_xbar_arbs_26__xbar_arb (VX_stream_arb_8) 4.20e-03 5.58e-03    4.335 1.41e-02   0.5
      g_input_select_g_arbiter_g_out_buf_0__out_buf (VX_elastic_buffer_620_0_0_0_5) 2.75e-03 5.36e-03    4.141 1.23e-02   0.4
    g_multi_inputs_g_multiple_outputs_g_xbar_arbs_25__xbar_arb (VX_stream_arb_9) 4.26e-03 5.58e-03    4.335 1.42e-02   0.5
      g_input_select_g_arbiter_g_out_buf_0__out_buf (VX_elastic_buffer_620_0_0_0_6) 2.76e-03 5.36e-03    4.141 1.23e-02   0.4
    g_multi_inputs_g_multiple_outputs_g_xbar_arbs_24__xbar_arb (VX_stream_arb_10) 4.24e-03 5.58e-03    4.335 1.42e-02   0.5
      g_input_select_g_arbiter_g_out_buf_0__out_buf (VX_elastic_buffer_620_0_0_0_7) 2.86e-03 5.36e-03    4.141 1.24e-02   0.4
    g_multi_inputs_g_multiple_outputs_g_xbar_arbs_23__xbar_arb (VX_stream_arb_11) 4.24e-03 5.58e-03    4.335 1.42e-02   0.5
      g_input_select_g_arbiter_g_out_buf_0__out_buf (VX_elastic_buffer_620_0_0_0_8) 2.76e-03 5.36e-03    4.141 1.23e-02   0.4
    g_multi_inputs_g_multiple_outputs_g_xbar_arbs_22__xbar_arb (VX_stream_arb_12) 4.27e-03 5.58e-03    4.335 1.42e-02   0.5
      g_input_select_g_arbiter_g_out_buf_0__out_buf (VX_elastic_buffer_620_0_0_0_9) 2.90e-03 5.36e-03    4.141 1.24e-02   0.4
    g_multi_inputs_g_multiple_outputs_g_xbar_arbs_21__xbar_arb (VX_stream_arb_13) 4.20e-03 5.58e-03    4.335 1.41e-02   0.5
      g_input_select_g_arbiter_g_out_buf_0__out_buf (VX_elastic_buffer_620_0_0_0_10) 2.90e-03 5.36e-03    4.141 1.24e-02   0.4
    g_multi_inputs_g_multiple_outputs_g_xbar_arbs_20__xbar_arb (VX_stream_arb_14) 4.24e-03 5.58e-03    4.335 1.42e-02   0.5
      g_input_select_g_arbiter_g_out_buf_0__out_buf (VX_elastic_buffer_620_0_0_0_11) 2.90e-03 5.36e-03    4.141 1.24e-02   0.4
    g_multi_inputs_g_multiple_outputs_g_xbar_arbs_19__xbar_arb (VX_stream_arb_15) 4.23e-03 5.58e-03    4.335 1.41e-02   0.5
      g_input_select_g_arbiter_g_out_buf_0__out_buf (VX_elastic_buffer_620_0_0_0_12) 2.72e-03 5.36e-03    4.141 1.22e-02   0.4
    g_multi_inputs_g_multiple_outputs_g_xbar_arbs_18__xbar_arb (VX_stream_arb_16) 4.08e-03 5.59e-03    4.341 1.40e-02   0.5
      g_input_select_g_arbiter_g_out_buf_0__out_buf (VX_elastic_buffer_620_0_0_0_13) 2.70e-03 5.36e-03    4.141 1.22e-02   0.4
    g_multi_inputs_g_multiple_outputs_g_xbar_arbs_17__xbar_arb (VX_stream_arb_17) 4.11e-03 5.59e-03    4.341 1.40e-02   0.5
      g_input_select_g_arbiter_g_out_buf_0__out_buf (VX_elastic_buffer_620_0_0_0_14) 2.70e-03 5.36e-03    4.141 1.22e-02   0.4
    g_multi_inputs_g_multiple_outputs_g_xbar_arbs_16__xbar_arb (VX_stream_arb_18) 4.18e-03 5.59e-03    4.341 1.41e-02   0.5
      g_input_select_g_arbiter_g_out_buf_0__out_buf (VX_elastic_buffer_620_0_0_0_15) 2.83e-03 5.36e-03    4.141 1.23e-02   0.4
    g_multi_inputs_g_multiple_outputs_g_xbar_arbs_15__xbar_arb (VX_stream_arb_19) 4.21e-03 5.59e-03    4.341 1.41e-02   0.5
      g_input_select_g_arbiter_g_out_buf_0__out_buf (VX_elastic_buffer_620_0_0_0_16) 2.82e-03 5.36e-03    4.141 1.23e-02   0.4
    g_multi_inputs_g_multiple_outputs_g_xbar_arbs_14__xbar_arb (VX_stream_arb_20) 4.07e-03 5.59e-03    4.341 1.40e-02   0.5
      g_input_select_g_arbiter_g_out_buf_0__out_buf (VX_elastic_buffer_620_0_0_0_17) 2.70e-03 5.36e-03    4.141 1.22e-02   0.4
    g_multi_inputs_g_multiple_outputs_g_xbar_arbs_13__xbar_arb (VX_stream_arb_21) 4.12e-03 5.59e-03    4.341 1.41e-02   0.5
      g_input_select_g_arbiter_g_out_buf_0__out_buf (VX_elastic_buffer_620_0_0_0_18) 2.70e-03 5.36e-03    4.141 1.22e-02   0.4
    g_multi_inputs_g_multiple_outputs_g_xbar_arbs_12__xbar_arb (VX_stream_arb_22) 4.12e-03 5.59e-03    4.341 1.41e-02   0.5
      g_input_select_g_arbiter_g_out_buf_0__out_buf (VX_elastic_buffer_620_0_0_0_19) 2.82e-03 5.36e-03    4.141 1.23e-02   0.4
    g_multi_inputs_g_multiple_outputs_g_xbar_arbs_11__xbar_arb (VX_stream_arb_23) 4.12e-03 5.59e-03    4.341 1.40e-02   0.5
      g_input_select_g_arbiter_g_out_buf_0__out_buf (VX_elastic_buffer_620_0_0_0_20) 2.82e-03 5.36e-03    4.141 1.23e-02   0.4
    g_multi_inputs_g_multiple_outputs_g_xbar_arbs_10__xbar_arb (VX_stream_arb_24) 4.13e-03 5.60e-03    4.341 1.41e-02   0.5
      g_input_select_g_arbiter_g_out_buf_0__out_buf (VX_elastic_buffer_620_0_0_0_21) 2.80e-03 5.36e-03    4.141 1.23e-02   0.4
    g_multi_inputs_g_multiple_outputs_g_xbar_arbs_9__xbar_arb (VX_stream_arb_25) 4.16e-03 5.59e-03    4.341 1.41e-02   0.5
      g_input_select_g_arbiter_g_out_buf_0__out_buf (VX_elastic_buffer_620_0_0_0_22) 2.83e-03 5.36e-03    4.141 1.23e-02   0.4
    g_multi_inputs_g_multiple_outputs_g_xbar_arbs_8__xbar_arb (VX_stream_arb_26) 4.16e-03 5.59e-03    4.341 1.41e-02   0.5
      g_input_select_g_arbiter_g_out_buf_0__out_buf (VX_elastic_buffer_620_0_0_0_23) 2.70e-03 5.36e-03    4.141 1.22e-02   0.4
    g_multi_inputs_g_multiple_outputs_g_xbar_arbs_7__xbar_arb (VX_stream_arb_27) 4.13e-03 5.59e-03    4.341 1.41e-02   0.5
      g_input_select_g_arbiter_g_out_buf_0__out_buf (VX_elastic_buffer_620_0_0_0_24) 2.83e-03 5.36e-03    4.141 1.23e-02   0.4
    g_multi_inputs_g_multiple_outputs_g_xbar_arbs_6__xbar_arb (VX_stream_arb_28) 4.09e-03 5.59e-03    4.341 1.40e-02   0.5
      g_input_select_g_arbiter_g_out_buf_0__out_buf (VX_elastic_buffer_620_0_0_0_25) 2.81e-03 5.36e-03    4.141 1.23e-02   0.4
    g_multi_inputs_g_multiple_outputs_g_xbar_arbs_5__xbar_arb (VX_stream_arb_29) 4.76e-03 5.59e-03    4.341 1.47e-02   0.5
      g_input_select_g_arbiter_g_out_buf_0__out_buf (VX_elastic_buffer_620_0_0_0_26) 2.87e-03 5.36e-03    4.141 1.24e-02   0.4
    g_multi_inputs_g_multiple_outputs_g_xbar_arbs_4__xbar_arb (VX_stream_arb_30) 4.81e-03 5.59e-03    4.341 1.47e-02   0.5
      g_input_select_g_arbiter_g_out_buf_0__out_buf (VX_elastic_buffer_620_0_0_0_27) 2.83e-03 5.36e-03    4.141 1.23e-02   0.4
    g_multi_inputs_g_multiple_outputs_g_xbar_arbs_3__xbar_arb (VX_stream_arb_31) 4.73e-03 5.59e-03    4.341 1.47e-02   0.5
      g_input_select_g_arbiter_g_out_buf_0__out_buf (VX_elastic_buffer_620_0_0_0_28) 2.84e-03 5.36e-03    4.141 1.23e-02   0.4
    g_multi_inputs_g_multiple_outputs_g_xbar_arbs_2__xbar_arb (VX_stream_arb_32) 4.98e-03 5.59e-03    4.341 1.49e-02   0.5
      g_input_select_g_arbiter_g_out_buf_0__out_buf (VX_elastic_buffer_620_0_0_0_29) 3.00e-03 5.36e-03    4.141 1.25e-02   0.4
    g_multi_inputs_g_multiple_outputs_g_xbar_arbs_1__xbar_arb (VX_stream_arb_33) 4.90e-03 5.59e-03    4.341 1.48e-02   0.5
      g_input_select_g_arbiter_g_out_buf_0__out_buf (VX_elastic_buffer_620_0_0_0_30) 2.98e-03 5.36e-03    4.141 1.25e-02   0.4
    g_multi_inputs_g_multiple_outputs_g_xbar_arbs_0__xbar_arb (VX_stream_arb_34) 5.38e-02 2.23e-02    9.916 8.60e-02   2.8
      g_input_select_g_arbiter_g_out_buf_0__out_buf (VX_elastic_buffer_620_0_0_0_31) 3.62e-02 8.41e-03    4.167 4.88e-02   1.6
      g_input_select_g_arbiter_arbiter (VX_generic_arbiter_33) 1.85e-04 7.10e-04 8.03e-02 9.76e-04   0.0
        g_round_robin_rr_arbiter (VX_rr_arbiter_33) 1.85e-04 7.10e-04 8.03e-02 9.76e-04   0.0
          g_model1_onehot_encoder (VX_onehot_encoder_33) 1.15e-05 2.09e-05 1.19e-02 4.44e-05   0.0
    g_multi_inputs_g_multiple_outputs_val_in_transpose (VX_transpose_1_1) 1.41e-05 1.54e-05 1.34e-02 4.29e-05   0.0
    g_multi_inputs_g_multiple_outputs_g_sel_in_demux_1__sel_in_demux (VX_demux_0) 3.24e-06 7.38e-06 6.70e-03 1.73e-05   0.0
    g_multi_inputs_g_multiple_outputs_g_sel_in_demux_0__sel_in_demux (VX_demux_2) 3.67e-06 7.38e-06 6.70e-03 1.78e-05   0.0
    g_multi_inputs_g_multiple_outputs_rdy_in_transpose (VX_transpose_2) 2.47e-05 2.38e-05 1.26e-02 6.11e-05   0.0
  g_tag_buf_1__g_enabled_tag_buf (VX_index_buffer_0) 7.51e-03 1.11e-02    6.313 2.49e-02   0.8
    data_table (VX_dp_ram_0)           4.22e-03 7.40e-03    5.527 1.71e-02   0.6
      g_async_g_bram_async_ram_patch (VX_async_ram_patch_16_16_1_1_1_0_0_1_0__0000_0) 4.22e-03 7.40e-03    5.527 1.71e-02   0.6
        g_async_ram_placeholder2 (VX_placeholder_1) 9.40e-05    0.000    0.000 9.40e-05   0.0
        placeholder1 (VX_placeholder)  1.51e-05    0.000    0.000 1.51e-05   0.0
    allocator (VX_allocator_0)         7.46e-04 3.55e-03    0.678 4.97e-03   0.2
      free_slots_sel (VX_priority_encoder_0) 1.55e-05 1.60e-05 6.76e-02 9.91e-05   0.0
        g_lsb_g_model1_lzc (VX_lzc_0)  1.55e-05 1.60e-05 6.76e-02 9.91e-05   0.0
          g_lzc_find_first (VX_find_first_16_4_0_0) 1.55e-05 1.60e-05 6.76e-02 9.91e-05   0.0
  g_tag_buf_0__g_enabled_tag_buf (VX_index_buffer_1) 7.04e-03 1.11e-02    6.322 2.44e-02   0.8
    data_table (VX_dp_ram_1)           3.94e-03 7.38e-03    5.536 1.69e-02   0.6
      g_async_g_bram_async_ram_patch (VX_async_ram_patch_16_16_1_1_1_0_0_1_0__0000_1) 3.94e-03 7.38e-03    5.536 1.69e-02   0.6
        g_async_ram_placeholder2 (VX_placeholder_1) 9.23e-05    0.000    0.000 9.23e-05   0.0
        placeholder1 (VX_placeholder)  1.64e-05    0.000    0.000 1.64e-05   0.0
    allocator (VX_allocator_1)         7.37e-04 3.57e-03    0.678 4.98e-03   0.2
      free_slots_sel (VX_priority_encoder_1) 1.59e-05 1.66e-05 6.78e-02 1.00e-04   0.0
        g_lsb_g_model1_lzc (VX_lzc_1)  1.59e-05 1.66e-05 6.78e-02 1.00e-04   0.0
          g_lzc_find_first (VX_find_first_16_4_0_1) 1.59e-05 1.66e-05 6.78e-02 1.00e-04   0.0
1
