 
****************************************
Report : timing
        -path full
        -delay max
        -nets
        -max_paths 10
        -transition_time
Design : VX_mem_arb__c3b8961ac049
Scenario(s): mode_norm.OC_rvt_ss_0p900v_125c
Version: V-2023.12-SP5-3
Date   : Fri Jul 31 12:28:12 2026
****************************************

 * Some/all delay information is back-annotated.
Wire Load Model Mode: Inactive.

  Startpoint: bus_out_if_0__rsp_data[73]
              (input port clocked by CLK)
  Endpoint: bus_in_if_0__rsp_data[73]
            (output port clocked by CLK)
  Scenario: mode_norm.OC_rvt_ss_0p900v_125c
  Path Group: FEEDTHROUGH
  Path Type: max

Attributes:
    d - dont_touch
    u - dont_use
   mo - map_only
   so - size_only
    i - ideal_net or ideal_network
  inf - infeasible path

  Point                                                                                 Fanout     Trans      Incr       Path      Attributes     Voltage
  -------------------------------------------------------------------------------------------------------------------------------------------------------------
  clock CLK (rise edge)                                                                                       0.00       0.00                     
  clock network delay (ideal)                                                                                 0.00       0.00                     
  input external delay                                                                                        0.00       0.00 r                   
  bus_out_if_0__rsp_data[73] (in)                                                                   0.14      0.08       0.08 r                   
  bus_out_if_0__rsp_data[73] (net)                                                        1                   0.00       0.08 r                   
  g_rsp_arb_req_arb/data_in[73] (VX_stream_arb_9)                                                             0.00       0.08 r                   
  g_rsp_arb_req_arb/data_in[73] (net)                                                                         0.00       0.08 r                   
  g_rsp_arb_req_arb/g_passthru_g_out_buf_0__out_buf/data_in[73] (VX_elastic_buffer_518_0_0_0)                 0.00       0.08 r                   
  g_rsp_arb_req_arb/g_passthru_g_out_buf_0__out_buf/data_in[73] (net)                                         0.00       0.08 r                   
  g_rsp_arb_req_arb/g_passthru_g_out_buf_0__out_buf/U27/Y (BUF_X1M_A9TR)                            0.06      0.09 *     0.17 r                   0.90
  g_rsp_arb_req_arb/g_passthru_g_out_buf_0__out_buf/data_out[73] (net)                    1                   0.00       0.17 r                   
  g_rsp_arb_req_arb/g_passthru_g_out_buf_0__out_buf/data_out[73] (VX_elastic_buffer_518_0_0_0)                0.00       0.17 r                   
  g_rsp_arb_req_arb/data_out[73] (net)                                                                        0.00       0.17 r                   
  g_rsp_arb_req_arb/data_out[73] (VX_stream_arb_9)                                                            0.00       0.17 r                   
  bus_in_if_0__rsp_data[73] (net)                                                                             0.00       0.17 r                   
  bus_in_if_0__rsp_data[73] (out)                                                                   0.06      0.00 *     0.17 r                   
  data arrival time                                                                                                      0.17                     

  clock CLK (rise edge)                                                                                       9.90       9.90                     
  clock network delay (ideal)                                                                                 0.00       9.90                     
  output external delay                                                                                       0.00       9.90                     
  data required time                                                                                                     9.90                     
  -------------------------------------------------------------------------------------------------------------------------------------------------------------
  data required time                                                                                                     9.90                     
  data arrival time                                                                                                     -0.17                     
  -------------------------------------------------------------------------------------------------------------------------------------------------------------
  slack (MET)                                                                                                            9.73                     


  Startpoint: bus_out_if_0__rsp_data[21]
              (input port clocked by CLK)
  Endpoint: bus_in_if_0__rsp_data[21]
            (output port clocked by CLK)
  Scenario: mode_norm.OC_rvt_ss_0p900v_125c
  Path Group: FEEDTHROUGH
  Path Type: max

Attributes:
    d - dont_touch
    u - dont_use
   mo - map_only
   so - size_only
    i - ideal_net or ideal_network
  inf - infeasible path

  Point                                                                                 Fanout     Trans      Incr       Path      Attributes     Voltage
  -------------------------------------------------------------------------------------------------------------------------------------------------------------
  clock CLK (rise edge)                                                                                       0.00       0.00                     
  clock network delay (ideal)                                                                                 0.00       0.00                     
  input external delay                                                                                        0.00       0.00 r                   
  bus_out_if_0__rsp_data[21] (in)                                                                   0.14      0.08       0.08 r                   
  bus_out_if_0__rsp_data[21] (net)                                                        1                   0.00       0.08 r                   
  g_rsp_arb_req_arb/data_in[21] (VX_stream_arb_9)                                                             0.00       0.08 r                   
  g_rsp_arb_req_arb/data_in[21] (net)                                                                         0.00       0.08 r                   
  g_rsp_arb_req_arb/g_passthru_g_out_buf_0__out_buf/data_in[21] (VX_elastic_buffer_518_0_0_0)                 0.00       0.08 r                   
  g_rsp_arb_req_arb/g_passthru_g_out_buf_0__out_buf/data_in[21] (net)                                         0.00       0.08 r                   
  g_rsp_arb_req_arb/g_passthru_g_out_buf_0__out_buf/U32/Y (BUF_X1M_A9TR)                            0.06      0.09 *     0.17 r                   0.90
  g_rsp_arb_req_arb/g_passthru_g_out_buf_0__out_buf/data_out[21] (net)                    1                   0.00       0.17 r                   
  g_rsp_arb_req_arb/g_passthru_g_out_buf_0__out_buf/data_out[21] (VX_elastic_buffer_518_0_0_0)                0.00       0.17 r                   
  g_rsp_arb_req_arb/data_out[21] (net)                                                                        0.00       0.17 r                   
  g_rsp_arb_req_arb/data_out[21] (VX_stream_arb_9)                                                            0.00       0.17 r                   
  bus_in_if_0__rsp_data[21] (net)                                                                             0.00       0.17 r                   
  bus_in_if_0__rsp_data[21] (out)                                                                   0.06      0.00 *     0.17 r                   
  data arrival time                                                                                                      0.17                     

  clock CLK (rise edge)                                                                                       9.90       9.90                     
  clock network delay (ideal)                                                                                 0.00       9.90                     
  output external delay                                                                                       0.00       9.90                     
  data required time                                                                                                     9.90                     
  -------------------------------------------------------------------------------------------------------------------------------------------------------------
  data required time                                                                                                     9.90                     
  data arrival time                                                                                                     -0.17                     
  -------------------------------------------------------------------------------------------------------------------------------------------------------------
  slack (MET)                                                                                                            9.73                     


  Startpoint: bus_out_if_0__rsp_data[35]
              (input port clocked by CLK)
  Endpoint: bus_in_if_0__rsp_data[35]
            (output port clocked by CLK)
  Scenario: mode_norm.OC_rvt_ss_0p900v_125c
  Path Group: FEEDTHROUGH
  Path Type: max

Attributes:
    d - dont_touch
    u - dont_use
   mo - map_only
   so - size_only
    i - ideal_net or ideal_network
  inf - infeasible path

  Point                                                                                 Fanout     Trans      Incr       Path      Attributes     Voltage
  -------------------------------------------------------------------------------------------------------------------------------------------------------------
  clock CLK (rise edge)                                                                                       0.00       0.00                     
  clock network delay (ideal)                                                                                 0.00       0.00                     
  input external delay                                                                                        0.00       0.00 r                   
  bus_out_if_0__rsp_data[35] (in)                                                                   0.14      0.08       0.08 r                   
  bus_out_if_0__rsp_data[35] (net)                                                        1                   0.00       0.08 r                   
  g_rsp_arb_req_arb/data_in[35] (VX_stream_arb_9)                                                             0.00       0.08 r                   
  g_rsp_arb_req_arb/data_in[35] (net)                                                                         0.00       0.08 r                   
  g_rsp_arb_req_arb/g_passthru_g_out_buf_0__out_buf/data_in[35] (VX_elastic_buffer_518_0_0_0)                 0.00       0.08 r                   
  g_rsp_arb_req_arb/g_passthru_g_out_buf_0__out_buf/data_in[35] (net)                                         0.00       0.08 r                   
  g_rsp_arb_req_arb/g_passthru_g_out_buf_0__out_buf/U34/Y (BUF_X1M_A9TR)                            0.06      0.09 *     0.17 r                   0.90
  g_rsp_arb_req_arb/g_passthru_g_out_buf_0__out_buf/data_out[35] (net)                    1                   0.00       0.17 r                   
  g_rsp_arb_req_arb/g_passthru_g_out_buf_0__out_buf/data_out[35] (VX_elastic_buffer_518_0_0_0)                0.00       0.17 r                   
  g_rsp_arb_req_arb/data_out[35] (net)                                                                        0.00       0.17 r                   
  g_rsp_arb_req_arb/data_out[35] (VX_stream_arb_9)                                                            0.00       0.17 r                   
  bus_in_if_0__rsp_data[35] (net)                                                                             0.00       0.17 r                   
  bus_in_if_0__rsp_data[35] (out)                                                                   0.06      0.00 *     0.17 r                   
  data arrival time                                                                                                      0.17                     

  clock CLK (rise edge)                                                                                       9.90       9.90                     
  clock network delay (ideal)                                                                                 0.00       9.90                     
  output external delay                                                                                       0.00       9.90                     
  data required time                                                                                                     9.90                     
  -------------------------------------------------------------------------------------------------------------------------------------------------------------
  data required time                                                                                                     9.90                     
  data arrival time                                                                                                     -0.17                     
  -------------------------------------------------------------------------------------------------------------------------------------------------------------
  slack (MET)                                                                                                            9.73                     


  Startpoint: bus_out_if_0__rsp_data[193]
              (input port clocked by CLK)
  Endpoint: bus_in_if_0__rsp_data[193]
            (output port clocked by CLK)
  Scenario: mode_norm.OC_rvt_ss_0p900v_125c
  Path Group: FEEDTHROUGH
  Path Type: max

Attributes:
    d - dont_touch
    u - dont_use
   mo - map_only
   so - size_only
    i - ideal_net or ideal_network
  inf - infeasible path

  Point                                                                                  Fanout     Trans      Incr       Path      Attributes     Voltage
  --------------------------------------------------------------------------------------------------------------------------------------------------------------
  clock CLK (rise edge)                                                                                        0.00       0.00                     
  clock network delay (ideal)                                                                                  0.00       0.00                     
  input external delay                                                                                         0.00       0.00 r                   
  bus_out_if_0__rsp_data[193] (in)                                                                   0.14      0.07       0.07 r                   
  bus_out_if_0__rsp_data[193] (net)                                                        1                   0.00       0.07 r                   
  g_rsp_arb_req_arb/data_in[193] (VX_stream_arb_9)                                                             0.00       0.07 r                   
  g_rsp_arb_req_arb/data_in[193] (net)                                                                         0.00       0.07 r                   
  g_rsp_arb_req_arb/g_passthru_g_out_buf_0__out_buf/data_in[193] (VX_elastic_buffer_518_0_0_0)                 0.00       0.07 r                   
  g_rsp_arb_req_arb/g_passthru_g_out_buf_0__out_buf/data_in[193] (net)                                         0.00       0.07 r                   
  g_rsp_arb_req_arb/g_passthru_g_out_buf_0__out_buf/U25/Y (BUF_X1M_A9TR)                             0.06      0.09 *     0.16 r                   0.90
  g_rsp_arb_req_arb/g_passthru_g_out_buf_0__out_buf/data_out[193] (net)                    1                   0.00       0.16 r                   
  g_rsp_arb_req_arb/g_passthru_g_out_buf_0__out_buf/data_out[193] (VX_elastic_buffer_518_0_0_0)                0.00       0.16 r                   
  g_rsp_arb_req_arb/data_out[193] (net)                                                                        0.00       0.16 r                   
  g_rsp_arb_req_arb/data_out[193] (VX_stream_arb_9)                                                            0.00       0.16 r                   
  bus_in_if_0__rsp_data[193] (net)                                                                             0.00       0.16 r                   
  bus_in_if_0__rsp_data[193] (out)                                                                   0.06      0.00 *     0.17 r                   
  data arrival time                                                                                                       0.17                     

  clock CLK (rise edge)                                                                                        9.90       9.90                     
  clock network delay (ideal)                                                                                  0.00       9.90                     
  output external delay                                                                                        0.00       9.90                     
  data required time                                                                                                      9.90                     
  --------------------------------------------------------------------------------------------------------------------------------------------------------------
  data required time                                                                                                      9.90                     
  data arrival time                                                                                                      -0.17                     
  --------------------------------------------------------------------------------------------------------------------------------------------------------------
  slack (MET)                                                                                                             9.73                     


  Startpoint: bus_out_if_0__rsp_data[24]
              (input port clocked by CLK)
  Endpoint: bus_in_if_0__rsp_data[24]
            (output port clocked by CLK)
  Scenario: mode_norm.OC_rvt_ss_0p900v_125c
  Path Group: FEEDTHROUGH
  Path Type: max

Attributes:
    d - dont_touch
    u - dont_use
   mo - map_only
   so - size_only
    i - ideal_net or ideal_network
  inf - infeasible path

  Point                                                                                 Fanout     Trans      Incr       Path      Attributes     Voltage
  -------------------------------------------------------------------------------------------------------------------------------------------------------------
  clock CLK (rise edge)                                                                                       0.00       0.00                     
  clock network delay (ideal)                                                                                 0.00       0.00                     
  input external delay                                                                                        0.00       0.00 r                   
  bus_out_if_0__rsp_data[24] (in)                                                                   0.14      0.07       0.07 r                   
  bus_out_if_0__rsp_data[24] (net)                                                        1                   0.00       0.07 r                   
  g_rsp_arb_req_arb/data_in[24] (VX_stream_arb_9)                                                             0.00       0.07 r                   
  g_rsp_arb_req_arb/data_in[24] (net)                                                                         0.00       0.07 r                   
  g_rsp_arb_req_arb/g_passthru_g_out_buf_0__out_buf/data_in[24] (VX_elastic_buffer_518_0_0_0)                 0.00       0.07 r                   
  g_rsp_arb_req_arb/g_passthru_g_out_buf_0__out_buf/data_in[24] (net)                                         0.00       0.07 r                   
  g_rsp_arb_req_arb/g_passthru_g_out_buf_0__out_buf/U33/Y (BUF_X1M_A9TR)                            0.06      0.09 *     0.16 r                   0.90
  g_rsp_arb_req_arb/g_passthru_g_out_buf_0__out_buf/data_out[24] (net)                    1                   0.00       0.16 r                   
  g_rsp_arb_req_arb/g_passthru_g_out_buf_0__out_buf/data_out[24] (VX_elastic_buffer_518_0_0_0)                0.00       0.16 r                   
  g_rsp_arb_req_arb/data_out[24] (net)                                                                        0.00       0.16 r                   
  g_rsp_arb_req_arb/data_out[24] (VX_stream_arb_9)                                                            0.00       0.16 r                   
  bus_in_if_0__rsp_data[24] (net)                                                                             0.00       0.16 r                   
  bus_in_if_0__rsp_data[24] (out)                                                                   0.06      0.00 *     0.16 r                   
  data arrival time                                                                                                      0.16                     

  clock CLK (rise edge)                                                                                       9.90       9.90                     
  clock network delay (ideal)                                                                                 0.00       9.90                     
  output external delay                                                                                       0.00       9.90                     
  data required time                                                                                                     9.90                     
  -------------------------------------------------------------------------------------------------------------------------------------------------------------
  data required time                                                                                                     9.90                     
  data arrival time                                                                                                     -0.16                     
  -------------------------------------------------------------------------------------------------------------------------------------------------------------
  slack (MET)                                                                                                            9.74                     


  Startpoint: bus_out_if_0__rsp_data[90]
              (input port clocked by CLK)
  Endpoint: bus_in_if_0__rsp_data[90]
            (output port clocked by CLK)
  Scenario: mode_norm.OC_rvt_ss_0p900v_125c
  Path Group: FEEDTHROUGH
  Path Type: max

Attributes:
    d - dont_touch
    u - dont_use
   mo - map_only
   so - size_only
    i - ideal_net or ideal_network
  inf - infeasible path

  Point                                                                                 Fanout     Trans      Incr       Path      Attributes     Voltage
  -------------------------------------------------------------------------------------------------------------------------------------------------------------
  clock CLK (rise edge)                                                                                       0.00       0.00                     
  clock network delay (ideal)                                                                                 0.00       0.00                     
  input external delay                                                                                        0.00       0.00 r                   
  bus_out_if_0__rsp_data[90] (in)                                                                   0.14      0.07       0.07 r                   
  bus_out_if_0__rsp_data[90] (net)                                                        1                   0.00       0.07 r                   
  g_rsp_arb_req_arb/data_in[90] (VX_stream_arb_9)                                                             0.00       0.07 r                   
  g_rsp_arb_req_arb/data_in[90] (net)                                                                         0.00       0.07 r                   
  g_rsp_arb_req_arb/g_passthru_g_out_buf_0__out_buf/data_in[90] (VX_elastic_buffer_518_0_0_0)                 0.00       0.07 r                   
  g_rsp_arb_req_arb/g_passthru_g_out_buf_0__out_buf/data_in[90] (net)                                         0.00       0.07 r                   
  g_rsp_arb_req_arb/g_passthru_g_out_buf_0__out_buf/U28/Y (BUF_X1M_A9TR)                            0.06      0.09 *     0.16 r                   0.90
  g_rsp_arb_req_arb/g_passthru_g_out_buf_0__out_buf/data_out[90] (net)                    1                   0.00       0.16 r                   
  g_rsp_arb_req_arb/g_passthru_g_out_buf_0__out_buf/data_out[90] (VX_elastic_buffer_518_0_0_0)                0.00       0.16 r                   
  g_rsp_arb_req_arb/data_out[90] (net)                                                                        0.00       0.16 r                   
  g_rsp_arb_req_arb/data_out[90] (VX_stream_arb_9)                                                            0.00       0.16 r                   
  bus_in_if_0__rsp_data[90] (net)                                                                             0.00       0.16 r                   
  bus_in_if_0__rsp_data[90] (out)                                                                   0.06      0.00 *     0.16 r                   
  data arrival time                                                                                                      0.16                     

  clock CLK (rise edge)                                                                                       9.90       9.90                     
  clock network delay (ideal)                                                                                 0.00       9.90                     
  output external delay                                                                                       0.00       9.90                     
  data required time                                                                                                     9.90                     
  -------------------------------------------------------------------------------------------------------------------------------------------------------------
  data required time                                                                                                     9.90                     
  data arrival time                                                                                                     -0.16                     
  -------------------------------------------------------------------------------------------------------------------------------------------------------------
  slack (MET)                                                                                                            9.74                     


  Startpoint: bus_out_if_0__rsp_data[227]
              (input port clocked by CLK)
  Endpoint: bus_in_if_0__rsp_data[227]
            (output port clocked by CLK)
  Scenario: mode_norm.OC_rvt_ss_0p900v_125c
  Path Group: FEEDTHROUGH
  Path Type: max

Attributes:
    d - dont_touch
    u - dont_use
   mo - map_only
   so - size_only
    i - ideal_net or ideal_network
  inf - infeasible path

  Point                                                                                  Fanout     Trans      Incr       Path      Attributes     Voltage
  --------------------------------------------------------------------------------------------------------------------------------------------------------------
  clock CLK (rise edge)                                                                                        0.00       0.00                     
  clock network delay (ideal)                                                                                  0.00       0.00                     
  input external delay                                                                                         0.00       0.00 r                   
  bus_out_if_0__rsp_data[227] (in)                                                                   0.14      0.07       0.07 r                   
  bus_out_if_0__rsp_data[227] (net)                                                        1                   0.00       0.07 r                   
  g_rsp_arb_req_arb/data_in[227] (VX_stream_arb_9)                                                             0.00       0.07 r                   
  g_rsp_arb_req_arb/data_in[227] (net)                                                                         0.00       0.07 r                   
  g_rsp_arb_req_arb/g_passthru_g_out_buf_0__out_buf/data_in[227] (VX_elastic_buffer_518_0_0_0)                 0.00       0.07 r                   
  g_rsp_arb_req_arb/g_passthru_g_out_buf_0__out_buf/data_in[227] (net)                                         0.00       0.07 r                   
  g_rsp_arb_req_arb/g_passthru_g_out_buf_0__out_buf/U20/Y (BUF_X1M_A9TR)                             0.06      0.09 *     0.16 r                   0.90
  g_rsp_arb_req_arb/g_passthru_g_out_buf_0__out_buf/data_out[227] (net)                    1                   0.00       0.16 r                   
  g_rsp_arb_req_arb/g_passthru_g_out_buf_0__out_buf/data_out[227] (VX_elastic_buffer_518_0_0_0)                0.00       0.16 r                   
  g_rsp_arb_req_arb/data_out[227] (net)                                                                        0.00       0.16 r                   
  g_rsp_arb_req_arb/data_out[227] (VX_stream_arb_9)                                                            0.00       0.16 r                   
  bus_in_if_0__rsp_data[227] (net)                                                                             0.00       0.16 r                   
  bus_in_if_0__rsp_data[227] (out)                                                                   0.06      0.00 *     0.16 r                   
  data arrival time                                                                                                       0.16                     

  clock CLK (rise edge)                                                                                        9.90       9.90                     
  clock network delay (ideal)                                                                                  0.00       9.90                     
  output external delay                                                                                        0.00       9.90                     
  data required time                                                                                                      9.90                     
  --------------------------------------------------------------------------------------------------------------------------------------------------------------
  data required time                                                                                                      9.90                     
  data arrival time                                                                                                      -0.16                     
  --------------------------------------------------------------------------------------------------------------------------------------------------------------
  slack (MET)                                                                                                             9.74                     


  Startpoint: bus_out_if_0__rsp_data[235]
              (input port clocked by CLK)
  Endpoint: bus_in_if_0__rsp_data[235]
            (output port clocked by CLK)
  Scenario: mode_norm.OC_rvt_ss_0p900v_125c
  Path Group: FEEDTHROUGH
  Path Type: max

Attributes:
    d - dont_touch
    u - dont_use
   mo - map_only
   so - size_only
    i - ideal_net or ideal_network
  inf - infeasible path

  Point                                                                                  Fanout     Trans      Incr       Path      Attributes     Voltage
  --------------------------------------------------------------------------------------------------------------------------------------------------------------
  clock CLK (rise edge)                                                                                        0.00       0.00                     
  clock network delay (ideal)                                                                                  0.00       0.00                     
  input external delay                                                                                         0.00       0.00 r                   
  bus_out_if_0__rsp_data[235] (in)                                                                   0.13      0.07       0.07 r                   
  bus_out_if_0__rsp_data[235] (net)                                                        1                   0.00       0.07 r                   
  g_rsp_arb_req_arb/data_in[235] (VX_stream_arb_9)                                                             0.00       0.07 r                   
  g_rsp_arb_req_arb/data_in[235] (net)                                                                         0.00       0.07 r                   
  g_rsp_arb_req_arb/g_passthru_g_out_buf_0__out_buf/data_in[235] (VX_elastic_buffer_518_0_0_0)                 0.00       0.07 r                   
  g_rsp_arb_req_arb/g_passthru_g_out_buf_0__out_buf/data_in[235] (net)                                         0.00       0.07 r                   
  g_rsp_arb_req_arb/g_passthru_g_out_buf_0__out_buf/U21/Y (BUF_X1M_A9TR)                             0.06      0.09 *     0.16 r                   0.90
  g_rsp_arb_req_arb/g_passthru_g_out_buf_0__out_buf/data_out[235] (net)                    1                   0.00       0.16 r                   
  g_rsp_arb_req_arb/g_passthru_g_out_buf_0__out_buf/data_out[235] (VX_elastic_buffer_518_0_0_0)                0.00       0.16 r                   
  g_rsp_arb_req_arb/data_out[235] (net)                                                                        0.00       0.16 r                   
  g_rsp_arb_req_arb/data_out[235] (VX_stream_arb_9)                                                            0.00       0.16 r                   
  bus_in_if_0__rsp_data[235] (net)                                                                             0.00       0.16 r                   
  bus_in_if_0__rsp_data[235] (out)                                                                   0.06      0.00 *     0.16 r                   
  data arrival time                                                                                                       0.16                     

  clock CLK (rise edge)                                                                                        9.90       9.90                     
  clock network delay (ideal)                                                                                  0.00       9.90                     
  output external delay                                                                                        0.00       9.90                     
  data required time                                                                                                      9.90                     
  --------------------------------------------------------------------------------------------------------------------------------------------------------------
  data required time                                                                                                      9.90                     
  data arrival time                                                                                                      -0.16                     
  --------------------------------------------------------------------------------------------------------------------------------------------------------------
  slack (MET)                                                                                                             9.74                     


  Startpoint: bus_out_if_0__rsp_data[213]
              (input port clocked by CLK)
  Endpoint: bus_in_if_0__rsp_data[213]
            (output port clocked by CLK)
  Scenario: mode_norm.OC_rvt_ss_0p900v_125c
  Path Group: FEEDTHROUGH
  Path Type: max

Attributes:
    d - dont_touch
    u - dont_use
   mo - map_only
   so - size_only
    i - ideal_net or ideal_network
  inf - infeasible path

  Point                                                                                  Fanout     Trans      Incr       Path      Attributes     Voltage
  --------------------------------------------------------------------------------------------------------------------------------------------------------------
  clock CLK (rise edge)                                                                                        0.00       0.00                     
  clock network delay (ideal)                                                                                  0.00       0.00                     
  input external delay                                                                                         0.00       0.00 r                   
  bus_out_if_0__rsp_data[213] (in)                                                                   0.13      0.07       0.07 r                   
  bus_out_if_0__rsp_data[213] (net)                                                        1                   0.00       0.07 r                   
  g_rsp_arb_req_arb/data_in[213] (VX_stream_arb_9)                                                             0.00       0.07 r                   
  g_rsp_arb_req_arb/data_in[213] (net)                                                                         0.00       0.07 r                   
  g_rsp_arb_req_arb/g_passthru_g_out_buf_0__out_buf/data_in[213] (VX_elastic_buffer_518_0_0_0)                 0.00       0.07 r                   
  g_rsp_arb_req_arb/g_passthru_g_out_buf_0__out_buf/data_in[213] (net)                                         0.00       0.07 r                   
  g_rsp_arb_req_arb/g_passthru_g_out_buf_0__out_buf/U18/Y (BUF_X1M_A9TR)                             0.06      0.09 *     0.16 r                   0.90
  g_rsp_arb_req_arb/g_passthru_g_out_buf_0__out_buf/data_out[213] (net)                    1                   0.00       0.16 r                   
  g_rsp_arb_req_arb/g_passthru_g_out_buf_0__out_buf/data_out[213] (VX_elastic_buffer_518_0_0_0)                0.00       0.16 r                   
  g_rsp_arb_req_arb/data_out[213] (net)                                                                        0.00       0.16 r                   
  g_rsp_arb_req_arb/data_out[213] (VX_stream_arb_9)                                                            0.00       0.16 r                   
  bus_in_if_0__rsp_data[213] (net)                                                                             0.00       0.16 r                   
  bus_in_if_0__rsp_data[213] (out)                                                                   0.06      0.00 *     0.16 r                   
  data arrival time                                                                                                       0.16                     

  clock CLK (rise edge)                                                                                        9.90       9.90                     
  clock network delay (ideal)                                                                                  0.00       9.90                     
  output external delay                                                                                        0.00       9.90                     
  data required time                                                                                                      9.90                     
  --------------------------------------------------------------------------------------------------------------------------------------------------------------
  data required time                                                                                                      9.90                     
  data arrival time                                                                                                      -0.16                     
  --------------------------------------------------------------------------------------------------------------------------------------------------------------
  slack (MET)                                                                                                             9.74                     


  Startpoint: bus_out_if_0__rsp_data[104]
              (input port clocked by CLK)
  Endpoint: bus_in_if_0__rsp_data[104]
            (output port clocked by CLK)
  Scenario: mode_norm.OC_rvt_ss_0p900v_125c
  Path Group: FEEDTHROUGH
  Path Type: max

Attributes:
    d - dont_touch
    u - dont_use
   mo - map_only
   so - size_only
    i - ideal_net or ideal_network
  inf - infeasible path

  Point                                                                                  Fanout     Trans      Incr       Path      Attributes     Voltage
  --------------------------------------------------------------------------------------------------------------------------------------------------------------
  clock CLK (rise edge)                                                                                        0.00       0.00                     
  clock network delay (ideal)                                                                                  0.00       0.00                     
  input external delay                                                                                         0.00       0.00 r                   
  bus_out_if_0__rsp_data[104] (in)                                                                   0.13      0.07       0.07 r                   
  bus_out_if_0__rsp_data[104] (net)                                                        1                   0.00       0.07 r                   
  g_rsp_arb_req_arb/data_in[104] (VX_stream_arb_9)                                                             0.00       0.07 r                   
  g_rsp_arb_req_arb/data_in[104] (net)                                                                         0.00       0.07 r                   
  g_rsp_arb_req_arb/g_passthru_g_out_buf_0__out_buf/data_in[104] (VX_elastic_buffer_518_0_0_0)                 0.00       0.07 r                   
  g_rsp_arb_req_arb/g_passthru_g_out_buf_0__out_buf/data_in[104] (net)                                         0.00       0.07 r                   
  g_rsp_arb_req_arb/g_passthru_g_out_buf_0__out_buf/U29/Y (BUF_X1M_A9TR)                             0.05      0.09 *     0.16 r                   0.90
  g_rsp_arb_req_arb/g_passthru_g_out_buf_0__out_buf/data_out[104] (net)                    1                   0.00       0.16 r                   
  g_rsp_arb_req_arb/g_passthru_g_out_buf_0__out_buf/data_out[104] (VX_elastic_buffer_518_0_0_0)                0.00       0.16 r                   
  g_rsp_arb_req_arb/data_out[104] (net)                                                                        0.00       0.16 r                   
  g_rsp_arb_req_arb/data_out[104] (VX_stream_arb_9)                                                            0.00       0.16 r                   
  bus_in_if_0__rsp_data[104] (net)                                                                             0.00       0.16 r                   
  bus_in_if_0__rsp_data[104] (out)                                                                   0.05      0.00 *     0.16 r                   
  data arrival time                                                                                                       0.16                     

  clock CLK (rise edge)                                                                                        9.90       9.90                     
  clock network delay (ideal)                                                                                  0.00       9.90                     
  output external delay                                                                                        0.00       9.90                     
  data required time                                                                                                      9.90                     
  --------------------------------------------------------------------------------------------------------------------------------------------------------------
  data required time                                                                                                      9.90                     
  data arrival time                                                                                                      -0.16                     
  --------------------------------------------------------------------------------------------------------------------------------------------------------------
  slack (MET)                                                                                                             9.74                     


1
