Information: Propagating switching activity (high effort zero delay simulation). (PWR-6)
Warning: Design has unannotated primary inputs. (PWR-414)
 
****************************************
Report : power
        -hier
        -analysis_effort high
        -verbose
Design : VX_mem_arb__c3b8961ac049
Scenario(s): mode_norm.OC_rvt_ss_0p900v_125c
Version: V-2023.12-SP5-3
Date   : Fri Jul 31 12:28:13 2026
****************************************


Library(s) Used:

    sc9_cmos28lpp_base_rvt_ss_nominal_max_0p900v_125c_sadhm (File: /tool/PDK/Samsung/LN28LPP_202203/PRIMITIVES/RVT/ln28lpp_sc_9t_base_rvt_c130_V1.00d/FE-Common/LIBERTY/sc9_cmos28lpp_base_rvt_ss_nominal_max_0p900v_125c_sadhm.db)


Global Operating Voltage = 0.9  
Power-specific unit information :
    Voltage Units = 1V
    Capacitance Units = 1.000000pf
    Time Units = 1ns
    Dynamic Power Units = 1mW    (derived from V,C,T units)
    Leakage Power Units = 1uW


--------------------------------------------------------------------------------
                                       Switch   Int      Leak     Total
Hierarchy                              Power    Power    Power    Power    %
--------------------------------------------------------------------------------
VX_mem_arb__c3b8961ac049               8.62e-03 8.38e-03    7.618 2.46e-02 100.0
  g_rsp_arb_req_arb (VX_stream_arb_9)  3.85e-03 3.83e-03    3.487 1.12e-02  45.3
    g_passthru_g_out_buf_0__out_buf (VX_elastic_buffer_518_0_0_0) 3.85e-03 3.83e-03    3.487 1.12e-02  45.3
  req_arb (VX_stream_arb_8)            4.77e-03 4.56e-03    4.131 1.35e-02  54.7
    g_passthru_g_out_buf_0__out_buf (VX_elastic_buffer_614_0_0_0) 4.77e-03 4.56e-03    4.131 1.35e-02  54.7
1
