 
****************************************
Report : timing
        -path full
        -delay max
        -nets
        -max_paths 10
        -transition_time
Design : VX_barrel_shifter
Scenario(s): mode_norm.OC_rvt_ss_0p900v_125c
Version: V-2023.12-SP5-3
Date   : Thu May 21 21:48:45 2026
****************************************

 * Some/all delay information is back-annotated.
Wire Load Model Mode: Inactive.

  Startpoint: shift_amount[0]
              (input port clocked by CLK)
  Endpoint: shifted_reg_0_
            (rising edge-triggered flip-flop clocked by CLK)
  Scenario: mode_norm.OC_rvt_ss_0p900v_125c
  Path Group: REGIN
  Path Type: max

Attributes:
    d - dont_touch
    u - dont_use
   mo - map_only
   so - size_only
    i - ideal_net or ideal_network
  inf - infeasible path

  Point                        Fanout     Trans      Incr       Path      Attributes     Voltage
  ----------------------------------------------------------------------------------------------------
  clock CLK (rise edge)                              0.00       0.00                     
  clock network delay (ideal)                        0.00       0.00                     
  input external delay                               0.00       0.00 r                   
  shift_amount[0] (in)                     0.09      0.05       0.05 r                   
  shift_amount[0] (net)          6                   0.00       0.05 r                   
  U30/Y (INV_X0P7M_A9TR)                   0.06      0.07 *     0.11 f                   0.90
  n35 (net)                      7                   0.00       0.11 f                   
  U35/Y (AOI22_X0P5M_A9TR)                 0.13      0.10 *     0.22 r                   0.90
  n41 (net)                      3                   0.00       0.22 r                   
  U38/Y (AOI22_X0P5M_A9TR)                 0.10      0.10 *     0.32 f                   0.90
  n48 (net)                      2                   0.00       0.32 f                   
  U57/Y (AO21_X0P7M_A9TR)                  0.03      0.09 *     0.41 f                   0.90
  n0 (net)                       1                   0.00       0.41 f                   
  shifted_reg_0_/D (DFFQ_X0P5M_A9TR)       0.03      0.00 *     0.41 f                   0.90
  data arrival time                                             0.41                     

  clock CLK (rise edge)                             10.00      10.00                     
  clock network delay (ideal)                        0.00      10.00                     
  shifted_reg_0_/CK (DFFQ_X0P5M_A9TR)                0.00      10.00 r                   
  library setup time                                -0.04       9.96                     
  data required time                                            9.96                     
  ----------------------------------------------------------------------------------------------------
  data required time                                            9.96                     
  data arrival time                                            -0.41                     
  ----------------------------------------------------------------------------------------------------
  slack (MET)                                                   9.55                     


  Startpoint: shift_amount[0]
              (input port clocked by CLK)
  Endpoint: shifted_reg_4_
            (rising edge-triggered flip-flop clocked by CLK)
  Scenario: mode_norm.OC_rvt_ss_0p900v_125c
  Path Group: REGIN
  Path Type: max

Attributes:
    d - dont_touch
    u - dont_use
   mo - map_only
   so - size_only
    i - ideal_net or ideal_network
  inf - infeasible path

  Point                        Fanout     Trans      Incr       Path      Attributes     Voltage
  ----------------------------------------------------------------------------------------------------
  clock CLK (rise edge)                              0.00       0.00                     
  clock network delay (ideal)                        0.00       0.00                     
  input external delay                               0.00       0.00 r                   
  shift_amount[0] (in)                     0.09      0.05       0.05 r                   
  shift_amount[0] (net)          6                   0.00       0.05 r                   
  U30/Y (INV_X0P7M_A9TR)                   0.06      0.07 *     0.11 f                   0.90
  n35 (net)                      7                   0.00       0.11 f                   
  U35/Y (AOI22_X0P5M_A9TR)                 0.13      0.10 *     0.22 r                   0.90
  n41 (net)                      3                   0.00       0.22 r                   
  U38/Y (AOI22_X0P5M_A9TR)                 0.10      0.10 *     0.32 f                   0.90
  n48 (net)                      2                   0.00       0.32 f                   
  U39/Y (AND2_X0P7M_A9TR)                  0.02      0.08 *     0.39 f                   0.90
  n4 (net)                       1                   0.00       0.39 f                   
  shifted_reg_4_/D (DFFQ_X0P5M_A9TR)       0.02      0.00 *     0.39 f                   0.90
  data arrival time                                             0.39                     

  clock CLK (rise edge)                             10.00      10.00                     
  clock network delay (ideal)                        0.00      10.00                     
  shifted_reg_4_/CK (DFFQ_X0P5M_A9TR)                0.00      10.00 r                   
  library setup time                                -0.04       9.96                     
  data required time                                            9.96                     
  ----------------------------------------------------------------------------------------------------
  data required time                                            9.96                     
  data arrival time                                            -0.39                     
  ----------------------------------------------------------------------------------------------------
  slack (MET)                                                   9.57                     


  Startpoint: shift_amount[0]
              (input port clocked by CLK)
  Endpoint: shifted_reg_1_
            (rising edge-triggered flip-flop clocked by CLK)
  Scenario: mode_norm.OC_rvt_ss_0p900v_125c
  Path Group: REGIN
  Path Type: max

Attributes:
    d - dont_touch
    u - dont_use
   mo - map_only
   so - size_only
    i - ideal_net or ideal_network
  inf - infeasible path

  Point                        Fanout     Trans      Incr       Path      Attributes     Voltage
  ----------------------------------------------------------------------------------------------------
  clock CLK (rise edge)                              0.00       0.00                     
  clock network delay (ideal)                        0.00       0.00                     
  input external delay                               0.00       0.00 r                   
  shift_amount[0] (in)                     0.09      0.05       0.05 r                   
  shift_amount[0] (net)          6                   0.00       0.05 r                   
  U30/Y (INV_X0P7M_A9TR)                   0.06      0.07 *     0.11 f                   0.90
  n35 (net)                      7                   0.00       0.11 f                   
  U42/Y (AO22_X0P7M_A9TR)                  0.03      0.08 *     0.19 f                   0.90
  n34 (net)                      2                   0.00       0.19 f                   
  U45/Y (AOI32_X0P5M_A9TR)                 0.12      0.08 *     0.27 r                   0.90
  n36 (net)                      2                   0.00       0.27 r                   
  U51/Y (OAI222_X0P5M_A9TR)                0.07      0.09 *     0.37 f                   0.90
  n1 (net)                       1                   0.00       0.37 f                   
  shifted_reg_1_/D (DFFQ_X0P5M_A9TR)       0.07      0.00 *     0.37 f                   0.90
  data arrival time                                             0.37                     

  clock CLK (rise edge)                             10.00      10.00                     
  clock network delay (ideal)                        0.00      10.00                     
  shifted_reg_1_/CK (DFFQ_X0P5M_A9TR)                0.00      10.00 r                   
  library setup time                                -0.06       9.94                     
  data required time                                            9.94                     
  ----------------------------------------------------------------------------------------------------
  data required time                                            9.94                     
  data arrival time                                            -0.37                     
  ----------------------------------------------------------------------------------------------------
  slack (MET)                                                   9.58                     


  Startpoint: shift_amount[1]
              (input port clocked by CLK)
  Endpoint: shifted_reg_2_
            (rising edge-triggered flip-flop clocked by CLK)
  Scenario: mode_norm.OC_rvt_ss_0p900v_125c
  Path Group: REGIN
  Path Type: max

Attributes:
    d - dont_touch
    u - dont_use
   mo - map_only
   so - size_only
    i - ideal_net or ideal_network
  inf - infeasible path

  Point                        Fanout     Trans      Incr       Path      Attributes     Voltage
  ----------------------------------------------------------------------------------------------------
  clock CLK (rise edge)                              0.00       0.00                     
  clock network delay (ideal)                        0.00       0.00                     
  input external delay                               0.00       0.00 r                   
  shift_amount[1] (in)                     0.15      0.08       0.08 r                   
  shift_amount[1] (net)         10                   0.00       0.08 r                   
  U37/Y (INV_X0P7M_A9TR)                   0.07      0.08 *     0.16 f                   0.90
  n49 (net)                      8                   0.00       0.16 f                   
  U48/Y (AOI22_X0P5M_A9TR)                 0.10      0.09 *     0.24 r                   0.90
  n38 (net)                      2                   0.00       0.24 r                   
  U53/Y (OA22_X0P7M_A9TR)                  0.02      0.08 *     0.32 r                   0.90
  n39 (net)                      1                   0.00       0.32 r                   
  U54/Y (OAI31_X0P7M_A9TR)                 0.04      0.04 *     0.36 f                   0.90
  n2 (net)                       1                   0.00       0.36 f                   
  shifted_reg_2_/D (DFFQ_X0P5M_A9TR)       0.04      0.00 *     0.36 f                   0.90
  data arrival time                                             0.36                     

  clock CLK (rise edge)                             10.00      10.00                     
  clock network delay (ideal)                        0.00      10.00                     
  shifted_reg_2_/CK (DFFQ_X0P5M_A9TR)                0.00      10.00 r                   
  library setup time                                -0.05       9.95                     
  data required time                                            9.95                     
  ----------------------------------------------------------------------------------------------------
  data required time                                            9.95                     
  data arrival time                                            -0.36                     
  ----------------------------------------------------------------------------------------------------
  slack (MET)                                                   9.60                     


  Startpoint: shift_amount[0]
              (input port clocked by CLK)
  Endpoint: shifted_reg_5_
            (rising edge-triggered flip-flop clocked by CLK)
  Scenario: mode_norm.OC_rvt_ss_0p900v_125c
  Path Group: REGIN
  Path Type: max

Attributes:
    d - dont_touch
    u - dont_use
   mo - map_only
   so - size_only
    i - ideal_net or ideal_network
  inf - infeasible path

  Point                        Fanout     Trans      Incr       Path      Attributes     Voltage
  ----------------------------------------------------------------------------------------------------
  clock CLK (rise edge)                              0.00       0.00                     
  clock network delay (ideal)                        0.00       0.00                     
  input external delay                               0.00       0.00 r                   
  shift_amount[0] (in)                     0.09      0.05       0.05 r                   
  shift_amount[0] (net)          6                   0.00       0.05 r                   
  U30/Y (INV_X0P7M_A9TR)                   0.06      0.07 *     0.11 f                   0.90
  n35 (net)                      7                   0.00       0.11 f                   
  U42/Y (AO22_X0P7M_A9TR)                  0.03      0.08 *     0.19 f                   0.90
  n34 (net)                      2                   0.00       0.19 f                   
  U45/Y (AOI32_X0P5M_A9TR)                 0.12      0.08 *     0.27 r                   0.90
  n36 (net)                      2                   0.00       0.27 r                   
  U46/Y (NOR2_X0P5B_A9TR)                  0.05      0.06 *     0.33 f                   0.90
  n5 (net)                       1                   0.00       0.33 f                   
  shifted_reg_5_/D (DFFQ_X0P5M_A9TR)       0.05      0.00 *     0.33 f                   0.90
  data arrival time                                             0.33                     

  clock CLK (rise edge)                             10.00      10.00                     
  clock network delay (ideal)                        0.00      10.00                     
  shifted_reg_5_/CK (DFFQ_X0P5M_A9TR)                0.00      10.00 r                   
  library setup time                                -0.05       9.95                     
  data required time                                            9.95                     
  ----------------------------------------------------------------------------------------------------
  data required time                                            9.95                     
  data arrival time                                            -0.33                     
  ----------------------------------------------------------------------------------------------------
  slack (MET)                                                   9.62                     


  Startpoint: shift_amount[0]
              (input port clocked by CLK)
  Endpoint: shifted_reg_3_
            (rising edge-triggered flip-flop clocked by CLK)
  Scenario: mode_norm.OC_rvt_ss_0p900v_125c
  Path Group: REGIN
  Path Type: max

Attributes:
    d - dont_touch
    u - dont_use
   mo - map_only
   so - size_only
    i - ideal_net or ideal_network
  inf - infeasible path

  Point                        Fanout     Trans      Incr       Path      Attributes     Voltage
  ----------------------------------------------------------------------------------------------------
  clock CLK (rise edge)                              0.00       0.00                     
  clock network delay (ideal)                        0.00       0.00                     
  input external delay                               0.00       0.00 r                   
  shift_amount[0] (in)                     0.09      0.05       0.05 r                   
  shift_amount[0] (net)          6                   0.00       0.05 r                   
  U30/Y (INV_X0P7M_A9TR)                   0.06      0.07 *     0.11 f                   0.90
  n35 (net)                      7                   0.00       0.11 f                   
  U31/Y (NAND2_X0P5M_A9TR)                 0.05      0.05 *     0.17 r                   0.90
  n29 (net)                      1                   0.00       0.17 r                   
  U32/Y (NOR2_X0P5B_A9TR)                  0.06      0.04 *     0.21 f                   0.90
  n31 (net)                      2                   0.00       0.21 f                   
  U43/Y (OA21A1OI2_X0P7M_A9TR)             0.07      0.06 *     0.27 r                   0.90
  n32 (net)                      1                   0.00       0.27 r                   
  U44/Y (AOI31_X0P5M_A9TR)                 0.05      0.04 *     0.31 f                   0.90
  n3 (net)                       1                   0.00       0.31 f                   
  shifted_reg_3_/D (DFFQ_X0P5M_A9TR)       0.05      0.00 *     0.31 f                   0.90
  data arrival time                                             0.31                     

  clock CLK (rise edge)                             10.00      10.00                     
  clock network delay (ideal)                        0.00      10.00                     
  shifted_reg_3_/CK (DFFQ_X0P5M_A9TR)                0.00      10.00 r                   
  library setup time                                -0.05       9.95                     
  data required time                                            9.95                     
  ----------------------------------------------------------------------------------------------------
  data required time                                            9.95                     
  data arrival time                                            -0.31                     
  ----------------------------------------------------------------------------------------------------
  slack (MET)                                                   9.64                     


  Startpoint: shift_amount[0]
              (input port clocked by CLK)
  Endpoint: shifted_reg_6_
            (rising edge-triggered flip-flop clocked by CLK)
  Scenario: mode_norm.OC_rvt_ss_0p900v_125c
  Path Group: REGIN
  Path Type: max

Attributes:
    d - dont_touch
    u - dont_use
   mo - map_only
   so - size_only
    i - ideal_net or ideal_network
  inf - infeasible path

  Point                        Fanout     Trans      Incr       Path      Attributes     Voltage
  ----------------------------------------------------------------------------------------------------
  clock CLK (rise edge)                              0.00       0.00                     
  clock network delay (ideal)                        0.00       0.00                     
  input external delay                               0.00       0.00 r                   
  shift_amount[0] (in)                     0.09      0.05       0.05 r                   
  shift_amount[0] (net)          6                   0.00       0.05 r                   
  U30/Y (INV_X0P7M_A9TR)                   0.06      0.07 *     0.11 f                   0.90
  n35 (net)                      7                   0.00       0.11 f                   
  U35/Y (AOI22_X0P5M_A9TR)                 0.13      0.10 *     0.22 r                   0.90
  n41 (net)                      3                   0.00       0.22 r                   
  U40/Y (NOR3_X0P7M_A9TR)                  0.06      0.07 *     0.29 f                   0.90
  n6 (net)                       1                   0.00       0.29 f                   
  shifted_reg_6_/D (DFFQ_X0P5M_A9TR)       0.06      0.00 *     0.29 f                   0.90
  data arrival time                                             0.29                     

  clock CLK (rise edge)                             10.00      10.00                     
  clock network delay (ideal)                        0.00      10.00                     
  shifted_reg_6_/CK (DFFQ_X0P5M_A9TR)                0.00      10.00 r                   
  library setup time                                -0.05       9.95                     
  data required time                                            9.95                     
  ----------------------------------------------------------------------------------------------------
  data required time                                            9.95                     
  data arrival time                                            -0.29                     
  ----------------------------------------------------------------------------------------------------
  slack (MET)                                                   9.66                     


  Startpoint: shift_amount[0]
              (input port clocked by CLK)
  Endpoint: shifted_reg_7_
            (rising edge-triggered flip-flop clocked by CLK)
  Scenario: mode_norm.OC_rvt_ss_0p900v_125c
  Path Group: REGIN
  Path Type: max

Attributes:
    d - dont_touch
    u - dont_use
   mo - map_only
   so - size_only
    i - ideal_net or ideal_network
  inf - infeasible path

  Point                        Fanout     Trans      Incr       Path      Attributes     Voltage
  ----------------------------------------------------------------------------------------------------
  clock CLK (rise edge)                              0.00       0.00                     
  clock network delay (ideal)                        0.00       0.00                     
  input external delay                               0.00       0.00 r                   
  shift_amount[0] (in)                     0.09      0.05       0.05 r                   
  shift_amount[0] (net)          6                   0.00       0.05 r                   
  U30/Y (INV_X0P7M_A9TR)                   0.06      0.07 *     0.11 f                   0.90
  n35 (net)                      7                   0.00       0.11 f                   
  U31/Y (NAND2_X0P5M_A9TR)                 0.05      0.05 *     0.17 r                   0.90
  n29 (net)                      1                   0.00       0.17 r                   
  U32/Y (NOR2_X0P5B_A9TR)                  0.06      0.04 *     0.21 f                   0.90
  n31 (net)                      2                   0.00       0.21 f                   
  U34/Y (AND2_X0P7M_A9TR)                  0.02      0.07 *     0.28 f                   0.90
  n7 (net)                       1                   0.00       0.28 f                   
  shifted_reg_7_/D (DFFQ_X0P5M_A9TR)       0.02      0.00 *     0.28 f                   0.90
  data arrival time                                             0.28                     

  clock CLK (rise edge)                             10.00      10.00                     
  clock network delay (ideal)                        0.00      10.00                     
  shifted_reg_7_/CK (DFFQ_X0P5M_A9TR)                0.00      10.00 r                   
  library setup time                                -0.04       9.96                     
  data required time                                            9.96                     
  ----------------------------------------------------------------------------------------------------
  data required time                                            9.96                     
  data arrival time                                            -0.28                     
  ----------------------------------------------------------------------------------------------------
  slack (MET)                                                   9.68                     


  Startpoint: valid (input port clocked by CLK)
  Endpoint: clk_gate_shifted_reg/latch
            (gating element for clock CLK)
  Scenario: mode_norm.OC_rvt_ss_0p900v_125c
  Path Group: REGIN
  Path Type: max

Attributes:
    d - dont_touch
    u - dont_use
   mo - map_only
   so - size_only
    i - ideal_net or ideal_network
  inf - infeasible path

  Point                                                     Fanout     Trans      Incr       Path      Attributes     Voltage
  ---------------------------------------------------------------------------------------------------------------------------------
  clock CLK (rise edge)                                                           0.00       0.00                     
  clock network delay (ideal)                                                     0.00       0.00                     
  input external delay                                                            0.00       0.00 f                   
  valid (in)                                                            0.02      0.01       0.01 f                   
  valid (net)                                                 1                   0.00       0.01 f                   
  clk_gate_shifted_reg/EN (SNPS_CLOCK_GATE_HIGH_VX_barrel_shifter)                0.00       0.01 f                   
  clk_gate_shifted_reg/EN (net)                                                   0.00       0.01 f                   
  clk_gate_shifted_reg/latch/E (PREICG_X0P5B_A9TR)                      0.02      0.00 *     0.01 f    u so           0.90
  data arrival time                                                                          0.01                     

  clock CLK (rise edge)                                                          10.00      10.00                     
  clock network delay (ideal)                                                     0.00      10.00                     
  clk_gate_shifted_reg/latch/CK (PREICG_X0P5B_A9TR)                               0.00      10.00 r                   
  clock gating setup time                                                        -0.08       9.92                     
  data required time                                                                         9.92                     
  ---------------------------------------------------------------------------------------------------------------------------------
  data required time                                                                         9.92                     
  data arrival time                                                                         -0.01                     
  ---------------------------------------------------------------------------------------------------------------------------------
  slack (MET)                                                                                9.92                     


  Startpoint: shifted_reg_4_
              (rising edge-triggered flip-flop clocked by CLK)
  Endpoint: out[4] (output port clocked by CLK)
  Scenario: mode_norm.OC_rvt_ss_0p900v_125c
  Path Group: REGOUT
  Path Type: max

Attributes:
    d - dont_touch
    u - dont_use
   mo - map_only
   so - size_only
    i - ideal_net or ideal_network
  inf - infeasible path

  Point                        Fanout     Trans      Incr       Path      Attributes     Voltage
  ----------------------------------------------------------------------------------------------------
  clock CLK (rise edge)                              0.00       0.00                     
  clock network delay (ideal)                        0.00       0.00                     
  shifted_reg_4_/CK (DFFQ_X0P5M_A9TR)      0.00      0.00       0.00 r                   0.90
  shifted_reg_4_/Q (DFFQ_X0P5M_A9TR)       0.02      0.12       0.12 f                   0.90
  out[4] (net)                   1                   0.00       0.12 f                   
  out[4] (out)                             0.02      0.00 *     0.12 f                   
  data arrival time                                             0.12                     

  clock CLK (rise edge)                             10.00      10.00                     
  clock network delay (ideal)                        0.00      10.00                     
  output external delay                              0.00      10.00                     
  data required time                                           10.00                     
  ----------------------------------------------------------------------------------------------------
  data required time                                           10.00                     
  data arrival time                                            -0.12                     
  ----------------------------------------------------------------------------------------------------
  slack (MET)                                                   9.88                     


  Startpoint: shifted_reg_7_
              (rising edge-triggered flip-flop clocked by CLK)
  Endpoint: out[7] (output port clocked by CLK)
  Scenario: mode_norm.OC_rvt_ss_0p900v_125c
  Path Group: REGOUT
  Path Type: max

Attributes:
    d - dont_touch
    u - dont_use
   mo - map_only
   so - size_only
    i - ideal_net or ideal_network
  inf - infeasible path

  Point                        Fanout     Trans      Incr       Path      Attributes     Voltage
  ----------------------------------------------------------------------------------------------------
  clock CLK (rise edge)                              0.00       0.00                     
  clock network delay (ideal)                        0.00       0.00                     
  shifted_reg_7_/CK (DFFQ_X0P5M_A9TR)      0.00      0.00       0.00 r                   0.90
  shifted_reg_7_/Q (DFFQ_X0P5M_A9TR)       0.02      0.12       0.12 f                   0.90
  out[7] (net)                   1                   0.00       0.12 f                   
  out[7] (out)                             0.02      0.00 *     0.12 f                   
  data arrival time                                             0.12                     

  clock CLK (rise edge)                             10.00      10.00                     
  clock network delay (ideal)                        0.00      10.00                     
  output external delay                              0.00      10.00                     
  data required time                                           10.00                     
  ----------------------------------------------------------------------------------------------------
  data required time                                           10.00                     
  data arrival time                                            -0.12                     
  ----------------------------------------------------------------------------------------------------
  slack (MET)                                                   9.88                     


  Startpoint: shifted_reg_0_
              (rising edge-triggered flip-flop clocked by CLK)
  Endpoint: out[0] (output port clocked by CLK)
  Scenario: mode_norm.OC_rvt_ss_0p900v_125c
  Path Group: REGOUT
  Path Type: max

Attributes:
    d - dont_touch
    u - dont_use
   mo - map_only
   so - size_only
    i - ideal_net or ideal_network
  inf - infeasible path

  Point                        Fanout     Trans      Incr       Path      Attributes     Voltage
  ----------------------------------------------------------------------------------------------------
  clock CLK (rise edge)                              0.00       0.00                     
  clock network delay (ideal)                        0.00       0.00                     
  shifted_reg_0_/CK (DFFQ_X0P5M_A9TR)      0.00      0.00       0.00 r                   0.90
  shifted_reg_0_/Q (DFFQ_X0P5M_A9TR)       0.02      0.12       0.12 f                   0.90
  out[0] (net)                   1                   0.00       0.12 f                   
  out[0] (out)                             0.02      0.00 *     0.12 f                   
  data arrival time                                             0.12                     

  clock CLK (rise edge)                             10.00      10.00                     
  clock network delay (ideal)                        0.00      10.00                     
  output external delay                              0.00      10.00                     
  data required time                                           10.00                     
  ----------------------------------------------------------------------------------------------------
  data required time                                           10.00                     
  data arrival time                                            -0.12                     
  ----------------------------------------------------------------------------------------------------
  slack (MET)                                                   9.88                     


  Startpoint: shifted_reg_5_
              (rising edge-triggered flip-flop clocked by CLK)
  Endpoint: out[5] (output port clocked by CLK)
  Scenario: mode_norm.OC_rvt_ss_0p900v_125c
  Path Group: REGOUT
  Path Type: max

Attributes:
    d - dont_touch
    u - dont_use
   mo - map_only
   so - size_only
    i - ideal_net or ideal_network
  inf - infeasible path

  Point                        Fanout     Trans      Incr       Path      Attributes     Voltage
  ----------------------------------------------------------------------------------------------------
  clock CLK (rise edge)                              0.00       0.00                     
  clock network delay (ideal)                        0.00       0.00                     
  shifted_reg_5_/CK (DFFQ_X0P5M_A9TR)      0.00      0.00       0.00 r                   0.90
  shifted_reg_5_/Q (DFFQ_X0P5M_A9TR)       0.02      0.11       0.11 f                   0.90
  out[5] (net)                   1                   0.00       0.11 f                   
  out[5] (out)                             0.02      0.00 *     0.11 f                   
  data arrival time                                             0.11                     

  clock CLK (rise edge)                             10.00      10.00                     
  clock network delay (ideal)                        0.00      10.00                     
  output external delay                              0.00      10.00                     
  data required time                                           10.00                     
  ----------------------------------------------------------------------------------------------------
  data required time                                           10.00                     
  data arrival time                                            -0.11                     
  ----------------------------------------------------------------------------------------------------
  slack (MET)                                                   9.89                     


  Startpoint: shifted_reg_1_
              (rising edge-triggered flip-flop clocked by CLK)
  Endpoint: out[1] (output port clocked by CLK)
  Scenario: mode_norm.OC_rvt_ss_0p900v_125c
  Path Group: REGOUT
  Path Type: max

Attributes:
    d - dont_touch
    u - dont_use
   mo - map_only
   so - size_only
    i - ideal_net or ideal_network
  inf - infeasible path

  Point                        Fanout     Trans      Incr       Path      Attributes     Voltage
  ----------------------------------------------------------------------------------------------------
  clock CLK (rise edge)                              0.00       0.00                     
  clock network delay (ideal)                        0.00       0.00                     
  shifted_reg_1_/CK (DFFQ_X0P5M_A9TR)      0.00      0.00       0.00 r                   0.90
  shifted_reg_1_/Q (DFFQ_X0P5M_A9TR)       0.02      0.11       0.11 f                   0.90
  out[1] (net)                   1                   0.00       0.11 f                   
  out[1] (out)                             0.02      0.00 *     0.11 f                   
  data arrival time                                             0.11                     

  clock CLK (rise edge)                             10.00      10.00                     
  clock network delay (ideal)                        0.00      10.00                     
  output external delay                              0.00      10.00                     
  data required time                                           10.00                     
  ----------------------------------------------------------------------------------------------------
  data required time                                           10.00                     
  data arrival time                                            -0.11                     
  ----------------------------------------------------------------------------------------------------
  slack (MET)                                                   9.89                     


  Startpoint: shifted_reg_6_
              (rising edge-triggered flip-flop clocked by CLK)
  Endpoint: out[6] (output port clocked by CLK)
  Scenario: mode_norm.OC_rvt_ss_0p900v_125c
  Path Group: REGOUT
  Path Type: max

Attributes:
    d - dont_touch
    u - dont_use
   mo - map_only
   so - size_only
    i - ideal_net or ideal_network
  inf - infeasible path

  Point                        Fanout     Trans      Incr       Path      Attributes     Voltage
  ----------------------------------------------------------------------------------------------------
  clock CLK (rise edge)                              0.00       0.00                     
  clock network delay (ideal)                        0.00       0.00                     
  shifted_reg_6_/CK (DFFQ_X0P5M_A9TR)      0.00      0.00       0.00 r                   0.90
  shifted_reg_6_/Q (DFFQ_X0P5M_A9TR)       0.02      0.11       0.11 f                   0.90
  out[6] (net)                   1                   0.00       0.11 f                   
  out[6] (out)                             0.02      0.00 *     0.11 f                   
  data arrival time                                             0.11                     

  clock CLK (rise edge)                             10.00      10.00                     
  clock network delay (ideal)                        0.00      10.00                     
  output external delay                              0.00      10.00                     
  data required time                                           10.00                     
  ----------------------------------------------------------------------------------------------------
  data required time                                           10.00                     
  data arrival time                                            -0.11                     
  ----------------------------------------------------------------------------------------------------
  slack (MET)                                                   9.89                     


  Startpoint: shifted_reg_2_
              (rising edge-triggered flip-flop clocked by CLK)
  Endpoint: out[2] (output port clocked by CLK)
  Scenario: mode_norm.OC_rvt_ss_0p900v_125c
  Path Group: REGOUT
  Path Type: max

Attributes:
    d - dont_touch
    u - dont_use
   mo - map_only
   so - size_only
    i - ideal_net or ideal_network
  inf - infeasible path

  Point                        Fanout     Trans      Incr       Path      Attributes     Voltage
  ----------------------------------------------------------------------------------------------------
  clock CLK (rise edge)                              0.00       0.00                     
  clock network delay (ideal)                        0.00       0.00                     
  shifted_reg_2_/CK (DFFQ_X0P5M_A9TR)      0.00      0.00       0.00 r                   0.90
  shifted_reg_2_/Q (DFFQ_X0P5M_A9TR)       0.02      0.11       0.11 f                   0.90
  out[2] (net)                   1                   0.00       0.11 f                   
  out[2] (out)                             0.02      0.00 *     0.11 f                   
  data arrival time                                             0.11                     

  clock CLK (rise edge)                             10.00      10.00                     
  clock network delay (ideal)                        0.00      10.00                     
  output external delay                              0.00      10.00                     
  data required time                                           10.00                     
  ----------------------------------------------------------------------------------------------------
  data required time                                           10.00                     
  data arrival time                                            -0.11                     
  ----------------------------------------------------------------------------------------------------
  slack (MET)                                                   9.89                     


  Startpoint: shifted_reg_3_
              (rising edge-triggered flip-flop clocked by CLK)
  Endpoint: out[3] (output port clocked by CLK)
  Scenario: mode_norm.OC_rvt_ss_0p900v_125c
  Path Group: REGOUT
  Path Type: max

Attributes:
    d - dont_touch
    u - dont_use
   mo - map_only
   so - size_only
    i - ideal_net or ideal_network
  inf - infeasible path

  Point                        Fanout     Trans      Incr       Path      Attributes     Voltage
  ----------------------------------------------------------------------------------------------------
  clock CLK (rise edge)                              0.00       0.00                     
  clock network delay (ideal)                        0.00       0.00                     
  shifted_reg_3_/CK (DFFQ_X0P5M_A9TR)      0.00      0.00       0.00 r                   0.90
  shifted_reg_3_/Q (DFFQ_X0P5M_A9TR)       0.02      0.11       0.11 f                   0.90
  out[3] (net)                   1                   0.00       0.11 f                   
  out[3] (out)                             0.02      0.00 *     0.11 f                   
  data arrival time                                             0.11                     

  clock CLK (rise edge)                             10.00      10.00                     
  clock network delay (ideal)                        0.00      10.00                     
  output external delay                              0.00      10.00                     
  data required time                                           10.00                     
  ----------------------------------------------------------------------------------------------------
  data required time                                           10.00                     
  data arrival time                                            -0.11                     
  ----------------------------------------------------------------------------------------------------
  slack (MET)                                                   9.89                     


1
