 
****************************************
Report : area
Design : VX_barrel_shifter
Version: V-2023.12-SP5-3
Date   : Thu May 21 21:48:45 2026
****************************************

Library(s) Used:

    sc9_cmos28lpp_base_rvt_ss_nominal_max_0p900v_125c_sadhm (File: /tool/PDK/Samsung/LN28LPP_202203/PRIMITIVES/RVT/ln28lpp_sc_9t_base_rvt_c130_V1.00d/FE-Common/LIBERTY/sc9_cmos28lpp_base_rvt_ss_nominal_max_0p900v_125c_sadhm.db)

Number of ports:                           25
Number of nets:                            55
Number of cells:                           39
Number of combinational cells:             28
Number of sequential cells:                 9
Number of macros/black boxes:               0
Number of buf/inv:                          3
Number of references:                      17

Combinational area:                 18.135000
Buf/Inv area:                        1.053000
Noncombinational area:              18.603000
Macro/Black Box area:                0.000000
Net Interconnect area:      undefined  (No wire load specified)

Total cell area:                    36.738000
Total area:                 undefined

Core Area:                        64
Aspect Ratio:                 1.0214
Utilization Ratio:            0.5719


The above information was reported from the logical library. The following are from the physical library:

  Total moveable cell area: 36.7
  Total fixed cell area: 0.0
  Total physical cell area: 36.7
 Core area: 0.000, 0.000, 7.930, 8.100

Hierarchical area distribution
------------------------------

                                  Global cell area          Local cell area
                                  ------------------  --------------------------- 
Hierarchical cell                 Absolute   Percent  Combi-    Noncombi-  Black-
                                  Total      Total    national  national   boxes   Design
--------------------------------  ---------  -------  --------  ---------  ------  --------------------------------------
VX_barrel_shifter                   36.7380    100.0   18.1350    16.8480  0.0000  VX_barrel_shifter
clk_gate_shifted_reg                 1.7550      4.8    0.0000     1.7550  0.0000  SNPS_CLOCK_GATE_HIGH_VX_barrel_shifter
--------------------------------  ---------  -------  --------  ---------  ------  --------------------------------------
Total                                                  18.1350    18.6030  0.0000

1
