 
****************************************
Report : area
Design : VX_barrel_shifter
Version: V-2023.12-SP5-3
Date   : Thu May 21 21:52:31 2026
****************************************

Library(s) Used:

    sc9_cmos28lpp_base_rvt_ss_nominal_max_0p900v_125c_sadhm (File: /tool/PDK/Samsung/LN28LPP_202203/PRIMITIVES/RVT/ln28lpp_sc_9t_base_rvt_c130_V1.00d/FE-Common/LIBERTY/sc9_cmos28lpp_base_rvt_ss_nominal_max_0p900v_125c_sadhm.db)

Number of ports:                         1039
Number of nets:                          5930
Number of cells:                         5404
Number of combinational cells:           4889
Number of sequential cells:               513
Number of macros/black boxes:               0
Number of buf/inv:                        590
Number of references:                      45

Combinational area:               3261.843065
Buf/Inv area:                      234.351003
Noncombinational area:            1080.026973
Macro/Black Box area:                0.000000
Net Interconnect area:      undefined  (No wire load specified)

Total cell area:                  4341.870038
Total area:                 undefined

Core Area:                      7302
Aspect Ratio:                 1.0011
Utilization Ratio:            0.5946


The above information was reported from the logical library. The following are from the physical library:

  Total moveable cell area: 4341.9
  Total fixed cell area: 0.0
  Total physical cell area: 4341.9
 Core area: 0.000, 0.000, 85.410, 85.500

Hierarchical area distribution
------------------------------

                                  Global cell area          Local cell area
                                  ------------------  ---------------------------- 
Hierarchical cell                 Absolute   Percent  Combi-     Noncombi-  Black-
                                  Total      Total    national   national   boxes   Design
--------------------------------  ---------  -------  ---------  ---------  ------  --------------------------------------
VX_barrel_shifter                 4341.8700    100.0  3261.8431  1078.2720  0.0000  VX_barrel_shifter
clk_gate_shifted_reg                 1.7550      0.0     0.0000     1.7550  0.0000  SNPS_CLOCK_GATE_HIGH_VX_barrel_shifter
--------------------------------  ---------  -------  ---------  ---------  ------  --------------------------------------
Total                                                 3261.8431  1080.0270  0.0000

1
