 
****************************************
Report : timing
        -path full
        -delay max
        -nets
        -max_paths 10
        -transition_time
Design : VX_barrel_shifter
Scenario(s): mode_norm.OC_rvt_ss_0p900v_125c
Version: V-2023.12-SP5-3
Date   : Thu May 21 21:49:48 2026
****************************************

 * Some/all delay information is back-annotated.
Wire Load Model Mode: Inactive.

  Startpoint: shift_amount[4]
              (input port clocked by CLK)
  Endpoint: shifted_reg_6_
            (rising edge-triggered flip-flop clocked by CLK)
  Scenario: mode_norm.OC_rvt_ss_0p900v_125c
  Path Group: REGIN
  Path Type: max

Attributes:
    d - dont_touch
    u - dont_use
   mo - map_only
   so - size_only
    i - ideal_net or ideal_network
  inf - infeasible path

  Point                        Fanout     Trans      Incr       Path      Attributes     Voltage
  ----------------------------------------------------------------------------------------------------
  clock CLK (rise edge)                              0.00       0.00                     
  clock network delay (ideal)                        0.00       0.00                     
  input external delay                               0.00       0.00 r                   
  shift_amount[4] (in)                     0.32      0.17       0.17 r                   
  shift_amount[4] (net)         18                   0.00       0.17 r                   
  U183/Y (INV_X0P7M_A9TR)                  0.17      0.18 *     0.35 f                   0.90
  n356 (net)                    14                   0.00       0.35 f                   
  U247/Y (NAND3_X0P7M_A9TR)                0.20      0.18 *     0.53 r                   0.90
  n333 (net)                     7                   0.00       0.53 r                   
  U262/Y (INV_X0P7M_A9TR)                  0.11      0.11 *     0.64 f                   0.90
  n314 (net)                     8                   0.00       0.64 f                   
  U263/Y (AOI22_X0P5M_A9TR)                0.12      0.12 *     0.76 r                   0.90
  n210 (net)                     1                   0.00       0.76 r                   
  U268/Y (OAI211_X0P5M_A9TR)               0.08      0.08 *     0.84 f                   0.90
  n6 (net)                       1                   0.00       0.84 f                   
  shifted_reg_6_/D (DFFQ_X0P5M_A9TR)       0.08      0.00 *     0.84 f                   0.90
  data arrival time                                             0.84                     

  clock CLK (rise edge)                             10.00      10.00                     
  clock network delay (ideal)                        0.00      10.00                     
  shifted_reg_6_/CK (DFFQ_X0P5M_A9TR)                0.00      10.00 r                   
  library setup time                                -0.06       9.94                     
  data required time                                            9.94                     
  ----------------------------------------------------------------------------------------------------
  data required time                                            9.94                     
  data arrival time                                            -0.84                     
  ----------------------------------------------------------------------------------------------------
  slack (MET)                                                   9.10                     


  Startpoint: shift_amount[4]
              (input port clocked by CLK)
  Endpoint: shifted_reg_5_
            (rising edge-triggered flip-flop clocked by CLK)
  Scenario: mode_norm.OC_rvt_ss_0p900v_125c
  Path Group: REGIN
  Path Type: max

Attributes:
    d - dont_touch
    u - dont_use
   mo - map_only
   so - size_only
    i - ideal_net or ideal_network
  inf - infeasible path

  Point                        Fanout     Trans      Incr       Path      Attributes     Voltage
  ----------------------------------------------------------------------------------------------------
  clock CLK (rise edge)                              0.00       0.00                     
  clock network delay (ideal)                        0.00       0.00                     
  input external delay                               0.00       0.00 r                   
  shift_amount[4] (in)                     0.32      0.17       0.17 r                   
  shift_amount[4] (net)         18                   0.00       0.17 r                   
  U183/Y (INV_X0P7M_A9TR)                  0.17      0.18 *     0.35 f                   0.90
  n356 (net)                    14                   0.00       0.35 f                   
  U247/Y (NAND3_X0P7M_A9TR)                0.20      0.18 *     0.53 r                   0.90
  n333 (net)                     7                   0.00       0.53 r                   
  U262/Y (INV_X0P7M_A9TR)                  0.11      0.11 *     0.64 f                   0.90
  n314 (net)                     8                   0.00       0.64 f                   
  U322/Y (AOI22_X0P5M_A9TR)                0.10      0.10 *     0.74 r                   0.90
  n255 (net)                     1                   0.00       0.74 r                   
  U323/Y (OAI211_X0P5M_A9TR)               0.08      0.07 *     0.82 f                   0.90
  n5 (net)                       1                   0.00       0.82 f                   
  shifted_reg_5_/D (DFFQ_X0P5M_A9TR)       0.08      0.00 *     0.82 f                   0.90
  data arrival time                                             0.82                     

  clock CLK (rise edge)                             10.00      10.00                     
  clock network delay (ideal)                        0.00      10.00                     
  shifted_reg_5_/CK (DFFQ_X0P5M_A9TR)                0.00      10.00 r                   
  library setup time                                -0.06       9.94                     
  data required time                                            9.94                     
  ----------------------------------------------------------------------------------------------------
  data required time                                            9.94                     
  data arrival time                                            -0.82                     
  ----------------------------------------------------------------------------------------------------
  slack (MET)                                                   9.12                     


  Startpoint: shift_amount[4]
              (input port clocked by CLK)
  Endpoint: shifted_reg_12_
            (rising edge-triggered flip-flop clocked by CLK)
  Scenario: mode_norm.OC_rvt_ss_0p900v_125c
  Path Group: REGIN
  Path Type: max

Attributes:
    d - dont_touch
    u - dont_use
   mo - map_only
   so - size_only
    i - ideal_net or ideal_network
  inf - infeasible path

  Point                        Fanout     Trans      Incr       Path      Attributes     Voltage
  ----------------------------------------------------------------------------------------------------
  clock CLK (rise edge)                              0.00       0.00                     
  clock network delay (ideal)                        0.00       0.00                     
  input external delay                               0.00       0.00 r                   
  shift_amount[4] (in)                     0.32      0.17       0.17 r                   
  shift_amount[4] (net)         18                   0.00       0.17 r                   
  U183/Y (INV_X0P7M_A9TR)                  0.17      0.18 *     0.35 f                   0.90
  n356 (net)                    14                   0.00       0.35 f                   
  U173/Y (NAND2_X0P5M_A9TR)                0.15      0.15 *     0.50 r                   0.90
  n177 (net)                     5                   0.00       0.50 r                   
  U200/Y (INV_X0P7M_A9TR)                  0.12      0.12 *     0.63 f                   0.90
  n361 (net)                    15                   0.00       0.63 f                   
  U294/Y (AOI22_X0P5M_A9TR)                0.11      0.10 *     0.73 r                   0.90
  n229 (net)                     1                   0.00       0.73 r                   
  U295/Y (OAI211_X0P5M_A9TR)               0.09      0.08 *     0.81 f                   0.90
  n12 (net)                      1                   0.00       0.81 f                   
  shifted_reg_12_/D (DFFQ_X0P5M_A9TR)      0.09      0.00 *     0.81 f                   0.90
  data arrival time                                             0.81                     

  clock CLK (rise edge)                             10.00      10.00                     
  clock network delay (ideal)                        0.00      10.00                     
  shifted_reg_12_/CK (DFFQ_X0P5M_A9TR)               0.00      10.00 r                   
  library setup time                                -0.06       9.94                     
  data required time                                            9.94                     
  ----------------------------------------------------------------------------------------------------
  data required time                                            9.94                     
  data arrival time                                            -0.81                     
  ----------------------------------------------------------------------------------------------------
  slack (MET)                                                   9.12                     


  Startpoint: shift_amount[4]
              (input port clocked by CLK)
  Endpoint: shifted_reg_0_
            (rising edge-triggered flip-flop clocked by CLK)
  Scenario: mode_norm.OC_rvt_ss_0p900v_125c
  Path Group: REGIN
  Path Type: max

Attributes:
    d - dont_touch
    u - dont_use
   mo - map_only
   so - size_only
    i - ideal_net or ideal_network
  inf - infeasible path

  Point                        Fanout     Trans      Incr       Path      Attributes     Voltage
  ----------------------------------------------------------------------------------------------------
  clock CLK (rise edge)                              0.00       0.00                     
  clock network delay (ideal)                        0.00       0.00                     
  input external delay                               0.00       0.00 r                   
  shift_amount[4] (in)                     0.32      0.17       0.17 r                   
  shift_amount[4] (net)         18                   0.00       0.17 r                   
  U183/Y (INV_X0P7M_A9TR)                  0.17      0.18 *     0.35 f                   0.90
  n356 (net)                    14                   0.00       0.35 f                   
  U247/Y (NAND3_X0P7M_A9TR)                0.20      0.18 *     0.53 r                   0.90
  n333 (net)                     7                   0.00       0.53 r                   
  U262/Y (INV_X0P7M_A9TR)                  0.11      0.11 *     0.64 f                   0.90
  n314 (net)                     8                   0.00       0.64 f                   
  U357/Y (AOI22_X0P5M_A9TR)                0.10      0.10 *     0.74 r                   0.90
  n293 (net)                     1                   0.00       0.74 r                   
  U358/Y (OAI211_X0P5M_A9TR)               0.07      0.07 *     0.80 f                   0.90
  n0 (net)                       1                   0.00       0.80 f                   
  shifted_reg_0_/D (DFFQ_X0P5M_A9TR)       0.07      0.00 *     0.80 f                   0.90
  data arrival time                                             0.80                     

  clock CLK (rise edge)                             10.00      10.00                     
  clock network delay (ideal)                        0.00      10.00                     
  shifted_reg_0_/CK (DFFQ_X0P5M_A9TR)                0.00      10.00 r                   
  library setup time                                -0.06       9.94                     
  data required time                                            9.94                     
  ----------------------------------------------------------------------------------------------------
  data required time                                            9.94                     
  data arrival time                                            -0.80                     
  ----------------------------------------------------------------------------------------------------
  slack (MET)                                                   9.14                     


  Startpoint: shift_amount[4]
              (input port clocked by CLK)
  Endpoint: shifted_reg_14_
            (rising edge-triggered flip-flop clocked by CLK)
  Scenario: mode_norm.OC_rvt_ss_0p900v_125c
  Path Group: REGIN
  Path Type: max

Attributes:
    d - dont_touch
    u - dont_use
   mo - map_only
   so - size_only
    i - ideal_net or ideal_network
  inf - infeasible path

  Point                        Fanout     Trans      Incr       Path      Attributes     Voltage
  ----------------------------------------------------------------------------------------------------
  clock CLK (rise edge)                              0.00       0.00                     
  clock network delay (ideal)                        0.00       0.00                     
  input external delay                               0.00       0.00 r                   
  shift_amount[4] (in)                     0.32      0.17       0.17 r                   
  shift_amount[4] (net)         18                   0.00       0.17 r                   
  U183/Y (INV_X0P7M_A9TR)                  0.17      0.18 *     0.35 f                   0.90
  n356 (net)                    14                   0.00       0.35 f                   
  U173/Y (NAND2_X0P5M_A9TR)                0.15      0.15 *     0.50 r                   0.90
  n177 (net)                     5                   0.00       0.50 r                   
  U200/Y (INV_X0P7M_A9TR)                  0.12      0.12 *     0.63 f                   0.90
  n361 (net)                    15                   0.00       0.63 f                   
  U306/Y (AOI22_X0P5M_A9TR)                0.12      0.11 *     0.74 r                   0.90
  n239 (net)                     1                   0.00       0.74 r                   
  U307/Y (OAI211_X0P5M_A9TR)               0.06      0.06 *     0.80 f                   0.90
  n14 (net)                      1                   0.00       0.80 f                   
  shifted_reg_14_/D (DFFQ_X0P5M_A9TR)      0.06      0.00 *     0.80 f                   0.90
  data arrival time                                             0.80                     

  clock CLK (rise edge)                             10.00      10.00                     
  clock network delay (ideal)                        0.00      10.00                     
  shifted_reg_14_/CK (DFFQ_X0P5M_A9TR)               0.00      10.00 r                   
  library setup time                                -0.06       9.94                     
  data required time                                            9.94                     
  ----------------------------------------------------------------------------------------------------
  data required time                                            9.94                     
  data arrival time                                            -0.80                     
  ----------------------------------------------------------------------------------------------------
  slack (MET)                                                   9.14                     


  Startpoint: shift_amount[4]
              (input port clocked by CLK)
  Endpoint: shifted_reg_7_
            (rising edge-triggered flip-flop clocked by CLK)
  Scenario: mode_norm.OC_rvt_ss_0p900v_125c
  Path Group: REGIN
  Path Type: max

Attributes:
    d - dont_touch
    u - dont_use
   mo - map_only
   so - size_only
    i - ideal_net or ideal_network
  inf - infeasible path

  Point                        Fanout     Trans      Incr       Path      Attributes     Voltage
  ----------------------------------------------------------------------------------------------------
  clock CLK (rise edge)                              0.00       0.00                     
  clock network delay (ideal)                        0.00       0.00                     
  input external delay                               0.00       0.00 r                   
  shift_amount[4] (in)                     0.32      0.17       0.17 r                   
  shift_amount[4] (net)         18                   0.00       0.17 r                   
  U183/Y (INV_X0P7M_A9TR)                  0.17      0.18 *     0.35 f                   0.90
  n356 (net)                    14                   0.00       0.35 f                   
  U247/Y (NAND3_X0P7M_A9TR)                0.20      0.18 *     0.53 r                   0.90
  n333 (net)                     7                   0.00       0.53 r                   
  U262/Y (INV_X0P7M_A9TR)                  0.11      0.11 *     0.64 f                   0.90
  n314 (net)                     8                   0.00       0.64 f                   
  U296/Y (AOI22_X0P5M_A9TR)                0.07      0.09 *     0.73 r                   0.90
  n236 (net)                     1                   0.00       0.73 r                   
  U304/Y (OAI211_X0P5M_A9TR)               0.07      0.06 *     0.79 f                   0.90
  n7 (net)                       1                   0.00       0.79 f                   
  shifted_reg_7_/D (DFFQ_X0P5M_A9TR)       0.07      0.00 *     0.79 f                   0.90
  data arrival time                                             0.79                     

  clock CLK (rise edge)                             10.00      10.00                     
  clock network delay (ideal)                        0.00      10.00                     
  shifted_reg_7_/CK (DFFQ_X0P5M_A9TR)                0.00      10.00 r                   
  library setup time                                -0.06       9.94                     
  data required time                                            9.94                     
  ----------------------------------------------------------------------------------------------------
  data required time                                            9.94                     
  data arrival time                                            -0.79                     
  ----------------------------------------------------------------------------------------------------
  slack (MET)                                                   9.15                     


  Startpoint: shift_amount[4]
              (input port clocked by CLK)
  Endpoint: shifted_reg_15_
            (rising edge-triggered flip-flop clocked by CLK)
  Scenario: mode_norm.OC_rvt_ss_0p900v_125c
  Path Group: REGIN
  Path Type: max

Attributes:
    d - dont_touch
    u - dont_use
   mo - map_only
   so - size_only
    i - ideal_net or ideal_network
  inf - infeasible path

  Point                        Fanout     Trans      Incr       Path      Attributes     Voltage
  ----------------------------------------------------------------------------------------------------
  clock CLK (rise edge)                              0.00       0.00                     
  clock network delay (ideal)                        0.00       0.00                     
  input external delay                               0.00       0.00 r                   
  shift_amount[4] (in)                     0.32      0.17       0.17 r                   
  shift_amount[4] (net)         18                   0.00       0.17 r                   
  U183/Y (INV_X0P7M_A9TR)                  0.17      0.18 *     0.35 f                   0.90
  n356 (net)                    14                   0.00       0.35 f                   
  U173/Y (NAND2_X0P5M_A9TR)                0.15      0.15 *     0.50 r                   0.90
  n177 (net)                     5                   0.00       0.50 r                   
  U200/Y (INV_X0P7M_A9TR)                  0.12      0.12 *     0.63 f                   0.90
  n361 (net)                    15                   0.00       0.63 f                   
  U278/Y (AOI22_X0P5M_A9TR)                0.09      0.09 *     0.72 r                   0.90
  n218 (net)                     1                   0.00       0.72 r                   
  U279/Y (OAI211_X0P5M_A9TR)               0.08      0.07 *     0.79 f                   0.90
  n15 (net)                      1                   0.00       0.79 f                   
  shifted_reg_15_/D (DFFQ_X0P5M_A9TR)      0.08      0.00 *     0.79 f                   0.90
  data arrival time                                             0.79                     

  clock CLK (rise edge)                             10.00      10.00                     
  clock network delay (ideal)                        0.00      10.00                     
  shifted_reg_15_/CK (DFFQ_X0P5M_A9TR)               0.00      10.00 r                   
  library setup time                                -0.06       9.94                     
  data required time                                            9.94                     
  ----------------------------------------------------------------------------------------------------
  data required time                                            9.94                     
  data arrival time                                            -0.79                     
  ----------------------------------------------------------------------------------------------------
  slack (MET)                                                   9.15                     


  Startpoint: shift_amount[4]
              (input port clocked by CLK)
  Endpoint: shifted_reg_9_
            (rising edge-triggered flip-flop clocked by CLK)
  Scenario: mode_norm.OC_rvt_ss_0p900v_125c
  Path Group: REGIN
  Path Type: max

Attributes:
    d - dont_touch
    u - dont_use
   mo - map_only
   so - size_only
    i - ideal_net or ideal_network
  inf - infeasible path

  Point                        Fanout     Trans      Incr       Path      Attributes     Voltage
  ----------------------------------------------------------------------------------------------------
  clock CLK (rise edge)                              0.00       0.00                     
  clock network delay (ideal)                        0.00       0.00                     
  input external delay                               0.00       0.00 r                   
  shift_amount[4] (in)                     0.32      0.17       0.17 r                   
  shift_amount[4] (net)         18                   0.00       0.17 r                   
  U183/Y (INV_X0P7M_A9TR)                  0.17      0.18 *     0.35 f                   0.90
  n356 (net)                    14                   0.00       0.35 f                   
  U247/Y (NAND3_X0P7M_A9TR)                0.20      0.18 *     0.53 r                   0.90
  n333 (net)                     7                   0.00       0.53 r                   
  U262/Y (INV_X0P7M_A9TR)                  0.11      0.11 *     0.64 f                   0.90
  n314 (net)                     8                   0.00       0.64 f                   
  U341/Y (AOI22_X0P5M_A9TR)                0.08      0.09 *     0.73 r                   0.90
  n278 (net)                     1                   0.00       0.73 r                   
  U343/Y (OAI211_X0P5M_A9TR)               0.06      0.06 *     0.79 f                   0.90
  n9 (net)                       1                   0.00       0.79 f                   
  shifted_reg_9_/D (DFFQ_X0P5M_A9TR)       0.06      0.00 *     0.79 f                   0.90
  data arrival time                                             0.79                     

  clock CLK (rise edge)                             10.00      10.00                     
  clock network delay (ideal)                        0.00      10.00                     
  shifted_reg_9_/CK (DFFQ_X0P5M_A9TR)                0.00      10.00 r                   
  library setup time                                -0.05       9.95                     
  data required time                                            9.95                     
  ----------------------------------------------------------------------------------------------------
  data required time                                            9.95                     
  data arrival time                                            -0.79                     
  ----------------------------------------------------------------------------------------------------
  slack (MET)                                                   9.15                     


  Startpoint: shift_amount[4]
              (input port clocked by CLK)
  Endpoint: shifted_reg_4_
            (rising edge-triggered flip-flop clocked by CLK)
  Scenario: mode_norm.OC_rvt_ss_0p900v_125c
  Path Group: REGIN
  Path Type: max

Attributes:
    d - dont_touch
    u - dont_use
   mo - map_only
   so - size_only
    i - ideal_net or ideal_network
  inf - infeasible path

  Point                        Fanout     Trans      Incr       Path      Attributes     Voltage
  ----------------------------------------------------------------------------------------------------
  clock CLK (rise edge)                              0.00       0.00                     
  clock network delay (ideal)                        0.00       0.00                     
  input external delay                               0.00       0.00 r                   
  shift_amount[4] (in)                     0.32      0.17       0.17 r                   
  shift_amount[4] (net)         18                   0.00       0.17 r                   
  U183/Y (INV_X0P7M_A9TR)                  0.17      0.18 *     0.35 f                   0.90
  n356 (net)                    14                   0.00       0.35 f                   
  U247/Y (NAND3_X0P7M_A9TR)                0.20      0.18 *     0.53 r                   0.90
  n333 (net)                     7                   0.00       0.53 r                   
  U262/Y (INV_X0P7M_A9TR)                  0.11      0.11 *     0.64 f                   0.90
  n314 (net)                     8                   0.00       0.64 f                   
  U371/Y (AOI22_X0P5M_A9TR)                0.08      0.10 *     0.74 r                   0.90
  n317 (net)                     1                   0.00       0.74 r                   
  U373/Y (OAI211_X0P5M_A9TR)               0.05      0.05 *     0.79 f                   0.90
  n4 (net)                       1                   0.00       0.79 f                   
  shifted_reg_4_/D (DFFQ_X0P5M_A9TR)       0.05      0.00 *     0.79 f                   0.90
  data arrival time                                             0.79                     

  clock CLK (rise edge)                             10.00      10.00                     
  clock network delay (ideal)                        0.00      10.00                     
  shifted_reg_4_/CK (DFFQ_X0P5M_A9TR)                0.00      10.00 r                   
  library setup time                                -0.05       9.95                     
  data required time                                            9.95                     
  ----------------------------------------------------------------------------------------------------
  data required time                                            9.95                     
  data arrival time                                            -0.79                     
  ----------------------------------------------------------------------------------------------------
  slack (MET)                                                   9.16                     


  Startpoint: shift_amount[4]
              (input port clocked by CLK)
  Endpoint: shifted_reg_2_
            (rising edge-triggered flip-flop clocked by CLK)
  Scenario: mode_norm.OC_rvt_ss_0p900v_125c
  Path Group: REGIN
  Path Type: max

Attributes:
    d - dont_touch
    u - dont_use
   mo - map_only
   so - size_only
    i - ideal_net or ideal_network
  inf - infeasible path

  Point                        Fanout     Trans      Incr       Path      Attributes     Voltage
  ----------------------------------------------------------------------------------------------------
  clock CLK (rise edge)                              0.00       0.00                     
  clock network delay (ideal)                        0.00       0.00                     
  input external delay                               0.00       0.00 r                   
  shift_amount[4] (in)                     0.32      0.17       0.17 r                   
  shift_amount[4] (net)         18                   0.00       0.17 r                   
  U183/Y (INV_X0P7M_A9TR)                  0.17      0.18 *     0.35 f                   0.90
  n356 (net)                    14                   0.00       0.35 f                   
  U247/Y (NAND3_X0P7M_A9TR)                0.20      0.18 *     0.53 r                   0.90
  n333 (net)                     7                   0.00       0.53 r                   
  U262/Y (INV_X0P7M_A9TR)                  0.11      0.11 *     0.64 f                   0.90
  n314 (net)                     8                   0.00       0.64 f                   
  U363/Y (AOI22_X0P5M_A9TR)                0.09      0.09 *     0.73 r                   0.90
  n302 (net)                     1                   0.00       0.73 r                   
  U364/Y (OAI211_X0P5M_A9TR)               0.05      0.05 *     0.78 f                   0.90
  n2 (net)                       1                   0.00       0.78 f                   
  shifted_reg_2_/D (DFFQ_X0P5M_A9TR)       0.05      0.00 *     0.78 f                   0.90
  data arrival time                                             0.78                     

  clock CLK (rise edge)                             10.00      10.00                     
  clock network delay (ideal)                        0.00      10.00                     
  shifted_reg_2_/CK (DFFQ_X0P5M_A9TR)                0.00      10.00 r                   
  library setup time                                -0.05       9.95                     
  data required time                                            9.95                     
  ----------------------------------------------------------------------------------------------------
  data required time                                            9.95                     
  data arrival time                                            -0.78                     
  ----------------------------------------------------------------------------------------------------
  slack (MET)                                                   9.17                     


  Startpoint: shifted_reg_28_
              (rising edge-triggered flip-flop clocked by CLK)
  Endpoint: out[28] (output port clocked by CLK)
  Scenario: mode_norm.OC_rvt_ss_0p900v_125c
  Path Group: REGOUT
  Path Type: max

Attributes:
    d - dont_touch
    u - dont_use
   mo - map_only
   so - size_only
    i - ideal_net or ideal_network
  inf - infeasible path

  Point                         Fanout     Trans      Incr       Path      Attributes     Voltage
  -----------------------------------------------------------------------------------------------------
  clock CLK (rise edge)                               0.00       0.00                     
  clock network delay (ideal)                         0.00       0.00                     
  shifted_reg_28_/CK (DFFQ_X0P5M_A9TR)      0.00      0.00       0.00 r                   0.90
  shifted_reg_28_/Q (DFFQ_X0P5M_A9TR)       0.02      0.12       0.12 f                   0.90
  out[28] (net)                   1                   0.00       0.12 f                   
  out[28] (out)                             0.02      0.00 *     0.12 f                   
  data arrival time                                              0.12                     

  clock CLK (rise edge)                              10.00      10.00                     
  clock network delay (ideal)                         0.00      10.00                     
  output external delay                               0.00      10.00                     
  data required time                                            10.00                     
  -----------------------------------------------------------------------------------------------------
  data required time                                            10.00                     
  data arrival time                                             -0.12                     
  -----------------------------------------------------------------------------------------------------
  slack (MET)                                                    9.88                     


  Startpoint: shifted_reg_8_
              (rising edge-triggered flip-flop clocked by CLK)
  Endpoint: out[8] (output port clocked by CLK)
  Scenario: mode_norm.OC_rvt_ss_0p900v_125c
  Path Group: REGOUT
  Path Type: max

Attributes:
    d - dont_touch
    u - dont_use
   mo - map_only
   so - size_only
    i - ideal_net or ideal_network
  inf - infeasible path

  Point                        Fanout     Trans      Incr       Path      Attributes     Voltage
  ----------------------------------------------------------------------------------------------------
  clock CLK (rise edge)                              0.00       0.00                     
  clock network delay (ideal)                        0.00       0.00                     
  shifted_reg_8_/CK (DFFQ_X0P5M_A9TR)      0.00      0.00       0.00 r                   0.90
  shifted_reg_8_/Q (DFFQ_X0P5M_A9TR)       0.02      0.12       0.12 f                   0.90
  out[8] (net)                   1                   0.00       0.12 f                   
  out[8] (out)                             0.02      0.00 *     0.12 f                   
  data arrival time                                             0.12                     

  clock CLK (rise edge)                             10.00      10.00                     
  clock network delay (ideal)                        0.00      10.00                     
  output external delay                              0.00      10.00                     
  data required time                                           10.00                     
  ----------------------------------------------------------------------------------------------------
  data required time                                           10.00                     
  data arrival time                                            -0.12                     
  ----------------------------------------------------------------------------------------------------
  slack (MET)                                                   9.88                     


  Startpoint: shifted_reg_29_
              (rising edge-triggered flip-flop clocked by CLK)
  Endpoint: out[29] (output port clocked by CLK)
  Scenario: mode_norm.OC_rvt_ss_0p900v_125c
  Path Group: REGOUT
  Path Type: max

Attributes:
    d - dont_touch
    u - dont_use
   mo - map_only
   so - size_only
    i - ideal_net or ideal_network
  inf - infeasible path

  Point                         Fanout     Trans      Incr       Path      Attributes     Voltage
  -----------------------------------------------------------------------------------------------------
  clock CLK (rise edge)                               0.00       0.00                     
  clock network delay (ideal)                         0.00       0.00                     
  shifted_reg_29_/CK (DFFQ_X0P5M_A9TR)      0.00      0.00       0.00 r                   0.90
  shifted_reg_29_/Q (DFFQ_X0P5M_A9TR)       0.02      0.12       0.12 f                   0.90
  out[29] (net)                   1                   0.00       0.12 f                   
  out[29] (out)                             0.02      0.00 *     0.12 f                   
  data arrival time                                              0.12                     

  clock CLK (rise edge)                              10.00      10.00                     
  clock network delay (ideal)                         0.00      10.00                     
  output external delay                               0.00      10.00                     
  data required time                                            10.00                     
  -----------------------------------------------------------------------------------------------------
  data required time                                            10.00                     
  data arrival time                                             -0.12                     
  -----------------------------------------------------------------------------------------------------
  slack (MET)                                                    9.88                     


  Startpoint: shifted_reg_17_
              (rising edge-triggered flip-flop clocked by CLK)
  Endpoint: out[17] (output port clocked by CLK)
  Scenario: mode_norm.OC_rvt_ss_0p900v_125c
  Path Group: REGOUT
  Path Type: max

Attributes:
    d - dont_touch
    u - dont_use
   mo - map_only
   so - size_only
    i - ideal_net or ideal_network
  inf - infeasible path

  Point                         Fanout     Trans      Incr       Path      Attributes     Voltage
  -----------------------------------------------------------------------------------------------------
  clock CLK (rise edge)                               0.00       0.00                     
  clock network delay (ideal)                         0.00       0.00                     
  shifted_reg_17_/CK (DFFQ_X0P5M_A9TR)      0.00      0.00       0.00 r                   0.90
  shifted_reg_17_/Q (DFFQ_X0P5M_A9TR)       0.02      0.12       0.12 f                   0.90
  out[17] (net)                   1                   0.00       0.12 f                   
  out[17] (out)                             0.02      0.00 *     0.12 f                   
  data arrival time                                              0.12                     

  clock CLK (rise edge)                              10.00      10.00                     
  clock network delay (ideal)                         0.00      10.00                     
  output external delay                               0.00      10.00                     
  data required time                                            10.00                     
  -----------------------------------------------------------------------------------------------------
  data required time                                            10.00                     
  data arrival time                                             -0.12                     
  -----------------------------------------------------------------------------------------------------
  slack (MET)                                                    9.88                     


  Startpoint: shifted_reg_2_
              (rising edge-triggered flip-flop clocked by CLK)
  Endpoint: out[2] (output port clocked by CLK)
  Scenario: mode_norm.OC_rvt_ss_0p900v_125c
  Path Group: REGOUT
  Path Type: max

Attributes:
    d - dont_touch
    u - dont_use
   mo - map_only
   so - size_only
    i - ideal_net or ideal_network
  inf - infeasible path

  Point                        Fanout     Trans      Incr       Path      Attributes     Voltage
  ----------------------------------------------------------------------------------------------------
  clock CLK (rise edge)                              0.00       0.00                     
  clock network delay (ideal)                        0.00       0.00                     
  shifted_reg_2_/CK (DFFQ_X0P5M_A9TR)      0.00      0.00       0.00 r                   0.90
  shifted_reg_2_/Q (DFFQ_X0P5M_A9TR)       0.02      0.12       0.12 f                   0.90
  out[2] (net)                   1                   0.00       0.12 f                   
  out[2] (out)                             0.02      0.00 *     0.12 f                   
  data arrival time                                             0.12                     

  clock CLK (rise edge)                             10.00      10.00                     
  clock network delay (ideal)                        0.00      10.00                     
  output external delay                              0.00      10.00                     
  data required time                                           10.00                     
  ----------------------------------------------------------------------------------------------------
  data required time                                           10.00                     
  data arrival time                                            -0.12                     
  ----------------------------------------------------------------------------------------------------
  slack (MET)                                                   9.88                     


  Startpoint: shifted_reg_21_
              (rising edge-triggered flip-flop clocked by CLK)
  Endpoint: out[21] (output port clocked by CLK)
  Scenario: mode_norm.OC_rvt_ss_0p900v_125c
  Path Group: REGOUT
  Path Type: max

Attributes:
    d - dont_touch
    u - dont_use
   mo - map_only
   so - size_only
    i - ideal_net or ideal_network
  inf - infeasible path

  Point                         Fanout     Trans      Incr       Path      Attributes     Voltage
  -----------------------------------------------------------------------------------------------------
  clock CLK (rise edge)                               0.00       0.00                     
  clock network delay (ideal)                         0.00       0.00                     
  shifted_reg_21_/CK (DFFQ_X0P5M_A9TR)      0.00      0.00       0.00 r                   0.90
  shifted_reg_21_/Q (DFFQ_X0P5M_A9TR)       0.02      0.12       0.12 f                   0.90
  out[21] (net)                   1                   0.00       0.12 f                   
  out[21] (out)                             0.02      0.00 *     0.12 f                   
  data arrival time                                              0.12                     

  clock CLK (rise edge)                              10.00      10.00                     
  clock network delay (ideal)                         0.00      10.00                     
  output external delay                               0.00      10.00                     
  data required time                                            10.00                     
  -----------------------------------------------------------------------------------------------------
  data required time                                            10.00                     
  data arrival time                                             -0.12                     
  -----------------------------------------------------------------------------------------------------
  slack (MET)                                                    9.88                     


  Startpoint: shifted_reg_1_
              (rising edge-triggered flip-flop clocked by CLK)
  Endpoint: out[1] (output port clocked by CLK)
  Scenario: mode_norm.OC_rvt_ss_0p900v_125c
  Path Group: REGOUT
  Path Type: max

Attributes:
    d - dont_touch
    u - dont_use
   mo - map_only
   so - size_only
    i - ideal_net or ideal_network
  inf - infeasible path

  Point                        Fanout     Trans      Incr       Path      Attributes     Voltage
  ----------------------------------------------------------------------------------------------------
  clock CLK (rise edge)                              0.00       0.00                     
  clock network delay (ideal)                        0.00       0.00                     
  shifted_reg_1_/CK (DFFQ_X0P5M_A9TR)      0.00      0.00       0.00 r                   0.90
  shifted_reg_1_/Q (DFFQ_X0P5M_A9TR)       0.02      0.12       0.12 f                   0.90
  out[1] (net)                   1                   0.00       0.12 f                   
  out[1] (out)                             0.02      0.00 *     0.12 f                   
  data arrival time                                             0.12                     

  clock CLK (rise edge)                             10.00      10.00                     
  clock network delay (ideal)                        0.00      10.00                     
  output external delay                              0.00      10.00                     
  data required time                                           10.00                     
  ----------------------------------------------------------------------------------------------------
  data required time                                           10.00                     
  data arrival time                                            -0.12                     
  ----------------------------------------------------------------------------------------------------
  slack (MET)                                                   9.88                     


  Startpoint: shifted_reg_23_
              (rising edge-triggered flip-flop clocked by CLK)
  Endpoint: out[23] (output port clocked by CLK)
  Scenario: mode_norm.OC_rvt_ss_0p900v_125c
  Path Group: REGOUT
  Path Type: max

Attributes:
    d - dont_touch
    u - dont_use
   mo - map_only
   so - size_only
    i - ideal_net or ideal_network
  inf - infeasible path

  Point                         Fanout     Trans      Incr       Path      Attributes     Voltage
  -----------------------------------------------------------------------------------------------------
  clock CLK (rise edge)                               0.00       0.00                     
  clock network delay (ideal)                         0.00       0.00                     
  shifted_reg_23_/CK (DFFQ_X0P5M_A9TR)      0.00      0.00       0.00 r                   0.90
  shifted_reg_23_/Q (DFFQ_X0P5M_A9TR)       0.02      0.12       0.12 f                   0.90
  out[23] (net)                   1                   0.00       0.12 f                   
  out[23] (out)                             0.02      0.00 *     0.12 f                   
  data arrival time                                              0.12                     

  clock CLK (rise edge)                              10.00      10.00                     
  clock network delay (ideal)                         0.00      10.00                     
  output external delay                               0.00      10.00                     
  data required time                                            10.00                     
  -----------------------------------------------------------------------------------------------------
  data required time                                            10.00                     
  data arrival time                                             -0.12                     
  -----------------------------------------------------------------------------------------------------
  slack (MET)                                                    9.88                     


  Startpoint: shifted_reg_10_
              (rising edge-triggered flip-flop clocked by CLK)
  Endpoint: out[10] (output port clocked by CLK)
  Scenario: mode_norm.OC_rvt_ss_0p900v_125c
  Path Group: REGOUT
  Path Type: max

Attributes:
    d - dont_touch
    u - dont_use
   mo - map_only
   so - size_only
    i - ideal_net or ideal_network
  inf - infeasible path

  Point                         Fanout     Trans      Incr       Path      Attributes     Voltage
  -----------------------------------------------------------------------------------------------------
  clock CLK (rise edge)                               0.00       0.00                     
  clock network delay (ideal)                         0.00       0.00                     
  shifted_reg_10_/CK (DFFQ_X0P5M_A9TR)      0.00      0.00       0.00 r                   0.90
  shifted_reg_10_/Q (DFFQ_X0P5M_A9TR)       0.02      0.12       0.12 f                   0.90
  out[10] (net)                   1                   0.00       0.12 f                   
  out[10] (out)                             0.02      0.00 *     0.12 f                   
  data arrival time                                              0.12                     

  clock CLK (rise edge)                              10.00      10.00                     
  clock network delay (ideal)                         0.00      10.00                     
  output external delay                               0.00      10.00                     
  data required time                                            10.00                     
  -----------------------------------------------------------------------------------------------------
  data required time                                            10.00                     
  data arrival time                                             -0.12                     
  -----------------------------------------------------------------------------------------------------
  slack (MET)                                                    9.88                     


  Startpoint: shifted_reg_14_
              (rising edge-triggered flip-flop clocked by CLK)
  Endpoint: out[14] (output port clocked by CLK)
  Scenario: mode_norm.OC_rvt_ss_0p900v_125c
  Path Group: REGOUT
  Path Type: max

Attributes:
    d - dont_touch
    u - dont_use
   mo - map_only
   so - size_only
    i - ideal_net or ideal_network
  inf - infeasible path

  Point                         Fanout     Trans      Incr       Path      Attributes     Voltage
  -----------------------------------------------------------------------------------------------------
  clock CLK (rise edge)                               0.00       0.00                     
  clock network delay (ideal)                         0.00       0.00                     
  shifted_reg_14_/CK (DFFQ_X0P5M_A9TR)      0.00      0.00       0.00 r                   0.90
  shifted_reg_14_/Q (DFFQ_X0P5M_A9TR)       0.02      0.12       0.12 f                   0.90
  out[14] (net)                   1                   0.00       0.12 f                   
  out[14] (out)                             0.02      0.00 *     0.12 f                   
  data arrival time                                              0.12                     

  clock CLK (rise edge)                              10.00      10.00                     
  clock network delay (ideal)                         0.00      10.00                     
  output external delay                               0.00      10.00                     
  data required time                                            10.00                     
  -----------------------------------------------------------------------------------------------------
  data required time                                            10.00                     
  data arrival time                                             -0.12                     
  -----------------------------------------------------------------------------------------------------
  slack (MET)                                                    9.88                     


1
