 
****************************************
Report : area
Design : VX_barrel_shifter
Version: V-2023.12-SP5-3
Date   : Thu May 21 21:49:48 2026
****************************************

Library(s) Used:

    sc9_cmos28lpp_base_rvt_ss_nominal_max_0p900v_125c_sadhm (File: /tool/PDK/Samsung/LN28LPP_202203/PRIMITIVES/RVT/ln28lpp_sc_9t_base_rvt_c130_V1.00d/FE-Common/LIBERTY/sc9_cmos28lpp_base_rvt_ss_nominal_max_0p900v_125c_sadhm.db)

Number of ports:                           75
Number of nets:                           287
Number of cells:                          245
Number of combinational cells:            210
Number of sequential cells:                33
Number of macros/black boxes:               0
Number of buf/inv:                         19
Number of references:                      21

Combinational area:                128.817002
Buf/Inv area:                        6.669000
Noncombinational area:              69.146998
Macro/Black Box area:                0.000000
Net Interconnect area:      undefined  (No wire load specified)

Total cell area:                   197.964001
Total area:                 undefined

Core Area:                       346
Aspect Ratio:                 1.0311
Utilization Ratio:            0.5714


The above information was reported from the logical library. The following are from the physical library:

  Total moveable cell area: 198.0
  Total fixed cell area: 0.0
  Total physical cell area: 198.0
 Core area: 0.000, 0.000, 18.330, 18.900

Hierarchical area distribution
------------------------------

                                  Global cell area          Local cell area
                                  ------------------  --------------------------- 
Hierarchical cell                 Absolute   Percent  Combi-    Noncombi-  Black-
                                  Total      Total    national  national   boxes   Design
--------------------------------  ---------  -------  --------  ---------  ------  --------------------------------------
VX_barrel_shifter                  197.9640    100.0  128.8170    67.3920  0.0000  VX_barrel_shifter
clk_gate_shifted_reg                 1.7550      0.9    0.0000     1.7550  0.0000  SNPS_CLOCK_GATE_HIGH_VX_barrel_shifter
--------------------------------  ---------  -------  --------  ---------  ------  --------------------------------------
Total                                                 128.8170    69.1470  0.0000

1
