 
****************************************
Report : area
Design : VX_cache_top
Version: V-2023.12-SP5-3
Date   : Tue May 12 16:55:12 2026
****************************************

Library(s) Used:

    sc9_cmos28lpp_base_rvt_ss_nominal_max_0p900v_125c_sadhm (File: /tool/PDK/Samsung/LN28LPP_202203/PRIMITIVES/RVT/ln28lpp_sc_9t_base_rvt_c130_V1.00d/FE-Common/LIBERTY/sc9_cmos28lpp_base_rvt_ss_nominal_max_0p900v_125c_sadhm.db)
    USERLIB_ss_0p900v_0p900v_125c (File: /home/data/memory_compiler/28LPP/genSEC/cmos28lpp_ra1w_hs_4096x128m8/cmos28lpp_ra1w_hs_4096x128m8_ss_0p900v_0p900v_125c.db)
    USERLIB_ss_0p900v_0p900v_125c (File: /home/data/memory_compiler/28LPP/genSEC/cmos28lpp_ra2_hd_1024x16m16/cmos28lpp_ra2_hd_1024x16m16_ss_0p900v_0p900v_125c.db)

Number of ports:                       108867
Number of nets:                        316046
Number of cells:                       208450
Number of combinational cells:         139133
Number of sequential cells:             68547
Number of macros/black boxes:             128
Number of buf/inv:                      30785
Number of references:                       3

Combinational area:              94697.928452
Buf/Inv area:                    12608.037111
Noncombinational area:          144259.358352
Macro/Black Box area:         11752509.250000
Net Interconnect area:      undefined  (No wire load specified)

Total cell area:              11991466.536804
Total area:                 undefined

Core Area:                    728820
Aspect Ratio:                 1.0009
Utilization Ratio:            0.5360


The above information was reported from the logical library. The following are from the physical library:

  Total moveable cell area: 525349.4
  Total fixed cell area: 0.0
  Total physical cell area: 525349.4
 Core area: 0.000, 0.000, 853.320, 854.100

Hierarchical area distribution
------------------------------

                                  Global cell area                   Local cell area
                                  ----------------------  -------------------------------------- 
Hierarchical cell                 Absolute       Percent  Combi-      Noncombi-    Black-
                                  Total          Total    national    national     boxes          Design
--------------------------------  -------------  -------  ----------  -----------  -------------  -------------------------------------------------------------------------
VX_cache_top                      11991466.5368    100.0     46.5660       0.0000         0.0000  VX_cache_top
cache                             11991419.9708    100.0      0.0000       0.0000         0.0000  VX_cache_wrap_h_825_242_795
cache/g_cache_cache               11991419.9708    100.0      1.8720       0.0000         0.0000  VX_cache_h_653_242_368
cache/g_cache_cache/cache_init         393.9390      0.0    375.3360      16.8480         0.0000  VX_cache_init_h_141_242_787
cache/g_cache_cache/cache_init/clk_gate_state_reg        1.7550     0.0     0.0000      1.7550        0.0000 SNPS_CLOCK_GATE_HIGH_VX_cache_init_h_141_242_787
cache/g_cache_cache/core_req_xbar      636.7140      0.0      1.1700       0.0000         0.0000  VX_stream_xbar
cache/g_cache_cache/core_req_xbar/g_multi_inputs_g_multiple_outputs_g_sel_in_demux_0__sel_in_demux        1.1700     0.0     1.1700      0.0000        0.0000 VX_demux_5
cache/g_cache_cache/core_req_xbar/g_multi_inputs_g_multiple_outputs_g_sel_in_demux_1__sel_in_demux        1.1700     0.0     1.1700      0.0000        0.0000 VX_demux_4
cache/g_cache_cache/core_req_xbar/g_multi_inputs_g_multiple_outputs_g_xbar_arbs_0__xbar_arb      314.2620     0.0   204.9840      0.0000        0.0000 VX_stream_arb_1_1
cache/g_cache_cache/core_req_xbar/g_multi_inputs_g_multiple_outputs_g_xbar_arbs_0__xbar_arb/g_input_select_g_arbiter_arbiter       11.4660     0.0     0.0000      0.0000        0.0000 VX_generic_arbiter_5
cache/g_cache_cache/core_req_xbar/g_multi_inputs_g_multiple_outputs_g_xbar_arbs_0__xbar_arb/g_input_select_g_arbiter_arbiter/g_round_robin_rr_arbiter       11.4660     0.0     5.3820      4.2120        0.0000 VX_rr_arbiter_5
cache/g_cache_cache/core_req_xbar/g_multi_inputs_g_multiple_outputs_g_xbar_arbs_0__xbar_arb/g_input_select_g_arbiter_arbiter/g_round_robin_rr_arbiter/g_model1_onehot_encoder        1.8720     0.0     1.8720      0.0000        0.0000 VX_onehot_encoder_1_5
cache/g_cache_cache/core_req_xbar/g_multi_inputs_g_multiple_outputs_g_xbar_arbs_0__xbar_arb/g_input_select_g_arbiter_g_out_buf_0__out_buf       97.8120     0.0    97.8120      0.0000        0.0000 VX_elastic_buffer_210_0_0_0_1
cache/g_cache_cache/core_req_xbar/g_multi_inputs_g_multiple_outputs_g_xbar_arbs_1__xbar_arb      315.1980     0.0   206.9730      0.0000        0.0000 VX_stream_arb_1_0
cache/g_cache_cache/core_req_xbar/g_multi_inputs_g_multiple_outputs_g_xbar_arbs_1__xbar_arb/g_input_select_g_arbiter_arbiter       10.4130     0.0     0.0000      0.0000        0.0000 VX_generic_arbiter_4
cache/g_cache_cache/core_req_xbar/g_multi_inputs_g_multiple_outputs_g_xbar_arbs_1__xbar_arb/g_input_select_g_arbiter_arbiter/g_round_robin_rr_arbiter       10.4130     0.0     5.1480      4.2120        0.0000 VX_rr_arbiter_4
cache/g_cache_cache/core_req_xbar/g_multi_inputs_g_multiple_outputs_g_xbar_arbs_1__xbar_arb/g_input_select_g_arbiter_arbiter/g_round_robin_rr_arbiter/g_model1_onehot_encoder        1.0530     0.0     1.0530      0.0000        0.0000 VX_onehot_encoder_1_4
cache/g_cache_cache/core_req_xbar/g_multi_inputs_g_multiple_outputs_g_xbar_arbs_1__xbar_arb/g_input_select_g_arbiter_g_out_buf_0__out_buf       97.8120     0.0    97.8120      0.0000        0.0000 VX_elastic_buffer_210_0_0_0_0
cache/g_cache_cache/core_req_xbar/g_multi_inputs_g_multiple_outputs_rdy_in_transpose        1.8720     0.0     1.8720      0.0000        0.0000 VX_transpose_5
cache/g_cache_cache/core_req_xbar/g_multi_inputs_g_multiple_outputs_val_in_transpose        1.8720     0.0     1.8720      0.0000        0.0000 VX_transpose_4
cache/g_cache_cache/core_rsp_xbar      500.0580      0.0      1.1700       0.0000         0.0000  VX_stream_xbar_1
cache/g_cache_cache/core_rsp_xbar/g_multi_inputs_g_multiple_outputs_g_sel_in_demux_0__sel_in_demux        1.1700     0.0     1.1700      0.0000        0.0000 VX_demux_3
cache/g_cache_cache/core_rsp_xbar/g_multi_inputs_g_multiple_outputs_g_sel_in_demux_1__sel_in_demux        1.1700     0.0     1.1700      0.0000        0.0000 VX_demux_2
cache/g_cache_cache/core_rsp_xbar/g_multi_inputs_g_multiple_outputs_g_xbar_arbs_0__xbar_arb      246.1680     0.0   159.2370      0.0000        0.0000 VX_stream_arb_2_1
cache/g_cache_cache/core_rsp_xbar/g_multi_inputs_g_multiple_outputs_g_xbar_arbs_0__xbar_arb/g_input_select_g_arbiter_arbiter       11.1150     0.0     0.7020      0.0000        0.0000 VX_generic_arbiter_3
cache/g_cache_cache/core_rsp_xbar/g_multi_inputs_g_multiple_outputs_g_xbar_arbs_0__xbar_arb/g_input_select_g_arbiter_arbiter/g_round_robin_rr_arbiter       10.4130     0.0     5.1480      4.2120        0.0000 VX_rr_arbiter_3
cache/g_cache_cache/core_rsp_xbar/g_multi_inputs_g_multiple_outputs_g_xbar_arbs_0__xbar_arb/g_input_select_g_arbiter_arbiter/g_round_robin_rr_arbiter/g_model1_onehot_encoder        1.0530     0.0     1.0530      0.0000        0.0000 VX_onehot_encoder_1_3
cache/g_cache_cache/core_rsp_xbar/g_multi_inputs_g_multiple_outputs_g_xbar_arbs_0__xbar_arb/g_input_select_g_arbiter_g_out_buf_0__out_buf       75.8160     0.0    75.8160      0.0000        0.0000 VX_elastic_buffer_161_0_0_0_1
cache/g_cache_cache/core_rsp_xbar/g_multi_inputs_g_multiple_outputs_g_xbar_arbs_1__xbar_arb      246.6360     0.0   159.7050      0.0000        0.0000 VX_stream_arb_2_0
cache/g_cache_cache/core_rsp_xbar/g_multi_inputs_g_multiple_outputs_g_xbar_arbs_1__xbar_arb/g_input_select_g_arbiter_arbiter       11.1150     0.0     0.0000      0.0000        0.0000 VX_generic_arbiter_2
cache/g_cache_cache/core_rsp_xbar/g_multi_inputs_g_multiple_outputs_g_xbar_arbs_1__xbar_arb/g_input_select_g_arbiter_arbiter/g_round_robin_rr_arbiter       11.1150     0.0     5.8500      4.2120        0.0000 VX_rr_arbiter_2
cache/g_cache_cache/core_rsp_xbar/g_multi_inputs_g_multiple_outputs_g_xbar_arbs_1__xbar_arb/g_input_select_g_arbiter_arbiter/g_round_robin_rr_arbiter/g_model1_onehot_encoder        1.0530     0.0     1.0530      0.0000        0.0000 VX_onehot_encoder_1_2
cache/g_cache_cache/core_rsp_xbar/g_multi_inputs_g_multiple_outputs_g_xbar_arbs_1__xbar_arb/g_input_select_g_arbiter_g_out_buf_0__out_buf       75.8160     0.0    75.8160      0.0000        0.0000 VX_elastic_buffer_161_0_0_0_0
cache/g_cache_cache/core_rsp_xbar/g_multi_inputs_g_multiple_outputs_rdy_in_transpose        1.8720     0.0     1.8720      0.0000        0.0000 VX_transpose_3
cache/g_cache_cache/core_rsp_xbar/g_multi_inputs_g_multiple_outputs_val_in_transpose        1.8720     0.0     1.8720      0.0000        0.0000 VX_transpose_2
cache/g_cache_cache/g_banks_0__bank  5974929.3818    49.8   613.4310       0.0000         0.0000  VX_cache_bank
cache/g_cache_cache/g_banks_0__bank/cache_data  5327420.9560    44.4  1804.6080      0.0000        0.0000 VX_cache_data_1
cache/g_cache_cache/g_banks_0__bank/cache_data/g_data_store_0__data_store  1331406.5440    11.1     1.4040      0.0000        0.0000 VX_sp_ram_1_7
cache/g_cache_cache/g_banks_0__bank/cache_data/g_data_store_0__data_store/g_compiled_u_compiled  1331405.1400    11.1   573.5340      2.1060  1330829.5000 VX_sp_ram_compiled_7
cache/g_cache_cache/g_banks_0__bank/cache_data/g_data_store_1__data_store  1331404.9060    11.1     1.4040      0.0000        0.0000 VX_sp_ram_1_6
cache/g_cache_cache/g_banks_0__bank/cache_data/g_data_store_1__data_store/g_compiled_u_compiled  1331403.5020    11.1   571.8960      2.1060  1330829.5000 VX_sp_ram_compiled_6
cache/g_cache_cache/g_banks_0__bank/cache_data/g_data_store_2__data_store  1331404.0870    11.1     1.8720      0.0000        0.0000 VX_sp_ram_1_5
cache/g_cache_cache/g_banks_0__bank/cache_data/g_data_store_2__data_store/g_compiled_u_compiled  1331402.2150    11.1   570.6090      2.1060  1330829.5000 VX_sp_ram_compiled_5
cache/g_cache_cache/g_banks_0__bank/cache_data/g_data_store_3__data_store  1331400.8110    11.1     0.7020      0.0000        0.0000 VX_sp_ram_1_4
cache/g_cache_cache/g_banks_0__bank/cache_data/g_data_store_3__data_store/g_compiled_u_compiled  1331400.1090    11.1   568.5030      2.1060  1330829.5000 VX_sp_ram_compiled_4
cache/g_cache_cache/g_banks_0__bank/cache_flush       80.8470     0.0    41.1840     37.9080        0.0000 VX_cache_flush
cache/g_cache_cache/g_banks_0__bank/cache_flush/clk_gate_counter_reg_0        1.7550     0.0     0.0000      1.7550        0.0000 SNPS_CLOCK_GATE_HIGH_VX_cache_flush_0
cache/g_cache_cache/g_banks_0__bank/cache_mshr    10226.9699     0.1  1095.0030   1166.7240        0.0000 VX_cache_mshr
cache/g_cache_cache/g_banks_0__bank/cache_mshr/allocate_sel       14.3910     0.0     0.0000      0.0000        0.0000 VX_priority_encoder_3
cache/g_cache_cache/g_banks_0__bank/cache_mshr/allocate_sel/g_lsb_g_model1_lzc       14.3910     0.0     0.0000      0.0000        0.0000 VX_lzc_3
cache/g_cache_cache/g_banks_0__bank/cache_mshr/allocate_sel/g_lsb_g_model1_lzc/g_lzc_find_first       14.3910     0.0    14.3910      0.0000        0.0000 VX_find_first_16_4_0_3
cache/g_cache_cache/g_banks_0__bank/cache_mshr/clk_gate_dequeue_id_r_reg        1.7550     0.0     0.0000      1.7550        0.0000 SNPS_CLOCK_GATE_HIGH_VX_cache_mshr_3
cache/g_cache_cache/g_banks_0__bank/cache_mshr/clk_gate_next_index_reg_0_        1.7550     0.0     0.0000      1.7550        0.0000 SNPS_CLOCK_GATE_HIGH_VX_cache_mshr_19
cache/g_cache_cache/g_banks_0__bank/cache_mshr/clk_gate_next_index_reg_10_        1.7550     0.0     0.0000      1.7550        0.0000 SNPS_CLOCK_GATE_HIGH_VX_cache_mshr_9
cache/g_cache_cache/g_banks_0__bank/cache_mshr/clk_gate_next_index_reg_11_        1.7550     0.0     0.0000      1.7550        0.0000 SNPS_CLOCK_GATE_HIGH_VX_cache_mshr_8
cache/g_cache_cache/g_banks_0__bank/cache_mshr/clk_gate_next_index_reg_12_        1.7550     0.0     0.0000      1.7550        0.0000 SNPS_CLOCK_GATE_HIGH_VX_cache_mshr_7
cache/g_cache_cache/g_banks_0__bank/cache_mshr/clk_gate_next_index_reg_13_        1.7550     0.0     0.0000      1.7550        0.0000 SNPS_CLOCK_GATE_HIGH_VX_cache_mshr_6
cache/g_cache_cache/g_banks_0__bank/cache_mshr/clk_gate_next_index_reg_14_        1.7550     0.0     0.0000      1.7550        0.0000 SNPS_CLOCK_GATE_HIGH_VX_cache_mshr_5
cache/g_cache_cache/g_banks_0__bank/cache_mshr/clk_gate_next_index_reg_15_        1.7550     0.0     0.0000      1.7550        0.0000 SNPS_CLOCK_GATE_HIGH_VX_cache_mshr_4
cache/g_cache_cache/g_banks_0__bank/cache_mshr/clk_gate_next_index_reg_1_        1.7550     0.0     0.0000      1.7550        0.0000 SNPS_CLOCK_GATE_HIGH_VX_cache_mshr_18
cache/g_cache_cache/g_banks_0__bank/cache_mshr/clk_gate_next_index_reg_2_        1.7550     0.0     0.0000      1.7550        0.0000 SNPS_CLOCK_GATE_HIGH_VX_cache_mshr_17
cache/g_cache_cache/g_banks_0__bank/cache_mshr/clk_gate_next_index_reg_3_        1.7550     0.0     0.0000      1.7550        0.0000 SNPS_CLOCK_GATE_HIGH_VX_cache_mshr_16
cache/g_cache_cache/g_banks_0__bank/cache_mshr/clk_gate_next_index_reg_4_        1.7550     0.0     0.0000      1.7550        0.0000 SNPS_CLOCK_GATE_HIGH_VX_cache_mshr_15
cache/g_cache_cache/g_banks_0__bank/cache_mshr/clk_gate_next_index_reg_5_        1.7550     0.0     0.0000      1.7550        0.0000 SNPS_CLOCK_GATE_HIGH_VX_cache_mshr_14
cache/g_cache_cache/g_banks_0__bank/cache_mshr/clk_gate_next_index_reg_6_        1.7550     0.0     0.0000      1.7550        0.0000 SNPS_CLOCK_GATE_HIGH_VX_cache_mshr_13
cache/g_cache_cache/g_banks_0__bank/cache_mshr/clk_gate_next_index_reg_7_        1.7550     0.0     0.0000      1.7550        0.0000 SNPS_CLOCK_GATE_HIGH_VX_cache_mshr_12
cache/g_cache_cache/g_banks_0__bank/cache_mshr/clk_gate_next_index_reg_8_        1.7550     0.0     0.0000      1.7550        0.0000 SNPS_CLOCK_GATE_HIGH_VX_cache_mshr_11
cache/g_cache_cache/g_banks_0__bank/cache_mshr/clk_gate_next_index_reg_9_        1.7550     0.0     0.0000      1.7550        0.0000 SNPS_CLOCK_GATE_HIGH_VX_cache_mshr_10
cache/g_cache_cache/g_banks_0__bank/cache_mshr/clk_gate_next_table_reg        1.7550     0.0     0.0000      1.7550        0.0000 SNPS_CLOCK_GATE_HIGH_VX_cache_mshr_2
cache/g_cache_cache/g_banks_0__bank/cache_mshr/clk_gate_valid_table_reg        1.7550     0.0     0.0000      1.7550        0.0000 SNPS_CLOCK_GATE_HIGH_VX_cache_mshr_0_3
cache/g_cache_cache/g_banks_0__bank/cache_mshr/clk_gate_write_table_reg        1.7550     0.0     0.0000      1.7550        0.0000 SNPS_CLOCK_GATE_HIGH_VX_cache_mshr_0
cache/g_cache_cache/g_banks_0__bank/cache_mshr/clk_gate_write_table_reg_0        1.7550     0.0     0.0000      1.7550        0.0000 SNPS_CLOCK_GATE_HIGH_VX_cache_mshr_34
cache/g_cache_cache/g_banks_0__bank/cache_mshr/clk_gate_write_table_reg_1        1.7550     0.0     0.0000      1.7550        0.0000 SNPS_CLOCK_GATE_HIGH_VX_cache_mshr_33
cache/g_cache_cache/g_banks_0__bank/cache_mshr/clk_gate_write_table_reg_10        1.7550     0.0     0.0000      1.7550        0.0000 SNPS_CLOCK_GATE_HIGH_VX_cache_mshr_24
cache/g_cache_cache/g_banks_0__bank/cache_mshr/clk_gate_write_table_reg_11        1.7550     0.0     0.0000      1.7550        0.0000 SNPS_CLOCK_GATE_HIGH_VX_cache_mshr_23
cache/g_cache_cache/g_banks_0__bank/cache_mshr/clk_gate_write_table_reg_12        1.7550     0.0     0.0000      1.7550        0.0000 SNPS_CLOCK_GATE_HIGH_VX_cache_mshr_22
cache/g_cache_cache/g_banks_0__bank/cache_mshr/clk_gate_write_table_reg_13        1.7550     0.0     0.0000      1.7550        0.0000 SNPS_CLOCK_GATE_HIGH_VX_cache_mshr_21
cache/g_cache_cache/g_banks_0__bank/cache_mshr/clk_gate_write_table_reg_14        1.7550     0.0     0.0000      1.7550        0.0000 SNPS_CLOCK_GATE_HIGH_VX_cache_mshr_20
cache/g_cache_cache/g_banks_0__bank/cache_mshr/clk_gate_write_table_reg_2        1.7550     0.0     0.0000      1.7550        0.0000 SNPS_CLOCK_GATE_HIGH_VX_cache_mshr_32
cache/g_cache_cache/g_banks_0__bank/cache_mshr/clk_gate_write_table_reg_3        1.7550     0.0     0.0000      1.7550        0.0000 SNPS_CLOCK_GATE_HIGH_VX_cache_mshr_31
cache/g_cache_cache/g_banks_0__bank/cache_mshr/clk_gate_write_table_reg_4        1.7550     0.0     0.0000      1.7550        0.0000 SNPS_CLOCK_GATE_HIGH_VX_cache_mshr_30
cache/g_cache_cache/g_banks_0__bank/cache_mshr/clk_gate_write_table_reg_5        1.7550     0.0     0.0000      1.7550        0.0000 SNPS_CLOCK_GATE_HIGH_VX_cache_mshr_29
cache/g_cache_cache/g_banks_0__bank/cache_mshr/clk_gate_write_table_reg_6        1.7550     0.0     0.0000      1.7550        0.0000 SNPS_CLOCK_GATE_HIGH_VX_cache_mshr_28
cache/g_cache_cache/g_banks_0__bank/cache_mshr/clk_gate_write_table_reg_7        1.7550     0.0     0.0000      1.7550        0.0000 SNPS_CLOCK_GATE_HIGH_VX_cache_mshr_27
cache/g_cache_cache/g_banks_0__bank/cache_mshr/clk_gate_write_table_reg_8        1.7550     0.0     0.0000      1.7550        0.0000 SNPS_CLOCK_GATE_HIGH_VX_cache_mshr_26
cache/g_cache_cache/g_banks_0__bank/cache_mshr/clk_gate_write_table_reg_9        1.7550     0.0     0.0000      1.7550        0.0000 SNPS_CLOCK_GATE_HIGH_VX_cache_mshr_25
cache/g_cache_cache/g_banks_0__bank/cache_mshr/mshr_store     7875.7379     0.1     0.0000      0.0000        0.0000 VX_dp_ram_2_1
cache/g_cache_cache/g_banks_0__bank/cache_mshr/mshr_store/g_async_g_bram_async_ram_patch     7875.7379     0.1  1437.3450   6408.5578        0.0000 VX_async_ram_patch_179_16_1_1_1_1_0_0_0__053242_1
cache/g_cache_cache/g_banks_0__bank/cache_mshr/mshr_store/g_async_g_bram_async_ram_patch/clk_gate_g_sync_ram_g_no_wren_g_bram_g_read_first_ram_reg_0_        1.7550     0.0     0.0000      1.7550        0.0000 SNPS_CLOCK_GATE_HIGH_VX_async_ram_patch_179_16_1_1_1_1_0_0_0__053242_0_33
cache/g_cache_cache/g_banks_0__bank/cache_mshr/mshr_store/g_async_g_bram_async_ram_patch/clk_gate_g_sync_ram_g_no_wren_g_bram_g_read_first_ram_reg_10_        1.7550     0.0     0.0000      1.7550        0.0000 SNPS_CLOCK_GATE_HIGH_VX_async_ram_patch_179_16_1_1_1_1_0_0_0__053242_0_23
cache/g_cache_cache/g_banks_0__bank/cache_mshr/mshr_store/g_async_g_bram_async_ram_patch/clk_gate_g_sync_ram_g_no_wren_g_bram_g_read_first_ram_reg_11_        1.7550     0.0     0.0000      1.7550        0.0000 SNPS_CLOCK_GATE_HIGH_VX_async_ram_patch_179_16_1_1_1_1_0_0_0__053242_0_22
cache/g_cache_cache/g_banks_0__bank/cache_mshr/mshr_store/g_async_g_bram_async_ram_patch/clk_gate_g_sync_ram_g_no_wren_g_bram_g_read_first_ram_reg_12_        1.7550     0.0     0.0000      1.7550        0.0000 SNPS_CLOCK_GATE_HIGH_VX_async_ram_patch_179_16_1_1_1_1_0_0_0__053242_0_21
cache/g_cache_cache/g_banks_0__bank/cache_mshr/mshr_store/g_async_g_bram_async_ram_patch/clk_gate_g_sync_ram_g_no_wren_g_bram_g_read_first_ram_reg_13_        1.7550     0.0     0.0000      1.7550        0.0000 SNPS_CLOCK_GATE_HIGH_VX_async_ram_patch_179_16_1_1_1_1_0_0_0__053242_0_20
cache/g_cache_cache/g_banks_0__bank/cache_mshr/mshr_store/g_async_g_bram_async_ram_patch/clk_gate_g_sync_ram_g_no_wren_g_bram_g_read_first_ram_reg_14_        1.7550     0.0     0.0000      1.7550        0.0000 SNPS_CLOCK_GATE_HIGH_VX_async_ram_patch_179_16_1_1_1_1_0_0_0__053242_0_19
cache/g_cache_cache/g_banks_0__bank/cache_mshr/mshr_store/g_async_g_bram_async_ram_patch/clk_gate_g_sync_ram_g_no_wren_g_bram_g_read_first_ram_reg_15_        1.7550     0.0     0.0000      1.7550        0.0000 SNPS_CLOCK_GATE_HIGH_VX_async_ram_patch_179_16_1_1_1_1_0_0_0__053242_0_18
cache/g_cache_cache/g_banks_0__bank/cache_mshr/mshr_store/g_async_g_bram_async_ram_patch/clk_gate_g_sync_ram_g_no_wren_g_bram_g_read_first_ram_reg_1_        1.7550     0.0     0.0000      1.7550        0.0000 SNPS_CLOCK_GATE_HIGH_VX_async_ram_patch_179_16_1_1_1_1_0_0_0__053242_0_32
cache/g_cache_cache/g_banks_0__bank/cache_mshr/mshr_store/g_async_g_bram_async_ram_patch/clk_gate_g_sync_ram_g_no_wren_g_bram_g_read_first_ram_reg_2_        1.7550     0.0     0.0000      1.7550        0.0000 SNPS_CLOCK_GATE_HIGH_VX_async_ram_patch_179_16_1_1_1_1_0_0_0__053242_0_31
cache/g_cache_cache/g_banks_0__bank/cache_mshr/mshr_store/g_async_g_bram_async_ram_patch/clk_gate_g_sync_ram_g_no_wren_g_bram_g_read_first_ram_reg_3_        1.7550     0.0     0.0000      1.7550        0.0000 SNPS_CLOCK_GATE_HIGH_VX_async_ram_patch_179_16_1_1_1_1_0_0_0__053242_0_30
cache/g_cache_cache/g_banks_0__bank/cache_mshr/mshr_store/g_async_g_bram_async_ram_patch/clk_gate_g_sync_ram_g_no_wren_g_bram_g_read_first_ram_reg_4_        1.7550     0.0     0.0000      1.7550        0.0000 SNPS_CLOCK_GATE_HIGH_VX_async_ram_patch_179_16_1_1_1_1_0_0_0__053242_0_29
cache/g_cache_cache/g_banks_0__bank/cache_mshr/mshr_store/g_async_g_bram_async_ram_patch/clk_gate_g_sync_ram_g_no_wren_g_bram_g_read_first_ram_reg_5_        1.7550     0.0     0.0000      1.7550        0.0000 SNPS_CLOCK_GATE_HIGH_VX_async_ram_patch_179_16_1_1_1_1_0_0_0__053242_0_28
cache/g_cache_cache/g_banks_0__bank/cache_mshr/mshr_store/g_async_g_bram_async_ram_patch/clk_gate_g_sync_ram_g_no_wren_g_bram_g_read_first_ram_reg_6_        1.7550     0.0     0.0000      1.7550        0.0000 SNPS_CLOCK_GATE_HIGH_VX_async_ram_patch_179_16_1_1_1_1_0_0_0__053242_0_27
cache/g_cache_cache/g_banks_0__bank/cache_mshr/mshr_store/g_async_g_bram_async_ram_patch/clk_gate_g_sync_ram_g_no_wren_g_bram_g_read_first_ram_reg_7_        1.7550     0.0     0.0000      1.7550        0.0000 SNPS_CLOCK_GATE_HIGH_VX_async_ram_patch_179_16_1_1_1_1_0_0_0__053242_0_26
cache/g_cache_cache/g_banks_0__bank/cache_mshr/mshr_store/g_async_g_bram_async_ram_patch/clk_gate_g_sync_ram_g_no_wren_g_bram_g_read_first_ram_reg_8_        1.7550     0.0     0.0000      1.7550        0.0000 SNPS_CLOCK_GATE_HIGH_VX_async_ram_patch_179_16_1_1_1_1_0_0_0__053242_0_25
cache/g_cache_cache/g_banks_0__bank/cache_mshr/mshr_store/g_async_g_bram_async_ram_patch/clk_gate_g_sync_ram_g_no_wren_g_bram_g_read_first_ram_reg_9_        1.7550     0.0     0.0000      1.7550        0.0000 SNPS_CLOCK_GATE_HIGH_VX_async_ram_patch_179_16_1_1_1_1_0_0_0__053242_0_24
cache/g_cache_cache/g_banks_0__bank/cache_mshr/mshr_store/g_async_g_bram_async_ram_patch/clk_gate_g_sync_ram_g_no_wren_g_bram_g_read_first_rdata_r_reg        1.7550     0.0     0.0000      1.7550        0.0000 SNPS_CLOCK_GATE_HIGH_VX_async_ram_patch_179_16_1_1_1_1_0_0_0__053242_0_17
cache/g_cache_cache/g_banks_0__bank/cache_mshr/prev_sel       13.6890     0.0     0.0000      0.0000        0.0000 VX_priority_encoder_2
cache/g_cache_cache/g_banks_0__bank/cache_mshr/prev_sel/g_lsb_g_model1_lzc       13.6890     0.0     0.0000      0.0000        0.0000 VX_lzc_2
cache/g_cache_cache/g_banks_0__bank/cache_mshr/prev_sel/g_lsb_g_model1_lzc/g_lzc_find_first       13.6890     0.0    13.6890      0.0000        0.0000 VX_find_first_16_4_0_2
cache/g_cache_cache/g_banks_0__bank/cache_repl    65466.5302     0.5     2.6910      0.0000        0.0000 VX_cache_repl_1
cache/g_cache_cache/g_banks_0__bank/cache_repl/g_enable_g_fifo_fifo_store    65463.8392     0.5     2.5740      0.0000        0.0000 VX_sp_ram_2
cache/g_cache_cache/g_banks_0__bank/cache_repl/g_enable_g_fifo_fifo_store/g_async_g_bram_async_ram_patch    65461.2652     0.5 30922.5151  34508.9151        0.0000 VX_async_ram_patch_2_8192_1_0_1_1_0_0_0__0_1
cache/g_cache_cache/g_banks_0__bank/cache_repl/g_enable_g_fifo_fifo_store/g_async_g_bram_async_ram_patch/clk_gate_g_sync_ram_g_no_wren_g_bram_g_read_first_ram_reg_0_        1.7550     0.0     0.0000      1.7550        0.0000 SNPS_CLOCK_GATE_HIGH_VX_async_ram_patch_2_8192_1_0_1_1_0_0_0__0_0_33
cache/g_cache_cache/g_banks_0__bank/cache_repl/g_enable_g_fifo_fifo_store/g_async_g_bram_async_ram_patch/clk_gate_g_sync_ram_g_no_wren_g_bram_g_read_first_ram_reg_1446_        1.7550     0.0     0.0000      1.7550        0.0000 SNPS_CLOCK_GATE_HIGH_VX_async_ram_patch_2_8192_1_0_1_1_0_0_0__0_0_30
cache/g_cache_cache/g_banks_0__bank/cache_repl/g_enable_g_fifo_fifo_store/g_async_g_bram_async_ram_patch/clk_gate_g_sync_ram_g_no_wren_g_bram_g_read_first_ram_reg_1928_        1.7550     0.0     0.0000      1.7550        0.0000 SNPS_CLOCK_GATE_HIGH_VX_async_ram_patch_2_8192_1_0_1_1_0_0_0__0_0_29
cache/g_cache_cache/g_banks_0__bank/cache_repl/g_enable_g_fifo_fifo_store/g_async_g_bram_async_ram_patch/clk_gate_g_sync_ram_g_no_wren_g_bram_g_read_first_ram_reg_2410_        1.7550     0.0     0.0000      1.7550        0.0000 SNPS_CLOCK_GATE_HIGH_VX_async_ram_patch_2_8192_1_0_1_1_0_0_0__0_0_28
cache/g_cache_cache/g_banks_0__bank/cache_repl/g_enable_g_fifo_fifo_store/g_async_g_bram_async_ram_patch/clk_gate_g_sync_ram_g_no_wren_g_bram_g_read_first_ram_reg_2892_        1.7550     0.0     0.0000      1.7550        0.0000 SNPS_CLOCK_GATE_HIGH_VX_async_ram_patch_2_8192_1_0_1_1_0_0_0__0_0_27
cache/g_cache_cache/g_banks_0__bank/cache_repl/g_enable_g_fifo_fifo_store/g_async_g_bram_async_ram_patch/clk_gate_g_sync_ram_g_no_wren_g_bram_g_read_first_ram_reg_3374_        1.7550     0.0     0.0000      1.7550        0.0000 SNPS_CLOCK_GATE_HIGH_VX_async_ram_patch_2_8192_1_0_1_1_0_0_0__0_0_26
cache/g_cache_cache/g_banks_0__bank/cache_repl/g_enable_g_fifo_fifo_store/g_async_g_bram_async_ram_patch/clk_gate_g_sync_ram_g_no_wren_g_bram_g_read_first_ram_reg_3856_        1.7550     0.0     0.0000      1.7550        0.0000 SNPS_CLOCK_GATE_HIGH_VX_async_ram_patch_2_8192_1_0_1_1_0_0_0__0_0_25
cache/g_cache_cache/g_banks_0__bank/cache_repl/g_enable_g_fifo_fifo_store/g_async_g_bram_async_ram_patch/clk_gate_g_sync_ram_g_no_wren_g_bram_g_read_first_ram_reg_4338_        1.7550     0.0     0.0000      1.7550        0.0000 SNPS_CLOCK_GATE_HIGH_VX_async_ram_patch_2_8192_1_0_1_1_0_0_0__0_0_24
cache/g_cache_cache/g_banks_0__bank/cache_repl/g_enable_g_fifo_fifo_store/g_async_g_bram_async_ram_patch/clk_gate_g_sync_ram_g_no_wren_g_bram_g_read_first_ram_reg_4820_        1.7550     0.0     0.0000      1.7550        0.0000 SNPS_CLOCK_GATE_HIGH_VX_async_ram_patch_2_8192_1_0_1_1_0_0_0__0_0_23
cache/g_cache_cache/g_banks_0__bank/cache_repl/g_enable_g_fifo_fifo_store/g_async_g_bram_async_ram_patch/clk_gate_g_sync_ram_g_no_wren_g_bram_g_read_first_ram_reg_482_        1.7550     0.0     0.0000      1.7550        0.0000 SNPS_CLOCK_GATE_HIGH_VX_async_ram_patch_2_8192_1_0_1_1_0_0_0__0_0_32
cache/g_cache_cache/g_banks_0__bank/cache_repl/g_enable_g_fifo_fifo_store/g_async_g_bram_async_ram_patch/clk_gate_g_sync_ram_g_no_wren_g_bram_g_read_first_ram_reg_5302_        1.7550     0.0     0.0000      1.7550        0.0000 SNPS_CLOCK_GATE_HIGH_VX_async_ram_patch_2_8192_1_0_1_1_0_0_0__0_0_22
cache/g_cache_cache/g_banks_0__bank/cache_repl/g_enable_g_fifo_fifo_store/g_async_g_bram_async_ram_patch/clk_gate_g_sync_ram_g_no_wren_g_bram_g_read_first_ram_reg_5784_        1.7550     0.0     0.0000      1.7550        0.0000 SNPS_CLOCK_GATE_HIGH_VX_async_ram_patch_2_8192_1_0_1_1_0_0_0__0_0_21
cache/g_cache_cache/g_banks_0__bank/cache_repl/g_enable_g_fifo_fifo_store/g_async_g_bram_async_ram_patch/clk_gate_g_sync_ram_g_no_wren_g_bram_g_read_first_ram_reg_6266_        1.7550     0.0     0.0000      1.7550        0.0000 SNPS_CLOCK_GATE_HIGH_VX_async_ram_patch_2_8192_1_0_1_1_0_0_0__0_0_20
cache/g_cache_cache/g_banks_0__bank/cache_repl/g_enable_g_fifo_fifo_store/g_async_g_bram_async_ram_patch/clk_gate_g_sync_ram_g_no_wren_g_bram_g_read_first_ram_reg_7228_        1.7550     0.0     0.0000      1.7550        0.0000 SNPS_CLOCK_GATE_HIGH_VX_async_ram_patch_2_8192_1_0_1_1_0_0_0__0_1_1
cache/g_cache_cache/g_banks_0__bank/cache_repl/g_enable_g_fifo_fifo_store/g_async_g_bram_async_ram_patch/clk_gate_g_sync_ram_g_no_wren_g_bram_g_read_first_ram_reg_7229_        1.7550     0.0     0.0000      1.7550        0.0000 SNPS_CLOCK_GATE_HIGH_VX_async_ram_patch_2_8192_1_0_1_1_0_0_0__0_0_18
cache/g_cache_cache/g_banks_0__bank/cache_repl/g_enable_g_fifo_fifo_store/g_async_g_bram_async_ram_patch/clk_gate_g_sync_ram_g_no_wren_g_bram_g_read_first_ram_reg_8191_        1.7550     0.0     0.0000      1.7550        0.0000 SNPS_CLOCK_GATE_HIGH_VX_async_ram_patch_2_8192_1_0_1_1_0_0_0__0_1_0
cache/g_cache_cache/g_banks_0__bank/cache_repl/g_enable_g_fifo_fifo_store/g_async_g_bram_async_ram_patch/clk_gate_g_sync_ram_g_no_wren_g_bram_g_read_first_ram_reg_964_        1.7550     0.0     0.0000      1.7550        0.0000 SNPS_CLOCK_GATE_HIGH_VX_async_ram_patch_2_8192_1_0_1_1_0_0_0__0_0_31
cache/g_cache_cache/g_banks_0__bank/cache_tags   553453.9990     4.6   163.4490      0.0000        0.0000 VX_cache_tags_1
cache/g_cache_cache/g_banks_0__bank/cache_tags/g_tag_store_0____buffer_84        2.6910     0.0     0.0000      0.0000        0.0000 VX_pipe_register_4_15
cache/g_cache_cache/g_banks_0__bank/cache_tags/g_tag_store_0____buffer_84/g_shift_register        2.6910     0.0     0.5850      2.1060        0.0000 VX_shift_register_1_1_1_0_15
cache/g_cache_cache/g_banks_0__bank/cache_tags/g_tag_store_0____buffer_85        2.6910     0.0     0.0000      0.0000        0.0000 VX_pipe_register_4_14
cache/g_cache_cache/g_banks_0__bank/cache_tags/g_tag_store_0____buffer_85/g_shift_register        2.6910     0.0     0.5850      2.1060        0.0000 VX_shift_register_1_1_1_0_14
cache/g_cache_cache/g_banks_0__bank/cache_tags/g_tag_store_0__tag_store   138318.0453     1.2     0.0000      0.0000        0.0000 VX_dp_ram_1_7
cache/g_cache_cache/g_banks_0__bank/cache_tags/g_tag_store_0__tag_store/g_compiled_u_compiled   138318.0453     1.2    75.8160      6.3180   138234.1562 VX_dp_ram_compiled_7
cache/g_cache_cache/g_banks_0__bank/cache_tags/g_tag_store_0__tag_store/g_compiled_u_compiled/clk_gate_g_8192x16_ra_top_r_reg        1.7550     0.0     0.0000      1.7550        0.0000 SNPS_CLOCK_GATE_HIGH_VX_dp_ram_compiled_0_7
cache/g_cache_cache/g_banks_0__bank/cache_tags/g_tag_store_1____buffer_84        2.6910     0.0     0.0000      0.0000        0.0000 VX_pipe_register_4_13
cache/g_cache_cache/g_banks_0__bank/cache_tags/g_tag_store_1____buffer_84/g_shift_register        2.6910     0.0     0.5850      2.1060        0.0000 VX_shift_register_1_1_1_0_13
cache/g_cache_cache/g_banks_0__bank/cache_tags/g_tag_store_1____buffer_85        2.6910     0.0     0.0000      0.0000        0.0000 VX_pipe_register_4_12
cache/g_cache_cache/g_banks_0__bank/cache_tags/g_tag_store_1____buffer_85/g_shift_register        2.6910     0.0     0.5850      2.1060        0.0000 VX_shift_register_1_1_1_0_12
cache/g_cache_cache/g_banks_0__bank/cache_tags/g_tag_store_1__tag_store   138316.9923     1.2     0.0000      0.0000        0.0000 VX_dp_ram_1_6
cache/g_cache_cache/g_banks_0__bank/cache_tags/g_tag_store_1__tag_store/g_compiled_u_compiled   138316.9923     1.2    74.7630      6.3180   138234.1562 VX_dp_ram_compiled_6
cache/g_cache_cache/g_banks_0__bank/cache_tags/g_tag_store_1__tag_store/g_compiled_u_compiled/clk_gate_g_8192x16_ra_top_r_reg        1.7550     0.0     0.0000      1.7550        0.0000 SNPS_CLOCK_GATE_HIGH_VX_dp_ram_compiled_0_6
cache/g_cache_cache/g_banks_0__bank/cache_tags/g_tag_store_2____buffer_84        2.6910     0.0     0.0000      0.0000        0.0000 VX_pipe_register_4_11
cache/g_cache_cache/g_banks_0__bank/cache_tags/g_tag_store_2____buffer_84/g_shift_register        2.6910     0.0     0.5850      2.1060        0.0000 VX_shift_register_1_1_1_0_11
cache/g_cache_cache/g_banks_0__bank/cache_tags/g_tag_store_2____buffer_85        2.6910     0.0     0.0000      0.0000        0.0000 VX_pipe_register_4_10
cache/g_cache_cache/g_banks_0__bank/cache_tags/g_tag_store_2____buffer_85/g_shift_register        2.6910     0.0     0.5850      2.1060        0.0000 VX_shift_register_1_1_1_0_10
cache/g_cache_cache/g_banks_0__bank/cache_tags/g_tag_store_2__tag_store   138316.9923     1.2     0.0000      0.0000        0.0000 VX_dp_ram_1_5
cache/g_cache_cache/g_banks_0__bank/cache_tags/g_tag_store_2__tag_store/g_compiled_u_compiled   138316.9923     1.2    74.7630      6.3180   138234.1562 VX_dp_ram_compiled_5
cache/g_cache_cache/g_banks_0__bank/cache_tags/g_tag_store_2__tag_store/g_compiled_u_compiled/clk_gate_g_8192x16_ra_top_r_reg        1.7550     0.0     0.0000      1.7550        0.0000 SNPS_CLOCK_GATE_HIGH_VX_dp_ram_compiled_0_5
cache/g_cache_cache/g_banks_0__bank/cache_tags/g_tag_store_3____buffer_84        2.6910     0.0     0.0000      0.0000        0.0000 VX_pipe_register_4_9
cache/g_cache_cache/g_banks_0__bank/cache_tags/g_tag_store_3____buffer_84/g_shift_register        2.6910     0.0     0.5850      2.1060        0.0000 VX_shift_register_1_1_1_0_9
cache/g_cache_cache/g_banks_0__bank/cache_tags/g_tag_store_3____buffer_85        2.6910     0.0     0.0000      0.0000        0.0000 VX_pipe_register_4_8
cache/g_cache_cache/g_banks_0__bank/cache_tags/g_tag_store_3____buffer_85/g_shift_register        2.6910     0.0     0.5850      2.1060        0.0000 VX_shift_register_1_1_1_0_8
cache/g_cache_cache/g_banks_0__bank/cache_tags/g_tag_store_3__tag_store   138316.9923     1.2     0.0000      0.0000        0.0000 VX_dp_ram_1_4
cache/g_cache_cache/g_banks_0__bank/cache_tags/g_tag_store_3__tag_store/g_compiled_u_compiled   138316.9923     1.2    74.7630      6.3180   138234.1562 VX_dp_ram_compiled_4
cache/g_cache_cache/g_banks_0__bank/cache_tags/g_tag_store_3__tag_store/g_compiled_u_compiled/clk_gate_g_8192x16_ra_top_r_reg        1.7550     0.0     0.0000      1.7550        0.0000 SNPS_CLOCK_GATE_HIGH_VX_dp_ram_compiled_0_4
cache/g_cache_cache/g_banks_0__bank/core_rsp_queue     3457.5839     0.0     1.8720      0.0000        0.0000 VX_elastic_buffer_2_1
cache/g_cache_cache/g_banks_0__bank/core_rsp_queue/g_ebN_fifo_queue     3379.4279     0.0     9.4770     12.6360        0.0000 VX_fifo_queue_161_8_0_0_1
cache/g_cache_cache/g_banks_0__bank/core_rsp_queue/g_ebN_fifo_queue/g_depth_n_dp_ram     3332.2769     0.0     0.0000      0.0000        0.0000 VX_dp_ram_4_1
cache/g_cache_cache/g_banks_0__bank/core_rsp_queue/g_ebN_fifo_queue/g_depth_n_dp_ram/g_async_g_bram_async_ram_patch     3332.2769     0.0   597.6360   2718.8459        0.0000 VX_async_ram_patch_161_8_1_1_1_1_1_1_0__298242_1
cache/g_cache_cache/g_banks_0__bank/core_rsp_queue/g_ebN_fifo_queue/g_depth_n_dp_ram/g_async_g_bram_async_ram_patch/clk_gate_g_sync_ram_g_no_wren_g_bram_g_write_first_raddr_r_reg        1.7550     0.0     0.0000      1.7550        0.0000 SNPS_CLOCK_GATE_HIGH_VX_async_ram_patch_161_8_1_1_1_1_1_1_0__298242_0_9
cache/g_cache_cache/g_banks_0__bank/core_rsp_queue/g_ebN_fifo_queue/g_depth_n_dp_ram/g_async_g_bram_async_ram_patch/clk_gate_g_sync_ram_g_no_wren_g_bram_g_write_first_ram_reg_0_        1.7550     0.0     0.0000      1.7550        0.0000 SNPS_CLOCK_GATE_HIGH_VX_async_ram_patch_161_8_1_1_1_1_1_1_0__298242_0_17
cache/g_cache_cache/g_banks_0__bank/core_rsp_queue/g_ebN_fifo_queue/g_depth_n_dp_ram/g_async_g_bram_async_ram_patch/clk_gate_g_sync_ram_g_no_wren_g_bram_g_write_first_ram_reg_1_        1.7550     0.0     0.0000      1.7550        0.0000 SNPS_CLOCK_GATE_HIGH_VX_async_ram_patch_161_8_1_1_1_1_1_1_0__298242_0_16
cache/g_cache_cache/g_banks_0__bank/core_rsp_queue/g_ebN_fifo_queue/g_depth_n_dp_ram/g_async_g_bram_async_ram_patch/clk_gate_g_sync_ram_g_no_wren_g_bram_g_write_first_ram_reg_2_        1.7550     0.0     0.0000      1.7550        0.0000 SNPS_CLOCK_GATE_HIGH_VX_async_ram_patch_161_8_1_1_1_1_1_1_0__298242_0_15
cache/g_cache_cache/g_banks_0__bank/core_rsp_queue/g_ebN_fifo_queue/g_depth_n_dp_ram/g_async_g_bram_async_ram_patch/clk_gate_g_sync_ram_g_no_wren_g_bram_g_write_first_ram_reg_3_        1.7550     0.0     0.0000      1.7550        0.0000 SNPS_CLOCK_GATE_HIGH_VX_async_ram_patch_161_8_1_1_1_1_1_1_0__298242_0_14
cache/g_cache_cache/g_banks_0__bank/core_rsp_queue/g_ebN_fifo_queue/g_depth_n_dp_ram/g_async_g_bram_async_ram_patch/clk_gate_g_sync_ram_g_no_wren_g_bram_g_write_first_ram_reg_4_        1.7550     0.0     0.0000      1.7550        0.0000 SNPS_CLOCK_GATE_HIGH_VX_async_ram_patch_161_8_1_1_1_1_1_1_0__298242_0_13
cache/g_cache_cache/g_banks_0__bank/core_rsp_queue/g_ebN_fifo_queue/g_depth_n_dp_ram/g_async_g_bram_async_ram_patch/clk_gate_g_sync_ram_g_no_wren_g_bram_g_write_first_ram_reg_5_        1.7550     0.0     0.0000      1.7550        0.0000 SNPS_CLOCK_GATE_HIGH_VX_async_ram_patch_161_8_1_1_1_1_1_1_0__298242_0_12
cache/g_cache_cache/g_banks_0__bank/core_rsp_queue/g_ebN_fifo_queue/g_depth_n_dp_ram/g_async_g_bram_async_ram_patch/clk_gate_g_sync_ram_g_no_wren_g_bram_g_write_first_ram_reg_6_        1.7550     0.0     0.0000      1.7550        0.0000 SNPS_CLOCK_GATE_HIGH_VX_async_ram_patch_161_8_1_1_1_1_1_1_0__298242_0_11
cache/g_cache_cache/g_banks_0__bank/core_rsp_queue/g_ebN_fifo_queue/g_depth_n_dp_ram/g_async_g_bram_async_ram_patch/clk_gate_g_sync_ram_g_no_wren_g_bram_g_write_first_ram_reg_7_        1.7550     0.0     0.0000      1.7550        0.0000 SNPS_CLOCK_GATE_HIGH_VX_async_ram_patch_161_8_1_1_1_1_1_1_0__298242_0_10
cache/g_cache_cache/g_banks_0__bank/core_rsp_queue/g_ebN_fifo_queue/pending_size       25.0380     0.0    12.7530     10.5300        0.0000 VX_pending_size_1_1
cache/g_cache_cache/g_banks_0__bank/core_rsp_queue/g_ebN_fifo_queue/pending_size/clk_gate_g_size_gt1_g_single_step_used_r_reg        1.7550     0.0     0.0000      1.7550        0.0000 SNPS_CLOCK_GATE_HIGH_VX_pending_size_1_1_0
cache/g_cache_cache/g_banks_0__bank/core_rsp_queue/g_ebN_out_buf       76.2840     0.0    76.2840      0.0000        0.0000 VX_pipe_buffer_2_1
cache/g_cache_cache/g_banks_0__bank/mem_req_queue    11331.5668     0.1    87.6330     12.6360        0.0000 VX_fifo_queue_1
cache/g_cache_cache/g_banks_0__bank/mem_req_queue/g_depth_n_dp_ram    11205.6748     0.1     0.0000      0.0000        0.0000 VX_dp_ram_3_1
cache/g_cache_cache/g_banks_0__bank/mem_req_queue/g_depth_n_dp_ram/g_async_g_bram_async_ram_patch    11205.6748     0.1  2001.4021   9188.4778        0.0000 VX_async_ram_patch_612_8_1_1_1_1_1_1_0__553242_1
cache/g_cache_cache/g_banks_0__bank/mem_req_queue/g_depth_n_dp_ram/g_async_g_bram_async_ram_patch/clk_gate_g_sync_ram_g_no_wren_g_bram_g_write_first_raddr_r_reg        1.7550     0.0     0.0000      1.7550        0.0000 SNPS_CLOCK_GATE_HIGH_VX_async_ram_patch_612_8_1_1_1_1_1_1_0__553242_0_9
cache/g_cache_cache/g_banks_0__bank/mem_req_queue/g_depth_n_dp_ram/g_async_g_bram_async_ram_patch/clk_gate_g_sync_ram_g_no_wren_g_bram_g_write_first_ram_reg_0_        1.7550     0.0     0.0000      1.7550        0.0000 SNPS_CLOCK_GATE_HIGH_VX_async_ram_patch_612_8_1_1_1_1_1_1_0__553242_0_17
cache/g_cache_cache/g_banks_0__bank/mem_req_queue/g_depth_n_dp_ram/g_async_g_bram_async_ram_patch/clk_gate_g_sync_ram_g_no_wren_g_bram_g_write_first_ram_reg_1_        1.7550     0.0     0.0000      1.7550        0.0000 SNPS_CLOCK_GATE_HIGH_VX_async_ram_patch_612_8_1_1_1_1_1_1_0__553242_0_16
cache/g_cache_cache/g_banks_0__bank/mem_req_queue/g_depth_n_dp_ram/g_async_g_bram_async_ram_patch/clk_gate_g_sync_ram_g_no_wren_g_bram_g_write_first_ram_reg_2_        1.7550     0.0     0.0000      1.7550        0.0000 SNPS_CLOCK_GATE_HIGH_VX_async_ram_patch_612_8_1_1_1_1_1_1_0__553242_0_15
cache/g_cache_cache/g_banks_0__bank/mem_req_queue/g_depth_n_dp_ram/g_async_g_bram_async_ram_patch/clk_gate_g_sync_ram_g_no_wren_g_bram_g_write_first_ram_reg_3_        1.7550     0.0     0.0000      1.7550        0.0000 SNPS_CLOCK_GATE_HIGH_VX_async_ram_patch_612_8_1_1_1_1_1_1_0__553242_0_14
cache/g_cache_cache/g_banks_0__bank/mem_req_queue/g_depth_n_dp_ram/g_async_g_bram_async_ram_patch/clk_gate_g_sync_ram_g_no_wren_g_bram_g_write_first_ram_reg_4_        1.7550     0.0     0.0000      1.7550        0.0000 SNPS_CLOCK_GATE_HIGH_VX_async_ram_patch_612_8_1_1_1_1_1_1_0__553242_0_13
cache/g_cache_cache/g_banks_0__bank/mem_req_queue/g_depth_n_dp_ram/g_async_g_bram_async_ram_patch/clk_gate_g_sync_ram_g_no_wren_g_bram_g_write_first_ram_reg_5_        1.7550     0.0     0.0000      1.7550        0.0000 SNPS_CLOCK_GATE_HIGH_VX_async_ram_patch_612_8_1_1_1_1_1_1_0__553242_0_12
cache/g_cache_cache/g_banks_0__bank/mem_req_queue/g_depth_n_dp_ram/g_async_g_bram_async_ram_patch/clk_gate_g_sync_ram_g_no_wren_g_bram_g_write_first_ram_reg_6_        1.7550     0.0     0.0000      1.7550        0.0000 SNPS_CLOCK_GATE_HIGH_VX_async_ram_patch_612_8_1_1_1_1_1_1_0__553242_0_11
cache/g_cache_cache/g_banks_0__bank/mem_req_queue/g_depth_n_dp_ram/g_async_g_bram_async_ram_patch/clk_gate_g_sync_ram_g_no_wren_g_bram_g_write_first_ram_reg_7_        1.7550     0.0     0.0000      1.7550        0.0000 SNPS_CLOCK_GATE_HIGH_VX_async_ram_patch_612_8_1_1_1_1_1_1_0__553242_0_10
cache/g_cache_cache/g_banks_0__bank/mem_req_queue/pending_size       25.6230     0.0    13.3380     10.5300        0.0000 VX_pending_size_2_1
cache/g_cache_cache/g_banks_0__bank/mem_req_queue/pending_size/clk_gate_g_size_gt1_g_single_step_used_r_reg        1.7550     0.0     0.0000      1.7550        0.0000 SNPS_CLOCK_GATE_HIGH_VX_pending_size_2_1_0
cache/g_cache_cache/g_banks_0__bank/mshr_pending_size       32.6430     0.0    17.9010     14.7420        0.0000 VX_pending_size_3
cache/g_cache_cache/g_banks_0__bank/pipe_reg0     1322.5680     0.0    48.4380      0.0000        0.0000 VX_pipe_register_1_1
cache/g_cache_cache/g_banks_0__bank/pipe_reg0/g_shift_register     1274.1300     0.0     1.9890   1270.3860        0.0000 VX_shift_register_606_1_1_0_1
cache/g_cache_cache/g_banks_0__bank/pipe_reg0/g_shift_register/clk_gate_g_shift_pipe_reg_0_        1.7550     0.0     0.0000      1.7550        0.0000 SNPS_CLOCK_GATE_HIGH_VX_shift_register_606_1_1_0_0_1
cache/g_cache_cache/g_banks_0__bank/pipe_reg1     1327.0140     0.0     0.0000      0.0000        0.0000 VX_pipe_register_2_1
cache/g_cache_cache/g_banks_0__bank/pipe_reg1/g_shift_register     1327.0140     0.0     4.7970   1320.4620        0.0000 VX_shift_register_631_1_1_0_1
cache/g_cache_cache/g_banks_0__bank/pipe_reg1/g_shift_register/clk_gate_g_shift_pipe_reg_0_        1.7550     0.0     0.0000      1.7550        0.0000 SNPS_CLOCK_GATE_HIGH_VX_shift_register_631_1_1_0_0_1
cache/g_cache_cache/g_banks_0__bank/pipe_reg2      192.8160     0.0     0.0000      0.0000        0.0000 VX_pipe_register_3_1
cache/g_cache_cache/g_banks_0__bank/pipe_reg2/g_shift_register      192.8160     0.0     1.5210    189.5400        0.0000 VX_shift_register_626_1_1_0_1
cache/g_cache_cache/g_banks_0__bank/pipe_reg2/g_shift_register/clk_gate_g_shift_pipe_reg_0_        1.7550     0.0     0.0000      1.7550        0.0000 SNPS_CLOCK_GATE_HIGH_VX_shift_register_626_1_1_0_0_1
cache/g_cache_cache/g_banks_0__bank/u__pop_count_530        1.2870     0.0     0.0000      0.0000        0.0000 VX_popcount_3
cache/g_cache_cache/g_banks_0__bank/u__pop_count_530/g_popcount3_pc32        1.2870     0.0     1.2870      0.0000        0.0000 VX_popcount32_3
cache/g_cache_cache/g_banks_0__bank/way_idx_enc        1.1700     0.0     1.1700      0.0000        0.0000 VX_onehot_encoder_2
cache/g_cache_cache/g_banks_1__bank  5974950.4418    49.8   610.8570       0.0000         0.0000  VX_cache_bank_1
cache/g_cache_cache/g_banks_1__bank/cache_data  5327449.7380    44.4  1823.0940      0.0000        0.0000 VX_cache_data_0
cache/g_cache_cache/g_banks_1__bank/cache_data/g_data_store_0__data_store  1331409.8200    11.1     2.1060      0.0000        0.0000 VX_sp_ram_1_3
cache/g_cache_cache/g_banks_1__bank/cache_data/g_data_store_0__data_store/g_compiled_u_compiled  1331407.7140    11.1   576.1080      2.1060  1330829.5000 VX_sp_ram_compiled_3
cache/g_cache_cache/g_banks_1__bank/cache_data/g_data_store_1__data_store  1331412.2770    11.1     2.9250      0.0000        0.0000 VX_sp_ram_1_2
cache/g_cache_cache/g_banks_1__bank/cache_data/g_data_store_1__data_store/g_compiled_u_compiled  1331409.3520    11.1   577.7460      2.1060  1330829.5000 VX_sp_ram_compiled_2
cache/g_cache_cache/g_banks_1__bank/cache_data/g_data_store_2__data_store  1331399.6410    11.1     5.1480      0.0000        0.0000 VX_sp_ram_1_1
cache/g_cache_cache/g_banks_1__bank/cache_data/g_data_store_2__data_store/g_compiled_u_compiled  1331394.4930    11.1   562.8870      2.1060  1330829.5000 VX_sp_ram_compiled_1
cache/g_cache_cache/g_banks_1__bank/cache_data/g_data_store_3__data_store  1331404.9060    11.1    11.2320      0.0000        0.0000 VX_sp_ram_1_0
cache/g_cache_cache/g_banks_1__bank/cache_data/g_data_store_3__data_store/g_compiled_u_compiled  1331393.6740    11.1   562.0680      2.1060  1330829.5000 VX_sp_ram_compiled_0
cache/g_cache_cache/g_banks_1__bank/cache_flush       84.0060     0.0    44.3430     37.9080        0.0000 VX_cache_flush_1
cache/g_cache_cache/g_banks_1__bank/cache_flush/clk_gate_counter_reg_0        1.7550     0.0     0.0000      1.7550        0.0000 SNPS_CLOCK_GATE_HIGH_VX_cache_flush_1_0
cache/g_cache_cache/g_banks_1__bank/cache_mshr    10227.6719     0.1  1090.6740   1166.8410        0.0000 VX_cache_mshr_1
cache/g_cache_cache/g_banks_1__bank/cache_mshr/allocate_sel       14.3910     0.0     0.0000      0.0000        0.0000 VX_priority_encoder_1
cache/g_cache_cache/g_banks_1__bank/cache_mshr/allocate_sel/g_lsb_g_model1_lzc       14.3910     0.0     0.0000      0.0000        0.0000 VX_lzc_1
cache/g_cache_cache/g_banks_1__bank/cache_mshr/allocate_sel/g_lsb_g_model1_lzc/g_lzc_find_first       14.3910     0.0    14.3910      0.0000        0.0000 VX_find_first_16_4_0_1
cache/g_cache_cache/g_banks_1__bank/cache_mshr/clk_gate_dequeue_id_r_reg        1.7550     0.0     0.0000      1.7550        0.0000 SNPS_CLOCK_GATE_HIGH_VX_cache_mshr_1_2
cache/g_cache_cache/g_banks_1__bank/cache_mshr/clk_gate_next_index_reg_0_        1.7550     0.0     0.0000      1.7550        0.0000 SNPS_CLOCK_GATE_HIGH_VX_cache_mshr_1_18
cache/g_cache_cache/g_banks_1__bank/cache_mshr/clk_gate_next_index_reg_10_        1.7550     0.0     0.0000      1.7550        0.0000 SNPS_CLOCK_GATE_HIGH_VX_cache_mshr_1_8
cache/g_cache_cache/g_banks_1__bank/cache_mshr/clk_gate_next_index_reg_11_        1.7550     0.0     0.0000      1.7550        0.0000 SNPS_CLOCK_GATE_HIGH_VX_cache_mshr_1_7
cache/g_cache_cache/g_banks_1__bank/cache_mshr/clk_gate_next_index_reg_12_        1.7550     0.0     0.0000      1.7550        0.0000 SNPS_CLOCK_GATE_HIGH_VX_cache_mshr_1_6
cache/g_cache_cache/g_banks_1__bank/cache_mshr/clk_gate_next_index_reg_13_        1.7550     0.0     0.0000      1.7550        0.0000 SNPS_CLOCK_GATE_HIGH_VX_cache_mshr_1_5
cache/g_cache_cache/g_banks_1__bank/cache_mshr/clk_gate_next_index_reg_14_        1.7550     0.0     0.0000      1.7550        0.0000 SNPS_CLOCK_GATE_HIGH_VX_cache_mshr_1_4
cache/g_cache_cache/g_banks_1__bank/cache_mshr/clk_gate_next_index_reg_15_        1.7550     0.0     0.0000      1.7550        0.0000 SNPS_CLOCK_GATE_HIGH_VX_cache_mshr_1_3
cache/g_cache_cache/g_banks_1__bank/cache_mshr/clk_gate_next_index_reg_1_        1.7550     0.0     0.0000      1.7550        0.0000 SNPS_CLOCK_GATE_HIGH_VX_cache_mshr_1_17
cache/g_cache_cache/g_banks_1__bank/cache_mshr/clk_gate_next_index_reg_2_        1.7550     0.0     0.0000      1.7550        0.0000 SNPS_CLOCK_GATE_HIGH_VX_cache_mshr_1_16
cache/g_cache_cache/g_banks_1__bank/cache_mshr/clk_gate_next_index_reg_3_        1.7550     0.0     0.0000      1.7550        0.0000 SNPS_CLOCK_GATE_HIGH_VX_cache_mshr_1_15
cache/g_cache_cache/g_banks_1__bank/cache_mshr/clk_gate_next_index_reg_4_        1.7550     0.0     0.0000      1.7550        0.0000 SNPS_CLOCK_GATE_HIGH_VX_cache_mshr_1_14
cache/g_cache_cache/g_banks_1__bank/cache_mshr/clk_gate_next_index_reg_5_        1.7550     0.0     0.0000      1.7550        0.0000 SNPS_CLOCK_GATE_HIGH_VX_cache_mshr_1_13
cache/g_cache_cache/g_banks_1__bank/cache_mshr/clk_gate_next_index_reg_6_        1.7550     0.0     0.0000      1.7550        0.0000 SNPS_CLOCK_GATE_HIGH_VX_cache_mshr_1_12
cache/g_cache_cache/g_banks_1__bank/cache_mshr/clk_gate_next_index_reg_7_        1.7550     0.0     0.0000      1.7550        0.0000 SNPS_CLOCK_GATE_HIGH_VX_cache_mshr_1_11
cache/g_cache_cache/g_banks_1__bank/cache_mshr/clk_gate_next_index_reg_8_        1.7550     0.0     0.0000      1.7550        0.0000 SNPS_CLOCK_GATE_HIGH_VX_cache_mshr_1_10
cache/g_cache_cache/g_banks_1__bank/cache_mshr/clk_gate_next_index_reg_9_        1.7550     0.0     0.0000      1.7550        0.0000 SNPS_CLOCK_GATE_HIGH_VX_cache_mshr_1_9
cache/g_cache_cache/g_banks_1__bank/cache_mshr/clk_gate_next_table_reg        1.7550     0.0     0.0000      1.7550        0.0000 SNPS_CLOCK_GATE_HIGH_VX_cache_mshr_1_1
cache/g_cache_cache/g_banks_1__bank/cache_mshr/clk_gate_valid_table_reg        1.7550     0.0     0.0000      1.7550        0.0000 SNPS_CLOCK_GATE_HIGH_VX_cache_mshr_1_0_4
cache/g_cache_cache/g_banks_1__bank/cache_mshr/clk_gate_write_table_reg        1.7550     0.0     0.0000      1.7550        0.0000 SNPS_CLOCK_GATE_HIGH_VX_cache_mshr_1_0
cache/g_cache_cache/g_banks_1__bank/cache_mshr/clk_gate_write_table_reg_0        1.7550     0.0     0.0000      1.7550        0.0000 SNPS_CLOCK_GATE_HIGH_VX_cache_mshr_1_33
cache/g_cache_cache/g_banks_1__bank/cache_mshr/clk_gate_write_table_reg_1        1.7550     0.0     0.0000      1.7550        0.0000 SNPS_CLOCK_GATE_HIGH_VX_cache_mshr_1_32
cache/g_cache_cache/g_banks_1__bank/cache_mshr/clk_gate_write_table_reg_10        1.7550     0.0     0.0000      1.7550        0.0000 SNPS_CLOCK_GATE_HIGH_VX_cache_mshr_1_23
cache/g_cache_cache/g_banks_1__bank/cache_mshr/clk_gate_write_table_reg_11        1.7550     0.0     0.0000      1.7550        0.0000 SNPS_CLOCK_GATE_HIGH_VX_cache_mshr_1_22
cache/g_cache_cache/g_banks_1__bank/cache_mshr/clk_gate_write_table_reg_12        1.7550     0.0     0.0000      1.7550        0.0000 SNPS_CLOCK_GATE_HIGH_VX_cache_mshr_1_21
cache/g_cache_cache/g_banks_1__bank/cache_mshr/clk_gate_write_table_reg_13        1.7550     0.0     0.0000      1.7550        0.0000 SNPS_CLOCK_GATE_HIGH_VX_cache_mshr_1_20
cache/g_cache_cache/g_banks_1__bank/cache_mshr/clk_gate_write_table_reg_14        1.7550     0.0     0.0000      1.7550        0.0000 SNPS_CLOCK_GATE_HIGH_VX_cache_mshr_1_19
cache/g_cache_cache/g_banks_1__bank/cache_mshr/clk_gate_write_table_reg_2        1.7550     0.0     0.0000      1.7550        0.0000 SNPS_CLOCK_GATE_HIGH_VX_cache_mshr_1_31
cache/g_cache_cache/g_banks_1__bank/cache_mshr/clk_gate_write_table_reg_3        1.7550     0.0     0.0000      1.7550        0.0000 SNPS_CLOCK_GATE_HIGH_VX_cache_mshr_1_30
cache/g_cache_cache/g_banks_1__bank/cache_mshr/clk_gate_write_table_reg_4        1.7550     0.0     0.0000      1.7550        0.0000 SNPS_CLOCK_GATE_HIGH_VX_cache_mshr_1_29
cache/g_cache_cache/g_banks_1__bank/cache_mshr/clk_gate_write_table_reg_5        1.7550     0.0     0.0000      1.7550        0.0000 SNPS_CLOCK_GATE_HIGH_VX_cache_mshr_1_28
cache/g_cache_cache/g_banks_1__bank/cache_mshr/clk_gate_write_table_reg_6        1.7550     0.0     0.0000      1.7550        0.0000 SNPS_CLOCK_GATE_HIGH_VX_cache_mshr_1_27
cache/g_cache_cache/g_banks_1__bank/cache_mshr/clk_gate_write_table_reg_7        1.7550     0.0     0.0000      1.7550        0.0000 SNPS_CLOCK_GATE_HIGH_VX_cache_mshr_1_26
cache/g_cache_cache/g_banks_1__bank/cache_mshr/clk_gate_write_table_reg_8        1.7550     0.0     0.0000      1.7550        0.0000 SNPS_CLOCK_GATE_HIGH_VX_cache_mshr_1_25
cache/g_cache_cache/g_banks_1__bank/cache_mshr/clk_gate_write_table_reg_9        1.7550     0.0     0.0000      1.7550        0.0000 SNPS_CLOCK_GATE_HIGH_VX_cache_mshr_1_24
cache/g_cache_cache/g_banks_1__bank/cache_mshr/mshr_store     7880.6519     0.1     6.0840      0.0000        0.0000 VX_dp_ram_2_0
cache/g_cache_cache/g_banks_1__bank/cache_mshr/mshr_store/g_async_g_bram_async_ram_patch     7874.5679     0.1  1436.1750   6408.5578        0.0000 VX_async_ram_patch_179_16_1_1_1_1_0_0_0__053242_0
cache/g_cache_cache/g_banks_1__bank/cache_mshr/mshr_store/g_async_g_bram_async_ram_patch/clk_gate_g_sync_ram_g_no_wren_g_bram_g_read_first_ram_reg_0_        1.7550     0.0     0.0000      1.7550        0.0000 SNPS_CLOCK_GATE_HIGH_VX_async_ram_patch_179_16_1_1_1_1_0_0_0__053242_0_0
cache/g_cache_cache/g_banks_1__bank/cache_mshr/mshr_store/g_async_g_bram_async_ram_patch/clk_gate_g_sync_ram_g_no_wren_g_bram_g_read_first_ram_reg_10_        1.7550     0.0     0.0000      1.7550        0.0000 SNPS_CLOCK_GATE_HIGH_VX_async_ram_patch_179_16_1_1_1_1_0_0_0__053242_0_7
cache/g_cache_cache/g_banks_1__bank/cache_mshr/mshr_store/g_async_g_bram_async_ram_patch/clk_gate_g_sync_ram_g_no_wren_g_bram_g_read_first_ram_reg_11_        1.7550     0.0     0.0000      1.7550        0.0000 SNPS_CLOCK_GATE_HIGH_VX_async_ram_patch_179_16_1_1_1_1_0_0_0__053242_0_6
cache/g_cache_cache/g_banks_1__bank/cache_mshr/mshr_store/g_async_g_bram_async_ram_patch/clk_gate_g_sync_ram_g_no_wren_g_bram_g_read_first_ram_reg_12_        1.7550     0.0     0.0000      1.7550        0.0000 SNPS_CLOCK_GATE_HIGH_VX_async_ram_patch_179_16_1_1_1_1_0_0_0__053242_0_5
cache/g_cache_cache/g_banks_1__bank/cache_mshr/mshr_store/g_async_g_bram_async_ram_patch/clk_gate_g_sync_ram_g_no_wren_g_bram_g_read_first_ram_reg_13_        1.7550     0.0     0.0000      1.7550        0.0000 SNPS_CLOCK_GATE_HIGH_VX_async_ram_patch_179_16_1_1_1_1_0_0_0__053242_0_4
cache/g_cache_cache/g_banks_1__bank/cache_mshr/mshr_store/g_async_g_bram_async_ram_patch/clk_gate_g_sync_ram_g_no_wren_g_bram_g_read_first_ram_reg_14_        1.7550     0.0     0.0000      1.7550        0.0000 SNPS_CLOCK_GATE_HIGH_VX_async_ram_patch_179_16_1_1_1_1_0_0_0__053242_0_3
cache/g_cache_cache/g_banks_1__bank/cache_mshr/mshr_store/g_async_g_bram_async_ram_patch/clk_gate_g_sync_ram_g_no_wren_g_bram_g_read_first_ram_reg_15_        1.7550     0.0     0.0000      1.7550        0.0000 SNPS_CLOCK_GATE_HIGH_VX_async_ram_patch_179_16_1_1_1_1_0_0_0__053242_0_2
cache/g_cache_cache/g_banks_1__bank/cache_mshr/mshr_store/g_async_g_bram_async_ram_patch/clk_gate_g_sync_ram_g_no_wren_g_bram_g_read_first_ram_reg_1_        1.7550     0.0     0.0000      1.7550        0.0000 SNPS_CLOCK_GATE_HIGH_VX_async_ram_patch_179_16_1_1_1_1_0_0_0__053242_0_16
cache/g_cache_cache/g_banks_1__bank/cache_mshr/mshr_store/g_async_g_bram_async_ram_patch/clk_gate_g_sync_ram_g_no_wren_g_bram_g_read_first_ram_reg_2_        1.7550     0.0     0.0000      1.7550        0.0000 SNPS_CLOCK_GATE_HIGH_VX_async_ram_patch_179_16_1_1_1_1_0_0_0__053242_0_15
cache/g_cache_cache/g_banks_1__bank/cache_mshr/mshr_store/g_async_g_bram_async_ram_patch/clk_gate_g_sync_ram_g_no_wren_g_bram_g_read_first_ram_reg_3_        1.7550     0.0     0.0000      1.7550        0.0000 SNPS_CLOCK_GATE_HIGH_VX_async_ram_patch_179_16_1_1_1_1_0_0_0__053242_0_14
cache/g_cache_cache/g_banks_1__bank/cache_mshr/mshr_store/g_async_g_bram_async_ram_patch/clk_gate_g_sync_ram_g_no_wren_g_bram_g_read_first_ram_reg_4_        1.7550     0.0     0.0000      1.7550        0.0000 SNPS_CLOCK_GATE_HIGH_VX_async_ram_patch_179_16_1_1_1_1_0_0_0__053242_0_13
cache/g_cache_cache/g_banks_1__bank/cache_mshr/mshr_store/g_async_g_bram_async_ram_patch/clk_gate_g_sync_ram_g_no_wren_g_bram_g_read_first_ram_reg_5_        1.7550     0.0     0.0000      1.7550        0.0000 SNPS_CLOCK_GATE_HIGH_VX_async_ram_patch_179_16_1_1_1_1_0_0_0__053242_0_12
cache/g_cache_cache/g_banks_1__bank/cache_mshr/mshr_store/g_async_g_bram_async_ram_patch/clk_gate_g_sync_ram_g_no_wren_g_bram_g_read_first_ram_reg_6_        1.7550     0.0     0.0000      1.7550        0.0000 SNPS_CLOCK_GATE_HIGH_VX_async_ram_patch_179_16_1_1_1_1_0_0_0__053242_0_11
cache/g_cache_cache/g_banks_1__bank/cache_mshr/mshr_store/g_async_g_bram_async_ram_patch/clk_gate_g_sync_ram_g_no_wren_g_bram_g_read_first_ram_reg_7_        1.7550     0.0     0.0000      1.7550        0.0000 SNPS_CLOCK_GATE_HIGH_VX_async_ram_patch_179_16_1_1_1_1_0_0_0__053242_0_10
cache/g_cache_cache/g_banks_1__bank/cache_mshr/mshr_store/g_async_g_bram_async_ram_patch/clk_gate_g_sync_ram_g_no_wren_g_bram_g_read_first_ram_reg_8_        1.7550     0.0     0.0000      1.7550        0.0000 SNPS_CLOCK_GATE_HIGH_VX_async_ram_patch_179_16_1_1_1_1_0_0_0__053242_0_9
cache/g_cache_cache/g_banks_1__bank/cache_mshr/mshr_store/g_async_g_bram_async_ram_patch/clk_gate_g_sync_ram_g_no_wren_g_bram_g_read_first_ram_reg_9_        1.7550     0.0     0.0000      1.7550        0.0000 SNPS_CLOCK_GATE_HIGH_VX_async_ram_patch_179_16_1_1_1_1_0_0_0__053242_0_8
cache/g_cache_cache/g_banks_1__bank/cache_mshr/mshr_store/g_async_g_bram_async_ram_patch/clk_gate_g_sync_ram_g_no_wren_g_bram_g_read_first_rdata_r_reg        1.7550     0.0     0.0000      1.7550        0.0000 SNPS_CLOCK_GATE_HIGH_VX_async_ram_patch_179_16_1_1_1_1_0_0_0__053242_0_1
cache/g_cache_cache/g_banks_1__bank/cache_mshr/prev_sel       13.6890     0.0     0.0000      0.0000        0.0000 VX_priority_encoder_0
cache/g_cache_cache/g_banks_1__bank/cache_mshr/prev_sel/g_lsb_g_model1_lzc       13.6890     0.0     0.0000      0.0000        0.0000 VX_lzc_0
cache/g_cache_cache/g_banks_1__bank/cache_mshr/prev_sel/g_lsb_g_model1_lzc/g_lzc_find_first       13.6890     0.0    13.6890      0.0000        0.0000 VX_find_first_16_4_0_0
cache/g_cache_cache/g_banks_1__bank/cache_repl    65443.4812     0.5     2.2230      0.0000        0.0000 VX_cache_repl_0
cache/g_cache_cache/g_banks_1__bank/cache_repl/g_enable_g_fifo_fifo_store    65441.2582     0.5     0.9360      0.0000        0.0000 VX_sp_ram_0
cache/g_cache_cache/g_banks_1__bank/cache_repl/g_enable_g_fifo_fifo_store/g_async_g_bram_async_ram_patch    65440.3222     0.5 30901.5721  34508.9151        0.0000 VX_async_ram_patch_2_8192_1_0_1_1_0_0_0__0_0
cache/g_cache_cache/g_banks_1__bank/cache_repl/g_enable_g_fifo_fifo_store/g_async_g_bram_async_ram_patch/clk_gate_g_sync_ram_g_no_wren_g_bram_g_read_first_ram_reg_0_        1.7550     0.0     0.0000      1.7550        0.0000 SNPS_CLOCK_GATE_HIGH_VX_async_ram_patch_2_8192_1_0_1_1_0_0_0__0_0_0
cache/g_cache_cache/g_banks_1__bank/cache_repl/g_enable_g_fifo_fifo_store/g_async_g_bram_async_ram_patch/clk_gate_g_sync_ram_g_no_wren_g_bram_g_read_first_ram_reg_1446_        1.7550     0.0     0.0000      1.7550        0.0000 SNPS_CLOCK_GATE_HIGH_VX_async_ram_patch_2_8192_1_0_1_1_0_0_0__0_0_14
cache/g_cache_cache/g_banks_1__bank/cache_repl/g_enable_g_fifo_fifo_store/g_async_g_bram_async_ram_patch/clk_gate_g_sync_ram_g_no_wren_g_bram_g_read_first_ram_reg_1928_        1.7550     0.0     0.0000      1.7550        0.0000 SNPS_CLOCK_GATE_HIGH_VX_async_ram_patch_2_8192_1_0_1_1_0_0_0__0_0_13
cache/g_cache_cache/g_banks_1__bank/cache_repl/g_enable_g_fifo_fifo_store/g_async_g_bram_async_ram_patch/clk_gate_g_sync_ram_g_no_wren_g_bram_g_read_first_ram_reg_2410_        1.7550     0.0     0.0000      1.7550        0.0000 SNPS_CLOCK_GATE_HIGH_VX_async_ram_patch_2_8192_1_0_1_1_0_0_0__0_0_12
cache/g_cache_cache/g_banks_1__bank/cache_repl/g_enable_g_fifo_fifo_store/g_async_g_bram_async_ram_patch/clk_gate_g_sync_ram_g_no_wren_g_bram_g_read_first_ram_reg_2892_        1.7550     0.0     0.0000      1.7550        0.0000 SNPS_CLOCK_GATE_HIGH_VX_async_ram_patch_2_8192_1_0_1_1_0_0_0__0_0_11
cache/g_cache_cache/g_banks_1__bank/cache_repl/g_enable_g_fifo_fifo_store/g_async_g_bram_async_ram_patch/clk_gate_g_sync_ram_g_no_wren_g_bram_g_read_first_ram_reg_3374_        1.7550     0.0     0.0000      1.7550        0.0000 SNPS_CLOCK_GATE_HIGH_VX_async_ram_patch_2_8192_1_0_1_1_0_0_0__0_0_10
cache/g_cache_cache/g_banks_1__bank/cache_repl/g_enable_g_fifo_fifo_store/g_async_g_bram_async_ram_patch/clk_gate_g_sync_ram_g_no_wren_g_bram_g_read_first_ram_reg_3856_        1.7550     0.0     0.0000      1.7550        0.0000 SNPS_CLOCK_GATE_HIGH_VX_async_ram_patch_2_8192_1_0_1_1_0_0_0__0_0_9
cache/g_cache_cache/g_banks_1__bank/cache_repl/g_enable_g_fifo_fifo_store/g_async_g_bram_async_ram_patch/clk_gate_g_sync_ram_g_no_wren_g_bram_g_read_first_ram_reg_4338_        1.7550     0.0     0.0000      1.7550        0.0000 SNPS_CLOCK_GATE_HIGH_VX_async_ram_patch_2_8192_1_0_1_1_0_0_0__0_0_8
cache/g_cache_cache/g_banks_1__bank/cache_repl/g_enable_g_fifo_fifo_store/g_async_g_bram_async_ram_patch/clk_gate_g_sync_ram_g_no_wren_g_bram_g_read_first_ram_reg_4820_        1.7550     0.0     0.0000      1.7550        0.0000 SNPS_CLOCK_GATE_HIGH_VX_async_ram_patch_2_8192_1_0_1_1_0_0_0__0_0_7
cache/g_cache_cache/g_banks_1__bank/cache_repl/g_enable_g_fifo_fifo_store/g_async_g_bram_async_ram_patch/clk_gate_g_sync_ram_g_no_wren_g_bram_g_read_first_ram_reg_482_        1.7550     0.0     0.0000      1.7550        0.0000 SNPS_CLOCK_GATE_HIGH_VX_async_ram_patch_2_8192_1_0_1_1_0_0_0__0_0_16
cache/g_cache_cache/g_banks_1__bank/cache_repl/g_enable_g_fifo_fifo_store/g_async_g_bram_async_ram_patch/clk_gate_g_sync_ram_g_no_wren_g_bram_g_read_first_ram_reg_5302_        1.7550     0.0     0.0000      1.7550        0.0000 SNPS_CLOCK_GATE_HIGH_VX_async_ram_patch_2_8192_1_0_1_1_0_0_0__0_0_6
cache/g_cache_cache/g_banks_1__bank/cache_repl/g_enable_g_fifo_fifo_store/g_async_g_bram_async_ram_patch/clk_gate_g_sync_ram_g_no_wren_g_bram_g_read_first_ram_reg_5784_        1.7550     0.0     0.0000      1.7550        0.0000 SNPS_CLOCK_GATE_HIGH_VX_async_ram_patch_2_8192_1_0_1_1_0_0_0__0_0_5
cache/g_cache_cache/g_banks_1__bank/cache_repl/g_enable_g_fifo_fifo_store/g_async_g_bram_async_ram_patch/clk_gate_g_sync_ram_g_no_wren_g_bram_g_read_first_ram_reg_6266_        1.7550     0.0     0.0000      1.7550        0.0000 SNPS_CLOCK_GATE_HIGH_VX_async_ram_patch_2_8192_1_0_1_1_0_0_0__0_0_4
cache/g_cache_cache/g_banks_1__bank/cache_repl/g_enable_g_fifo_fifo_store/g_async_g_bram_async_ram_patch/clk_gate_g_sync_ram_g_no_wren_g_bram_g_read_first_ram_reg_7228_        1.7550     0.0     0.0000      1.7550        0.0000 SNPS_CLOCK_GATE_HIGH_VX_async_ram_patch_2_8192_1_0_1_1_0_0_0__0_0_1_6
cache/g_cache_cache/g_banks_1__bank/cache_repl/g_enable_g_fifo_fifo_store/g_async_g_bram_async_ram_patch/clk_gate_g_sync_ram_g_no_wren_g_bram_g_read_first_ram_reg_7229_        1.7550     0.0     0.0000      1.7550        0.0000 SNPS_CLOCK_GATE_HIGH_VX_async_ram_patch_2_8192_1_0_1_1_0_0_0__0_0_2
cache/g_cache_cache/g_banks_1__bank/cache_repl/g_enable_g_fifo_fifo_store/g_async_g_bram_async_ram_patch/clk_gate_g_sync_ram_g_no_wren_g_bram_g_read_first_ram_reg_8191_        1.7550     0.0     0.0000      1.7550        0.0000 SNPS_CLOCK_GATE_HIGH_VX_async_ram_patch_2_8192_1_0_1_1_0_0_0__0_0_0_5
cache/g_cache_cache/g_banks_1__bank/cache_repl/g_enable_g_fifo_fifo_store/g_async_g_bram_async_ram_patch/clk_gate_g_sync_ram_g_no_wren_g_bram_g_read_first_ram_reg_964_        1.7550     0.0     0.0000      1.7550        0.0000 SNPS_CLOCK_GATE_HIGH_VX_async_ram_patch_2_8192_1_0_1_1_0_0_0__0_0_15
cache/g_cache_cache/g_banks_1__bank/cache_tags   553437.8530     4.6   147.8880      0.0000        0.0000 VX_cache_tags_0
cache/g_cache_cache/g_banks_1__bank/cache_tags/g_tag_store_0____buffer_84        2.6910     0.0     0.0000      0.0000        0.0000 VX_pipe_register_4_7
cache/g_cache_cache/g_banks_1__bank/cache_tags/g_tag_store_0____buffer_84/g_shift_register        2.6910     0.0     0.5850      2.1060        0.0000 VX_shift_register_1_1_1_0_7
cache/g_cache_cache/g_banks_1__bank/cache_tags/g_tag_store_0____buffer_85        2.6910     0.0     0.0000      0.0000        0.0000 VX_pipe_register_4_6
cache/g_cache_cache/g_banks_1__bank/cache_tags/g_tag_store_0____buffer_85/g_shift_register        2.6910     0.0     0.5850      2.1060        0.0000 VX_shift_register_1_1_1_0_6
cache/g_cache_cache/g_banks_1__bank/cache_tags/g_tag_store_0__tag_store   138317.4603     1.2     0.4680      0.0000        0.0000 VX_dp_ram_1_3
cache/g_cache_cache/g_banks_1__bank/cache_tags/g_tag_store_0__tag_store/g_compiled_u_compiled   138316.9923     1.2    74.7630      6.3180   138234.1562 VX_dp_ram_compiled_3
cache/g_cache_cache/g_banks_1__bank/cache_tags/g_tag_store_0__tag_store/g_compiled_u_compiled/clk_gate_g_8192x16_ra_top_r_reg        1.7550     0.0     0.0000      1.7550        0.0000 SNPS_CLOCK_GATE_HIGH_VX_dp_ram_compiled_0_3
cache/g_cache_cache/g_banks_1__bank/cache_tags/g_tag_store_1____buffer_84        2.6910     0.0     0.0000      0.0000        0.0000 VX_pipe_register_4_5
cache/g_cache_cache/g_banks_1__bank/cache_tags/g_tag_store_1____buffer_84/g_shift_register        2.6910     0.0     0.5850      2.1060        0.0000 VX_shift_register_1_1_1_0_5
cache/g_cache_cache/g_banks_1__bank/cache_tags/g_tag_store_1____buffer_85        2.6910     0.0     0.0000      0.0000        0.0000 VX_pipe_register_4_4
cache/g_cache_cache/g_banks_1__bank/cache_tags/g_tag_store_1____buffer_85/g_shift_register        2.6910     0.0     0.5850      2.1060        0.0000 VX_shift_register_1_1_1_0_4
cache/g_cache_cache/g_banks_1__bank/cache_tags/g_tag_store_1__tag_store   138316.9923     1.2     0.0000      0.0000        0.0000 VX_dp_ram_1_2
cache/g_cache_cache/g_banks_1__bank/cache_tags/g_tag_store_1__tag_store/g_compiled_u_compiled   138316.9923     1.2    74.7630      6.3180   138234.1562 VX_dp_ram_compiled_2
cache/g_cache_cache/g_banks_1__bank/cache_tags/g_tag_store_1__tag_store/g_compiled_u_compiled/clk_gate_g_8192x16_ra_top_r_reg        1.7550     0.0     0.0000      1.7550        0.0000 SNPS_CLOCK_GATE_HIGH_VX_dp_ram_compiled_0_2
cache/g_cache_cache/g_banks_1__bank/cache_tags/g_tag_store_2____buffer_84        2.6910     0.0     0.0000      0.0000        0.0000 VX_pipe_register_4_3
cache/g_cache_cache/g_banks_1__bank/cache_tags/g_tag_store_2____buffer_84/g_shift_register        2.6910     0.0     0.5850      2.1060        0.0000 VX_shift_register_1_1_1_0_3
cache/g_cache_cache/g_banks_1__bank/cache_tags/g_tag_store_2____buffer_85        2.6910     0.0     0.0000      0.0000        0.0000 VX_pipe_register_4_2
cache/g_cache_cache/g_banks_1__bank/cache_tags/g_tag_store_2____buffer_85/g_shift_register        2.6910     0.0     0.5850      2.1060        0.0000 VX_shift_register_1_1_1_0_2
cache/g_cache_cache/g_banks_1__bank/cache_tags/g_tag_store_2__tag_store   138316.9923     1.2     0.0000      0.0000        0.0000 VX_dp_ram_1_1
cache/g_cache_cache/g_banks_1__bank/cache_tags/g_tag_store_2__tag_store/g_compiled_u_compiled   138316.9923     1.2    74.7630      6.3180   138234.1562 VX_dp_ram_compiled_1
cache/g_cache_cache/g_banks_1__bank/cache_tags/g_tag_store_2__tag_store/g_compiled_u_compiled/clk_gate_g_8192x16_ra_top_r_reg        1.7550     0.0     0.0000      1.7550        0.0000 SNPS_CLOCK_GATE_HIGH_VX_dp_ram_compiled_0_1
cache/g_cache_cache/g_banks_1__bank/cache_tags/g_tag_store_3____buffer_84        2.6910     0.0     0.0000      0.0000        0.0000 VX_pipe_register_4_1
cache/g_cache_cache/g_banks_1__bank/cache_tags/g_tag_store_3____buffer_84/g_shift_register        2.6910     0.0     0.5850      2.1060        0.0000 VX_shift_register_1_1_1_0_1
cache/g_cache_cache/g_banks_1__bank/cache_tags/g_tag_store_3____buffer_85        2.6910     0.0     0.0000      0.0000        0.0000 VX_pipe_register_4_0
cache/g_cache_cache/g_banks_1__bank/cache_tags/g_tag_store_3____buffer_85/g_shift_register        2.6910     0.0     0.5850      2.1060        0.0000 VX_shift_register_1_1_1_0_0
cache/g_cache_cache/g_banks_1__bank/cache_tags/g_tag_store_3__tag_store   138316.9923     1.2     0.0000      0.0000        0.0000 VX_dp_ram_1_0
cache/g_cache_cache/g_banks_1__bank/cache_tags/g_tag_store_3__tag_store/g_compiled_u_compiled   138316.9923     1.2    74.7630      6.3180   138234.1562 VX_dp_ram_compiled_0
cache/g_cache_cache/g_banks_1__bank/cache_tags/g_tag_store_3__tag_store/g_compiled_u_compiled/clk_gate_g_8192x16_ra_top_r_reg        1.7550     0.0     0.0000      1.7550        0.0000 SNPS_CLOCK_GATE_HIGH_VX_dp_ram_compiled_0_0
cache/g_cache_cache/g_banks_1__bank/core_rsp_queue     3465.0719     0.0     1.8720      0.0000        0.0000 VX_elastic_buffer_2_0
cache/g_cache_cache/g_banks_1__bank/core_rsp_queue/g_ebN_fifo_queue     3385.5119     0.0     9.4770     12.6360        0.0000 VX_fifo_queue_161_8_0_0_0
cache/g_cache_cache/g_banks_1__bank/core_rsp_queue/g_ebN_fifo_queue/g_depth_n_dp_ram     3338.3609     0.0     0.0000      0.0000        0.0000 VX_dp_ram_4_0
cache/g_cache_cache/g_banks_1__bank/core_rsp_queue/g_ebN_fifo_queue/g_depth_n_dp_ram/g_async_g_bram_async_ram_patch     3338.3609     0.0   603.7200   2718.8459        0.0000 VX_async_ram_patch_161_8_1_1_1_1_1_1_0__298242_0
cache/g_cache_cache/g_banks_1__bank/core_rsp_queue/g_ebN_fifo_queue/g_depth_n_dp_ram/g_async_g_bram_async_ram_patch/clk_gate_g_sync_ram_g_no_wren_g_bram_g_write_first_raddr_r_reg        1.7550     0.0     0.0000      1.7550        0.0000 SNPS_CLOCK_GATE_HIGH_VX_async_ram_patch_161_8_1_1_1_1_1_1_0__298242_0_1
cache/g_cache_cache/g_banks_1__bank/core_rsp_queue/g_ebN_fifo_queue/g_depth_n_dp_ram/g_async_g_bram_async_ram_patch/clk_gate_g_sync_ram_g_no_wren_g_bram_g_write_first_ram_reg_0_        1.7550     0.0     0.0000      1.7550        0.0000 SNPS_CLOCK_GATE_HIGH_VX_async_ram_patch_161_8_1_1_1_1_1_1_0__298242_0_0
cache/g_cache_cache/g_banks_1__bank/core_rsp_queue/g_ebN_fifo_queue/g_depth_n_dp_ram/g_async_g_bram_async_ram_patch/clk_gate_g_sync_ram_g_no_wren_g_bram_g_write_first_ram_reg_1_        1.7550     0.0     0.0000      1.7550        0.0000 SNPS_CLOCK_GATE_HIGH_VX_async_ram_patch_161_8_1_1_1_1_1_1_0__298242_0_8
cache/g_cache_cache/g_banks_1__bank/core_rsp_queue/g_ebN_fifo_queue/g_depth_n_dp_ram/g_async_g_bram_async_ram_patch/clk_gate_g_sync_ram_g_no_wren_g_bram_g_write_first_ram_reg_2_        1.7550     0.0     0.0000      1.7550        0.0000 SNPS_CLOCK_GATE_HIGH_VX_async_ram_patch_161_8_1_1_1_1_1_1_0__298242_0_7
cache/g_cache_cache/g_banks_1__bank/core_rsp_queue/g_ebN_fifo_queue/g_depth_n_dp_ram/g_async_g_bram_async_ram_patch/clk_gate_g_sync_ram_g_no_wren_g_bram_g_write_first_ram_reg_3_        1.7550     0.0     0.0000      1.7550        0.0000 SNPS_CLOCK_GATE_HIGH_VX_async_ram_patch_161_8_1_1_1_1_1_1_0__298242_0_6
cache/g_cache_cache/g_banks_1__bank/core_rsp_queue/g_ebN_fifo_queue/g_depth_n_dp_ram/g_async_g_bram_async_ram_patch/clk_gate_g_sync_ram_g_no_wren_g_bram_g_write_first_ram_reg_4_        1.7550     0.0     0.0000      1.7550        0.0000 SNPS_CLOCK_GATE_HIGH_VX_async_ram_patch_161_8_1_1_1_1_1_1_0__298242_0_5
cache/g_cache_cache/g_banks_1__bank/core_rsp_queue/g_ebN_fifo_queue/g_depth_n_dp_ram/g_async_g_bram_async_ram_patch/clk_gate_g_sync_ram_g_no_wren_g_bram_g_write_first_ram_reg_5_        1.7550     0.0     0.0000      1.7550        0.0000 SNPS_CLOCK_GATE_HIGH_VX_async_ram_patch_161_8_1_1_1_1_1_1_0__298242_0_4
cache/g_cache_cache/g_banks_1__bank/core_rsp_queue/g_ebN_fifo_queue/g_depth_n_dp_ram/g_async_g_bram_async_ram_patch/clk_gate_g_sync_ram_g_no_wren_g_bram_g_write_first_ram_reg_6_        1.7550     0.0     0.0000      1.7550        0.0000 SNPS_CLOCK_GATE_HIGH_VX_async_ram_patch_161_8_1_1_1_1_1_1_0__298242_0_3
cache/g_cache_cache/g_banks_1__bank/core_rsp_queue/g_ebN_fifo_queue/g_depth_n_dp_ram/g_async_g_bram_async_ram_patch/clk_gate_g_sync_ram_g_no_wren_g_bram_g_write_first_ram_reg_7_        1.7550     0.0     0.0000      1.7550        0.0000 SNPS_CLOCK_GATE_HIGH_VX_async_ram_patch_161_8_1_1_1_1_1_1_0__298242_0_2
cache/g_cache_cache/g_banks_1__bank/core_rsp_queue/g_ebN_fifo_queue/pending_size       25.0380     0.0    12.7530     10.5300        0.0000 VX_pending_size_1_0
cache/g_cache_cache/g_banks_1__bank/core_rsp_queue/g_ebN_fifo_queue/pending_size/clk_gate_g_size_gt1_g_single_step_used_r_reg        1.7550     0.0     0.0000      1.7550        0.0000 SNPS_CLOCK_GATE_HIGH_VX_pending_size_1_0_0
cache/g_cache_cache/g_banks_1__bank/core_rsp_queue/g_ebN_out_buf       77.6880     0.0    77.6880      0.0000        0.0000 VX_pipe_buffer_2_0
cache/g_cache_cache/g_banks_1__bank/mem_req_queue    11400.9478     0.1   154.5570     12.6360        0.0000 VX_fifo_queue_0
cache/g_cache_cache/g_banks_1__bank/mem_req_queue/g_depth_n_dp_ram    11208.1318     0.1     0.0000      0.0000        0.0000 VX_dp_ram_3_0
cache/g_cache_cache/g_banks_1__bank/mem_req_queue/g_depth_n_dp_ram/g_async_g_bram_async_ram_patch    11208.1318     0.1  2003.8591   9188.4778        0.0000 VX_async_ram_patch_612_8_1_1_1_1_1_1_0__553242_0
cache/g_cache_cache/g_banks_1__bank/mem_req_queue/g_depth_n_dp_ram/g_async_g_bram_async_ram_patch/clk_gate_g_sync_ram_g_no_wren_g_bram_g_write_first_raddr_r_reg        1.7550     0.0     0.0000      1.7550        0.0000 SNPS_CLOCK_GATE_HIGH_VX_async_ram_patch_612_8_1_1_1_1_1_1_0__553242_0_1
cache/g_cache_cache/g_banks_1__bank/mem_req_queue/g_depth_n_dp_ram/g_async_g_bram_async_ram_patch/clk_gate_g_sync_ram_g_no_wren_g_bram_g_write_first_ram_reg_0_        1.7550     0.0     0.0000      1.7550        0.0000 SNPS_CLOCK_GATE_HIGH_VX_async_ram_patch_612_8_1_1_1_1_1_1_0__553242_0_0
cache/g_cache_cache/g_banks_1__bank/mem_req_queue/g_depth_n_dp_ram/g_async_g_bram_async_ram_patch/clk_gate_g_sync_ram_g_no_wren_g_bram_g_write_first_ram_reg_1_        1.7550     0.0     0.0000      1.7550        0.0000 SNPS_CLOCK_GATE_HIGH_VX_async_ram_patch_612_8_1_1_1_1_1_1_0__553242_0_8
cache/g_cache_cache/g_banks_1__bank/mem_req_queue/g_depth_n_dp_ram/g_async_g_bram_async_ram_patch/clk_gate_g_sync_ram_g_no_wren_g_bram_g_write_first_ram_reg_2_        1.7550     0.0     0.0000      1.7550        0.0000 SNPS_CLOCK_GATE_HIGH_VX_async_ram_patch_612_8_1_1_1_1_1_1_0__553242_0_7
cache/g_cache_cache/g_banks_1__bank/mem_req_queue/g_depth_n_dp_ram/g_async_g_bram_async_ram_patch/clk_gate_g_sync_ram_g_no_wren_g_bram_g_write_first_ram_reg_3_        1.7550     0.0     0.0000      1.7550        0.0000 SNPS_CLOCK_GATE_HIGH_VX_async_ram_patch_612_8_1_1_1_1_1_1_0__553242_0_6
cache/g_cache_cache/g_banks_1__bank/mem_req_queue/g_depth_n_dp_ram/g_async_g_bram_async_ram_patch/clk_gate_g_sync_ram_g_no_wren_g_bram_g_write_first_ram_reg_4_        1.7550     0.0     0.0000      1.7550        0.0000 SNPS_CLOCK_GATE_HIGH_VX_async_ram_patch_612_8_1_1_1_1_1_1_0__553242_0_5
cache/g_cache_cache/g_banks_1__bank/mem_req_queue/g_depth_n_dp_ram/g_async_g_bram_async_ram_patch/clk_gate_g_sync_ram_g_no_wren_g_bram_g_write_first_ram_reg_5_        1.7550     0.0     0.0000      1.7550        0.0000 SNPS_CLOCK_GATE_HIGH_VX_async_ram_patch_612_8_1_1_1_1_1_1_0__553242_0_4
cache/g_cache_cache/g_banks_1__bank/mem_req_queue/g_depth_n_dp_ram/g_async_g_bram_async_ram_patch/clk_gate_g_sync_ram_g_no_wren_g_bram_g_write_first_ram_reg_6_        1.7550     0.0     0.0000      1.7550        0.0000 SNPS_CLOCK_GATE_HIGH_VX_async_ram_patch_612_8_1_1_1_1_1_1_0__553242_0_3
cache/g_cache_cache/g_banks_1__bank/mem_req_queue/g_depth_n_dp_ram/g_async_g_bram_async_ram_patch/clk_gate_g_sync_ram_g_no_wren_g_bram_g_write_first_ram_reg_7_        1.7550     0.0     0.0000      1.7550        0.0000 SNPS_CLOCK_GATE_HIGH_VX_async_ram_patch_612_8_1_1_1_1_1_1_0__553242_0_2
cache/g_cache_cache/g_banks_1__bank/mem_req_queue/pending_size       25.6230     0.0    13.3380     10.5300        0.0000 VX_pending_size_2_0
cache/g_cache_cache/g_banks_1__bank/mem_req_queue/pending_size/clk_gate_g_size_gt1_g_single_step_used_r_reg        1.7550     0.0     0.0000      1.7550        0.0000 SNPS_CLOCK_GATE_HIGH_VX_pending_size_2_0_0
cache/g_cache_cache/g_banks_1__bank/mshr_pending_size       32.6430     0.0    17.9010     14.7420        0.0000 VX_pending_size_0
cache/g_cache_cache/g_banks_1__bank/pipe_reg0     1275.8850     0.0     2.4570      0.0000        0.0000 VX_pipe_register_1_0
cache/g_cache_cache/g_banks_1__bank/pipe_reg0/g_shift_register     1273.4280     0.0     1.5210   1270.1520        0.0000 VX_shift_register_606_1_1_0_0
cache/g_cache_cache/g_banks_1__bank/pipe_reg0/g_shift_register/clk_gate_g_shift_pipe_reg_0_        1.7550     0.0     0.0000      1.7550        0.0000 SNPS_CLOCK_GATE_HIGH_VX_shift_register_606_1_1_0_0_0
cache/g_cache_cache/g_banks_1__bank/pipe_reg1     1327.0140     0.0     0.4680      0.0000        0.0000 VX_pipe_register_2_0
cache/g_cache_cache/g_banks_1__bank/pipe_reg1/g_shift_register     1326.5460     0.0     4.3290   1320.4620        0.0000 VX_shift_register_631_1_1_0_0
cache/g_cache_cache/g_banks_1__bank/pipe_reg1/g_shift_register/clk_gate_g_shift_pipe_reg_0_        1.7550     0.0     0.0000      1.7550        0.0000 SNPS_CLOCK_GATE_HIGH_VX_shift_register_631_1_1_0_0_0
cache/g_cache_cache/g_banks_1__bank/pipe_reg2      192.8160     0.0     0.0000      0.0000        0.0000 VX_pipe_register_3_0
cache/g_cache_cache/g_banks_1__bank/pipe_reg2/g_shift_register      192.8160     0.0     1.5210    189.5400        0.0000 VX_shift_register_626_1_1_0_0
cache/g_cache_cache/g_banks_1__bank/pipe_reg2/g_shift_register/clk_gate_g_shift_pipe_reg_0_        1.7550     0.0     0.0000      1.7550        0.0000 SNPS_CLOCK_GATE_HIGH_VX_shift_register_626_1_1_0_0_0
cache/g_cache_cache/g_banks_1__bank/u__pop_count_530        1.2870     0.0     0.0000      0.0000        0.0000 VX_popcount_2
cache/g_cache_cache/g_banks_1__bank/u__pop_count_530/g_popcount3_pc32        1.2870     0.0     1.2870      0.0000        0.0000 VX_popcount32_2
cache/g_cache_cache/g_banks_1__bank/way_idx_enc        1.1700     0.0     1.1700      0.0000        0.0000 VX_onehot_encoder_0
cache/g_cache_cache/g_core_rsp_buf_0__core_rsp_buf      921.1410     0.0     0.0000      0.0000        0.0000 VX_elastic_buffer_3
cache/g_cache_cache/g_core_rsp_buf_0__core_rsp_buf/g_eb2_out_buf       75.8160     0.0    75.8160      0.0000        0.0000 VX_pipe_buffer_4
cache/g_cache_cache/g_core_rsp_buf_0__core_rsp_buf/g_eb2_stream_buffer      845.3250     0.0   163.6830    678.1320        0.0000 VX_stream_buffer_160_1_1
cache/g_cache_cache/g_core_rsp_buf_0__core_rsp_buf/g_eb2_stream_buffer/clk_gate_g_buffer_buffer_r_reg        1.7550     0.0     0.0000      1.7550        0.0000 SNPS_CLOCK_GATE_HIGH_VX_stream_buffer_160_1_0_3
cache/g_cache_cache/g_core_rsp_buf_0__core_rsp_buf/g_eb2_stream_buffer/clk_gate_g_buffer_data_out_r_reg        1.7550     0.0     0.0000      1.7550        0.0000 SNPS_CLOCK_GATE_HIGH_VX_stream_buffer_160_1_0_2
cache/g_cache_cache/g_core_rsp_buf_1__core_rsp_buf      920.3220     0.0     0.0000      0.0000        0.0000 VX_elastic_buffer_0
cache/g_cache_cache/g_core_rsp_buf_1__core_rsp_buf/g_eb2_out_buf       75.8160     0.0    75.8160      0.0000        0.0000 VX_pipe_buffer_0
cache/g_cache_cache/g_core_rsp_buf_1__core_rsp_buf/g_eb2_stream_buffer      844.5060     0.0   162.8640    678.1320        0.0000 VX_stream_buffer_160_1_0
cache/g_cache_cache/g_core_rsp_buf_1__core_rsp_buf/g_eb2_stream_buffer/clk_gate_g_buffer_buffer_r_reg        1.7550     0.0     0.0000      1.7550        0.0000 SNPS_CLOCK_GATE_HIGH_VX_stream_buffer_160_1_0_0
cache/g_cache_cache/g_core_rsp_buf_1__core_rsp_buf/g_eb2_stream_buffer/clk_gate_g_buffer_data_out_r_reg        1.7550     0.0     0.0000      1.7550        0.0000 SNPS_CLOCK_GATE_HIGH_VX_stream_buffer_160_1_0_1
cache/g_cache_cache/g_mem_req_buf_0__mem_req_buf     3101.6699     0.0     0.0000      0.0000        0.0000 VX_elastic_buffer_1_1
cache/g_cache_cache/g_mem_req_buf_0__mem_req_buf/g_eb2_out_buf      255.9960     0.0   255.9960      0.0000        0.0000 VX_pipe_buffer_1_1
cache/g_cache_cache/g_mem_req_buf_0__mem_req_buf/g_eb2_stream_buffer     2845.6739     0.0   542.4120   2299.7519        0.0000 VX_stream_buffer_613_1_1
cache/g_cache_cache/g_mem_req_buf_0__mem_req_buf/g_eb2_stream_buffer/clk_gate_g_buffer_buffer_r_reg        1.7550     0.0     0.0000      1.7550        0.0000 SNPS_CLOCK_GATE_HIGH_VX_stream_buffer_613_1_1_0
cache/g_cache_cache/g_mem_req_buf_0__mem_req_buf/g_eb2_stream_buffer/clk_gate_g_buffer_data_out_r_reg        1.7550     0.0     0.0000      1.7550        0.0000 SNPS_CLOCK_GATE_HIGH_VX_stream_buffer_613_1_1_1
cache/g_cache_cache/g_mem_req_buf_1__mem_req_buf     3104.0099     0.0     0.0000      0.0000        0.0000 VX_elastic_buffer_1_0
cache/g_cache_cache/g_mem_req_buf_1__mem_req_buf/g_eb2_out_buf      256.4640     0.0   256.4640      0.0000        0.0000 VX_pipe_buffer_1_0
cache/g_cache_cache/g_mem_req_buf_1__mem_req_buf/g_eb2_stream_buffer     2847.5459     0.0   544.2840   2299.7519        0.0000 VX_stream_buffer_613_1_0
cache/g_cache_cache/g_mem_req_buf_1__mem_req_buf/g_eb2_stream_buffer/clk_gate_g_buffer_buffer_r_reg        1.7550     0.0     0.0000      1.7550        0.0000 SNPS_CLOCK_GATE_HIGH_VX_stream_buffer_613_1_0_0
cache/g_cache_cache/g_mem_req_buf_1__mem_req_buf/g_eb2_stream_buffer/clk_gate_g_buffer_data_out_r_reg        1.7550     0.0     0.0000      1.7550        0.0000 SNPS_CLOCK_GATE_HIGH_VX_stream_buffer_613_1_0_1
cache/g_cache_cache/g_mem_rsp_queue_0__mem_rsp_queue    12515.4898     0.1     1.8720      0.0000        0.0000 VX_elastic_buffer_517_8_1_1
cache/g_cache_cache/g_mem_rsp_queue_0__mem_rsp_queue/g_ebN_fifo_queue    12270.7258     0.1   510.3540   1101.4380        0.0000 VX_fifo_queue_517_8_1_0_1
cache/g_cache_cache/g_mem_rsp_queue_0__mem_rsp_queue/g_ebN_fifo_queue/clk_gate_g_depth_n_g_out_reg_data_out_r_reg        1.7550     0.0     0.0000      1.7550        0.0000 SNPS_CLOCK_GATE_HIGH_VX_fifo_queue_517_8_1_0_0_1
cache/g_cache_cache/g_mem_rsp_queue_0__mem_rsp_queue/g_ebN_fifo_queue/g_depth_n_dp_ram    10627.2268     0.1     0.0000      0.0000        0.0000 VX_dp_ram_5
cache/g_cache_cache/g_mem_rsp_queue_0__mem_rsp_queue/g_ebN_fifo_queue/g_depth_n_dp_ram/g_async_g_bram_async_ram_patch    10627.2268     0.1  1894.6981   8716.7338        0.0000 VX_async_ram_patch_517_8_1_1_1_1_1_1_0__898242_1
cache/g_cache_cache/g_mem_rsp_queue_0__mem_rsp_queue/g_ebN_fifo_queue/g_depth_n_dp_ram/g_async_g_bram_async_ram_patch/clk_gate_g_sync_ram_g_no_wren_g_bram_g_write_first_raddr_r_reg        1.7550     0.0     0.0000      1.7550        0.0000 SNPS_CLOCK_GATE_HIGH_VX_async_ram_patch_517_8_1_1_1_1_1_1_0__898242_0_9
cache/g_cache_cache/g_mem_rsp_queue_0__mem_rsp_queue/g_ebN_fifo_queue/g_depth_n_dp_ram/g_async_g_bram_async_ram_patch/clk_gate_g_sync_ram_g_no_wren_g_bram_g_write_first_ram_reg_0_        1.7550     0.0     0.0000      1.7550        0.0000 SNPS_CLOCK_GATE_HIGH_VX_async_ram_patch_517_8_1_1_1_1_1_1_0__898242_0_17
cache/g_cache_cache/g_mem_rsp_queue_0__mem_rsp_queue/g_ebN_fifo_queue/g_depth_n_dp_ram/g_async_g_bram_async_ram_patch/clk_gate_g_sync_ram_g_no_wren_g_bram_g_write_first_ram_reg_1_        1.7550     0.0     0.0000      1.7550        0.0000 SNPS_CLOCK_GATE_HIGH_VX_async_ram_patch_517_8_1_1_1_1_1_1_0__898242_0_16
cache/g_cache_cache/g_mem_rsp_queue_0__mem_rsp_queue/g_ebN_fifo_queue/g_depth_n_dp_ram/g_async_g_bram_async_ram_patch/clk_gate_g_sync_ram_g_no_wren_g_bram_g_write_first_ram_reg_2_        1.7550     0.0     0.0000      1.7550        0.0000 SNPS_CLOCK_GATE_HIGH_VX_async_ram_patch_517_8_1_1_1_1_1_1_0__898242_0_15
cache/g_cache_cache/g_mem_rsp_queue_0__mem_rsp_queue/g_ebN_fifo_queue/g_depth_n_dp_ram/g_async_g_bram_async_ram_patch/clk_gate_g_sync_ram_g_no_wren_g_bram_g_write_first_ram_reg_3_        1.7550     0.0     0.0000      1.7550        0.0000 SNPS_CLOCK_GATE_HIGH_VX_async_ram_patch_517_8_1_1_1_1_1_1_0__898242_0_14
cache/g_cache_cache/g_mem_rsp_queue_0__mem_rsp_queue/g_ebN_fifo_queue/g_depth_n_dp_ram/g_async_g_bram_async_ram_patch/clk_gate_g_sync_ram_g_no_wren_g_bram_g_write_first_ram_reg_4_        1.7550     0.0     0.0000      1.7550        0.0000 SNPS_CLOCK_GATE_HIGH_VX_async_ram_patch_517_8_1_1_1_1_1_1_0__898242_0_13
cache/g_cache_cache/g_mem_rsp_queue_0__mem_rsp_queue/g_ebN_fifo_queue/g_depth_n_dp_ram/g_async_g_bram_async_ram_patch/clk_gate_g_sync_ram_g_no_wren_g_bram_g_write_first_ram_reg_5_        1.7550     0.0     0.0000      1.7550        0.0000 SNPS_CLOCK_GATE_HIGH_VX_async_ram_patch_517_8_1_1_1_1_1_1_0__898242_0_12
cache/g_cache_cache/g_mem_rsp_queue_0__mem_rsp_queue/g_ebN_fifo_queue/g_depth_n_dp_ram/g_async_g_bram_async_ram_patch/clk_gate_g_sync_ram_g_no_wren_g_bram_g_write_first_ram_reg_6_        1.7550     0.0     0.0000      1.7550        0.0000 SNPS_CLOCK_GATE_HIGH_VX_async_ram_patch_517_8_1_1_1_1_1_1_0__898242_0_11
cache/g_cache_cache/g_mem_rsp_queue_0__mem_rsp_queue/g_ebN_fifo_queue/g_depth_n_dp_ram/g_async_g_bram_async_ram_patch/clk_gate_g_sync_ram_g_no_wren_g_bram_g_write_first_ram_reg_7_        1.7550     0.0     0.0000      1.7550        0.0000 SNPS_CLOCK_GATE_HIGH_VX_async_ram_patch_517_8_1_1_1_1_1_1_0__898242_0_10
cache/g_cache_cache/g_mem_rsp_queue_0__mem_rsp_queue/g_ebN_fifo_queue/pending_size       29.9520     0.0    15.5610     12.6360        0.0000 VX_pending_size_1_3
cache/g_cache_cache/g_mem_rsp_queue_0__mem_rsp_queue/g_ebN_fifo_queue/pending_size/clk_gate_g_size_gt1_g_single_step_used_r_reg        1.7550     0.0     0.0000      1.7550        0.0000 SNPS_CLOCK_GATE_HIGH_VX_pending_size_1_3_0
cache/g_cache_cache/g_mem_rsp_queue_0__mem_rsp_queue/g_ebN_out_buf      242.8920     0.0   242.8920      0.0000        0.0000 VX_pipe_buffer_517_00000000_1
cache/g_cache_cache/g_mem_rsp_queue_1__mem_rsp_queue    12517.9468     0.1     1.8720      0.0000        0.0000 VX_elastic_buffer_517_8_1_0
cache/g_cache_cache/g_mem_rsp_queue_1__mem_rsp_queue/g_ebN_fifo_queue    12273.1828     0.1   510.0030   1101.4380        0.0000 VX_fifo_queue_517_8_1_0_0
cache/g_cache_cache/g_mem_rsp_queue_1__mem_rsp_queue/g_ebN_fifo_queue/clk_gate_g_depth_n_g_out_reg_data_out_r_reg        1.7550     0.0     0.0000      1.7550        0.0000 SNPS_CLOCK_GATE_HIGH_VX_fifo_queue_517_8_1_0_0_0
cache/g_cache_cache/g_mem_rsp_queue_1__mem_rsp_queue/g_ebN_fifo_queue/g_depth_n_dp_ram    10630.0348     0.1     0.0000      0.0000        0.0000 VX_dp_ram_0
cache/g_cache_cache/g_mem_rsp_queue_1__mem_rsp_queue/g_ebN_fifo_queue/g_depth_n_dp_ram/g_async_g_bram_async_ram_patch    10630.0348     0.1  1897.5061   8716.7338        0.0000 VX_async_ram_patch_517_8_1_1_1_1_1_1_0__898242_0
cache/g_cache_cache/g_mem_rsp_queue_1__mem_rsp_queue/g_ebN_fifo_queue/g_depth_n_dp_ram/g_async_g_bram_async_ram_patch/clk_gate_g_sync_ram_g_no_wren_g_bram_g_write_first_raddr_r_reg        1.7550     0.0     0.0000      1.7550        0.0000 SNPS_CLOCK_GATE_HIGH_VX_async_ram_patch_517_8_1_1_1_1_1_1_0__898242_0_1
cache/g_cache_cache/g_mem_rsp_queue_1__mem_rsp_queue/g_ebN_fifo_queue/g_depth_n_dp_ram/g_async_g_bram_async_ram_patch/clk_gate_g_sync_ram_g_no_wren_g_bram_g_write_first_ram_reg_0_        1.7550     0.0     0.0000      1.7550        0.0000 SNPS_CLOCK_GATE_HIGH_VX_async_ram_patch_517_8_1_1_1_1_1_1_0__898242_0_0
cache/g_cache_cache/g_mem_rsp_queue_1__mem_rsp_queue/g_ebN_fifo_queue/g_depth_n_dp_ram/g_async_g_bram_async_ram_patch/clk_gate_g_sync_ram_g_no_wren_g_bram_g_write_first_ram_reg_1_        1.7550     0.0     0.0000      1.7550        0.0000 SNPS_CLOCK_GATE_HIGH_VX_async_ram_patch_517_8_1_1_1_1_1_1_0__898242_0_8
cache/g_cache_cache/g_mem_rsp_queue_1__mem_rsp_queue/g_ebN_fifo_queue/g_depth_n_dp_ram/g_async_g_bram_async_ram_patch/clk_gate_g_sync_ram_g_no_wren_g_bram_g_write_first_ram_reg_2_        1.7550     0.0     0.0000      1.7550        0.0000 SNPS_CLOCK_GATE_HIGH_VX_async_ram_patch_517_8_1_1_1_1_1_1_0__898242_0_7
cache/g_cache_cache/g_mem_rsp_queue_1__mem_rsp_queue/g_ebN_fifo_queue/g_depth_n_dp_ram/g_async_g_bram_async_ram_patch/clk_gate_g_sync_ram_g_no_wren_g_bram_g_write_first_ram_reg_3_        1.7550     0.0     0.0000      1.7550        0.0000 SNPS_CLOCK_GATE_HIGH_VX_async_ram_patch_517_8_1_1_1_1_1_1_0__898242_0_6
cache/g_cache_cache/g_mem_rsp_queue_1__mem_rsp_queue/g_ebN_fifo_queue/g_depth_n_dp_ram/g_async_g_bram_async_ram_patch/clk_gate_g_sync_ram_g_no_wren_g_bram_g_write_first_ram_reg_4_        1.7550     0.0     0.0000      1.7550        0.0000 SNPS_CLOCK_GATE_HIGH_VX_async_ram_patch_517_8_1_1_1_1_1_1_0__898242_0_5
cache/g_cache_cache/g_mem_rsp_queue_1__mem_rsp_queue/g_ebN_fifo_queue/g_depth_n_dp_ram/g_async_g_bram_async_ram_patch/clk_gate_g_sync_ram_g_no_wren_g_bram_g_write_first_ram_reg_5_        1.7550     0.0     0.0000      1.7550        0.0000 SNPS_CLOCK_GATE_HIGH_VX_async_ram_patch_517_8_1_1_1_1_1_1_0__898242_0_4
cache/g_cache_cache/g_mem_rsp_queue_1__mem_rsp_queue/g_ebN_fifo_queue/g_depth_n_dp_ram/g_async_g_bram_async_ram_patch/clk_gate_g_sync_ram_g_no_wren_g_bram_g_write_first_ram_reg_6_        1.7550     0.0     0.0000      1.7550        0.0000 SNPS_CLOCK_GATE_HIGH_VX_async_ram_patch_517_8_1_1_1_1_1_1_0__898242_0_3
cache/g_cache_cache/g_mem_rsp_queue_1__mem_rsp_queue/g_ebN_fifo_queue/g_depth_n_dp_ram/g_async_g_bram_async_ram_patch/clk_gate_g_sync_ram_g_no_wren_g_bram_g_write_first_ram_reg_7_        1.7550     0.0     0.0000      1.7550        0.0000 SNPS_CLOCK_GATE_HIGH_VX_async_ram_patch_517_8_1_1_1_1_1_1_0__898242_0_2
cache/g_cache_cache/g_mem_rsp_queue_1__mem_rsp_queue/g_ebN_fifo_queue/pending_size       29.9520     0.0    15.5610     12.6360        0.0000 VX_pending_size_1_2
cache/g_cache_cache/g_mem_rsp_queue_1__mem_rsp_queue/g_ebN_fifo_queue/pending_size/clk_gate_g_size_gt1_g_single_step_used_r_reg        1.7550     0.0     0.0000      1.7550        0.0000 SNPS_CLOCK_GATE_HIGH_VX_pending_size_1_2_0
cache/g_cache_cache/g_mem_rsp_queue_1__mem_rsp_queue/g_ebN_out_buf      242.8920     0.0   242.8920      0.0000        0.0000 VX_pipe_buffer_517_00000000_0
cache/g_cache_cache/mem_req_arb        515.9700      0.0      0.0000       0.0000         0.0000  VX_stream_arb
cache/g_cache_cache/mem_req_arb/g_passthru_g_out_buf_0__out_buf      259.5060     0.0   259.5060      0.0000        0.0000 VX_elastic_buffer_612_0_0_0_1
cache/g_cache_cache/mem_req_arb/g_passthru_g_out_buf_1__out_buf      256.4640     0.0   256.4640      0.0000        0.0000 VX_elastic_buffer_612_0_0_0_0
cache/g_cache_cache/mem_rsp_xbar      6411.0149      0.1      0.0000       0.0000         0.0000  VX_stream_omega
cache/g_cache_cache/mem_rsp_xbar/g_fallback_xbar_switch     6411.0149     0.1     0.0000      0.0000        0.0000 VX_stream_xbar_2
cache/g_cache_cache/mem_rsp_xbar/g_fallback_xbar_switch/g_multi_inputs_g_multiple_outputs_g_sel_in_demux_0__sel_in_demux        0.4680     0.0     0.4680      0.0000        0.0000 VX_demux_1
cache/g_cache_cache/mem_rsp_xbar/g_fallback_xbar_switch/g_multi_inputs_g_multiple_outputs_g_sel_in_demux_1__sel_in_demux        0.4680     0.0     0.4680      0.0000        0.0000 VX_demux_0
cache/g_cache_cache/mem_rsp_xbar/g_fallback_xbar_switch/g_multi_inputs_g_multiple_outputs_g_xbar_arbs_0__xbar_arb     2948.2829     0.0     0.5850      0.0000        0.0000 VX_stream_arb_3_1
cache/g_cache_cache/mem_rsp_xbar/g_fallback_xbar_switch/g_multi_inputs_g_multiple_outputs_g_xbar_arbs_0__xbar_arb/g_input_select_g_arbiter_arbiter        0.9360     0.0     0.0000      0.0000        0.0000 VX_generic_arbiter_1
cache/g_cache_cache/mem_rsp_xbar/g_fallback_xbar_switch/g_multi_inputs_g_multiple_outputs_g_xbar_arbs_0__xbar_arb/g_input_select_g_arbiter_arbiter/g_round_robin_rr_arbiter        0.9360     0.0     0.4680      0.0000        0.0000 VX_rr_arbiter_1
cache/g_cache_cache/mem_rsp_xbar/g_fallback_xbar_switch/g_multi_inputs_g_multiple_outputs_g_xbar_arbs_0__xbar_arb/g_input_select_g_arbiter_arbiter/g_round_robin_rr_arbiter/g_model1_onehot_encoder        0.4680     0.0     0.4680      0.0000        0.0000 VX_onehot_encoder_1_1
cache/g_cache_cache/mem_rsp_xbar/g_fallback_xbar_switch/g_multi_inputs_g_multiple_outputs_g_xbar_arbs_0__xbar_arb/g_input_select_g_arbiter_g_out_buf_0__out_buf     2946.7619     0.0     0.0000      0.0000        0.0000 VX_elastic_buffer_518_2_1_0_1
cache/g_cache_cache/mem_rsp_xbar/g_fallback_xbar_switch/g_multi_inputs_g_multiple_outputs_g_xbar_arbs_0__xbar_arb/g_input_select_g_arbiter_g_out_buf_0__out_buf/g_eb2_out_buf      242.8920     0.0   242.8920      0.0000        0.0000 VX_pipe_buffer_3_1
cache/g_cache_cache/mem_rsp_xbar/g_fallback_xbar_switch/g_multi_inputs_g_multiple_outputs_g_xbar_arbs_0__xbar_arb/g_input_select_g_arbiter_g_out_buf_0__out_buf/g_eb2_stream_buffer     2703.8699     0.0   518.5440   2181.8159        0.0000 VX_stream_buffer_518_1_1
cache/g_cache_cache/mem_rsp_xbar/g_fallback_xbar_switch/g_multi_inputs_g_multiple_outputs_g_xbar_arbs_0__xbar_arb/g_input_select_g_arbiter_g_out_buf_0__out_buf/g_eb2_stream_buffer/clk_gate_g_buffer_buffer_r_reg        1.7550     0.0     0.0000      1.7550        0.0000 SNPS_CLOCK_GATE_HIGH_VX_stream_buffer_518_1_0_3
cache/g_cache_cache/mem_rsp_xbar/g_fallback_xbar_switch/g_multi_inputs_g_multiple_outputs_g_xbar_arbs_0__xbar_arb/g_input_select_g_arbiter_g_out_buf_0__out_buf/g_eb2_stream_buffer/clk_gate_g_buffer_data_out_r_reg        1.7550     0.0     0.0000      1.7550        0.0000 SNPS_CLOCK_GATE_HIGH_VX_stream_buffer_518_1_0_2
cache/g_cache_cache/mem_rsp_xbar/g_fallback_xbar_switch/g_multi_inputs_g_multiple_outputs_g_xbar_arbs_1__xbar_arb     3459.9239     0.0   515.2680      0.0000        0.0000 VX_stream_arb_3_0
cache/g_cache_cache/mem_rsp_xbar/g_fallback_xbar_switch/g_multi_inputs_g_multiple_outputs_g_xbar_arbs_1__xbar_arb/g_input_select_g_arbiter_arbiter        1.9890     0.0     0.0000      0.0000        0.0000 VX_generic_arbiter_0
cache/g_cache_cache/mem_rsp_xbar/g_fallback_xbar_switch/g_multi_inputs_g_multiple_outputs_g_xbar_arbs_1__xbar_arb/g_input_select_g_arbiter_arbiter/g_round_robin_rr_arbiter        1.9890     0.0     0.9360      0.0000        0.0000 VX_rr_arbiter_0
cache/g_cache_cache/mem_rsp_xbar/g_fallback_xbar_switch/g_multi_inputs_g_multiple_outputs_g_xbar_arbs_1__xbar_arb/g_input_select_g_arbiter_arbiter/g_round_robin_rr_arbiter/g_model1_onehot_encoder        1.0530     0.0     1.0530      0.0000        0.0000 VX_onehot_encoder_1_0
cache/g_cache_cache/mem_rsp_xbar/g_fallback_xbar_switch/g_multi_inputs_g_multiple_outputs_g_xbar_arbs_1__xbar_arb/g_input_select_g_arbiter_g_out_buf_0__out_buf     2942.6669     0.0     0.0000      0.0000        0.0000 VX_elastic_buffer_518_2_1_0_0
cache/g_cache_cache/mem_rsp_xbar/g_fallback_xbar_switch/g_multi_inputs_g_multiple_outputs_g_xbar_arbs_1__xbar_arb/g_input_select_g_arbiter_g_out_buf_0__out_buf/g_eb2_out_buf      242.8920     0.0   242.8920      0.0000        0.0000 VX_pipe_buffer_3_0
cache/g_cache_cache/mem_rsp_xbar/g_fallback_xbar_switch/g_multi_inputs_g_multiple_outputs_g_xbar_arbs_1__xbar_arb/g_input_select_g_arbiter_g_out_buf_0__out_buf/g_eb2_stream_buffer     2699.7749     0.0   514.4490   2181.8159        0.0000 VX_stream_buffer_518_1_0
cache/g_cache_cache/mem_rsp_xbar/g_fallback_xbar_switch/g_multi_inputs_g_multiple_outputs_g_xbar_arbs_1__xbar_arb/g_input_select_g_arbiter_g_out_buf_0__out_buf/g_eb2_stream_buffer/clk_gate_g_buffer_buffer_r_reg        1.7550     0.0     0.0000      1.7550        0.0000 SNPS_CLOCK_GATE_HIGH_VX_stream_buffer_518_1_0_0
cache/g_cache_cache/mem_rsp_xbar/g_fallback_xbar_switch/g_multi_inputs_g_multiple_outputs_g_xbar_arbs_1__xbar_arb/g_input_select_g_arbiter_g_out_buf_0__out_buf/g_eb2_stream_buffer/clk_gate_g_buffer_data_out_r_reg        1.7550     0.0     0.0000      1.7550        0.0000 SNPS_CLOCK_GATE_HIGH_VX_stream_buffer_518_1_0_1
cache/g_cache_cache/mem_rsp_xbar/g_fallback_xbar_switch/g_multi_inputs_g_multiple_outputs_rdy_in_transpose        0.9360     0.0     0.9360      0.0000        0.0000 VX_transpose_1
cache/g_cache_cache/mem_rsp_xbar/g_fallback_xbar_switch/g_multi_inputs_g_multiple_outputs_val_in_transpose        0.9360     0.0     0.9360      0.0000        0.0000 VX_transpose_0
--------------------------------  -------------  -------  ----------  -----------  -------------  -------------------------------------------------------------------------
Total                                                     94697.9285  144259.3584  11752509.2500

1
