Information: Propagating switching activity (high effort zero delay simulation). (PWR-6)
Warning: Design has unannotated primary inputs. (PWR-414)
Warning: Design has unannotated sequential cell outputs. (PWR-415)
Warning: Design has unannotated black box outputs. (PWR-428)
 
****************************************
Report : power
        -hier
        -analysis_effort high
        -verbose
Design : VX_cache_top
Scenario(s): mode_norm.OC_rvt_ss_0p900v_125c
Version: V-2023.12-SP5-3
Date   : Tue May 12 16:55:47 2026
****************************************


Library(s) Used:

    sc9_cmos28lpp_base_rvt_ss_nominal_max_0p900v_125c_sadhm (File: /tool/PDK/Samsung/LN28LPP_202203/PRIMITIVES/RVT/ln28lpp_sc_9t_base_rvt_c130_V1.00d/FE-Common/LIBERTY/sc9_cmos28lpp_base_rvt_ss_nominal_max_0p900v_125c_sadhm.db)
    USERLIB_ss_0p900v_0p900v_125c (File: /home/data/memory_compiler/28LPP/genSEC/cmos28lpp_ra1w_hs_4096x128m8/cmos28lpp_ra1w_hs_4096x128m8_ss_0p900v_0p900v_125c.db)
    USERLIB_ss_0p900v_0p900v_125c (File: /home/data/memory_compiler/28LPP/genSEC/cmos28lpp_ra2_hd_1024x16m16/cmos28lpp_ra2_hd_1024x16m16_ss_0p900v_0p900v_125c.db)


Global Operating Voltage = 0.9  
Power-specific unit information :
    Voltage Units = 1V
    Capacitance Units = 1.000000pf
    Time Units = 1ns
    Dynamic Power Units = 1mW    (derived from V,C,T units)
    Leakage Power Units = 1uW


--------------------------------------------------------------------------------
                                       Switch   Int      Leak     Total
Hierarchy                              Power    Power    Power    Power    %
--------------------------------------------------------------------------------
VX_cache_top                              2.435   65.319 6.04e+04  128.112 100.0
  cache (VX_cache_wrap_h_825_242_795)     2.426   65.306 6.04e+04  128.090 100.0
    g_cache_cache (VX_cache_h_653_242_368)    2.426   65.306 6.04e+04  128.090 100.0
      g_mem_req_buf_1__mem_req_buf (VX_elastic_buffer_1_0) 2.08e-02    0.164   23.523    0.208   0.2
        g_eb2_out_buf (VX_pipe_buffer_1_0) 9.97e-06 7.71e-06    3.352 3.37e-03   0.0
        g_eb2_stream_buffer (VX_stream_buffer_613_1_0) 2.08e-02    0.164   20.170    0.205   0.2
      g_mem_req_buf_0__mem_req_buf (VX_elastic_buffer_1_1) 3.40e-02    0.187   25.340    0.246   0.2
        g_eb2_out_buf (VX_pipe_buffer_1_1) 2.78e-03 2.00e-03    3.648 8.43e-03   0.0
        g_eb2_stream_buffer (VX_stream_buffer_613_1_1) 3.12e-02    0.185   21.692    0.238   0.2
      mem_req_arb (VX_stream_arb)      6.62e-03 3.08e-03    7.038 1.67e-02   0.0
        g_passthru_g_out_buf_1__out_buf (VX_elastic_buffer_612_0_0_0_0) 2.48e-07 1.78e-07    3.353 3.35e-03   0.0
        g_passthru_g_out_buf_0__out_buf (VX_elastic_buffer_612_0_0_0_1) 6.62e-03 3.08e-03    3.685 1.34e-02   0.0
      g_core_rsp_buf_1__core_rsp_buf (VX_elastic_buffer_0) 9.38e-03 5.34e-02    7.517 7.03e-02   0.1
        g_eb2_out_buf (VX_pipe_buffer_0) 1.27e-03 6.82e-04    1.067 3.02e-03   0.0
        g_eb2_stream_buffer (VX_stream_buffer_160_1_0) 8.11e-03 5.27e-02    6.450 6.73e-02   0.1
      g_core_rsp_buf_0__core_rsp_buf (VX_elastic_buffer_3) 1.04e-02 5.50e-02    7.412 7.28e-02   0.1
        g_eb2_out_buf (VX_pipe_buffer_4) 1.11e-03 5.02e-04    1.067 2.68e-03   0.0
        g_eb2_stream_buffer (VX_stream_buffer_160_1_1) 9.27e-03 5.45e-02    6.345 7.01e-02   0.1
      core_rsp_xbar (VX_stream_xbar_1) 2.60e-03 4.51e-03    5.227 1.23e-02   0.0
        g_multi_inputs_g_multiple_outputs_g_xbar_arbs_1__xbar_arb (VX_stream_arb_2_0) 1.17e-03 2.11e-03    2.574 5.85e-03   0.0
          g_input_select_g_arbiter_g_out_buf_0__out_buf (VX_elastic_buffer_161_0_0_0_0) 5.72e-04 6.81e-04    1.067 2.32e-03   0.0
          g_input_select_g_arbiter_arbiter (VX_generic_arbiter_2) 1.59e-06 6.02e-04 8.56e-02 6.89e-04   0.0
            g_round_robin_rr_arbiter (VX_rr_arbiter_2) 1.59e-06 6.02e-04 8.56e-02 6.89e-04   0.0
              g_model1_onehot_encoder (VX_onehot_encoder_1_2) 5.12e-07 5.92e-07 1.22e-02 1.34e-05   0.0
        g_multi_inputs_g_multiple_outputs_g_xbar_arbs_0__xbar_arb (VX_stream_arb_2_1) 1.36e-03 2.31e-03    2.574 6.24e-03   0.0
          g_input_select_g_arbiter_g_out_buf_0__out_buf (VX_elastic_buffer_161_0_0_0_1) 6.68e-04 7.25e-04    1.067 2.46e-03   0.0
          g_input_select_g_arbiter_arbiter (VX_generic_arbiter_3) 1.84e-04 6.90e-04 9.56e-02 9.70e-04   0.0
            g_round_robin_rr_arbiter (VX_rr_arbiter_3) 9.18e-05 6.88e-04 7.64e-02 8.56e-04   0.0
              g_model1_onehot_encoder (VX_onehot_encoder_1_3) 1.96e-05 2.47e-05 1.16e-02 5.59e-05   0.0
        g_multi_inputs_g_multiple_outputs_val_in_transpose (VX_transpose_2) 1.63e-05 2.23e-05 2.53e-02 6.38e-05   0.0
        g_multi_inputs_g_multiple_outputs_g_sel_in_demux_1__sel_in_demux (VX_demux_2) 4.06e-08 6.74e-08 7.67e-03 7.78e-06   0.0
        g_multi_inputs_g_multiple_outputs_g_sel_in_demux_0__sel_in_demux (VX_demux_3) 9.92e-06 2.12e-05 9.02e-03 4.01e-05   0.0
        g_multi_inputs_g_multiple_outputs_rdy_in_transpose (VX_transpose_3) 1.18e-05 2.58e-05 2.48e-02 6.25e-05   0.0
      g_banks_1__bank (VX_cache_bank_1)    0.885   17.864 3.00e+04   48.767  38.1
        mem_req_queue (VX_fifo_queue_0) 3.24e-02 5.25e-02   77.338    0.162   0.1
          g_depth_n_dp_ram (VX_dp_ram_3_0) 7.06e-03 4.81e-02   74.931    0.130   0.1
            g_async_g_bram_async_ram_patch (VX_async_ram_patch_612_8_1_1_1_1_1_1_0__553242_0) 7.06e-03 4.81e-02   74.931    0.130   0.1
              placeholder1 (VX_placeholder) 1.36e-05    0.000    0.000 1.36e-05   0.0
          pending_size (VX_pending_size_2_0) 4.36e-06 1.12e-04    0.170 2.86e-04   0.0
        core_rsp_queue (VX_elastic_buffer_2_0) 3.08e-03 2.45e-02   24.158 5.18e-02   0.0
          g_ebN_out_buf (VX_pipe_buffer_2_0) 1.35e-06 1.06e-06    1.000 1.00e-03   0.0
          g_ebN_fifo_queue (VX_fifo_queue_161_8_0_0_0) 3.08e-03 2.45e-02   23.143 5.08e-02   0.0
            g_depth_n_dp_ram (VX_dp_ram_4_0) 3.07e-03 2.26e-02   22.793 4.84e-02   0.0
              g_async_g_bram_async_ram_patch (VX_async_ram_patch_161_8_1_1_1_1_1_1_0__298242_0) 3.07e-03 2.26e-02   22.793 4.84e-02   0.0
                placeholder1 (VX_placeholder) 1.18e-05    0.000    0.000 1.18e-05   0.0
            pending_size (VX_pending_size_1_0) 9.21e-06 1.21e-04    0.169 3.00e-04   0.0
        cache_mshr (VX_cache_mshr_1)   1.52e-02 4.40e-02   66.865    0.126   0.1
          mshr_store (VX_dp_ram_2_0)   1.15e-02 3.36e-02   52.411 9.75e-02   0.1
            g_async_g_bram_async_ram_patch (VX_async_ram_patch_179_16_1_1_1_1_0_0_0__053242_0) 1.15e-02 3.36e-02   52.331 9.74e-02   0.1
              placeholder1 (VX_placeholder_2) 1.16e-03    0.000    0.000 1.16e-03   0.0
          prev_sel (VX_priority_encoder_0)    0.000    0.000 9.84e-02 9.84e-05   0.0
            g_lsb_g_model1_lzc (VX_lzc_0)    0.000    0.000 9.84e-02 9.84e-05   0.0
              g_lzc_find_first (VX_find_first_16_4_0_0)    0.000    0.000 9.84e-02 9.84e-05   0.0
          allocate_sel (VX_priority_encoder_1)    0.000    0.000 6.35e-02 6.35e-05   0.0
            g_lsb_g_model1_lzc (VX_lzc_1)    0.000    0.000 6.35e-02 6.35e-05   0.0
              g_lzc_find_first (VX_find_first_16_4_0_1)    0.000    0.000 6.35e-02 6.35e-05   0.0
        mshr_pending_size (VX_pending_size_0) 2.56e-08 2.10e-03    0.302 2.40e-03   0.0
        u__pop_count_530 (VX_popcount_2)    0.000    0.000 9.72e-03 9.72e-06   0.0
          g_popcount3_pc32 (VX_popcount32_2)    0.000    0.000 9.72e-03 9.72e-06   0.0
        cache_data (VX_cache_data_0)      0.151    5.429 2.72e+04   32.781  25.6
          g_data_store_3__data_store (VX_sp_ram_1_0) 1.42e-02    1.356 6.79e+03    8.164   6.4
            g_compiled_u_compiled (VX_sp_ram_compiled_0) 1.39e-02    1.356 6.79e+03    8.163   6.4
          g_data_store_2__data_store (VX_sp_ram_1_1) 1.75e-02    1.356 6.79e+03    8.167   6.4
            g_compiled_u_compiled (VX_sp_ram_compiled_1) 1.71e-02    1.356 6.79e+03    8.166   6.4
          g_data_store_1__data_store (VX_sp_ram_1_2) 1.80e-02    1.356 6.79e+03    8.168   6.4
            g_compiled_u_compiled (VX_sp_ram_compiled_2) 1.68e-02    1.356 6.79e+03    8.166   6.4
          g_data_store_0__data_store (VX_sp_ram_1_3) 2.94e-02    1.356 6.79e+03    8.179   6.4
            g_compiled_u_compiled (VX_sp_ram_compiled_3) 2.70e-02    1.356 6.79e+03    8.177   6.4
        pipe_reg2 (VX_pipe_register_3_0) 4.54e-03 2.80e-02    1.382 3.39e-02   0.0
          g_shift_register (VX_shift_register_626_1_1_0_0) 4.54e-03 2.80e-02    1.382 3.39e-02   0.0
        pipe_reg1 (VX_pipe_register_2_0) 2.73e-02    0.190    9.469    0.227   0.2
          g_shift_register (VX_shift_register_631_1_1_0_0) 2.73e-02    0.190    9.462    0.227   0.2
        way_idx_enc (VX_onehot_encoder_0) 1.39e-08 2.66e-08 1.23e-02 1.23e-05   0.0
        cache_tags (VX_cache_tags_0)   4.75e-03    7.565 2.15e+03    9.721   7.6
          g_tag_store_3__tag_store (VX_dp_ram_1_0) 9.22e-04    1.891  537.444    2.429   1.9
            g_compiled_u_compiled (VX_dp_ram_compiled_0) 9.22e-04    1.891  537.444    2.429   1.9
          g_tag_store_3____buffer_85 (VX_pipe_register_4_0)    0.000 3.00e-04 1.94e-02 3.20e-04   0.0
            g_shift_register (VX_shift_register_1_1_1_0_0)    0.000 3.00e-04 1.94e-02 3.20e-04   0.0
          g_tag_store_3____buffer_84 (VX_pipe_register_4_1)    0.000 3.00e-04 1.94e-02 3.20e-04   0.0
            g_shift_register (VX_shift_register_1_1_1_0_1)    0.000 3.00e-04 1.94e-02 3.20e-04   0.0
          g_tag_store_2__tag_store (VX_dp_ram_1_1) 1.19e-03    1.891  537.508    2.429   1.9
            g_compiled_u_compiled (VX_dp_ram_compiled_1) 1.19e-03    1.891  537.508    2.429   1.9
          g_tag_store_2____buffer_85 (VX_pipe_register_4_2)    0.000 3.00e-04 1.94e-02 3.20e-04   0.0
            g_shift_register (VX_shift_register_1_1_1_0_2)    0.000 3.00e-04 1.94e-02 3.20e-04   0.0
          g_tag_store_2____buffer_84 (VX_pipe_register_4_3)    0.000 3.00e-04 1.94e-02 3.20e-04   0.0
            g_shift_register (VX_shift_register_1_1_1_0_3)    0.000 3.00e-04 1.94e-02 3.20e-04   0.0
          g_tag_store_1__tag_store (VX_dp_ram_1_2) 1.20e-03    1.891  537.505    2.429   1.9
            g_compiled_u_compiled (VX_dp_ram_compiled_2) 1.20e-03    1.891  537.505    2.429   1.9
          g_tag_store_1____buffer_85 (VX_pipe_register_4_4)    0.000 3.00e-04 1.94e-02 3.20e-04   0.0
            g_shift_register (VX_shift_register_1_1_1_0_4)    0.000 3.00e-04 1.94e-02 3.20e-04   0.0
          g_tag_store_1____buffer_84 (VX_pipe_register_4_5)    0.000 3.00e-04 1.94e-02 3.20e-04   0.0
            g_shift_register (VX_shift_register_1_1_1_0_5)    0.000 3.00e-04 1.94e-02 3.20e-04   0.0
          g_tag_store_0__tag_store (VX_dp_ram_1_3) 9.17e-04    1.891  537.450    2.429   1.9
            g_compiled_u_compiled (VX_dp_ram_compiled_3) 9.17e-04    1.891  537.444    2.429   1.9
          g_tag_store_0____buffer_85 (VX_pipe_register_4_6)    0.000 3.00e-04 1.94e-02 3.20e-04   0.0
            g_shift_register (VX_shift_register_1_1_1_0_6)    0.000 3.00e-04 1.94e-02 3.20e-04   0.0
          g_tag_store_0____buffer_84 (VX_pipe_register_4_7)    0.000 3.00e-04 1.94e-02 3.20e-04   0.0
            g_shift_register (VX_shift_register_1_1_1_0_7)    0.000 3.00e-04 1.94e-02 3.20e-04   0.0
        cache_repl (VX_cache_repl_0)      0.575    4.343  473.841    5.392   4.2
          g_enable_g_fifo_fifo_store (VX_sp_ram_0)    0.575    4.343  473.826    5.392   4.2
            g_async_g_bram_async_ram_patch (VX_async_ram_patch_2_8192_1_0_1_1_0_0_0__0_0)    0.575    4.343  473.802    5.392   4.2
              placeholder1 (VX_placeholder_1) 4.53e-04    0.000    0.000 4.53e-04   0.0
        pipe_reg0 (VX_pipe_register_1_0) 2.57e-02    0.182    8.959    0.217   0.2
          g_shift_register (VX_shift_register_606_1_1_0_0) 2.57e-02    0.182    8.922    0.217   0.2
        cache_flush (VX_cache_flush_1) 1.28e-03 6.42e-03    0.543 8.24e-03   0.0
      g_banks_0__bank (VX_cache_bank)     1.325   46.600 3.00e+04   77.949  60.8
        mem_req_queue (VX_fifo_queue_1) 6.11e-02 9.27e-02   78.132    0.232   0.2
          g_depth_n_dp_ram (VX_dp_ram_3_1) 3.73e-02 8.81e-02   76.678    0.202   0.2
            g_async_g_bram_async_ram_patch (VX_async_ram_patch_612_8_1_1_1_1_1_1_0__553242_1) 3.73e-02 8.81e-02   76.678    0.202   0.2
              placeholder1 (VX_placeholder) 1.32e-05    0.000    0.000 1.32e-05   0.0
          pending_size (VX_pending_size_2_1) 3.32e-04 9.30e-04    0.170 1.43e-03   0.0
        core_rsp_queue (VX_elastic_buffer_2_1) 1.53e-02 6.32e-02   23.892    0.102   0.1
          g_ebN_out_buf (VX_pipe_buffer_2_1) 1.68e-03 8.73e-04    1.073 3.63e-03   0.0
          g_ebN_fifo_queue (VX_fifo_queue_161_8_0_0_1) 1.32e-02 6.22e-02   22.802 9.82e-02   0.1
            g_depth_n_dp_ram (VX_dp_ram_4_1) 1.23e-02 5.84e-02   22.470 9.32e-02   0.1
              g_async_g_bram_async_ram_patch (VX_async_ram_patch_161_8_1_1_1_1_1_1_0__298242_1) 1.23e-02 5.84e-02   22.470 9.32e-02   0.1
                placeholder1 (VX_placeholder) 5.31e-05    0.000    0.000 5.31e-05   0.0
            pending_size (VX_pending_size_1_1) 5.42e-04 1.48e-03    0.168 2.19e-03   0.0
        cache_mshr (VX_cache_mshr)     4.91e-02    0.117   67.523    0.233   0.2
          mshr_store (VX_dp_ram_2_1)   1.16e-02    0.102   52.722    0.166   0.1
            g_async_g_bram_async_ram_patch (VX_async_ram_patch_179_16_1_1_1_1_0_0_0__053242_1) 1.16e-02    0.102   52.722    0.166   0.1
              placeholder1 (VX_placeholder_2) 1.47e-03    0.000    0.000 1.47e-03   0.0
          prev_sel (VX_priority_encoder_2) 2.97e-07 2.98e-07 9.83e-02 9.89e-05   0.0
            g_lsb_g_model1_lzc (VX_lzc_2) 2.97e-07 2.98e-07 9.83e-02 9.89e-05   0.0
              g_lzc_find_first (VX_find_first_16_4_0_2) 2.97e-07 2.98e-07 9.83e-02 9.89e-05   0.0
          allocate_sel (VX_priority_encoder_3) 8.28e-08 1.10e-07 6.35e-02 6.37e-05   0.0
            g_lsb_g_model1_lzc (VX_lzc_3) 8.28e-08 1.10e-07 6.35e-02 6.37e-05   0.0
              g_lzc_find_first (VX_find_first_16_4_0_3) 8.28e-08 1.10e-07 6.35e-02 6.37e-05   0.0
        mshr_pending_size (VX_pending_size_3) 3.92e-04 2.83e-03    0.300 3.52e-03   0.0
        u__pop_count_530 (VX_popcount_3) 7.40e-05 4.71e-05 9.95e-03 1.31e-04   0.0
          g_popcount3_pc32 (VX_popcount32_3) 7.40e-05 4.71e-05 9.95e-03 1.31e-04   0.0
        cache_data (VX_cache_data_1)      0.882   40.477 2.72e+04   68.555  53.5
          g_data_store_3__data_store (VX_sp_ram_1_4) 2.42e-02   10.079 6.79e+03   16.896  13.2
            g_compiled_u_compiled (VX_sp_ram_compiled_4) 2.42e-02   10.079 6.79e+03   16.896  13.2
          g_data_store_2__data_store (VX_sp_ram_1_5) 2.38e-02   10.079 6.79e+03   16.896  13.2
            g_compiled_u_compiled (VX_sp_ram_compiled_5) 2.38e-02   10.079 6.79e+03   16.896  13.2
          g_data_store_1__data_store (VX_sp_ram_1_6) 1.90e-02   10.079 6.79e+03   16.891  13.2
            g_compiled_u_compiled (VX_sp_ram_compiled_6) 1.90e-02   10.079 6.79e+03   16.891  13.2
          g_data_store_0__data_store (VX_sp_ram_1_7) 7.68e-02   10.184 6.79e+03   17.054  13.3
            g_compiled_u_compiled (VX_sp_ram_compiled_7) 7.23e-02   10.183 6.79e+03   17.049  13.3
        pipe_reg2 (VX_pipe_register_3_1) 6.24e-03 2.68e-02    1.357 3.44e-02   0.0
          g_shift_register (VX_shift_register_626_1_1_0_1) 6.24e-03 2.68e-02    1.357 3.44e-02   0.0
        pipe_reg1 (VX_pipe_register_2_1) 4.59e-02    0.190    9.541    0.246   0.2
          g_shift_register (VX_shift_register_631_1_1_0_1) 4.59e-02    0.190    9.541    0.246   0.2
        way_idx_enc (VX_onehot_encoder_2) 2.63e-08 5.25e-08 1.23e-02 1.23e-05   0.0
        cache_tags (VX_cache_tags_1)   1.18e-02    4.214 2.15e+03    6.377   5.0
          g_tag_store_3__tag_store (VX_dp_ram_1_4) 9.69e-04    0.991  537.424    1.529   1.2
            g_compiled_u_compiled (VX_dp_ram_compiled_4) 9.69e-04    0.991  537.424    1.529   1.2
          g_tag_store_3____buffer_85 (VX_pipe_register_4_8)    0.000 3.00e-04 1.94e-02 3.20e-04   0.0
            g_shift_register (VX_shift_register_1_1_1_0_8)    0.000 3.00e-04 1.94e-02 3.20e-04   0.0
          g_tag_store_3____buffer_84 (VX_pipe_register_4_9)    0.000 3.00e-04 1.94e-02 3.20e-04   0.0
            g_shift_register (VX_shift_register_1_1_1_0_9)    0.000 3.00e-04 1.94e-02 3.20e-04   0.0
          g_tag_store_2__tag_store (VX_dp_ram_1_5) 1.29e-03    0.991  537.486    1.530   1.2
            g_compiled_u_compiled (VX_dp_ram_compiled_5) 1.29e-03    0.991  537.486    1.530   1.2
          g_tag_store_2____buffer_85 (VX_pipe_register_4_10)    0.000 3.00e-04 1.94e-02 3.20e-04   0.0
            g_shift_register (VX_shift_register_1_1_1_0_10)    0.000 3.00e-04 1.94e-02 3.20e-04   0.0
          g_tag_store_2____buffer_84 (VX_pipe_register_4_11)    0.000 3.00e-04 1.94e-02 3.20e-04   0.0
            g_shift_register (VX_shift_register_1_1_1_0_11)    0.000 3.00e-04 1.94e-02 3.20e-04   0.0
          g_tag_store_1__tag_store (VX_dp_ram_1_6) 1.05e-03    0.991  537.437    1.530   1.2
            g_compiled_u_compiled (VX_dp_ram_compiled_6) 1.05e-03    0.991  537.437    1.530   1.2
          g_tag_store_1____buffer_85 (VX_pipe_register_4_12)    0.000 3.00e-04 1.94e-02 3.20e-04   0.0
            g_shift_register (VX_shift_register_1_1_1_0_12)    0.000 3.00e-04 1.94e-02 3.20e-04   0.0
          g_tag_store_1____buffer_84 (VX_pipe_register_4_13) 1.42e-07 3.00e-04 1.94e-02 3.20e-04   0.0
            g_shift_register (VX_shift_register_1_1_1_0_13) 1.42e-07 3.00e-04 1.94e-02 3.20e-04   0.0
          g_tag_store_0__tag_store (VX_dp_ram_1_7) 1.41e-03    1.237  537.506    1.776   1.4
            g_compiled_u_compiled (VX_dp_ram_compiled_7) 1.41e-03    1.237  537.506    1.776   1.4
          g_tag_store_0____buffer_85 (VX_pipe_register_4_14) 8.44e-09 3.00e-04 1.94e-02 3.20e-04   0.0
            g_shift_register (VX_shift_register_1_1_1_0_14) 8.44e-09 3.00e-04 1.94e-02 3.20e-04   0.0
          g_tag_store_0____buffer_84 (VX_pipe_register_4_15) 6.48e-05 4.28e-04 1.99e-02 5.13e-04   0.0
            g_shift_register (VX_shift_register_1_1_1_0_15) 6.48e-05 4.28e-04 1.99e-02 5.13e-04   0.0
        cache_repl (VX_cache_repl_1)      0.174    1.209  482.384    1.866   1.5
          g_enable_g_fifo_fifo_store (VX_sp_ram_2)    0.173    1.209  482.364    1.865   1.5
            g_async_g_bram_async_ram_patch (VX_async_ram_patch_2_8192_1_0_1_1_0_0_0__0_1)    0.173    1.209  482.308    1.865   1.5
              placeholder1 (VX_placeholder_1) 1.55e-03    0.000    0.000 1.55e-03   0.0
        pipe_reg0 (VX_pipe_register_1_1) 3.13e-02    0.186    9.859    0.227   0.2
          g_shift_register (VX_shift_register_606_1_1_0_1) 2.95e-02    0.184    9.182    0.223   0.2
        cache_flush (VX_cache_flush)   6.73e-05 1.30e-03    0.539 1.90e-03   0.0
      core_req_xbar (VX_stream_xbar)   1.04e-02 1.01e-02    7.140 2.76e-02   0.0
        g_multi_inputs_g_multiple_outputs_g_xbar_arbs_1__xbar_arb (VX_stream_arb_1_0) 5.32e-03 5.06e-03    3.547 1.39e-02   0.0
          g_input_select_g_arbiter_g_out_buf_0__out_buf (VX_elastic_buffer_210_0_0_0_0) 1.68e-03 1.89e-03    1.400 4.97e-03   0.0
          g_input_select_g_arbiter_arbiter (VX_generic_arbiter_4) 3.51e-05 6.21e-04 6.94e-02 7.26e-04   0.0
            g_round_robin_rr_arbiter (VX_rr_arbiter_4) 3.51e-05 6.21e-04 6.94e-02 7.26e-04   0.0
              g_model1_onehot_encoder (VX_onehot_encoder_1_4) 2.27e-05 1.24e-05 1.22e-02 4.73e-05   0.0
        g_multi_inputs_g_multiple_outputs_g_xbar_arbs_0__xbar_arb (VX_stream_arb_1_1) 5.02e-03 5.01e-03    3.515 1.36e-02   0.0
          g_input_select_g_arbiter_g_out_buf_0__out_buf (VX_elastic_buffer_210_0_0_0_1) 1.72e-03 1.87e-03    1.400 4.99e-03   0.0
          g_input_select_g_arbiter_arbiter (VX_generic_arbiter_5) 7.33e-04 6.31e-04 9.87e-02 1.46e-03   0.0
            g_round_robin_rr_arbiter (VX_rr_arbiter_5) 7.33e-04 6.31e-04 9.87e-02 1.46e-03   0.0
              g_model1_onehot_encoder (VX_onehot_encoder_1_5) 6.95e-04 1.66e-05 3.82e-02 7.50e-04   0.0
        g_multi_inputs_g_multiple_outputs_val_in_transpose (VX_transpose_4) 1.71e-05 1.87e-05 2.49e-02 6.08e-05   0.0
        g_multi_inputs_g_multiple_outputs_g_sel_in_demux_1__sel_in_demux (VX_demux_4) 4.78e-06 1.11e-05 8.18e-03 2.41e-05   0.0
        g_multi_inputs_g_multiple_outputs_g_sel_in_demux_0__sel_in_demux (VX_demux_5) 6.84e-06 1.10e-05 7.83e-03 2.57e-05   0.0
        g_multi_inputs_g_multiple_outputs_rdy_in_transpose (VX_transpose_5) 1.31e-08 3.54e-08 2.45e-02 2.46e-05   0.0
      mem_rsp_xbar (VX_stream_omega)   4.67e-02    0.136   51.239    0.234   0.2
        g_fallback_xbar_switch (VX_stream_xbar_2) 4.67e-02    0.136   51.239    0.234   0.2
          g_multi_inputs_g_multiple_outputs_g_xbar_arbs_1__xbar_arb (VX_stream_arb_3_0) 8.14e-05 1.10e-03   27.211 2.84e-02   0.0
            g_input_select_g_arbiter_g_out_buf_0__out_buf (VX_elastic_buffer_518_2_1_0_0) 7.94e-05 1.09e-03   22.782 2.39e-02   0.0
              g_eb2_out_buf (VX_pipe_buffer_3_0) 1.71e-06 7.38e-08    3.181 3.18e-03   0.0
              g_eb2_stream_buffer (VX_stream_buffer_518_1_0) 7.77e-05 1.09e-03   19.601 2.08e-02   0.0
            g_input_select_g_arbiter_arbiter (VX_generic_arbiter_0)    0.000    0.000 2.38e-02 2.38e-05   0.0
              g_round_robin_rr_arbiter (VX_rr_arbiter_0)    0.000    0.000 2.38e-02 2.38e-05   0.0
                g_model1_onehot_encoder (VX_onehot_encoder_1_0)    0.000    0.000 9.18e-03 9.18e-06   0.0
          g_multi_inputs_g_multiple_outputs_g_xbar_arbs_0__xbar_arb (VX_stream_arb_3_1) 4.66e-02    0.135   23.987    0.205   0.2
            g_input_select_g_arbiter_g_out_buf_0__out_buf (VX_elastic_buffer_518_2_1_0_1) 4.66e-02    0.135   23.968    0.205   0.2
              g_eb2_out_buf (VX_pipe_buffer_3_1) 4.82e-03 1.91e-03    3.473 1.02e-02   0.0
              g_eb2_stream_buffer (VX_stream_buffer_518_1_1) 4.18e-02    0.133   20.495    0.195   0.2
            g_input_select_g_arbiter_arbiter (VX_generic_arbiter_1) 4.60e-06 2.74e-06 1.43e-02 2.17e-05   0.0
              g_round_robin_rr_arbiter (VX_rr_arbiter_1) 4.60e-06 2.74e-06 1.43e-02 2.17e-05   0.0
                g_model1_onehot_encoder (VX_onehot_encoder_1_1) 2.65e-06 1.36e-06 7.16e-03 1.12e-05   0.0
          g_multi_inputs_g_multiple_outputs_val_in_transpose (VX_transpose_0) 5.44e-07 1.35e-06 1.44e-02 1.63e-05   0.0
          g_multi_inputs_g_multiple_outputs_g_sel_in_demux_1__sel_in_demux (VX_demux_0)    0.000    0.000 7.28e-03 7.28e-06   0.0
          g_multi_inputs_g_multiple_outputs_g_sel_in_demux_0__sel_in_demux (VX_demux_1) 6.47e-07 1.35e-06 7.16e-03 9.16e-06   0.0
          g_multi_inputs_g_multiple_outputs_rdy_in_transpose (VX_transpose_1) 2.07e-05 3.92e-05 1.26e-02 7.25e-05   0.0
      g_mem_rsp_queue_1__mem_rsp_queue (VX_elastic_buffer_517_8_1_0) 8.47e-03 5.18e-02   86.830    0.147   0.1
        g_ebN_out_buf (VX_pipe_buffer_517_00000000_0) 8.21e-06 1.13e-06    3.198 3.21e-03   0.0
        g_ebN_fifo_queue (VX_fifo_queue_517_8_1_0_0) 8.46e-03 5.18e-02   83.613    0.144   0.1
          g_depth_n_dp_ram (VX_dp_ram_0) 8.39e-03 4.94e-02   72.108    0.130   0.1
            g_async_g_bram_async_ram_patch (VX_async_ram_patch_517_8_1_1_1_1_1_1_0__898242_0) 8.39e-03 4.94e-02   72.108    0.130   0.1
              placeholder1 (VX_placeholder) 1.42e-05    0.000    0.000 1.42e-05   0.0
          pending_size (VX_pending_size_1_2) 3.28e-06 1.07e-04    0.210 3.20e-04   0.0
      g_mem_rsp_queue_0__mem_rsp_queue (VX_elastic_buffer_517_8_1_1) 5.86e-02    0.185   88.085    0.332   0.3
        g_ebN_out_buf (VX_pipe_buffer_517_00000000_1) 1.05e-02 1.97e-03    3.474 1.59e-02   0.0
        g_ebN_fifo_queue (VX_fifo_queue_517_8_1_0_1) 4.78e-02    0.183   84.591    0.315   0.2
          g_depth_n_dp_ram (VX_dp_ram_5) 1.89e-02    0.105   72.384    0.196   0.2
            g_async_g_bram_async_ram_patch (VX_async_ram_patch_517_8_1_1_1_1_1_1_0__898242_1) 1.89e-02    0.105   72.384    0.196   0.2
              placeholder1 (VX_placeholder) 1.31e-05    0.000    0.000 1.31e-05   0.0
          pending_size (VX_pending_size_1_3) 6.54e-04 1.61e-03    0.199 2.46e-03   0.0
      cache_init (VX_cache_init_h_141_242_787) 1.60e-02 6.97e-03    5.238 2.82e-02   0.0
1
