Copyright 1986-2022 Xilinx, Inc. All Rights Reserved. Copyright 2022-2025 Advanced Micro Devices, Inc. All Rights Reserved.
---------------------------------------------------------------------------------------------------------------------------------------------------------------------------------------------------------------------------------------------------------------------------------------------------------------------------
| Tool Version      : Vivado v.2025.1 (lin64) Build 6140274 Wed May 21 22:58:25 MDT 2025
| Date              : Mon Jul 20 11:42:45 2026
| Host              : fpga running 64-bit Ubuntu 24.04.4 LTS
| Command           : report_timing -delay_type max -max_paths 1 -nworst 1 -path_type full -to [get_pins -quiet -hier -regexp {.*perf_dcache_pending_reads.*\/(D|CE)$|.*perf_dcache_pending_read_cycle_q.*\/D$} -filter {DIRECTION == IN}] -file agent-tasks/perf-monitor-timing/historical_query/dcache_pending_reads.rpt
| Design            : level0_wrapper
| Device            : xcu55c-fsvh2892
| Speed File        : -2L  PRODUCTION 1.30 05-01-2022
| Design State      : Fully Placed
| Temperature Grade : E
---------------------------------------------------------------------------------------------------------------------------------------------------------------------------------------------------------------------------------------------------------------------------------------------------------------------------

Timing Report

Slack (MET) :             1.736ns  (required time - arrival time)
  Source:                 level0_i/ulp/vortex_afu_1/inst/afu_wrap/vortex_axi/vortex/g_clusters[0].cluster/g_sockets[0].socket/g_cores[0].core/execute/lsu_unit/g_blocks[0].lsu_slice/rsp_buf/g_eb2.stream_buffer/g_buffer.valid_in_r_reg_rep/C
                            (rising edge-triggered cell FDSE clocked by clk_kernel_00_unbuffered_net  {rise@0.000ns fall@5.000ns period=10.000ns})
  Destination:            level0_i/ulp/vortex_afu_1/inst/afu_wrap/vortex_axi/vortex/g_clusters[0].cluster/g_sockets[0].socket/g_cores[0].core/perf_dcache_pending_reads_reg[43]/D
                            (rising edge-triggered cell FDRE clocked by clk_kernel_00_unbuffered_net  {rise@0.000ns fall@5.000ns period=10.000ns})
  Path Group:             clk_kernel_00_unbuffered_net
  Path Type:              Setup (Max at Slow Process Corner)
  Requirement:            10.000ns  (clk_kernel_00_unbuffered_net rise@10.000ns - clk_kernel_00_unbuffered_net rise@0.000ns)
  Data Path Delay:        7.446ns  (logic 0.878ns (11.792%)  route 6.568ns (88.208%))
  Logic Levels:           13  (CARRY8=6 LUT2=1 LUT3=1 LUT4=1 LUT5=2 LUT6=2)
  Clock Path Skew:        -0.283ns (DCD - SCD + CPR)
    Destination Clock Delay (DCD):    7.385ns = ( 17.385 - 10.000 ) 
    Source Clock Delay      (SCD):    7.553ns
    Clock Pessimism Removal (CPR):    -0.115ns
  Clock Uncertainty:      0.358ns  ((TSJ^2 + DJ^2)^1/2) / 2 + PE + UU
    Total System Jitter     (TSJ):    0.071ns
    Discrete Jitter          (DJ):    0.093ns
    Phase Error              (PE):    0.000ns
    User Uncertainty         (UU):    0.300ns
  Inter-SLR Compensation: 0.202ns  ((DCD - CCD) * PF)
    Destination Clock Delay (DCD):    7.385ns
    Common Clock Delay      (CCD):    6.040ns
    Prorating Factor         (PF):    0.150

    Location             Delay type                Incr(ns)  Path(ns)    Partition      PBlock               Netlist Resource(s)
  -------------------------------------------------------------------    -------------------------------------------------------
                         (clock clk_kernel_00_unbuffered_net rise edge)
                                                      0.000     0.000 r                                      
                         clock source latency         4.338     4.338                                        
                         propagated clock network latency
                                                      3.215     7.553                                        
    SLICE_X40Y523        FDSE                         0.000     7.553 r  reconfigurable pblock_dynamic_region
                                                                                                             level0_i/ulp/vortex_afu_1/inst/afu_wrap/vortex_axi/vortex/g_clusters[0].cluster/g_sockets[0].socket/g_cores[0].core/execute/lsu_unit/g_blocks[0].lsu_slice/rsp_buf/g_eb2.stream_buffer/g_buffer.valid_in_r_reg_rep/C
    SLICE_X40Y523        FDSE (Prop_EFF_SLICEL_C_Q)
                                                      0.079     7.632 r  reconfigurable pblock_dynamic_region
                                                                                                             level0_i/ulp/vortex_afu_1/inst/afu_wrap/vortex_axi/vortex/g_clusters[0].cluster/g_sockets[0].socket/g_cores[0].core/execute/lsu_unit/g_blocks[0].lsu_slice/rsp_buf/g_eb2.stream_buffer/g_buffer.valid_in_r_reg_rep/Q
                         net (fo=2439, estimated)     2.125     9.757    reconfigurable                      level0_i/ulp/vortex_afu_1/inst/afu_wrap/vortex_axi/vortex/g_clusters[0].cluster/g_sockets[0].socket/g_cores[0].core/mem_unit/g_lmem_switches[0].lmem_switch/rsp_arb/g_input_select.g_arbiter.g_out_buf[0].out_buf/g_eb1.pipe_buffer/g_register.g_pipe_regs[0].pipe_register/g_shift_register/g_buffer.valid_in_r_reg_rep_n_0
    SLR Crossing[2->1]   
    SLICE_X93Y434        LUT2 (Prop_B6LUT_SLICEL_I1_O)
                                                      0.090     9.847 r  reconfigurable pblock_dynamic_region
                                                                                                             level0_i/ulp/vortex_afu_1/inst/afu_wrap/vortex_axi/vortex/g_clusters[0].cluster/g_sockets[0].socket/g_cores[0].core/mem_unit/g_lmem_switches[0].lmem_switch/rsp_arb/g_input_select.g_arbiter.g_out_buf[0].out_buf/g_eb1.pipe_buffer/g_register.g_pipe_regs[0].pipe_register/g_shift_register/g_buffer.g_no_out_reg.data_out_r[2153]_i_1__1/O
                         net (fo=14, estimated)       0.415    10.262    reconfigurable                      level0_i/ulp/vortex_afu_1/inst/afu_wrap/vortex_axi/vortex/g_clusters[0].cluster/g_sockets[0].socket/g_cores[0].core/mem_unit/g_lmem_switches[0].lmem_switch/rsp_arb/g_input_select.g_arbiter.g_out_buf[0].out_buf/g_eb1.pipe_buffer/g_register.g_pipe_regs[0].pipe_register/g_shift_register/g_shift.g_partial_reset.g_stages[0].g_stage_0.pipe_reg[0][2084]_3_bufg_place
    SLICE_X83Y437        LUT6 (Prop_G6LUT_SLICEL_I2_O)
                                                      0.089    10.351 r  reconfigurable pblock_dynamic_region
                                                                                                             level0_i/ulp/vortex_afu_1/inst/afu_wrap/vortex_axi/vortex/g_clusters[0].cluster/g_sockets[0].socket/g_cores[0].core/mem_unit/g_lmem_switches[0].lmem_switch/rsp_arb/g_input_select.g_arbiter.g_out_buf[0].out_buf/g_eb1.pipe_buffer/g_register.g_pipe_regs[0].pipe_register/g_shift_register/perf_dcache_pending_reads[7]_i_32/O
                         net (fo=3, estimated)        0.399    10.750    reconfigurable                      level0_i/ulp/vortex_afu_1/inst/afu_wrap/vortex_axi/vortex/g_clusters[0].cluster/g_sockets[0].socket/g_cores[0].core/mem_unit/g_lmem_switches[0].lmem_switch/rsp_arb/g_input_select.g_arbiter.g_out_buf[0].out_buf/g_eb1.pipe_buffer/g_register.g_pipe_regs[0].pipe_register/g_shift_register/perf_dcache_pending_reads[7]_i_32_n_0
    SLICE_X89Y445        LUT4 (Prop_D6LUT_SLICEL_I0_O)
                                                      0.099    10.849 r  reconfigurable pblock_dynamic_region
                                                                                                             level0_i/ulp/vortex_afu_1/inst/afu_wrap/vortex_axi/vortex/g_clusters[0].cluster/g_sockets[0].socket/g_cores[0].core/mem_unit/g_lmem_switches[0].lmem_switch/rsp_arb/g_input_select.g_arbiter.g_out_buf[0].out_buf/g_eb1.pipe_buffer/g_register.g_pipe_regs[0].pipe_register/g_shift_register/perf_dcache_pending_reads[7]_i_24/O
                         net (fo=4, estimated)        0.213    11.062    reconfigurable                      level0_i/ulp/vortex_afu_1/inst/afu_wrap/vortex_axi/vortex/g_clusters[0].cluster/g_sockets[0].socket/g_cores[0].core/mem_unit/g_lmem_switches[0].lmem_switch/rsp_arb/g_input_select.g_arbiter.g_out_buf[0].out_buf/g_eb1.pipe_buffer/g_register.g_pipe_regs[0].pipe_register/g_shift_register/perf_dcache_pending_reads[7]_i_24_n_0
    SLICE_X90Y441        LUT6 (Prop_G6LUT_SLICEL_I2_O)
                                                      0.050    11.112 r  reconfigurable pblock_dynamic_region
                                                                                                             level0_i/ulp/vortex_afu_1/inst/afu_wrap/vortex_axi/vortex/g_clusters[0].cluster/g_sockets[0].socket/g_cores[0].core/mem_unit/g_lmem_switches[0].lmem_switch/rsp_arb/g_input_select.g_arbiter.g_out_buf[0].out_buf/g_eb1.pipe_buffer/g_register.g_pipe_regs[0].pipe_register/g_shift_register/perf_dcache_pending_reads[7]_i_49/O
                         net (fo=3, estimated)        0.204    11.316    reconfigurable                      level0_i/ulp/vortex_afu_1/inst/afu_wrap/vortex_axi/vortex/g_clusters[0].cluster/g_sockets[0].socket/g_cores[0].core/mem_unit/g_lmem_switches[0].lmem_switch/rsp_arb/g_input_select.g_arbiter.g_out_buf[0].out_buf/g_eb1.pipe_buffer/g_register.g_pipe_regs[0].pipe_register/g_shift_register/perf_dcache_pending_reads[7]_i_49_n_0
    SLICE_X91Y440        LUT3 (Prop_F6LUT_SLICEM_I0_O)
                                                      0.037    11.353 r  reconfigurable pblock_dynamic_region
                                                                                                             level0_i/ulp/vortex_afu_1/inst/afu_wrap/vortex_axi/vortex/g_clusters[0].cluster/g_sockets[0].socket/g_cores[0].core/mem_unit/g_lmem_switches[0].lmem_switch/rsp_arb/g_input_select.g_arbiter.g_out_buf[0].out_buf/g_eb1.pipe_buffer/g_register.g_pipe_regs[0].pipe_register/g_shift_register/perf_dcache_pending_reads[7]_i_17/O
                         net (fo=3, estimated)        0.397    11.750    reconfigurable                      level0_i/ulp/vortex_afu_1/inst/afu_wrap/vortex_axi/vortex/g_clusters[0].cluster/g_sockets[0].socket/g_cores[0].core/mem_unit/g_lmem_switches[0].lmem_switch/rsp_arb/g_input_select.g_arbiter.g_out_buf[0].out_buf/g_eb1.pipe_buffer/g_register.g_pipe_regs[0].pipe_register/g_shift_register/perf_dcache_pending_reads[7]_i_17_n_0
    SLICE_X86Y443        LUT5 (Prop_F6LUT_SLICEL_I1_O)
                                                      0.123    11.873 r  reconfigurable pblock_dynamic_region
                                                                                                             level0_i/ulp/vortex_afu_1/inst/afu_wrap/vortex_axi/vortex/g_clusters[0].cluster/g_sockets[0].socket/g_cores[0].core/mem_unit/g_lmem_switches[0].lmem_switch/rsp_arb/g_input_select.g_arbiter.g_out_buf[0].out_buf/g_eb1.pipe_buffer/g_register.g_pipe_regs[0].pipe_register/g_shift_register/perf_dcache_pending_reads[7]_i_14/O
                         net (fo=4, estimated)        1.035    12.908    reconfigurable                      level0_i/ulp/vortex_afu_1/inst/afu_wrap/vortex_axi/vortex/g_clusters[0].cluster/g_sockets[0].socket/g_cores[0].core/__buffer_ex703/g_shift_register/perf_dcache_pending_reads_reg[7]
    SLICE_X125Y443       LUT5 (Prop_B5LUT_SLICEL_I3_O)
                                                      0.116    13.024 r  reconfigurable pblock_dynamic_region
                                                                                                             level0_i/ulp/vortex_afu_1/inst/afu_wrap/vortex_axi/vortex/g_clusters[0].cluster/g_sockets[0].socket/g_cores[0].core/__buffer_ex703/g_shift_register/perf_dcache_pending_reads[7]_i_2/O
                         net (fo=1, estimated)        1.598    14.622    reconfigurable                      level0_i/ulp/vortex_afu_1/inst/afu_wrap/vortex_axi/vortex/g_clusters[0].cluster/g_sockets[0].socket/g_cores[0].core/mem_unit/g_lmem_switches[0].lmem_switch/rsp_arb/g_input_select.g_arbiter.g_out_buf[0].out_buf/g_eb1.pipe_buffer/g_register.g_pipe_regs[0].pipe_register/g_shift_register/DI[0]
    SLICE_X48Y445        CARRY8 (Prop_CARRY8_SLICEM_DI[7]_CO[7])
                                                      0.053    14.675 r  reconfigurable pblock_dynamic_region
                                                                                                             level0_i/ulp/vortex_afu_1/inst/afu_wrap/vortex_axi/vortex/g_clusters[0].cluster/g_sockets[0].socket/g_cores[0].core/mem_unit/g_lmem_switches[0].lmem_switch/rsp_arb/g_input_select.g_arbiter.g_out_buf[0].out_buf/g_eb1.pipe_buffer/g_register.g_pipe_regs[0].pipe_register/g_shift_register/perf_dcache_pending_reads_reg[7]_i_1/CO[7]
                         net (fo=1, estimated)        0.026    14.701    reconfigurable                      level0_i/ulp/vortex_afu_1/inst/afu_wrap/vortex_axi/vortex/g_clusters[0].cluster/g_sockets[0].socket/g_cores[0].core/mem_unit/g_lmem_switches[0].lmem_switch/rsp_arb/g_input_select.g_arbiter.g_out_buf[0].out_buf/g_eb1.pipe_buffer/g_register.g_pipe_regs[0].pipe_register/g_shift_register/perf_dcache_pending_reads_reg[7]_i_1_n_0
    SLICE_X48Y446        CARRY8 (Prop_CARRY8_SLICEM_CI_CO[7])
                                                      0.015    14.716 r  reconfigurable pblock_dynamic_region
                                                                                                             level0_i/ulp/vortex_afu_1/inst/afu_wrap/vortex_axi/vortex/g_clusters[0].cluster/g_sockets[0].socket/g_cores[0].core/mem_unit/g_lmem_switches[0].lmem_switch/rsp_arb/g_input_select.g_arbiter.g_out_buf[0].out_buf/g_eb1.pipe_buffer/g_register.g_pipe_regs[0].pipe_register/g_shift_register/perf_dcache_pending_reads_reg[15]_i_1/CO[7]
                         net (fo=1, estimated)        0.026    14.742    reconfigurable                      level0_i/ulp/vortex_afu_1/inst/afu_wrap/vortex_axi/vortex/g_clusters[0].cluster/g_sockets[0].socket/g_cores[0].core/mem_unit/g_lmem_switches[0].lmem_switch/rsp_arb/g_input_select.g_arbiter.g_out_buf[0].out_buf/g_eb1.pipe_buffer/g_register.g_pipe_regs[0].pipe_register/g_shift_register/perf_dcache_pending_reads_reg[15]_i_1_n_0
    SLICE_X48Y447        CARRY8 (Prop_CARRY8_SLICEM_CI_CO[7])
                                                      0.015    14.757 r  reconfigurable pblock_dynamic_region
                                                                                                             level0_i/ulp/vortex_afu_1/inst/afu_wrap/vortex_axi/vortex/g_clusters[0].cluster/g_sockets[0].socket/g_cores[0].core/mem_unit/g_lmem_switches[0].lmem_switch/rsp_arb/g_input_select.g_arbiter.g_out_buf[0].out_buf/g_eb1.pipe_buffer/g_register.g_pipe_regs[0].pipe_register/g_shift_register/perf_dcache_pending_reads_reg[23]_i_1/CO[7]
                         net (fo=1, estimated)        0.026    14.783    reconfigurable                      level0_i/ulp/vortex_afu_1/inst/afu_wrap/vortex_axi/vortex/g_clusters[0].cluster/g_sockets[0].socket/g_cores[0].core/mem_unit/g_lmem_switches[0].lmem_switch/rsp_arb/g_input_select.g_arbiter.g_out_buf[0].out_buf/g_eb1.pipe_buffer/g_register.g_pipe_regs[0].pipe_register/g_shift_register/perf_dcache_pending_reads_reg[23]_i_1_n_0
    SLICE_X48Y448        CARRY8 (Prop_CARRY8_SLICEM_CI_CO[7])
                                                      0.015    14.798 r  reconfigurable pblock_dynamic_region
                                                                                                             level0_i/ulp/vortex_afu_1/inst/afu_wrap/vortex_axi/vortex/g_clusters[0].cluster/g_sockets[0].socket/g_cores[0].core/mem_unit/g_lmem_switches[0].lmem_switch/rsp_arb/g_input_select.g_arbiter.g_out_buf[0].out_buf/g_eb1.pipe_buffer/g_register.g_pipe_regs[0].pipe_register/g_shift_register/perf_dcache_pending_reads_reg[31]_i_1/CO[7]
                         net (fo=1, estimated)        0.026    14.824    reconfigurable                      level0_i/ulp/vortex_afu_1/inst/afu_wrap/vortex_axi/vortex/g_clusters[0].cluster/g_sockets[0].socket/g_cores[0].core/mem_unit/g_lmem_switches[0].lmem_switch/rsp_arb/g_input_select.g_arbiter.g_out_buf[0].out_buf/g_eb1.pipe_buffer/g_register.g_pipe_regs[0].pipe_register/g_shift_register/perf_dcache_pending_reads_reg[31]_i_1_n_0
    SLICE_X48Y449        CARRY8 (Prop_CARRY8_SLICEM_CI_CO[7])
                                                      0.015    14.839 r  reconfigurable pblock_dynamic_region
                                                                                                             level0_i/ulp/vortex_afu_1/inst/afu_wrap/vortex_axi/vortex/g_clusters[0].cluster/g_sockets[0].socket/g_cores[0].core/mem_unit/g_lmem_switches[0].lmem_switch/rsp_arb/g_input_select.g_arbiter.g_out_buf[0].out_buf/g_eb1.pipe_buffer/g_register.g_pipe_regs[0].pipe_register/g_shift_register/perf_dcache_pending_reads_reg[39]_i_1/CO[7]
                         net (fo=1, estimated)        0.052    14.891    reconfigurable                      level0_i/ulp/vortex_afu_1/inst/afu_wrap/vortex_axi/vortex/g_clusters[0].cluster/g_sockets[0].socket/g_cores[0].core/mem_unit/g_lmem_switches[0].lmem_switch/rsp_arb/g_input_select.g_arbiter.g_out_buf[0].out_buf/g_eb1.pipe_buffer/g_register.g_pipe_regs[0].pipe_register/g_shift_register/perf_dcache_pending_reads_reg[39]_i_1_n_0
    SLICE_X48Y450        CARRY8 (Prop_CARRY8_SLICEM_CI_O[3])
                                                      0.082    14.973 r  reconfigurable pblock_dynamic_region
                                                                                                             level0_i/ulp/vortex_afu_1/inst/afu_wrap/vortex_axi/vortex/g_clusters[0].cluster/g_sockets[0].socket/g_cores[0].core/mem_unit/g_lmem_switches[0].lmem_switch/rsp_arb/g_input_select.g_arbiter.g_out_buf[0].out_buf/g_eb1.pipe_buffer/g_register.g_pipe_regs[0].pipe_register/g_shift_register/perf_dcache_pending_reads_reg[43]_i_1/O[3]
                         net (fo=1, routed)           0.026    14.999    reconfigurable                      level0_i/ulp/vortex_afu_1/inst/afu_wrap/vortex_axi/vortex/g_clusters[0].cluster/g_sockets[0].socket/g_cores[0].core/mem_unit_n_6171
    SLICE_X48Y450        FDRE                                         r  reconfigurable pblock_dynamic_region
                                                                                                             level0_i/ulp/vortex_afu_1/inst/afu_wrap/vortex_axi/vortex/g_clusters[0].cluster/g_sockets[0].socket/g_cores[0].core/perf_dcache_pending_reads_reg[43]/D
  -------------------------------------------------------------------    -------------------------------------------------------

                         (clock clk_kernel_00_unbuffered_net rise edge)
                                                     10.000    10.000 r                                      
                         clock source latency         4.603    14.603                                        
                         propagated clock network latency
                                                      2.782    17.385                                        
                         clock pessimism             -0.115    17.270                                            
                         inter-SLR compensation      -0.202    17.068                                            
                         clock uncertainty           -0.358    16.710                                            
    SLICE_X48Y450        FDRE (Setup_DFF_SLICEM_C_D)
                                                      0.025    16.735    reconfigurable   pblock_dynamic_region
                                                                                                                 level0_i/ulp/vortex_afu_1/inst/afu_wrap/vortex_axi/vortex/g_clusters[0].cluster/g_sockets[0].socket/g_cores[0].core/perf_dcache_pending_reads_reg[43]
  -------------------------------------------------------------------
                         required time                         16.735                                            
                         arrival time                         -14.999                                            
  -------------------------------------------------------------------
                         slack                                  1.736                                            




