 
****************************************
Report : area
Design : VX_mem_arb__9a969f0ab57c
Version: V-2023.12-SP5-3
Date   : Tue Jul 21 23:04:50 2026
****************************************

Library(s) Used:

    sc9_cmos28lpp_base_rvt_ss_nominal_max_0p900v_125c_sadhm (File: /tool/PDK/Samsung/LN28LPP_202203/PRIMITIVES/RVT/ln28lpp_sc_9t_base_rvt_c130_V1.00d/FE-Common/LIBERTY/sc9_cmos28lpp_base_rvt_ss_nominal_max_0p900v_125c_sadhm.db)

Number of ports:                        13698
Number of nets:                         13680
Number of cells:                         2286
Number of combinational cells:           2280
Number of sequential cells:                 0
Number of macros/black boxes:               0
Number of buf/inv:                       2280
Number of references:                       2

Combinational area:               1067.039988
Buf/Inv area:                     1067.039988
Noncombinational area:               0.000000
Macro/Black Box area:                0.000000
Net Interconnect area:      undefined  (No wire load specified)

Total cell area:                  1067.039988
Total area:                 undefined

Core Area:                     11568
Aspect Ratio:                 1.0082
Utilization Ratio:            0.0922


The above information was reported from the logical library. The following are from the physical library:

  Total moveable cell area: 1067.0
  Total fixed cell area: 0.0
  Total physical cell area: 1067.0
 Core area: 0.000, 0.000, 107.120, 108.000

Hierarchical area distribution
------------------------------

                                  Global cell area          Local cell area
                                  ------------------  ---------------------------- 
Hierarchical cell                 Absolute   Percent  Combi-     Noncombi-  Black-
                                  Total      Total    national   national   boxes   Design
--------------------------------  ---------  -------  ---------  ---------  ------  -----------------------------
VX_mem_arb__9a969f0ab57c          1067.0400    100.0     0.0000     0.0000  0.0000  VX_mem_arb__9a969f0ab57c
g_rsp_arb_req_arb                  488.5920     45.8     0.0000     0.0000  0.0000  VX_stream_arb_1
g_rsp_arb_req_arb/g_passthru_g_out_buf_0__out_buf  244.2960    22.9  244.2960    0.0000 0.0000 VX_elastic_buffer_520_0_0_0_1
g_rsp_arb_req_arb/g_passthru_g_out_buf_1__out_buf  244.2960    22.9  244.2960    0.0000 0.0000 VX_elastic_buffer_520_0_0_0_0
req_arb                            578.4480     54.2     0.0000     0.0000  0.0000  VX_stream_arb_2
req_arb/g_passthru_g_out_buf_0__out_buf  289.2240    27.1  289.2240    0.0000 0.0000 VX_elastic_buffer_616_0_0_0_1
req_arb/g_passthru_g_out_buf_1__out_buf  289.2240    27.1  289.2240    0.0000 0.0000 VX_elastic_buffer_616_0_0_0_0
--------------------------------  ---------  -------  ---------  ---------  ------  -----------------------------
Total                                                 1067.0400     0.0000  0.0000

1
