 
****************************************
Report : area
Design : VX_mem_arb__4b9eb15e2e14
Version: V-2023.12-SP5-3
Date   : Tue Jul 21 22:38:17 2026
****************************************

Library(s) Used:

    sc9_cmos28lpp_base_rvt_ss_nominal_max_0p900v_125c_sadhm (File: /tool/PDK/Samsung/LN28LPP_202203/PRIMITIVES/RVT/ln28lpp_sc_9t_base_rvt_c130_V1.00d/FE-Common/LIBERTY/sc9_cmos28lpp_base_rvt_ss_nominal_max_0p900v_125c_sadhm.db)

Number of ports:                         6828
Number of nets:                          6816
Number of cells:                         1140
Number of combinational cells:           1136
Number of sequential cells:                 0
Number of macros/black boxes:               0
Number of buf/inv:                       1136
Number of references:                       2

Combinational area:                531.647994
Buf/Inv area:                      531.647994
Noncombinational area:               0.000000
Macro/Black Box area:                0.000000
Net Interconnect area:      undefined  (No wire load specified)

Total cell area:                   531.647994
Total area:                 undefined

Core Area:                      5700
Aspect Ratio:                 1.0027
Utilization Ratio:            0.0933


The above information was reported from the logical library. The following are from the physical library:

  Total moveable cell area: 531.6
  Total fixed cell area: 0.0
  Total physical cell area: 531.6
 Core area: 0.000, 0.000, 75.400, 75.600

Hierarchical area distribution
------------------------------

                                  Global cell area          Local cell area
                                  ------------------  --------------------------- 
Hierarchical cell                 Absolute   Percent  Combi-    Noncombi-  Black-
                                  Total      Total    national  national   boxes   Design
--------------------------------  ---------  -------  --------  ---------  ------  ---------------------------
VX_mem_arb__4b9eb15e2e14           531.6480    100.0    0.0000     0.0000  0.0000  VX_mem_arb__4b9eb15e2e14
g_rsp_arb_req_arb                  243.3600     45.8    0.0000     0.0000  0.0000  VX_stream_arb_16
g_rsp_arb_req_arb/g_passthru_g_out_buf_0__out_buf  243.3600    45.8 243.3600    0.0000 0.0000 VX_elastic_buffer_518_0_0_0
req_arb                            288.2880     54.2    0.0000     0.0000  0.0000  VX_stream_arb_15
req_arb/g_passthru_g_out_buf_0__out_buf  288.2880    54.2 288.2880    0.0000 0.0000 VX_elastic_buffer_614_0_0_0
--------------------------------  ---------  -------  --------  ---------  ------  ---------------------------
Total                                                 531.6480     0.0000  0.0000

1
