Information: Propagating switching activity (high effort zero delay simulation). (PWR-6)
Warning: Design has unannotated primary inputs. (PWR-414)
Warning: Design has unannotated sequential cell outputs. (PWR-415)
 
****************************************
Report : power
        -hier
        -analysis_effort high
        -verbose
Design : VX_lsu_mem_arb__941ec8e0d26b
Scenario(s): mode_norm.OC_rvt_ss_0p900v_125c
Version: V-2023.12-SP5-3
Date   : Tue Jul 21 22:51:25 2026
****************************************


Library(s) Used:

    sc9_cmos28lpp_base_rvt_ss_nominal_max_0p900v_125c_sadhm (File: /tool/PDK/Samsung/LN28LPP_202203/PRIMITIVES/RVT/ln28lpp_sc_9t_base_rvt_c130_V1.00d/FE-Common/LIBERTY/sc9_cmos28lpp_base_rvt_ss_nominal_max_0p900v_125c_sadhm.db)


Global Operating Voltage = 0.9  
Power-specific unit information :
    Voltage Units = 1V
    Capacitance Units = 1.000000pf
    Time Units = 1ns
    Dynamic Power Units = 1mW    (derived from V,C,T units)
    Leakage Power Units = 1uW


--------------------------------------------------------------------------------
                                       Switch   Int      Leak     Total
Hierarchy                              Power    Power    Power    Power    %
--------------------------------------------------------------------------------
VX_lsu_mem_arb__941ec8e0d26b              0.186    0.367  123.783    0.677 100.0
  g_rsp_select_rsp_switch (VX_stream_switch_10) 5.60e-02    0.300   96.745    0.453  66.9
    g_out_buf_1__out_buf (VX_elastic_buffer_57_0) 2.75e-02    0.147   48.360    0.223  32.9
      g_eb2_out_buf (VX_pipe_buffer_38_0) 4.70e-03 2.12e-03    6.989 1.38e-02   2.0
      g_eb2_stream_buffer (VX_stream_buffer_1042_0_0) 2.28e-02    0.145   41.371    0.209  30.9
    g_out_buf_0__out_buf (VX_elastic_buffer_57_1) 2.85e-02    0.153   48.362    0.230  34.0
      g_eb2_out_buf (VX_pipe_buffer_38_1) 4.87e-03 2.26e-03    6.995 1.41e-02   2.1
      g_eb2_stream_buffer (VX_stream_buffer_1042_0_1) 2.36e-02    0.151   41.367    0.216  31.9
  g_rsp_select_g_rsp_data_in_0__bits_remove (VX_bits_remove_6) 1.79e-05 2.18e-05 2.01e-02 5.98e-05   0.0
  g_bus_out_if_0__g_req_tag_sel_out_bits_insert (VX_bits_insert_6) 1.91e-04 4.79e-05 2.00e-02 2.59e-04   0.0
  req_arb (VX_stream_arb_39)              0.130 6.64e-02   26.998    0.224  33.0
    g_input_select_g_arbiter_g_out_buf_0__out_buf (VX_elastic_buffer_1716_0_0_0) 7.37e-02 2.58e-02   11.520    0.111  16.4
    g_input_select_g_arbiter_arbiter (VX_generic_arbiter) 2.12e-04 7.23e-04 8.27e-02 1.02e-03   0.2
      g_round_robin_rr_arbiter (VX_rr_arbiter) 2.12e-04 7.23e-04 8.27e-02 1.02e-03   0.2
        g_model1_onehot_encoder (VX_onehot_encoder_1) 2.03e-05 2.41e-05 1.19e-02 5.63e-05   0.0
1
