 
****************************************
Report : area
Design : VX_mem_arb__cec63d53a804
Version: V-2023.12-SP5-3
Date   : Tue Jul 21 07:33:11 2026
****************************************

Library(s) Used:

    sc9_cmos28lpp_base_rvt_ss_nominal_max_0p900v_125c_sadhm (File: /tool/PDK/Samsung/LN28LPP_202203/PRIMITIVES/RVT/ln28lpp_sc_9t_base_rvt_c130_V1.00d/FE-Common/LIBERTY/sc9_cmos28lpp_base_rvt_ss_nominal_max_0p900v_125c_sadhm.db)

Number of ports:                        27342
Number of nets:                         27312
Number of cells:                         4562
Number of combinational cells:           4552
Number of sequential cells:                 0
Number of macros/black boxes:               0
Number of buf/inv:                       4552
Number of references:                       2

Combinational area:               2130.335976
Buf/Inv area:                     2130.335976
Noncombinational area:               0.000000
Macro/Black Box area:                0.000000
Net Interconnect area:      undefined  (No wire load specified)

Total cell area:                  2130.335976
Total area:                 undefined

Core Area:                     23075
Aspect Ratio:                 1.0026
Utilization Ratio:            0.0923


The above information was reported from the logical library. The following are from the physical library:

  Total moveable cell area: 2130.3
  Total fixed cell area: 0.0
  Total physical cell area: 2130.3
 Core area: 0.000, 0.000, 151.710, 152.100

Hierarchical area distribution
------------------------------

                                  Global cell area          Local cell area
                                  ------------------  ---------------------------- 
Hierarchical cell                 Absolute   Percent  Combi-     Noncombi-  Black-
                                  Total      Total    national   national   boxes   Design
--------------------------------  ---------  -------  ---------  ---------  ------  -----------------------------
VX_mem_arb__cec63d53a804          2130.3360    100.0     0.0000     0.0000  0.0000  VX_mem_arb__cec63d53a804
g_rsp_arb_req_arb                  975.3120     45.8     0.0000     0.0000  0.0000  VX_stream_arb_7
g_rsp_arb_req_arb/g_passthru_g_out_buf_0__out_buf  243.8280    11.4  243.8280    0.0000 0.0000 VX_elastic_buffer_519_0_0_0_3
g_rsp_arb_req_arb/g_passthru_g_out_buf_1__out_buf  243.8280    11.4  243.8280    0.0000 0.0000 VX_elastic_buffer_519_0_0_0_2
g_rsp_arb_req_arb/g_passthru_g_out_buf_2__out_buf  243.8280    11.4  243.8280    0.0000 0.0000 VX_elastic_buffer_519_0_0_0_1
g_rsp_arb_req_arb/g_passthru_g_out_buf_3__out_buf  243.8280    11.4  243.8280    0.0000 0.0000 VX_elastic_buffer_519_0_0_0_0
req_arb                           1155.0240     54.2     0.0000     0.0000  0.0000  VX_stream_arb_6
req_arb/g_passthru_g_out_buf_0__out_buf  288.7560    13.6  288.7560    0.0000 0.0000 VX_elastic_buffer_615_0_0_0_3
req_arb/g_passthru_g_out_buf_1__out_buf  288.7560    13.6  288.7560    0.0000 0.0000 VX_elastic_buffer_615_0_0_0_2
req_arb/g_passthru_g_out_buf_2__out_buf  288.7560    13.6  288.7560    0.0000 0.0000 VX_elastic_buffer_615_0_0_0_1
req_arb/g_passthru_g_out_buf_3__out_buf  288.7560    13.6  288.7560    0.0000 0.0000 VX_elastic_buffer_615_0_0_0_0
--------------------------------  ---------  -------  ---------  ---------  ------  -----------------------------
Total                                                 2130.3360     0.0000  0.0000

1
