Information: Propagating switching activity (high effort zero delay simulation). (PWR-6)
Warning: Design has unannotated primary inputs. (PWR-414)
Warning: Design has unannotated sequential cell outputs. (PWR-415)
 
****************************************
Report : power
        -hier
        -analysis_effort high
        -verbose
Design : VX_stream_xbar__81d3074b2b9b
Scenario(s): mode_norm.OC_rvt_ss_0p900v_125c
Version: V-2023.12-SP5-3
Date   : Tue Jul 21 08:57:05 2026
****************************************


Library(s) Used:

    sc9_cmos28lpp_base_rvt_ss_nominal_max_0p900v_125c_sadhm (File: /tool/PDK/Samsung/LN28LPP_202203/PRIMITIVES/RVT/ln28lpp_sc_9t_base_rvt_c130_V1.00d/FE-Common/LIBERTY/sc9_cmos28lpp_base_rvt_ss_nominal_max_0p900v_125c_sadhm.db)


Global Operating Voltage = 0.9  
Power-specific unit information :
    Voltage Units = 1V
    Capacitance Units = 1.000000pf
    Time Units = 1ns
    Dynamic Power Units = 1mW    (derived from V,C,T units)
    Leakage Power Units = 1uW


--------------------------------------------------------------------------------
                                       Switch   Int      Leak     Total
Hierarchy                              Power    Power    Power    Power    %
--------------------------------------------------------------------------------
VX_stream_xbar__81d3074b2b9b              0.203    0.550  138.239    0.892 100.0
  genblk3_u_pop_count_ex (VX_popcount) 9.54e-06 2.38e-05 2.59e-02 5.92e-05   0.0
    g_popcount6_pc63 (VX_popcount63)   9.54e-06 2.38e-05 2.59e-02 5.92e-05   0.0
  genblk2_u_buffer_ex (VX_pipe_register) 2.46e-05 9.63e-04 5.57e-02 1.04e-03   0.1
    g_shift_register (VX_shift_register_4_4_1_0) 2.46e-05 9.63e-04 5.57e-02 1.04e-03   0.1
  g_multi_inputs_g_multiple_outputs_g_xbar_arbs_3__xbar_arb (VX_stream_arb_9_0) 5.40e-02    0.135   34.167    0.223  25.1
    g_input_select_g_arbiter_g_out_buf_0__out_buf (VX_elastic_buffer_616_2_0_0_0) 2.81e-02    0.124   28.483    0.180  20.2
      g_eb2_out_buf (VX_pipe_buffer_18_0) 6.63e-03 3.15e-03    4.141 1.39e-02   1.6
      g_eb2_stream_buffer (VX_stream_buffer_616_0_0) 2.15e-02    0.121   24.342    0.167  18.7
    g_input_select_g_arbiter_arbiter (VX_generic_arbiter_0) 4.12e-04 4.65e-04    0.175 1.05e-03   0.1
      g_round_robin_rr_arbiter (VX_rr_arbiter_0) 4.12e-04 4.65e-04    0.175 1.05e-03   0.1
        g_model1_onehot_encoder (VX_onehot_encoder_1_0) 2.49e-04 4.29e-05 2.15e-02 3.13e-04   0.0
  g_multi_inputs_g_multiple_outputs_g_xbar_arbs_2__xbar_arb (VX_stream_arb_9_1) 5.38e-02    0.133   34.139    0.221  24.8
    g_input_select_g_arbiter_g_out_buf_0__out_buf (VX_elastic_buffer_616_2_0_0_1) 2.82e-02    0.121   28.479    0.178  19.9
      g_eb2_out_buf (VX_pipe_buffer_18_1) 7.66e-03 3.29e-03    4.141 1.51e-02   1.7
      g_eb2_stream_buffer (VX_stream_buffer_616_0_1) 2.06e-02    0.118   24.338    0.163  18.3
    g_input_select_g_arbiter_arbiter (VX_generic_arbiter_11) 4.16e-04 4.52e-04    0.175 1.04e-03   0.1
      g_round_robin_rr_arbiter (VX_rr_arbiter_4) 4.16e-04 4.52e-04    0.175 1.04e-03   0.1
        g_model1_onehot_encoder (VX_onehot_encoder_1_1) 2.47e-04 4.18e-05 2.15e-02 3.11e-04   0.0
  g_multi_inputs_g_multiple_outputs_g_xbar_arbs_1__xbar_arb (VX_stream_arb_9_2) 4.79e-02    0.131   34.162    0.213  23.9
    g_input_select_g_arbiter_g_out_buf_0__out_buf (VX_elastic_buffer_616_2_0_0_2) 2.75e-02    0.119   28.496    0.175  19.7
      g_eb2_out_buf (VX_pipe_buffer_18_2) 6.81e-03 3.23e-03    4.141 1.42e-02   1.6
      g_eb2_stream_buffer (VX_stream_buffer_616_0_2) 2.07e-02    0.116   24.355    0.161  18.1
    g_input_select_g_arbiter_arbiter (VX_generic_arbiter_12) 3.69e-04 4.55e-04    0.175 9.98e-04   0.1
      g_round_robin_rr_arbiter (VX_rr_arbiter_5) 3.69e-04 4.55e-04    0.175 9.98e-04   0.1
        g_model1_onehot_encoder (VX_onehot_encoder_1_2) 2.21e-04 4.06e-05 2.15e-02 2.84e-04   0.0
  g_multi_inputs_g_multiple_outputs_g_xbar_arbs_0__xbar_arb (VX_stream_arb_9_3) 4.70e-02    0.136   34.221    0.217  24.4
    g_input_select_g_arbiter_g_out_buf_0__out_buf (VX_elastic_buffer_616_2_0_0_3) 2.73e-02    0.125   28.565    0.181  20.2
      g_eb2_out_buf (VX_pipe_buffer_18_3) 6.32e-03 3.22e-03    4.142 1.37e-02   1.5
      g_eb2_stream_buffer (VX_stream_buffer_616_0_3) 2.10e-02    0.121   24.423    0.167  18.7
    g_input_select_g_arbiter_arbiter (VX_generic_arbiter_13) 4.06e-04 4.60e-04    0.174 1.04e-03   0.1
      g_round_robin_rr_arbiter (VX_rr_arbiter_6) 4.06e-04 4.60e-04    0.174 1.04e-03   0.1
        g_model1_onehot_encoder (VX_onehot_encoder_1_3) 2.58e-04 4.25e-05 2.15e-02 3.22e-04   0.0
  g_multi_inputs_g_multiple_outputs_val_in_transpose (VX_transpose_0) 1.27e-04 8.45e-05    0.100 3.12e-04   0.0
  g_multi_inputs_g_multiple_outputs_g_sel_in_demux_3__sel_in_demux (VX_demux_0) 1.72e-05 3.17e-05 2.11e-02 7.00e-05   0.0
  g_multi_inputs_g_multiple_outputs_g_sel_in_demux_2__sel_in_demux (VX_demux_4) 1.65e-05 3.03e-05 2.11e-02 6.79e-05   0.0
  g_multi_inputs_g_multiple_outputs_g_sel_in_demux_1__sel_in_demux (VX_demux_5) 1.64e-05 2.99e-05 2.11e-02 6.74e-05   0.0
  g_multi_inputs_g_multiple_outputs_g_sel_in_demux_0__sel_in_demux (VX_demux_6) 1.63e-05 3.08e-05 2.11e-02 6.82e-05   0.0
  g_multi_inputs_g_multiple_outputs_rdy_in_transpose (VX_transpose_5) 3.61e-05 8.10e-05 9.91e-02 2.16e-04   0.0
1
