Information: Propagating switching activity (high effort zero delay simulation). (PWR-6)
Warning: Design has unannotated primary inputs. (PWR-414)
Warning: Design has unannotated sequential cell outputs. (PWR-415)
 
****************************************
Report : power
        -hier
        -analysis_effort high
        -verbose
Design : VX_mem_bus_split__7235cf4a8435
Scenario(s): mode_norm.OC_rvt_ss_0p900v_125c
Version: V-2023.12-SP5-3
Date   : Wed Jul 29 06:42:02 2026
****************************************


Library(s) Used:

    sc9_cmos28lpp_base_rvt_ss_nominal_max_0p900v_125c_sadhm (File: /tool/PDK/Samsung/LN28LPP_202203/PRIMITIVES/RVT/ln28lpp_sc_9t_base_rvt_c130_V1.00d/FE-Common/LIBERTY/sc9_cmos28lpp_base_rvt_ss_nominal_max_0p900v_125c_sadhm.db)


Global Operating Voltage = 0.9  
Power-specific unit information :
    Voltage Units = 1V
    Capacitance Units = 1.000000pf
    Time Units = 1ns
    Dynamic Power Units = 1mW    (derived from V,C,T units)
    Leakage Power Units = 1uW


--------------------------------------------------------------------------------
                                       Switch   Int      Leak     Total
Hierarchy                              Power    Power    Power    Power    %
--------------------------------------------------------------------------------
VX_mem_bus_split__7235cf4a8435            0.201    0.922  268.120    1.391 100.0
  g_lane_rsp_15__rsp_skid (VX_elastic_buffer_18_0) 5.02e-03 2.00e-02   11.481 3.65e-02   2.6
    g_ebN_out_buf (VX_pipe_buffer_24_0) 5.83e-04 2.10e-04    0.438 1.23e-03   0.1
    g_ebN_fifo_queue (VX_fifo_queue_71_8_1_0_0) 4.36e-03 1.97e-02   11.024 3.51e-02   2.5
      g_depth_n_dp_ram (VX_dp_ram_19_0) 2.72e-03 1.22e-02    9.183 2.41e-02   1.7
      pending_size (VX_pending_size_2_0) 2.67e-04 8.67e-04    0.211 1.35e-03   0.1
  g_lane_rsp_14__rsp_skid (VX_elastic_buffer_18_1) 4.23e-03 2.02e-02   11.428 3.59e-02   2.6
    g_ebN_out_buf (VX_pipe_buffer_24_1) 1.61e-04 2.08e-04    0.439 8.08e-04   0.1
    g_ebN_fifo_queue (VX_fifo_queue_71_8_1_0_1) 4.01e-03 2.00e-02   10.971 3.50e-02   2.5
      g_depth_n_dp_ram (VX_dp_ram_19_1) 2.42e-03 1.23e-02    9.134 2.38e-02   1.7
      pending_size (VX_pending_size_2_1) 2.65e-04 8.71e-04    0.211 1.35e-03   0.1
  g_lane_rsp_13__rsp_skid (VX_elastic_buffer_18_2) 4.42e-03 2.05e-02   11.431 3.64e-02   2.6
    g_ebN_out_buf (VX_pipe_buffer_24_2) 2.08e-04 2.09e-04    0.438 8.55e-04   0.1
    g_ebN_fifo_queue (VX_fifo_queue_71_8_1_0_2) 4.16e-03 2.03e-02   10.974 3.54e-02   2.5
      g_depth_n_dp_ram (VX_dp_ram_19_2) 2.53e-03 1.26e-02    9.138 2.42e-02   1.7
      pending_size (VX_pending_size_2_2) 2.61e-04 8.62e-04    0.211 1.33e-03   0.1
  g_lane_rsp_12__rsp_skid (VX_elastic_buffer_18_3) 5.16e-03 2.05e-02   11.457 3.71e-02   2.7
    g_ebN_out_buf (VX_pipe_buffer_24_3) 8.74e-04 2.09e-04    0.439 1.52e-03   0.1
    g_ebN_fifo_queue (VX_fifo_queue_71_8_1_0_3) 4.21e-03 2.03e-02   11.000 3.55e-02   2.5
      g_depth_n_dp_ram (VX_dp_ram_19_3) 2.59e-03 1.26e-02    9.161 2.44e-02   1.8
      pending_size (VX_pending_size_2_3) 2.63e-04 8.49e-04    0.211 1.32e-03   0.1
  g_lane_rsp_11__rsp_skid (VX_elastic_buffer_18_4) 4.44e-03 2.01e-02   11.464 3.60e-02   2.6
    g_ebN_out_buf (VX_pipe_buffer_24_4) 1.89e-04 2.07e-04    0.438 8.34e-04   0.1
    g_ebN_fifo_queue (VX_fifo_queue_71_8_1_0_4) 4.19e-03 1.99e-02   11.007 3.51e-02   2.5
      g_depth_n_dp_ram (VX_dp_ram_19_4) 2.56e-03 1.23e-02    9.165 2.40e-02   1.7
      pending_size (VX_pending_size_2_4) 2.64e-04 8.61e-04    0.211 1.34e-03   0.1
  g_lane_rsp_10__rsp_skid (VX_elastic_buffer_18_5) 4.62e-03 2.03e-02   11.480 3.64e-02   2.6
    g_ebN_out_buf (VX_pipe_buffer_24_5) 2.86e-04 2.08e-04    0.439 9.32e-04   0.1
    g_ebN_fifo_queue (VX_fifo_queue_71_8_1_0_5) 4.26e-03 2.01e-02   11.022 3.53e-02   2.5
      g_depth_n_dp_ram (VX_dp_ram_19_5) 2.65e-03 1.25e-02    9.180 2.43e-02   1.7
      pending_size (VX_pending_size_2_5) 2.64e-04 8.41e-04    0.212 1.32e-03   0.1
  g_lane_rsp_9__rsp_skid (VX_elastic_buffer_18_6) 4.45e-03 2.02e-02   11.463 3.61e-02   2.6
    g_ebN_out_buf (VX_pipe_buffer_24_6) 1.89e-04 2.08e-04    0.439 8.36e-04   0.1
    g_ebN_fifo_queue (VX_fifo_queue_71_8_1_0_6) 4.17e-03 2.00e-02   11.006 3.52e-02   2.5
      g_depth_n_dp_ram (VX_dp_ram_19_6) 2.61e-03 1.25e-02    9.168 2.42e-02   1.7
      pending_size (VX_pending_size_2_6) 2.64e-04 8.42e-04    0.211 1.32e-03   0.1
  g_lane_rsp_8__rsp_skid (VX_elastic_buffer_18_7) 4.78e-03 2.04e-02   11.474 3.67e-02   2.6
    g_ebN_out_buf (VX_pipe_buffer_24_7) 4.61e-04 2.11e-04    0.438 1.11e-03   0.1
    g_ebN_fifo_queue (VX_fifo_queue_71_8_1_0_7) 4.26e-03 2.02e-02   11.016 3.55e-02   2.5
      g_depth_n_dp_ram (VX_dp_ram_19_7) 2.71e-03 1.26e-02    9.174 2.45e-02   1.8
      pending_size (VX_pending_size_2_7) 2.67e-04 8.50e-04    0.216 1.33e-03   0.1
  g_lane_rsp_7__rsp_skid (VX_elastic_buffer_18_8) 4.40e-03 2.04e-02   11.467 3.63e-02   2.6
    g_ebN_out_buf (VX_pipe_buffer_24_8) 1.66e-04 2.12e-04    0.438 8.16e-04   0.1
    g_ebN_fifo_queue (VX_fifo_queue_71_8_1_0_8) 4.17e-03 2.02e-02   11.010 3.54e-02   2.5
      g_depth_n_dp_ram (VX_dp_ram_19_8) 2.63e-03 1.26e-02    9.170 2.44e-02   1.8
      pending_size (VX_pending_size_2_8) 2.63e-04 8.52e-04    0.211 1.33e-03   0.1
  g_lane_rsp_6__rsp_skid (VX_elastic_buffer_18_9) 4.90e-03 2.02e-02   11.447 3.66e-02   2.6
    g_ebN_out_buf (VX_pipe_buffer_24_9) 7.18e-04 2.12e-04    0.439 1.37e-03   0.1
    g_ebN_fifo_queue (VX_fifo_queue_71_8_1_0_9) 4.11e-03 2.00e-02   10.989 3.51e-02   2.5
      g_depth_n_dp_ram (VX_dp_ram_19_9) 2.50e-03 1.24e-02    9.148 2.40e-02   1.7
      pending_size (VX_pending_size_2_9) 2.63e-04 8.61e-04    0.211 1.34e-03   0.1
  g_lane_rsp_5__rsp_skid (VX_elastic_buffer_18_10) 4.43e-03 2.03e-02   11.454 3.61e-02   2.6
    g_ebN_out_buf (VX_pipe_buffer_24_10) 1.79e-04 2.07e-04    0.438 8.24e-04   0.1
    g_ebN_fifo_queue (VX_fifo_queue_71_8_1_0_10) 4.20e-03 2.00e-02   10.996 3.52e-02   2.5
      g_depth_n_dp_ram (VX_dp_ram_19_10) 2.65e-03 1.25e-02    9.159 2.43e-02   1.7
      pending_size (VX_pending_size_2_10) 2.65e-04 8.57e-04    0.212 1.33e-03   0.1
  g_lane_rsp_4__rsp_skid (VX_elastic_buffer_18_11) 4.37e-03 2.02e-02   11.456 3.60e-02   2.6
    g_ebN_out_buf (VX_pipe_buffer_24_11) 2.26e-04 2.08e-04    0.438 8.72e-04   0.1
    g_ebN_fifo_queue (VX_fifo_queue_71_8_1_0_11) 4.08e-03 2.00e-02   10.999 3.50e-02   2.5
      g_depth_n_dp_ram (VX_dp_ram_19_11) 2.53e-03 1.23e-02    9.155 2.40e-02   1.7
      pending_size (VX_pending_size_2_11) 2.66e-04 8.59e-04    0.211 1.34e-03   0.1
  g_lane_rsp_3__rsp_skid (VX_elastic_buffer_18_12) 4.39e-03 2.02e-02   11.451 3.60e-02   2.6
    g_ebN_out_buf (VX_pipe_buffer_24_12) 2.02e-04 2.10e-04    0.438 8.50e-04   0.1
    g_ebN_fifo_queue (VX_fifo_queue_71_8_1_0_12) 4.13e-03 2.00e-02   10.994 3.51e-02   2.5
      g_depth_n_dp_ram (VX_dp_ram_19_12) 2.56e-03 1.24e-02    9.151 2.41e-02   1.7
      pending_size (VX_pending_size_2_12) 2.62e-04 8.48e-04    0.211 1.32e-03   0.1
  g_lane_rsp_2__rsp_skid (VX_elastic_buffer_18_13) 4.91e-03 2.03e-02   11.413 3.66e-02   2.6
    g_ebN_out_buf (VX_pipe_buffer_24_13) 6.61e-04 2.14e-04    0.438 1.31e-03   0.1
    g_ebN_fifo_queue (VX_fifo_queue_71_8_1_0_13) 4.17e-03 2.01e-02   10.957 3.52e-02   2.5
      g_depth_n_dp_ram (VX_dp_ram_19_13) 2.57e-03 1.26e-02    9.122 2.43e-02   1.7
      pending_size (VX_pending_size_2_13) 2.61e-04 8.49e-04    0.211 1.32e-03   0.1
  g_lane_rsp_1__rsp_skid (VX_elastic_buffer_18_14) 4.47e-03 2.01e-02   11.419 3.60e-02   2.6
    g_ebN_out_buf (VX_pipe_buffer_24_14) 3.73e-04 2.09e-04    0.438 1.02e-03   0.1
    g_ebN_fifo_queue (VX_fifo_queue_71_8_1_0_14) 4.03e-03 1.99e-02   10.961 3.49e-02   2.5
      g_depth_n_dp_ram (VX_dp_ram_19_14) 2.45e-03 1.24e-02    9.125 2.40e-02   1.7
      pending_size (VX_pending_size_2_14) 2.60e-04 8.54e-04    0.211 1.32e-03   0.1
  g_lane_rsp_0__rsp_skid (VX_elastic_buffer_18_15) 4.83e-03 2.19e-02   12.619 3.93e-02   2.8
    g_ebN_out_buf (VX_pipe_buffer_24_15) 3.69e-04 2.29e-04    0.484 1.08e-03   0.1
    g_ebN_fifo_queue (VX_fifo_queue_71_8_1_0_15) 4.39e-03 2.16e-02   12.113 3.81e-02   2.7
      g_depth_n_dp_ram (VX_dp_ram_19_15) 2.76e-03 1.36e-02   10.116 2.65e-02   1.9
      pending_size (VX_pending_size_2_15) 2.62e-04 8.45e-04    0.211 1.32e-03   0.1
  g_lane_req_15__req_skid (VX_elastic_buffer_17_0) 6.83e-03 3.73e-02    5.153 4.93e-02   3.5
    g_eb2_out_buf (VX_pipe_buffer_23_0) 1.23e-03 6.74e-04    0.750 2.66e-03   0.2
    g_eb2_stream_buffer (VX_stream_buffer_114_1_0) 5.60e-03 3.66e-02    4.403 4.66e-02   3.4
  g_lane_req_14__req_skid (VX_elastic_buffer_17_1) 6.94e-03 3.69e-02    5.153 4.90e-02   3.5
    g_eb2_out_buf (VX_pipe_buffer_23_1) 1.46e-03 6.61e-04    0.750 2.87e-03   0.2
    g_eb2_stream_buffer (VX_stream_buffer_114_1_1) 5.48e-03 3.62e-02    4.402 4.61e-02   3.3
  g_lane_req_13__req_skid (VX_elastic_buffer_17_2) 6.94e-03 3.72e-02    5.150 4.93e-02   3.5
    g_eb2_out_buf (VX_pipe_buffer_23_2) 1.32e-03 6.69e-04    0.750 2.74e-03   0.2
    g_eb2_stream_buffer (VX_stream_buffer_114_1_2) 5.61e-03 3.65e-02    4.399 4.65e-02   3.3
  g_lane_req_12__req_skid (VX_elastic_buffer_17_3) 8.00e-03 3.72e-02    5.172 5.03e-02   3.6
    g_eb2_out_buf (VX_pipe_buffer_23_3) 2.39e-03 6.75e-04    0.751 3.82e-03   0.3
    g_eb2_stream_buffer (VX_stream_buffer_114_1_3) 5.61e-03 3.65e-02    4.421 4.65e-02   3.3
  g_lane_req_11__req_skid (VX_elastic_buffer_17_4) 8.17e-03 3.72e-02    5.174 5.06e-02   3.6
    g_eb2_out_buf (VX_pipe_buffer_23_4) 2.48e-03 6.78e-04    0.750 3.91e-03   0.3
    g_eb2_stream_buffer (VX_stream_buffer_114_1_4) 5.69e-03 3.65e-02    4.424 4.67e-02   3.4
  g_lane_req_10__req_skid (VX_elastic_buffer_17_5) 9.33e-03 3.72e-02    5.175 5.17e-02   3.7
    g_eb2_out_buf (VX_pipe_buffer_23_5) 3.78e-03 6.77e-04    0.750 5.21e-03   0.4
    g_eb2_stream_buffer (VX_stream_buffer_114_1_5) 5.54e-03 3.65e-02    4.425 4.65e-02   3.3
  g_lane_req_9__req_skid (VX_elastic_buffer_17_6) 7.06e-03 3.68e-02    5.153 4.91e-02   3.5
    g_eb2_out_buf (VX_pipe_buffer_23_6) 1.57e-03 6.58e-04    0.751 2.97e-03   0.2
    g_eb2_stream_buffer (VX_stream_buffer_114_1_6) 5.49e-03 3.62e-02    4.403 4.61e-02   3.3
  g_lane_req_8__req_skid (VX_elastic_buffer_17_7) 6.97e-03 3.74e-02    5.170 4.96e-02   3.6
    g_eb2_out_buf (VX_pipe_buffer_23_7) 1.40e-03 6.69e-04    0.750 2.82e-03   0.2
    g_eb2_stream_buffer (VX_stream_buffer_114_1_7) 5.57e-03 3.68e-02    4.420 4.67e-02   3.4
  g_lane_req_7__req_skid (VX_elastic_buffer_17_8) 6.23e-03 3.70e-02    5.150 4.84e-02   3.5
    g_eb2_out_buf (VX_pipe_buffer_23_8) 7.12e-04 6.63e-04    0.750 2.13e-03   0.2
    g_eb2_stream_buffer (VX_stream_buffer_114_1_8) 5.52e-03 3.64e-02    4.399 4.63e-02   3.3
  g_lane_req_6__req_skid (VX_elastic_buffer_17_9) 8.55e-03 3.69e-02    5.162 5.06e-02   3.6
    g_eb2_out_buf (VX_pipe_buffer_23_9) 3.20e-03 6.62e-04    0.750 4.61e-03   0.3
    g_eb2_stream_buffer (VX_stream_buffer_114_1_9) 5.35e-03 3.62e-02    4.412 4.60e-02   3.3
  g_lane_req_5__req_skid (VX_elastic_buffer_17_10) 6.60e-03 3.67e-02    5.171 4.85e-02   3.5
    g_eb2_out_buf (VX_pipe_buffer_23_10) 1.11e-03 6.57e-04    0.751 2.51e-03   0.2
    g_eb2_stream_buffer (VX_stream_buffer_114_1_10) 5.49e-03 3.60e-02    4.420 4.60e-02   3.3
  g_lane_req_4__req_skid (VX_elastic_buffer_17_11) 8.51e-03 3.69e-02    5.158 5.06e-02   3.6
    g_eb2_out_buf (VX_pipe_buffer_23_11) 3.05e-03 6.73e-04    0.750 4.48e-03   0.3
    g_eb2_stream_buffer (VX_stream_buffer_114_1_11) 5.46e-03 3.62e-02    4.407 4.61e-02   3.3
  g_lane_req_3__req_skid (VX_elastic_buffer_17_12) 8.64e-03 3.70e-02    5.165 5.08e-02   3.7
    g_eb2_out_buf (VX_pipe_buffer_23_12) 3.22e-03 6.77e-04    0.750 4.64e-03   0.3
    g_eb2_stream_buffer (VX_stream_buffer_114_1_12) 5.43e-03 3.63e-02    4.415 4.62e-02   3.3
  g_lane_req_2__req_skid (VX_elastic_buffer_17_13) 6.47e-03 3.70e-02    5.182 4.86e-02   3.5
    g_eb2_out_buf (VX_pipe_buffer_23_13) 8.57e-04 6.61e-04    0.751 2.27e-03   0.2
    g_eb2_stream_buffer (VX_stream_buffer_114_1_13) 5.61e-03 3.63e-02    4.431 4.64e-02   3.3
  g_lane_req_1__req_skid (VX_elastic_buffer_17_14) 6.28e-03 3.68e-02    5.171 4.82e-02   3.5
    g_eb2_out_buf (VX_pipe_buffer_23_14) 7.90e-04 6.52e-04    0.750 2.19e-03   0.2
    g_eb2_stream_buffer (VX_stream_buffer_114_1_14) 5.49e-03 3.61e-02    4.420 4.60e-02   3.3
  g_lane_req_0__req_skid (VX_elastic_buffer_17_15) 6.96e-03 3.66e-02    5.161 4.87e-02   3.5
    g_eb2_out_buf (VX_pipe_buffer_23_15) 1.40e-03 6.64e-04    0.750 2.81e-03   0.2
    g_eb2_stream_buffer (VX_stream_buffer_114_1_15) 5.56e-03 3.59e-02    4.410 4.59e-02   3.3
1
