 
****************************************
Report : area
Design : VX_mem_arb__2ec6f6b25103
Version: V-2023.12-SP5-3
Date   : Tue Jul 21 23:12:45 2026
****************************************

Library(s) Used:

    sc9_cmos28lpp_base_rvt_ss_nominal_max_0p900v_125c_sadhm (File: /tool/PDK/Samsung/LN28LPP_202203/PRIMITIVES/RVT/ln28lpp_sc_9t_base_rvt_c130_V1.00d/FE-Common/LIBERTY/sc9_cmos28lpp_base_rvt_ss_nominal_max_0p900v_125c_sadhm.db)

Number of ports:                        25272
Number of nets:                         30580
Number of cells:                         8653
Number of combinational cells:           6162
Number of sequential cells:              2466
Number of macros/black boxes:               0
Number of buf/inv:                       3675
Number of references:                       6

Combinational area:               4017.077958
Buf/Inv area:                     1698.371984
Noncombinational area:            5191.991868
Macro/Black Box area:                0.000000
Net Interconnect area:      undefined  (No wire load specified)

Total cell area:                  9209.069826
Total area:                 undefined

Core Area:                     29787
Aspect Ratio:                 1.0024
Utilization Ratio:            0.3092


The above information was reported from the logical library. The following are from the physical library:

  Total moveable cell area: 9209.1
  Total fixed cell area: 0.0
  Total physical cell area: 9209.1
 Core area: 0.000, 0.000, 172.380, 172.800

Hierarchical area distribution
------------------------------

                                  Global cell area          Local cell area
                                  ------------------  ---------------------------- 
Hierarchical cell                 Absolute   Percent  Combi-     Noncombi-  Black-
                                  Total      Total    national   national   boxes   Design
--------------------------------  ---------  -------  ---------  ---------  ------  -----------------------------------------------
VX_mem_arb__2ec6f6b25103          9209.0698    100.0     0.0000     0.0000  0.0000  VX_mem_arb__2ec6f6b25103
g_bus_out_if_0__g_req_tag_sel_out_bits_insert    2.8080     0.0    2.8080    0.0000 0.0000 VX_bits_insert_5_1
g_bus_out_if_1__g_req_tag_sel_out_bits_insert    2.8080     0.0    2.8080    0.0000 0.0000 VX_bits_insert_5_0
g_rsp_select_g_rsp_data_in_0__bits_remove    2.8080     0.0    2.8080    0.0000 0.0000 VX_bits_remove_5_1
g_rsp_select_g_rsp_data_in_1__bits_remove    2.8080     0.0    2.8080    0.0000 0.0000 VX_bits_remove_5_0
g_rsp_select_rsp_switch            976.4820     10.6     4.9140     0.0000  0.0000  VX_stream_switch_8
g_rsp_select_rsp_switch/g_out_buf_0__out_buf  242.8920     2.6  242.8920    0.0000 0.0000 VX_elastic_buffer_53_3
g_rsp_select_rsp_switch/g_out_buf_1__out_buf  242.8920     2.6  242.8920    0.0000 0.0000 VX_elastic_buffer_53_2
g_rsp_select_rsp_switch/g_out_buf_2__out_buf  242.8920     2.6  242.8920    0.0000 0.0000 VX_elastic_buffer_53_1
g_rsp_select_rsp_switch/g_out_buf_3__out_buf  242.8920     2.6  242.8920    0.0000 0.0000 VX_elastic_buffer_53_0
req_arb                           8221.3558     89.3  1222.4160     0.0000  0.0000  VX_stream_arb_29
req_arb/g_input_select_g_arbiter_arbiter   11.7000     0.1    0.4680    0.0000 0.0000 VX_generic_arbiter
req_arb/g_input_select_g_arbiter_arbiter/g_round_robin_rr_arbiter   11.2320     0.1    5.9670    4.2120 0.0000 VX_rr_arbiter
req_arb/g_input_select_g_arbiter_arbiter/g_round_robin_rr_arbiter/g_model1_onehot_encoder    1.0530     0.0    1.0530    0.0000 0.0000 VX_onehot_encoder_1
req_arb/g_input_select_g_arbiter_g_out_buf_0__out_buf 3492.0989    37.9    0.0000    0.0000 0.0000 VX_elastic_buffer_614_2_0_0_1
req_arb/g_input_select_g_arbiter_g_out_buf_0__out_buf/g_eb2_out_buf  288.2880     3.1  288.2880    0.0000 0.0000 VX_pipe_buffer_1_1
req_arb/g_input_select_g_arbiter_g_out_buf_0__out_buf/g_eb2_stream_buffer 3203.8109    34.8  609.9210 2590.3799 0.0000 VX_stream_buffer_614_0_1
req_arb/g_input_select_g_arbiter_g_out_buf_0__out_buf/g_eb2_stream_buffer/clk_gate_g_buffer_buffer_r_reg    1.7550     0.0    0.0000    1.7550 0.0000 SNPS_CLOCK_GATE_HIGH_VX_stream_buffer_614_0_0_2
req_arb/g_input_select_g_arbiter_g_out_buf_0__out_buf/g_eb2_stream_buffer/clk_gate_g_buffer_data_out_r_reg    1.7550     0.0    0.0000    1.7550 0.0000 SNPS_CLOCK_GATE_HIGH_VX_stream_buffer_614_0_0_3
req_arb/g_input_select_g_arbiter_g_out_buf_1__out_buf 3495.1409    38.0    0.0000    0.0000 0.0000 VX_elastic_buffer_614_2_0_0_0
req_arb/g_input_select_g_arbiter_g_out_buf_1__out_buf/g_eb2_out_buf  288.2880     3.1  288.2880    0.0000 0.0000 VX_pipe_buffer_1_0
req_arb/g_input_select_g_arbiter_g_out_buf_1__out_buf/g_eb2_stream_buffer 3206.8529    34.8  612.9630 2590.3799 0.0000 VX_stream_buffer_614_0_0
req_arb/g_input_select_g_arbiter_g_out_buf_1__out_buf/g_eb2_stream_buffer/clk_gate_g_buffer_buffer_r_reg    1.7550     0.0    0.0000    1.7550 0.0000 SNPS_CLOCK_GATE_HIGH_VX_stream_buffer_614_0_0_1
req_arb/g_input_select_g_arbiter_g_out_buf_1__out_buf/g_eb2_stream_buffer/clk_gate_g_buffer_data_out_r_reg    1.7550     0.0    0.0000    1.7550 0.0000 SNPS_CLOCK_GATE_HIGH_VX_stream_buffer_614_0_0_0
--------------------------------  ---------  -------  ---------  ---------  ------  -----------------------------------------------
Total                                                 4017.0780  5191.9919  0.0000

1
