Information: Propagating switching activity (high effort zero delay simulation). (PWR-6)
Warning: Design has unannotated primary inputs. (PWR-414)
 
****************************************
Report : power
        -hier
        -analysis_effort high
        -verbose
Design : VX_mem_switch__ddec79494822
Scenario(s): mode_norm.OC_rvt_ss_0p900v_125c
Version: V-2023.12-SP5-3
Date   : Tue Jul 21 07:51:54 2026
****************************************


Library(s) Used:

    sc9_cmos28lpp_base_rvt_ss_nominal_max_0p900v_125c_sadhm (File: /tool/PDK/Samsung/LN28LPP_202203/PRIMITIVES/RVT/ln28lpp_sc_9t_base_rvt_c130_V1.00d/FE-Common/LIBERTY/sc9_cmos28lpp_base_rvt_ss_nominal_max_0p900v_125c_sadhm.db)


Global Operating Voltage = 0.9  
Power-specific unit information :
    Voltage Units = 1V
    Capacitance Units = 1.000000pf
    Time Units = 1ns
    Dynamic Power Units = 1mW    (derived from V,C,T units)
    Leakage Power Units = 1uW


--------------------------------------------------------------------------------
                                       Switch   Int      Leak     Total
Hierarchy                              Power    Power    Power    Power    %
--------------------------------------------------------------------------------
VX_mem_switch__ddec79494822            6.92e-02 3.38e-02   30.580    0.134 100.0
  rsp_arb (VX_stream_arb_1)            2.79e-02 1.54e-02   14.002 5.74e-02  42.9
    g_passthru_g_out_buf_3__out_buf (VX_elastic_buffer_520_0_0_0_0) 9.68e-03 3.89e-03    3.501 1.71e-02  12.8
    g_passthru_g_out_buf_2__out_buf (VX_elastic_buffer_520_0_0_0_1) 6.27e-03 3.86e-03    3.501 1.36e-02  10.2
    g_passthru_g_out_buf_1__out_buf (VX_elastic_buffer_520_0_0_0_2) 6.01e-03 3.86e-03    3.501 1.34e-02  10.0
    g_passthru_g_out_buf_0__out_buf (VX_elastic_buffer_520_0_0_0_3) 5.95e-03 3.84e-03    3.501 1.33e-02  10.0
  req_switch (VX_stream_switch)        4.13e-02 1.84e-02   16.577 7.62e-02  57.1
    g_out_buf_3__out_buf (VX_elastic_buffer_4_0) 6.95e-03 4.56e-03    4.144 1.56e-02  11.7
    g_out_buf_2__out_buf (VX_elastic_buffer_4_1) 7.05e-03 4.57e-03    4.144 1.58e-02  11.8
    g_out_buf_1__out_buf (VX_elastic_buffer_4_2) 1.35e-02 4.61e-03    4.144 2.23e-02  16.7
    g_out_buf_0__out_buf (VX_elastic_buffer_4_3) 1.37e-02 4.62e-03    4.144 2.25e-02  16.9
1
