 
****************************************
Report : area
Design : VX_lmem_switch__30e81c6efabb
Version: V-2023.12-SP5-3
Date   : Tue Jul 21 22:05:20 2026
****************************************

Library(s) Used:

    sc9_cmos28lpp_base_rvt_ss_nominal_max_0p900v_125c_sadhm (File: /tool/PDK/Samsung/LN28LPP_202203/PRIMITIVES/RVT/ln28lpp_sc_9t_base_rvt_c130_V1.00d/FE-Common/LIBERTY/sc9_cmos28lpp_base_rvt_ss_nominal_max_0p900v_125c_sadhm.db)

Number of ports:                        72160
Number of nets:                         75759
Number of cells:                        11574
Number of combinational cells:           5340
Number of sequential cells:              6199
Number of macros/black boxes:               0
Number of buf/inv:                       1869
Number of references:                      22

Combinational area:               3059.316029
Buf/Inv area:                      873.755990
Noncombinational area:           13052.285669
Macro/Black Box area:                0.000000
Net Interconnect area:      undefined  (No wire load specified)

Total cell area:                 16111.601698
Total area:                 undefined

Core Area:                     34608
Aspect Ratio:                 1.0029
Utilization Ratio:            0.4655


The above information was reported from the logical library. The following are from the physical library:

  Total moveable cell area: 16111.6
  Total fixed cell area: 0.0
  Total physical cell area: 16111.6
 Core area: 0.000, 0.000, 185.770, 186.300

Hierarchical area distribution
------------------------------

                                  Global cell area            Local cell area
                                  -------------------  ----------------------------- 
Hierarchical cell                 Absolute    Percent  Combi-     Noncombi-   Black-
                                  Total       Total    national   national    boxes   Design
--------------------------------  ----------  -------  ---------  ----------  ------  -----------------------------------------------------
VX_lmem_switch__30e81c6efabb      16111.6017    100.0   218.4390      0.0000  0.0000  VX_lmem_switch__30e81c6efabb
req_dma_buf                        3619.5119     22.5     0.0000      0.0000  0.0000  VX_elastic_buffer_16_0
req_dma_buf/g_eb1_pipe_buffer      3619.5119     22.5     0.5850      0.0000  0.0000  VX_pipe_buffer_22_0
req_dma_buf/g_eb1_pipe_buffer/g_register_g_pipe_regs_0__pipe_register  3618.9269    22.5    0.0000     0.0000 0.0000 VX_pipe_register_27_0
req_dma_buf/g_eb1_pipe_buffer/g_register_g_pipe_regs_0__pipe_register/g_shift_register  3618.9269    22.5    1.5210  3613.8959 0.0000 VX_shift_register_1716_1_1_0_0
req_dma_buf/g_eb1_pipe_buffer/g_register_g_pipe_regs_0__pipe_register/g_shift_register/clk_gate_g_shift_pipe_reg_0_     1.7550     0.0    0.0000     1.7550 0.0000 SNPS_CLOCK_GATE_HIGH_VX_shift_register_1716_1_1_0_0_0
req_dma_buf/g_eb1_pipe_buffer/g_register_g_pipe_regs_0__pipe_register/g_shift_register/clk_gate_g_shift_pipe_reg_0__0     1.7550     0.0    0.0000     1.7550 0.0000 SNPS_CLOCK_GATE_HIGH_VX_shift_register_1716_1_1_0_0_1
req_gemm_buf                       3619.5119     22.5     0.0000      0.0000  0.0000  VX_elastic_buffer_16_1
req_gemm_buf/g_eb1_pipe_buffer     3619.5119     22.5     0.5850      0.0000  0.0000  VX_pipe_buffer_22_1
req_gemm_buf/g_eb1_pipe_buffer/g_register_g_pipe_regs_0__pipe_register  3618.9269    22.5    0.0000     0.0000 0.0000 VX_pipe_register_27_1
req_gemm_buf/g_eb1_pipe_buffer/g_register_g_pipe_regs_0__pipe_register/g_shift_register  3618.9269    22.5    1.5210  3613.8959 0.0000 VX_shift_register_1716_1_1_0_1
req_gemm_buf/g_eb1_pipe_buffer/g_register_g_pipe_regs_0__pipe_register/g_shift_register/clk_gate_g_shift_pipe_reg_0_     1.7550     0.0    0.0000     1.7550 0.0000 SNPS_CLOCK_GATE_HIGH_VX_shift_register_1716_1_1_0_0_3
req_gemm_buf/g_eb1_pipe_buffer/g_register_g_pipe_regs_0__pipe_register/g_shift_register/clk_gate_g_shift_pipe_reg_0__0     1.7550     0.0    0.0000     1.7550 0.0000 SNPS_CLOCK_GATE_HIGH_VX_shift_register_1716_1_1_0_0_2
req_global_buf                      803.5560      5.0   803.5560      0.0000  0.0000  VX_elastic_buffer_15
req_local_buf                      3619.5119     22.5     0.0000      0.0000  0.0000  VX_elastic_buffer_16_2
req_local_buf/g_eb1_pipe_buffer    3619.5119     22.5     0.5850      0.0000  0.0000  VX_pipe_buffer_22_2
req_local_buf/g_eb1_pipe_buffer/g_register_g_pipe_regs_0__pipe_register  3618.9269    22.5    0.0000     0.0000 0.0000 VX_pipe_register_27_2
req_local_buf/g_eb1_pipe_buffer/g_register_g_pipe_regs_0__pipe_register/g_shift_register  3618.9269    22.5    1.5210  3613.8959 0.0000 VX_shift_register_1716_1_1_0_2
req_local_buf/g_eb1_pipe_buffer/g_register_g_pipe_regs_0__pipe_register/g_shift_register/clk_gate_g_shift_pipe_reg_0_     1.7550     0.0    0.0000     1.7550 0.0000 SNPS_CLOCK_GATE_HIGH_VX_shift_register_1716_1_1_0_0_5
req_local_buf/g_eb1_pipe_buffer/g_register_g_pipe_regs_0__pipe_register/g_shift_register/clk_gate_g_shift_pipe_reg_0__0     1.7550     0.0    0.0000     1.7550 0.0000 SNPS_CLOCK_GATE_HIGH_VX_shift_register_1716_1_1_0_0_4
rsp_arb                            4231.0710     26.3  2023.9830      0.0000  0.0000  VX_stream_arb_20
rsp_arb/g_input_select_g_arbiter_arbiter     4.9140     0.0    0.0000     0.0000 0.0000 VX_generic_arbiter_2
rsp_arb/g_input_select_g_arbiter_arbiter/g_priority_priority_arbiter     4.9140     0.0    0.0000     0.0000 0.0000 VX_priority_arbiter_1
rsp_arb/g_input_select_g_arbiter_arbiter/g_priority_priority_arbiter/g_encoder_grant_sel     4.9140     0.0    2.9250     0.0000 0.0000 VX_priority_encoder_1
rsp_arb/g_input_select_g_arbiter_arbiter/g_priority_priority_arbiter/g_encoder_grant_sel/g_lsb_g_model1_lzc     1.9890     0.0    0.0000     0.0000 0.0000 VX_lzc_1
rsp_arb/g_input_select_g_arbiter_arbiter/g_priority_priority_arbiter/g_encoder_grant_sel/g_lsb_g_model1_lzc/g_lzc_find_first     1.9890     0.0    1.9890     0.0000 0.0000 VX_find_first_4_2_0
rsp_arb/g_input_select_g_arbiter_g_out_buf_0__out_buf  2202.1739    13.7    0.0000     0.0000 0.0000 VX_elastic_buffer_1044_1_1_0
rsp_arb/g_input_select_g_arbiter_g_out_buf_0__out_buf/g_eb1_pipe_buffer  2202.1739    13.7    0.5850     0.0000 0.0000 VX_pipe_buffer_33
rsp_arb/g_input_select_g_arbiter_g_out_buf_0__out_buf/g_eb1_pipe_buffer/g_register_g_pipe_regs_0__pipe_register  2201.5889    13.7    0.0000     0.0000 0.0000 VX_pipe_register_33
rsp_arb/g_input_select_g_arbiter_g_out_buf_0__out_buf/g_eb1_pipe_buffer/g_register_g_pipe_regs_0__pipe_register/g_shift_register  2201.5889    13.7    1.5210  2196.5579 0.0000 VX_shift_register_1045_1_1_0
rsp_arb/g_input_select_g_arbiter_g_out_buf_0__out_buf/g_eb1_pipe_buffer/g_register_g_pipe_regs_0__pipe_register/g_shift_register/clk_gate_g_shift_pipe_reg_0_     1.7550     0.0    0.0000     1.7550 0.0000 SNPS_CLOCK_GATE_HIGH_VX_shift_register_1045_1_1_0_0
rsp_arb/g_input_select_g_arbiter_g_out_buf_0__out_buf/g_eb1_pipe_buffer/g_register_g_pipe_regs_0__pipe_register/g_shift_register/clk_gate_g_shift_pipe_reg_0__0     1.7550     0.0    0.0000     1.7550 0.0000 SNPS_CLOCK_GATE_HIGH_VX_shift_register_1045_1_1_0_1
--------------------------------  ----------  -------  ---------  ----------  ------  -----------------------------------------------------
Total                                                  3059.3160  13052.2857  0.0000

1
