 
****************************************
Report : area
Design : VX_mem_switch__4222418eeb6c
Version: V-2023.12-SP5-3
Date   : Tue Jul 21 08:01:48 2026
****************************************

Library(s) Used:

    sc9_cmos28lpp_base_rvt_ss_nominal_max_0p900v_125c_sadhm (File: /tool/PDK/Samsung/LN28LPP_202203/PRIMITIVES/RVT/ln28lpp_sc_9t_base_rvt_c130_V1.00d/FE-Common/LIBERTY/sc9_cmos28lpp_base_rvt_ss_nominal_max_0p900v_125c_sadhm.db)

Number of ports:                        49648
Number of nets:                         58520
Number of cells:                        15955
Number of combinational cells:          11764
Number of sequential cells:              4154
Number of macros/black boxes:               0
Number of buf/inv:                       7573
Number of references:                       2

Combinational area:               7419.203921
Buf/Inv area:                     3509.765965
Noncombinational area:            8745.515779
Macro/Black Box area:                0.000000
Net Interconnect area:      undefined  (No wire load specified)

Total cell area:                 16164.719700
Total area:                 undefined

Core Area:                     57264
Aspect Ratio:                 1.0008
Utilization Ratio:            0.2823


The above information was reported from the logical library. The following are from the physical library:

  Total moveable cell area: 16164.7
  Total fixed cell area: 0.0
  Total physical cell area: 16164.7
 Core area: 0.000, 0.000, 239.200, 239.400

Hierarchical area distribution
------------------------------

                                  Global cell area           Local cell area
                                  -------------------  ---------------------------- 
Hierarchical cell                 Absolute    Percent  Combi-     Noncombi-  Black-
                                  Total       Total    national   national   boxes   Design
--------------------------------  ----------  -------  ---------  ---------  ------  -----------------------------------------------
VX_mem_switch__4222418eeb6c       16164.7197    100.0     0.0000     0.0000  0.0000  VX_mem_switch__4222418eeb6c
req_switch                         2312.3880     14.3     9.8280     0.0000  0.0000  VX_stream_switch_6
req_switch/g_out_buf_0__out_buf     287.8200      1.8   287.8200     0.0000  0.0000  VX_elastic_buffer_66
req_switch/g_out_buf_1__out_buf     287.8200      1.8   287.8200     0.0000  0.0000  VX_elastic_buffer_65
req_switch/g_out_buf_2__out_buf     287.8200      1.8   287.8200     0.0000  0.0000  VX_elastic_buffer_64
req_switch/g_out_buf_3__out_buf     287.8200      1.8   287.8200     0.0000  0.0000  VX_elastic_buffer_63
req_switch/g_out_buf_4__out_buf     287.8200      1.8   287.8200     0.0000  0.0000  VX_elastic_buffer_62
req_switch/g_out_buf_5__out_buf     287.8200      1.8   287.8200     0.0000  0.0000  VX_elastic_buffer_61
req_switch/g_out_buf_6__out_buf     287.8200      1.8   287.8200     0.0000  0.0000  VX_elastic_buffer_60
req_switch/g_out_buf_7__out_buf     287.8200      1.8   287.8200     0.0000  0.0000  VX_elastic_buffer_0
rsp_arb                           13852.3317     85.7  2058.2640     0.0000  0.0000  VX_stream_arb_25
rsp_arb/g_input_select_g_arbiter_arbiter    11.2320     0.1    0.0000    0.0000 0.0000 VX_generic_arbiter_2
rsp_arb/g_input_select_g_arbiter_arbiter/g_round_robin_rr_arbiter    11.2320     0.1    5.9670    4.2120 0.0000 VX_rr_arbiter_1
rsp_arb/g_input_select_g_arbiter_arbiter/g_round_robin_rr_arbiter/g_model1_onehot_encoder     1.0530     0.0    1.0530    0.0000 0.0000 VX_onehot_encoder_2
rsp_arb/g_input_select_g_arbiter_g_out_buf_0__out_buf  2947.3469    18.2    0.0000    0.0000 0.0000 VX_elastic_buffer_518_2_0_0_3
rsp_arb/g_input_select_g_arbiter_g_out_buf_0__out_buf/g_eb2_out_buf   242.8920     1.5  242.8920    0.0000 0.0000 VX_pipe_buffer_5_3
rsp_arb/g_input_select_g_arbiter_g_out_buf_0__out_buf/g_eb2_stream_buffer  2704.4549    16.7  519.1290 2181.8159 0.0000 VX_stream_buffer_518_0_3
rsp_arb/g_input_select_g_arbiter_g_out_buf_0__out_buf/g_eb2_stream_buffer/clk_gate_g_buffer_buffer_r_reg     1.7550     0.0    0.0000    1.7550 0.0000 SNPS_CLOCK_GATE_HIGH_VX_stream_buffer_518_0_0_6
rsp_arb/g_input_select_g_arbiter_g_out_buf_0__out_buf/g_eb2_stream_buffer/clk_gate_g_buffer_data_out_r_reg     1.7550     0.0    0.0000    1.7550 0.0000 SNPS_CLOCK_GATE_HIGH_VX_stream_buffer_518_0_0_7
rsp_arb/g_input_select_g_arbiter_g_out_buf_1__out_buf  2944.8899    18.2    0.0000    0.0000 0.0000 VX_elastic_buffer_518_2_0_0_2
rsp_arb/g_input_select_g_arbiter_g_out_buf_1__out_buf/g_eb2_out_buf   242.8920     1.5  242.8920    0.0000 0.0000 VX_pipe_buffer_5_2
rsp_arb/g_input_select_g_arbiter_g_out_buf_1__out_buf/g_eb2_stream_buffer  2701.9979    16.7  516.6720 2181.8159 0.0000 VX_stream_buffer_518_0_2
rsp_arb/g_input_select_g_arbiter_g_out_buf_1__out_buf/g_eb2_stream_buffer/clk_gate_g_buffer_buffer_r_reg     1.7550     0.0    0.0000    1.7550 0.0000 SNPS_CLOCK_GATE_HIGH_VX_stream_buffer_518_0_0_4
rsp_arb/g_input_select_g_arbiter_g_out_buf_1__out_buf/g_eb2_stream_buffer/clk_gate_g_buffer_data_out_r_reg     1.7550     0.0    0.0000    1.7550 0.0000 SNPS_CLOCK_GATE_HIGH_VX_stream_buffer_518_0_0_5
rsp_arb/g_input_select_g_arbiter_g_out_buf_2__out_buf  2946.5279    18.2    0.0000    0.0000 0.0000 VX_elastic_buffer_518_2_0_0_1
rsp_arb/g_input_select_g_arbiter_g_out_buf_2__out_buf/g_eb2_out_buf   242.8920     1.5  242.8920    0.0000 0.0000 VX_pipe_buffer_5_1
rsp_arb/g_input_select_g_arbiter_g_out_buf_2__out_buf/g_eb2_stream_buffer  2703.6359    16.7  518.3100 2181.8159 0.0000 VX_stream_buffer_518_0_1
rsp_arb/g_input_select_g_arbiter_g_out_buf_2__out_buf/g_eb2_stream_buffer/clk_gate_g_buffer_buffer_r_reg     1.7550     0.0    0.0000    1.7550 0.0000 SNPS_CLOCK_GATE_HIGH_VX_stream_buffer_518_0_0_2
rsp_arb/g_input_select_g_arbiter_g_out_buf_2__out_buf/g_eb2_stream_buffer/clk_gate_g_buffer_data_out_r_reg     1.7550     0.0    0.0000    1.7550 0.0000 SNPS_CLOCK_GATE_HIGH_VX_stream_buffer_518_0_0_3
rsp_arb/g_input_select_g_arbiter_g_out_buf_3__out_buf  2944.0709    18.2    0.0000    0.0000 0.0000 VX_elastic_buffer_518_2_0_0_0
rsp_arb/g_input_select_g_arbiter_g_out_buf_3__out_buf/g_eb2_out_buf   242.8920     1.5  242.8920    0.0000 0.0000 VX_pipe_buffer_5_0
rsp_arb/g_input_select_g_arbiter_g_out_buf_3__out_buf/g_eb2_stream_buffer  2701.1789    16.7  515.8530 2181.8159 0.0000 VX_stream_buffer_518_0_0
rsp_arb/g_input_select_g_arbiter_g_out_buf_3__out_buf/g_eb2_stream_buffer/clk_gate_g_buffer_buffer_r_reg     1.7550     0.0    0.0000    1.7550 0.0000 SNPS_CLOCK_GATE_HIGH_VX_stream_buffer_518_0_0_1
rsp_arb/g_input_select_g_arbiter_g_out_buf_3__out_buf/g_eb2_stream_buffer/clk_gate_g_buffer_data_out_r_reg     1.7550     0.0    0.0000    1.7550 0.0000 SNPS_CLOCK_GATE_HIGH_VX_stream_buffer_518_0_0_0
--------------------------------  ----------  -------  ---------  ---------  ------  -----------------------------------------------
Total                                                  7419.2039  8745.5158  0.0000

1
