Information: Propagating switching activity (high effort zero delay simulation). (PWR-6)
Warning: Design has unannotated primary inputs. (PWR-414)
Warning: Design has unannotated sequential cell outputs. (PWR-415)
 
****************************************
Report : power
        -hier
        -analysis_effort high
        -verbose
Design : VX_mem_switch__4222418eeb6c
Scenario(s): mode_norm.OC_rvt_ss_0p900v_125c
Version: V-2023.12-SP5-3
Date   : Tue Jul 21 08:01:53 2026
****************************************


Library(s) Used:

    sc9_cmos28lpp_base_rvt_ss_nominal_max_0p900v_125c_sadhm (File: /tool/PDK/Samsung/LN28LPP_202203/PRIMITIVES/RVT/ln28lpp_sc_9t_base_rvt_c130_V1.00d/FE-Common/LIBERTY/sc9_cmos28lpp_base_rvt_ss_nominal_max_0p900v_125c_sadhm.db)


Global Operating Voltage = 0.9  
Power-specific unit information :
    Voltage Units = 1V
    Capacitance Units = 1.000000pf
    Time Units = 1ns
    Dynamic Power Units = 1mW    (derived from V,C,T units)
    Leakage Power Units = 1uW


--------------------------------------------------------------------------------
                                       Switch   Int      Leak     Total
Hierarchy                              Power    Power    Power    Power    %
--------------------------------------------------------------------------------
VX_mem_switch__4222418eeb6c               0.377    0.658  147.772    1.183 100.0
  rsp_arb (VX_stream_arb_25)              0.295    0.622  114.693    1.031  87.1
    g_input_select_g_arbiter_g_out_buf_3__out_buf (VX_elastic_buffer_518_2_0_0_0) 3.62e-02    0.124   24.044    0.184  15.6
      g_eb2_out_buf (VX_pipe_buffer_5_0) 1.39e-02 4.15e-03    3.479 2.15e-02   1.8
      g_eb2_stream_buffer (VX_stream_buffer_518_0_0) 2.23e-02    0.120   20.564    0.163  13.8
    g_input_select_g_arbiter_g_out_buf_2__out_buf (VX_elastic_buffer_518_2_0_0_1) 3.47e-02    0.124   24.072    0.183  15.5
      g_eb2_out_buf (VX_pipe_buffer_5_1) 1.31e-02 4.20e-03    3.479 2.08e-02   1.8
      g_eb2_stream_buffer (VX_stream_buffer_518_0_1) 2.16e-02    0.120   20.593    0.162  13.7
    g_input_select_g_arbiter_g_out_buf_1__out_buf (VX_elastic_buffer_518_2_0_0_2) 3.85e-02    0.122   24.060    0.185  15.6
      g_eb2_out_buf (VX_pipe_buffer_5_2) 1.71e-02 4.01e-03    3.479 2.46e-02   2.1
      g_eb2_stream_buffer (VX_stream_buffer_518_0_2) 2.14e-02    0.118   20.582    0.160  13.5
    g_input_select_g_arbiter_g_out_buf_0__out_buf (VX_elastic_buffer_518_2_0_0_3) 3.61e-02    0.122   24.087    0.182  15.4
      g_eb2_out_buf (VX_pipe_buffer_5_3) 1.40e-02 4.27e-03    3.479 2.18e-02   1.8
      g_eb2_stream_buffer (VX_stream_buffer_518_0_3) 2.21e-02    0.118   20.608    0.161  13.6
    g_input_select_g_arbiter_arbiter (VX_generic_arbiter_2) 1.39e-03 1.13e-03 8.96e-02 2.61e-03   0.2
      g_round_robin_rr_arbiter (VX_rr_arbiter_1) 1.39e-03 1.13e-03 8.96e-02 2.61e-03   0.2
        g_model1_onehot_encoder (VX_onehot_encoder_2) 4.10e-05 1.17e-04 1.20e-02 1.70e-04   0.0
  req_switch (VX_stream_switch_6)      8.27e-02 3.65e-02   33.078    0.152  12.9
    g_out_buf_7__out_buf (VX_elastic_buffer_0) 8.14e-03 4.53e-03    4.124 1.68e-02   1.4
    g_out_buf_6__out_buf (VX_elastic_buffer_60) 8.07e-03 4.53e-03    4.124 1.67e-02   1.4
    g_out_buf_5__out_buf (VX_elastic_buffer_61) 1.20e-02 4.54e-03    4.124 2.06e-02   1.7
    g_out_buf_4__out_buf (VX_elastic_buffer_62) 1.30e-02 4.56e-03    4.124 2.17e-02   1.8
    g_out_buf_3__out_buf (VX_elastic_buffer_63) 1.08e-02 4.55e-03    4.124 1.95e-02   1.6
    g_out_buf_2__out_buf (VX_elastic_buffer_64) 1.25e-02 4.56e-03    4.124 2.12e-02   1.8
    g_out_buf_1__out_buf (VX_elastic_buffer_65) 9.56e-03 4.54e-03    4.124 1.82e-02   1.5
    g_out_buf_0__out_buf (VX_elastic_buffer_66) 8.41e-03 4.53e-03    4.124 1.71e-02   1.4
1
