 
****************************************
Report : area
Design : VX_mem_bus_split__6571449aef35
Version: V-2023.12-SP5-3
Date   : Wed Jul 29 06:51:03 2026
****************************************

Library(s) Used:

    sc9_cmos28lpp_base_rvt_ss_nominal_max_0p900v_125c_sadhm (File: /tool/PDK/Samsung/LN28LPP_202203/PRIMITIVES/RVT/ln28lpp_sc_9t_base_rvt_c130_V1.00d/FE-Common/LIBERTY/sc9_cmos28lpp_base_rvt_ss_nominal_max_0p900v_125c_sadhm.db)

Number of ports:                        13580
Number of nets:                         24591
Number of cells:                        13351
Number of combinational cells:           6467
Number of sequential cells:              6665
Number of macros/black boxes:               0
Number of buf/inv:                       1915
Number of references:                      36

Combinational area:               4339.062034
Buf/Inv area:                      866.618994
Noncombinational area:           14002.091649
Macro/Black Box area:                0.000000
Net Interconnect area:      undefined  (No wire load specified)

Total cell area:                 18341.153683
Total area:                 undefined

Core Area:                     39406
Aspect Ratio:                 1.0039
Utilization Ratio:            0.4654


The above information was reported from the logical library. The following are from the physical library:

  Total moveable cell area: 18341.2
  Total fixed cell area: 0.0
  Total physical cell area: 18341.2
 Core area: 0.000, 0.000, 198.120, 198.900

Hierarchical area distribution
------------------------------

                                  Global cell area            Local cell area
                                  -------------------  ----------------------------- 
Hierarchical cell                 Absolute    Percent  Combi-     Noncombi-   Black-
                                  Total       Total    national   national    boxes   Design
--------------------------------  ----------  -------  ---------  ----------  ------  -----------------------------------------------------
VX_mem_bus_split__6571449aef35    18341.1537    100.0    50.7780     16.8480  0.0000  VX_mem_bus_split__6571449aef35
clk_gate_req_sent_r_reg               1.7550      0.0     0.0000      1.7550  0.0000  SNPS_CLOCK_GATE_HIGH_VX_mem_bus_split__6571449aef35
clk_gate_req_sent_r_reg_0             1.7550      0.0     0.0000      1.7550  0.0000  SNPS_CLOCK_GATE_HIGH_VX_mem_bus_split__6571449aef35_0
g_lane_req_0__req_skid              641.0430      3.5     0.0000      0.0000  0.0000  VX_elastic_buffer_17_7
g_lane_req_0__req_skid/g_eb2_out_buf    52.8840     0.3   52.8840     0.0000  0.0000  VX_pipe_buffer_23_7
g_lane_req_0__req_skid/g_eb2_stream_buffer   588.1590     3.2  112.9050   471.7440 0.0000 VX_stream_buffer_114_1_7
g_lane_req_0__req_skid/g_eb2_stream_buffer/clk_gate_g_buffer_buffer_r_reg     1.7550     0.0    0.0000     1.7550 0.0000 SNPS_CLOCK_GATE_HIGH_VX_stream_buffer_114_1_7_0
g_lane_req_0__req_skid/g_eb2_stream_buffer/clk_gate_g_buffer_data_out_r_reg     1.7550     0.0    0.0000     1.7550 0.0000 SNPS_CLOCK_GATE_HIGH_VX_stream_buffer_114_1_7_1
g_lane_req_1__req_skid              641.0430      3.5     0.0000      0.0000  0.0000  VX_elastic_buffer_17_6
g_lane_req_1__req_skid/g_eb2_out_buf    52.8840     0.3   52.8840     0.0000  0.0000  VX_pipe_buffer_23_6
g_lane_req_1__req_skid/g_eb2_stream_buffer   588.1590     3.2  112.9050   471.7440 0.0000 VX_stream_buffer_114_1_6
g_lane_req_1__req_skid/g_eb2_stream_buffer/clk_gate_g_buffer_buffer_r_reg     1.7550     0.0    0.0000     1.7550 0.0000 SNPS_CLOCK_GATE_HIGH_VX_stream_buffer_114_1_6_0
g_lane_req_1__req_skid/g_eb2_stream_buffer/clk_gate_g_buffer_data_out_r_reg     1.7550     0.0    0.0000     1.7550 0.0000 SNPS_CLOCK_GATE_HIGH_VX_stream_buffer_114_1_6_1
g_lane_req_2__req_skid              641.3940      3.5     0.0000      0.0000  0.0000  VX_elastic_buffer_17_5
g_lane_req_2__req_skid/g_eb2_out_buf    52.8840     0.3   52.8840     0.0000  0.0000  VX_pipe_buffer_23_5
g_lane_req_2__req_skid/g_eb2_stream_buffer   588.5100     3.2  113.2560   471.7440 0.0000 VX_stream_buffer_114_1_5
g_lane_req_2__req_skid/g_eb2_stream_buffer/clk_gate_g_buffer_buffer_r_reg     1.7550     0.0    0.0000     1.7550 0.0000 SNPS_CLOCK_GATE_HIGH_VX_stream_buffer_114_1_5_0
g_lane_req_2__req_skid/g_eb2_stream_buffer/clk_gate_g_buffer_data_out_r_reg     1.7550     0.0    0.0000     1.7550 0.0000 SNPS_CLOCK_GATE_HIGH_VX_stream_buffer_114_1_5_1
g_lane_req_3__req_skid              641.8620      3.5     0.0000      0.0000  0.0000  VX_elastic_buffer_17_4
g_lane_req_3__req_skid/g_eb2_out_buf    52.8840     0.3   52.8840     0.0000  0.0000  VX_pipe_buffer_23_4
g_lane_req_3__req_skid/g_eb2_stream_buffer   588.9780     3.2  113.7240   471.7440 0.0000 VX_stream_buffer_114_1_4
g_lane_req_3__req_skid/g_eb2_stream_buffer/clk_gate_g_buffer_buffer_r_reg     1.7550     0.0    0.0000     1.7550 0.0000 SNPS_CLOCK_GATE_HIGH_VX_stream_buffer_114_1_4_0
g_lane_req_3__req_skid/g_eb2_stream_buffer/clk_gate_g_buffer_data_out_r_reg     1.7550     0.0    0.0000     1.7550 0.0000 SNPS_CLOCK_GATE_HIGH_VX_stream_buffer_114_1_4_1
g_lane_req_4__req_skid              641.8620      3.5     0.0000      0.0000  0.0000  VX_elastic_buffer_17_3
g_lane_req_4__req_skid/g_eb2_out_buf    52.8840     0.3   52.8840     0.0000  0.0000  VX_pipe_buffer_23_3
g_lane_req_4__req_skid/g_eb2_stream_buffer   588.9780     3.2  113.7240   471.7440 0.0000 VX_stream_buffer_114_1_3
g_lane_req_4__req_skid/g_eb2_stream_buffer/clk_gate_g_buffer_buffer_r_reg     1.7550     0.0    0.0000     1.7550 0.0000 SNPS_CLOCK_GATE_HIGH_VX_stream_buffer_114_1_3_0
g_lane_req_4__req_skid/g_eb2_stream_buffer/clk_gate_g_buffer_data_out_r_reg     1.7550     0.0    0.0000     1.7550 0.0000 SNPS_CLOCK_GATE_HIGH_VX_stream_buffer_114_1_3_1
g_lane_req_5__req_skid              643.1490      3.5     0.0000      0.0000  0.0000  VX_elastic_buffer_17_2
g_lane_req_5__req_skid/g_eb2_out_buf    52.8840     0.3   52.8840     0.0000  0.0000  VX_pipe_buffer_23_2
g_lane_req_5__req_skid/g_eb2_stream_buffer   590.2650     3.2  115.0110   471.7440 0.0000 VX_stream_buffer_114_1_2
g_lane_req_5__req_skid/g_eb2_stream_buffer/clk_gate_g_buffer_buffer_r_reg     1.7550     0.0    0.0000     1.7550 0.0000 SNPS_CLOCK_GATE_HIGH_VX_stream_buffer_114_1_2_0
g_lane_req_5__req_skid/g_eb2_stream_buffer/clk_gate_g_buffer_data_out_r_reg     1.7550     0.0    0.0000     1.7550 0.0000 SNPS_CLOCK_GATE_HIGH_VX_stream_buffer_114_1_2_1
g_lane_req_6__req_skid              641.0430      3.5     0.0000      0.0000  0.0000  VX_elastic_buffer_17_1
g_lane_req_6__req_skid/g_eb2_out_buf    52.8840     0.3   52.8840     0.0000  0.0000  VX_pipe_buffer_23_1
g_lane_req_6__req_skid/g_eb2_stream_buffer   588.1590     3.2  112.9050   471.7440 0.0000 VX_stream_buffer_114_1_1
g_lane_req_6__req_skid/g_eb2_stream_buffer/clk_gate_g_buffer_buffer_r_reg     1.7550     0.0    0.0000     1.7550 0.0000 SNPS_CLOCK_GATE_HIGH_VX_stream_buffer_114_1_1_0
g_lane_req_6__req_skid/g_eb2_stream_buffer/clk_gate_g_buffer_data_out_r_reg     1.7550     0.0    0.0000     1.7550 0.0000 SNPS_CLOCK_GATE_HIGH_VX_stream_buffer_114_1_1_1
g_lane_req_7__req_skid              641.0430      3.5     0.0000      0.0000  0.0000  VX_elastic_buffer_17_0
g_lane_req_7__req_skid/g_eb2_out_buf    52.8840     0.3   52.8840     0.0000  0.0000  VX_pipe_buffer_23_0
g_lane_req_7__req_skid/g_eb2_stream_buffer   588.1590     3.2  112.9050   471.7440 0.0000 VX_stream_buffer_114_1_0
g_lane_req_7__req_skid/g_eb2_stream_buffer/clk_gate_g_buffer_buffer_r_reg     1.7550     0.0    0.0000     1.7550 0.0000 SNPS_CLOCK_GATE_HIGH_VX_stream_buffer_114_1_0_0
g_lane_req_7__req_skid/g_eb2_stream_buffer/clk_gate_g_buffer_data_out_r_reg     1.7550     0.0    0.0000     1.7550 0.0000 SNPS_CLOCK_GATE_HIGH_VX_stream_buffer_114_1_0_1
g_lane_rsp_0__rsp_skid             1787.9940      9.7     1.8720      0.0000  0.0000  VX_elastic_buffer_18_7
g_lane_rsp_0__rsp_skid/g_ebN_fifo_queue  1751.9580     9.6   79.2090   162.1620 0.0000 VX_fifo_queue_71_8_1_0_7
g_lane_rsp_0__rsp_skid/g_ebN_fifo_queue/clk_gate_g_depth_n_g_out_reg_data_out_r_reg     1.7550     0.0    0.0000     1.7550 0.0000 SNPS_CLOCK_GATE_HIGH_VX_fifo_queue_71_8_1_0_0_7
g_lane_rsp_0__rsp_skid/g_ebN_fifo_queue/g_depth_n_dp_ram  1477.8270     8.1  267.5790  1196.2080 0.0000 VX_dp_ram_19_7
g_lane_rsp_0__rsp_skid/g_ebN_fifo_queue/g_depth_n_dp_ram/clk_gate_g_async_g_bram_g_write_first_g_no_wren_ram_reg_0_     1.7550     0.0    0.0000     1.7550 0.0000 SNPS_CLOCK_GATE_HIGH_VX_dp_ram_19_0_63
g_lane_rsp_0__rsp_skid/g_ebN_fifo_queue/g_depth_n_dp_ram/clk_gate_g_async_g_bram_g_write_first_g_no_wren_ram_reg_1_     1.7550     0.0    0.0000     1.7550 0.0000 SNPS_CLOCK_GATE_HIGH_VX_dp_ram_19_0_62
g_lane_rsp_0__rsp_skid/g_ebN_fifo_queue/g_depth_n_dp_ram/clk_gate_g_async_g_bram_g_write_first_g_no_wren_ram_reg_2_     1.7550     0.0    0.0000     1.7550 0.0000 SNPS_CLOCK_GATE_HIGH_VX_dp_ram_19_0_61
g_lane_rsp_0__rsp_skid/g_ebN_fifo_queue/g_depth_n_dp_ram/clk_gate_g_async_g_bram_g_write_first_g_no_wren_ram_reg_3_     1.7550     0.0    0.0000     1.7550 0.0000 SNPS_CLOCK_GATE_HIGH_VX_dp_ram_19_0_60
g_lane_rsp_0__rsp_skid/g_ebN_fifo_queue/g_depth_n_dp_ram/clk_gate_g_async_g_bram_g_write_first_g_no_wren_ram_reg_4_     1.7550     0.0    0.0000     1.7550 0.0000 SNPS_CLOCK_GATE_HIGH_VX_dp_ram_19_0_59
g_lane_rsp_0__rsp_skid/g_ebN_fifo_queue/g_depth_n_dp_ram/clk_gate_g_async_g_bram_g_write_first_g_no_wren_ram_reg_5_     1.7550     0.0    0.0000     1.7550 0.0000 SNPS_CLOCK_GATE_HIGH_VX_dp_ram_19_0_58
g_lane_rsp_0__rsp_skid/g_ebN_fifo_queue/g_depth_n_dp_ram/clk_gate_g_async_g_bram_g_write_first_g_no_wren_ram_reg_6_     1.7550     0.0    0.0000     1.7550 0.0000 SNPS_CLOCK_GATE_HIGH_VX_dp_ram_19_0_57
g_lane_rsp_0__rsp_skid/g_ebN_fifo_queue/g_depth_n_dp_ram/clk_gate_g_async_g_bram_g_write_first_g_no_wren_ram_reg_7_     1.7550     0.0    0.0000     1.7550 0.0000 SNPS_CLOCK_GATE_HIGH_VX_dp_ram_19_0_56
g_lane_rsp_0__rsp_skid/g_ebN_fifo_queue/pending_size    31.0050     0.2   16.6140    12.6360 0.0000 VX_pending_size_2_7
g_lane_rsp_0__rsp_skid/g_ebN_fifo_queue/pending_size/clk_gate_g_size_gt1_g_single_step_used_r_reg     1.7550     0.0    0.0000     1.7550 0.0000 SNPS_CLOCK_GATE_HIGH_VX_pending_size_2_7_0
g_lane_rsp_0__rsp_skid/g_ebN_out_buf    34.1640     0.2   34.1640     0.0000  0.0000  VX_pipe_buffer_24_7
g_lane_rsp_1__rsp_skid             1621.2690      8.8     1.8720      0.0000  0.0000  VX_elastic_buffer_18_6
g_lane_rsp_1__rsp_skid/g_ebN_fifo_queue  1588.5090     8.7   73.0080   147.4200 0.0000 VX_fifo_queue_71_8_1_0_6
g_lane_rsp_1__rsp_skid/g_ebN_fifo_queue/clk_gate_g_depth_n_g_out_reg_data_out_r_reg     1.7550     0.0    0.0000     1.7550 0.0000 SNPS_CLOCK_GATE_HIGH_VX_fifo_queue_71_8_1_0_0_6
g_lane_rsp_1__rsp_skid/g_ebN_fifo_queue/g_depth_n_dp_ram  1335.3210     7.3  243.0090  1078.2720 0.0000 VX_dp_ram_19_6
g_lane_rsp_1__rsp_skid/g_ebN_fifo_queue/g_depth_n_dp_ram/clk_gate_g_async_g_bram_g_write_first_g_no_wren_ram_reg_0_     1.7550     0.0    0.0000     1.7550 0.0000 SNPS_CLOCK_GATE_HIGH_VX_dp_ram_19_0_55
g_lane_rsp_1__rsp_skid/g_ebN_fifo_queue/g_depth_n_dp_ram/clk_gate_g_async_g_bram_g_write_first_g_no_wren_ram_reg_1_     1.7550     0.0    0.0000     1.7550 0.0000 SNPS_CLOCK_GATE_HIGH_VX_dp_ram_19_0_54
g_lane_rsp_1__rsp_skid/g_ebN_fifo_queue/g_depth_n_dp_ram/clk_gate_g_async_g_bram_g_write_first_g_no_wren_ram_reg_2_     1.7550     0.0    0.0000     1.7550 0.0000 SNPS_CLOCK_GATE_HIGH_VX_dp_ram_19_0_53
g_lane_rsp_1__rsp_skid/g_ebN_fifo_queue/g_depth_n_dp_ram/clk_gate_g_async_g_bram_g_write_first_g_no_wren_ram_reg_3_     1.7550     0.0    0.0000     1.7550 0.0000 SNPS_CLOCK_GATE_HIGH_VX_dp_ram_19_0_52
g_lane_rsp_1__rsp_skid/g_ebN_fifo_queue/g_depth_n_dp_ram/clk_gate_g_async_g_bram_g_write_first_g_no_wren_ram_reg_4_     1.7550     0.0    0.0000     1.7550 0.0000 SNPS_CLOCK_GATE_HIGH_VX_dp_ram_19_0_51
g_lane_rsp_1__rsp_skid/g_ebN_fifo_queue/g_depth_n_dp_ram/clk_gate_g_async_g_bram_g_write_first_g_no_wren_ram_reg_5_     1.7550     0.0    0.0000     1.7550 0.0000 SNPS_CLOCK_GATE_HIGH_VX_dp_ram_19_0_50
g_lane_rsp_1__rsp_skid/g_ebN_fifo_queue/g_depth_n_dp_ram/clk_gate_g_async_g_bram_g_write_first_g_no_wren_ram_reg_6_     1.7550     0.0    0.0000     1.7550 0.0000 SNPS_CLOCK_GATE_HIGH_VX_dp_ram_19_0_49
g_lane_rsp_1__rsp_skid/g_ebN_fifo_queue/g_depth_n_dp_ram/clk_gate_g_async_g_bram_g_write_first_g_no_wren_ram_reg_7_     1.7550     0.0    0.0000     1.7550 0.0000 SNPS_CLOCK_GATE_HIGH_VX_dp_ram_19_0_48
g_lane_rsp_1__rsp_skid/g_ebN_fifo_queue/pending_size    31.0050     0.2   16.6140    12.6360 0.0000 VX_pending_size_2_6
g_lane_rsp_1__rsp_skid/g_ebN_fifo_queue/pending_size/clk_gate_g_size_gt1_g_single_step_used_r_reg     1.7550     0.0    0.0000     1.7550 0.0000 SNPS_CLOCK_GATE_HIGH_VX_pending_size_2_6_0
g_lane_rsp_1__rsp_skid/g_ebN_out_buf    30.8880     0.2   30.8880     0.0000  0.0000  VX_pipe_buffer_24_6
g_lane_rsp_2__rsp_skid             1622.6730      8.8     1.8720      0.0000  0.0000  VX_elastic_buffer_18_5
g_lane_rsp_2__rsp_skid/g_ebN_fifo_queue  1589.9130     8.7   73.0080   147.4200 0.0000 VX_fifo_queue_71_8_1_0_5
g_lane_rsp_2__rsp_skid/g_ebN_fifo_queue/clk_gate_g_depth_n_g_out_reg_data_out_r_reg     1.7550     0.0    0.0000     1.7550 0.0000 SNPS_CLOCK_GATE_HIGH_VX_fifo_queue_71_8_1_0_0_5
g_lane_rsp_2__rsp_skid/g_ebN_fifo_queue/g_depth_n_dp_ram  1336.7250     7.3  244.4130  1078.2720 0.0000 VX_dp_ram_19_5
g_lane_rsp_2__rsp_skid/g_ebN_fifo_queue/g_depth_n_dp_ram/clk_gate_g_async_g_bram_g_write_first_g_no_wren_ram_reg_0_     1.7550     0.0    0.0000     1.7550 0.0000 SNPS_CLOCK_GATE_HIGH_VX_dp_ram_19_0_47
g_lane_rsp_2__rsp_skid/g_ebN_fifo_queue/g_depth_n_dp_ram/clk_gate_g_async_g_bram_g_write_first_g_no_wren_ram_reg_1_     1.7550     0.0    0.0000     1.7550 0.0000 SNPS_CLOCK_GATE_HIGH_VX_dp_ram_19_0_46
g_lane_rsp_2__rsp_skid/g_ebN_fifo_queue/g_depth_n_dp_ram/clk_gate_g_async_g_bram_g_write_first_g_no_wren_ram_reg_2_     1.7550     0.0    0.0000     1.7550 0.0000 SNPS_CLOCK_GATE_HIGH_VX_dp_ram_19_0_45
g_lane_rsp_2__rsp_skid/g_ebN_fifo_queue/g_depth_n_dp_ram/clk_gate_g_async_g_bram_g_write_first_g_no_wren_ram_reg_3_     1.7550     0.0    0.0000     1.7550 0.0000 SNPS_CLOCK_GATE_HIGH_VX_dp_ram_19_0_44
g_lane_rsp_2__rsp_skid/g_ebN_fifo_queue/g_depth_n_dp_ram/clk_gate_g_async_g_bram_g_write_first_g_no_wren_ram_reg_4_     1.7550     0.0    0.0000     1.7550 0.0000 SNPS_CLOCK_GATE_HIGH_VX_dp_ram_19_0_43
g_lane_rsp_2__rsp_skid/g_ebN_fifo_queue/g_depth_n_dp_ram/clk_gate_g_async_g_bram_g_write_first_g_no_wren_ram_reg_5_     1.7550     0.0    0.0000     1.7550 0.0000 SNPS_CLOCK_GATE_HIGH_VX_dp_ram_19_0_42
g_lane_rsp_2__rsp_skid/g_ebN_fifo_queue/g_depth_n_dp_ram/clk_gate_g_async_g_bram_g_write_first_g_no_wren_ram_reg_6_     1.7550     0.0    0.0000     1.7550 0.0000 SNPS_CLOCK_GATE_HIGH_VX_dp_ram_19_0_41
g_lane_rsp_2__rsp_skid/g_ebN_fifo_queue/g_depth_n_dp_ram/clk_gate_g_async_g_bram_g_write_first_g_no_wren_ram_reg_7_     1.7550     0.0    0.0000     1.7550 0.0000 SNPS_CLOCK_GATE_HIGH_VX_dp_ram_19_0_40
g_lane_rsp_2__rsp_skid/g_ebN_fifo_queue/pending_size    31.0050     0.2   16.6140    12.6360 0.0000 VX_pending_size_2_5
g_lane_rsp_2__rsp_skid/g_ebN_fifo_queue/pending_size/clk_gate_g_size_gt1_g_single_step_used_r_reg     1.7550     0.0    0.0000     1.7550 0.0000 SNPS_CLOCK_GATE_HIGH_VX_pending_size_2_5_0
g_lane_rsp_2__rsp_skid/g_ebN_out_buf    30.8880     0.2   30.8880     0.0000  0.0000  VX_pipe_buffer_24_5
g_lane_rsp_3__rsp_skid             1620.4500      8.8     1.8720      0.0000  0.0000  VX_elastic_buffer_18_4
g_lane_rsp_3__rsp_skid/g_ebN_fifo_queue  1587.6900     8.7   72.1890   147.4200 0.0000 VX_fifo_queue_71_8_1_0_4
g_lane_rsp_3__rsp_skid/g_ebN_fifo_queue/clk_gate_g_depth_n_g_out_reg_data_out_r_reg     1.7550     0.0    0.0000     1.7550 0.0000 SNPS_CLOCK_GATE_HIGH_VX_fifo_queue_71_8_1_0_0_4
g_lane_rsp_3__rsp_skid/g_ebN_fifo_queue/g_depth_n_dp_ram  1335.3210     7.3  243.0090  1078.2720 0.0000 VX_dp_ram_19_4
g_lane_rsp_3__rsp_skid/g_ebN_fifo_queue/g_depth_n_dp_ram/clk_gate_g_async_g_bram_g_write_first_g_no_wren_ram_reg_0_     1.7550     0.0    0.0000     1.7550 0.0000 SNPS_CLOCK_GATE_HIGH_VX_dp_ram_19_0_39
g_lane_rsp_3__rsp_skid/g_ebN_fifo_queue/g_depth_n_dp_ram/clk_gate_g_async_g_bram_g_write_first_g_no_wren_ram_reg_1_     1.7550     0.0    0.0000     1.7550 0.0000 SNPS_CLOCK_GATE_HIGH_VX_dp_ram_19_0_38
g_lane_rsp_3__rsp_skid/g_ebN_fifo_queue/g_depth_n_dp_ram/clk_gate_g_async_g_bram_g_write_first_g_no_wren_ram_reg_2_     1.7550     0.0    0.0000     1.7550 0.0000 SNPS_CLOCK_GATE_HIGH_VX_dp_ram_19_0_37
g_lane_rsp_3__rsp_skid/g_ebN_fifo_queue/g_depth_n_dp_ram/clk_gate_g_async_g_bram_g_write_first_g_no_wren_ram_reg_3_     1.7550     0.0    0.0000     1.7550 0.0000 SNPS_CLOCK_GATE_HIGH_VX_dp_ram_19_0_36
g_lane_rsp_3__rsp_skid/g_ebN_fifo_queue/g_depth_n_dp_ram/clk_gate_g_async_g_bram_g_write_first_g_no_wren_ram_reg_4_     1.7550     0.0    0.0000     1.7550 0.0000 SNPS_CLOCK_GATE_HIGH_VX_dp_ram_19_0_35
g_lane_rsp_3__rsp_skid/g_ebN_fifo_queue/g_depth_n_dp_ram/clk_gate_g_async_g_bram_g_write_first_g_no_wren_ram_reg_5_     1.7550     0.0    0.0000     1.7550 0.0000 SNPS_CLOCK_GATE_HIGH_VX_dp_ram_19_0_34
g_lane_rsp_3__rsp_skid/g_ebN_fifo_queue/g_depth_n_dp_ram/clk_gate_g_async_g_bram_g_write_first_g_no_wren_ram_reg_6_     1.7550     0.0    0.0000     1.7550 0.0000 SNPS_CLOCK_GATE_HIGH_VX_dp_ram_19_0_33
g_lane_rsp_3__rsp_skid/g_ebN_fifo_queue/g_depth_n_dp_ram/clk_gate_g_async_g_bram_g_write_first_g_no_wren_ram_reg_7_     1.7550     0.0    0.0000     1.7550 0.0000 SNPS_CLOCK_GATE_HIGH_VX_dp_ram_19_0_32
g_lane_rsp_3__rsp_skid/g_ebN_fifo_queue/pending_size    31.0050     0.2   16.6140    12.6360 0.0000 VX_pending_size_2_4
g_lane_rsp_3__rsp_skid/g_ebN_fifo_queue/pending_size/clk_gate_g_size_gt1_g_single_step_used_r_reg     1.7550     0.0    0.0000     1.7550 0.0000 SNPS_CLOCK_GATE_HIGH_VX_pending_size_2_4_0
g_lane_rsp_3__rsp_skid/g_ebN_out_buf    30.8880     0.2   30.8880     0.0000  0.0000  VX_pipe_buffer_24_4
g_lane_rsp_4__rsp_skid             1621.2690      8.8     1.8720      0.0000  0.0000  VX_elastic_buffer_18_3
g_lane_rsp_4__rsp_skid/g_ebN_fifo_queue  1588.5090     8.7   73.0080   147.4200 0.0000 VX_fifo_queue_71_8_1_0_3
g_lane_rsp_4__rsp_skid/g_ebN_fifo_queue/clk_gate_g_depth_n_g_out_reg_data_out_r_reg     1.7550     0.0    0.0000     1.7550 0.0000 SNPS_CLOCK_GATE_HIGH_VX_fifo_queue_71_8_1_0_0_3
g_lane_rsp_4__rsp_skid/g_ebN_fifo_queue/g_depth_n_dp_ram  1335.3210     7.3  243.0090  1078.2720 0.0000 VX_dp_ram_19_3
g_lane_rsp_4__rsp_skid/g_ebN_fifo_queue/g_depth_n_dp_ram/clk_gate_g_async_g_bram_g_write_first_g_no_wren_ram_reg_0_     1.7550     0.0    0.0000     1.7550 0.0000 SNPS_CLOCK_GATE_HIGH_VX_dp_ram_19_0_31
g_lane_rsp_4__rsp_skid/g_ebN_fifo_queue/g_depth_n_dp_ram/clk_gate_g_async_g_bram_g_write_first_g_no_wren_ram_reg_1_     1.7550     0.0    0.0000     1.7550 0.0000 SNPS_CLOCK_GATE_HIGH_VX_dp_ram_19_0_30
g_lane_rsp_4__rsp_skid/g_ebN_fifo_queue/g_depth_n_dp_ram/clk_gate_g_async_g_bram_g_write_first_g_no_wren_ram_reg_2_     1.7550     0.0    0.0000     1.7550 0.0000 SNPS_CLOCK_GATE_HIGH_VX_dp_ram_19_0_29
g_lane_rsp_4__rsp_skid/g_ebN_fifo_queue/g_depth_n_dp_ram/clk_gate_g_async_g_bram_g_write_first_g_no_wren_ram_reg_3_     1.7550     0.0    0.0000     1.7550 0.0000 SNPS_CLOCK_GATE_HIGH_VX_dp_ram_19_0_28
g_lane_rsp_4__rsp_skid/g_ebN_fifo_queue/g_depth_n_dp_ram/clk_gate_g_async_g_bram_g_write_first_g_no_wren_ram_reg_4_     1.7550     0.0    0.0000     1.7550 0.0000 SNPS_CLOCK_GATE_HIGH_VX_dp_ram_19_0_27
g_lane_rsp_4__rsp_skid/g_ebN_fifo_queue/g_depth_n_dp_ram/clk_gate_g_async_g_bram_g_write_first_g_no_wren_ram_reg_5_     1.7550     0.0    0.0000     1.7550 0.0000 SNPS_CLOCK_GATE_HIGH_VX_dp_ram_19_0_26
g_lane_rsp_4__rsp_skid/g_ebN_fifo_queue/g_depth_n_dp_ram/clk_gate_g_async_g_bram_g_write_first_g_no_wren_ram_reg_6_     1.7550     0.0    0.0000     1.7550 0.0000 SNPS_CLOCK_GATE_HIGH_VX_dp_ram_19_0_25
g_lane_rsp_4__rsp_skid/g_ebN_fifo_queue/g_depth_n_dp_ram/clk_gate_g_async_g_bram_g_write_first_g_no_wren_ram_reg_7_     1.7550     0.0    0.0000     1.7550 0.0000 SNPS_CLOCK_GATE_HIGH_VX_dp_ram_19_0_24
g_lane_rsp_4__rsp_skid/g_ebN_fifo_queue/pending_size    31.0050     0.2   16.6140    12.6360 0.0000 VX_pending_size_2_3
g_lane_rsp_4__rsp_skid/g_ebN_fifo_queue/pending_size/clk_gate_g_size_gt1_g_single_step_used_r_reg     1.7550     0.0    0.0000     1.7550 0.0000 SNPS_CLOCK_GATE_HIGH_VX_pending_size_2_3_0
g_lane_rsp_4__rsp_skid/g_ebN_out_buf    30.8880     0.2   30.8880     0.0000  0.0000  VX_pipe_buffer_24_3
g_lane_rsp_5__rsp_skid             1621.2690      8.8     1.8720      0.0000  0.0000  VX_elastic_buffer_18_2
g_lane_rsp_5__rsp_skid/g_ebN_fifo_queue  1588.5090     8.7   72.5400   147.4200 0.0000 VX_fifo_queue_71_8_1_0_2
g_lane_rsp_5__rsp_skid/g_ebN_fifo_queue/clk_gate_g_depth_n_g_out_reg_data_out_r_reg     1.7550     0.0    0.0000     1.7550 0.0000 SNPS_CLOCK_GATE_HIGH_VX_fifo_queue_71_8_1_0_0_2
g_lane_rsp_5__rsp_skid/g_ebN_fifo_queue/g_depth_n_dp_ram  1335.7890     7.3  243.4770  1078.2720 0.0000 VX_dp_ram_19_2
g_lane_rsp_5__rsp_skid/g_ebN_fifo_queue/g_depth_n_dp_ram/clk_gate_g_async_g_bram_g_write_first_g_no_wren_ram_reg_0_     1.7550     0.0    0.0000     1.7550 0.0000 SNPS_CLOCK_GATE_HIGH_VX_dp_ram_19_0_23
g_lane_rsp_5__rsp_skid/g_ebN_fifo_queue/g_depth_n_dp_ram/clk_gate_g_async_g_bram_g_write_first_g_no_wren_ram_reg_1_     1.7550     0.0    0.0000     1.7550 0.0000 SNPS_CLOCK_GATE_HIGH_VX_dp_ram_19_0_22
g_lane_rsp_5__rsp_skid/g_ebN_fifo_queue/g_depth_n_dp_ram/clk_gate_g_async_g_bram_g_write_first_g_no_wren_ram_reg_2_     1.7550     0.0    0.0000     1.7550 0.0000 SNPS_CLOCK_GATE_HIGH_VX_dp_ram_19_0_21
g_lane_rsp_5__rsp_skid/g_ebN_fifo_queue/g_depth_n_dp_ram/clk_gate_g_async_g_bram_g_write_first_g_no_wren_ram_reg_3_     1.7550     0.0    0.0000     1.7550 0.0000 SNPS_CLOCK_GATE_HIGH_VX_dp_ram_19_0_20
g_lane_rsp_5__rsp_skid/g_ebN_fifo_queue/g_depth_n_dp_ram/clk_gate_g_async_g_bram_g_write_first_g_no_wren_ram_reg_4_     1.7550     0.0    0.0000     1.7550 0.0000 SNPS_CLOCK_GATE_HIGH_VX_dp_ram_19_0_19
g_lane_rsp_5__rsp_skid/g_ebN_fifo_queue/g_depth_n_dp_ram/clk_gate_g_async_g_bram_g_write_first_g_no_wren_ram_reg_5_     1.7550     0.0    0.0000     1.7550 0.0000 SNPS_CLOCK_GATE_HIGH_VX_dp_ram_19_0_18
g_lane_rsp_5__rsp_skid/g_ebN_fifo_queue/g_depth_n_dp_ram/clk_gate_g_async_g_bram_g_write_first_g_no_wren_ram_reg_6_     1.7550     0.0    0.0000     1.7550 0.0000 SNPS_CLOCK_GATE_HIGH_VX_dp_ram_19_0_17
g_lane_rsp_5__rsp_skid/g_ebN_fifo_queue/g_depth_n_dp_ram/clk_gate_g_async_g_bram_g_write_first_g_no_wren_ram_reg_7_     1.7550     0.0    0.0000     1.7550 0.0000 SNPS_CLOCK_GATE_HIGH_VX_dp_ram_19_0_16
g_lane_rsp_5__rsp_skid/g_ebN_fifo_queue/pending_size    31.0050     0.2   16.6140    12.6360 0.0000 VX_pending_size_2_2
g_lane_rsp_5__rsp_skid/g_ebN_fifo_queue/pending_size/clk_gate_g_size_gt1_g_single_step_used_r_reg     1.7550     0.0    0.0000     1.7550 0.0000 SNPS_CLOCK_GATE_HIGH_VX_pending_size_2_2_0
g_lane_rsp_5__rsp_skid/g_ebN_out_buf    30.8880     0.2   30.8880     0.0000  0.0000  VX_pipe_buffer_24_2
g_lane_rsp_6__rsp_skid             1622.2050      8.8     1.8720      0.0000  0.0000  VX_elastic_buffer_18_1
g_lane_rsp_6__rsp_skid/g_ebN_fifo_queue  1589.4450     8.7   73.0080   147.4200 0.0000 VX_fifo_queue_71_8_1_0_1
g_lane_rsp_6__rsp_skid/g_ebN_fifo_queue/clk_gate_g_depth_n_g_out_reg_data_out_r_reg     1.7550     0.0    0.0000     1.7550 0.0000 SNPS_CLOCK_GATE_HIGH_VX_fifo_queue_71_8_1_0_0_1
g_lane_rsp_6__rsp_skid/g_ebN_fifo_queue/g_depth_n_dp_ram  1336.2570     7.3  243.9450  1078.2720 0.0000 VX_dp_ram_19_1
g_lane_rsp_6__rsp_skid/g_ebN_fifo_queue/g_depth_n_dp_ram/clk_gate_g_async_g_bram_g_write_first_g_no_wren_ram_reg_0_     1.7550     0.0    0.0000     1.7550 0.0000 SNPS_CLOCK_GATE_HIGH_VX_dp_ram_19_0_15
g_lane_rsp_6__rsp_skid/g_ebN_fifo_queue/g_depth_n_dp_ram/clk_gate_g_async_g_bram_g_write_first_g_no_wren_ram_reg_1_     1.7550     0.0    0.0000     1.7550 0.0000 SNPS_CLOCK_GATE_HIGH_VX_dp_ram_19_0_14
g_lane_rsp_6__rsp_skid/g_ebN_fifo_queue/g_depth_n_dp_ram/clk_gate_g_async_g_bram_g_write_first_g_no_wren_ram_reg_2_     1.7550     0.0    0.0000     1.7550 0.0000 SNPS_CLOCK_GATE_HIGH_VX_dp_ram_19_0_13
g_lane_rsp_6__rsp_skid/g_ebN_fifo_queue/g_depth_n_dp_ram/clk_gate_g_async_g_bram_g_write_first_g_no_wren_ram_reg_3_     1.7550     0.0    0.0000     1.7550 0.0000 SNPS_CLOCK_GATE_HIGH_VX_dp_ram_19_0_12
g_lane_rsp_6__rsp_skid/g_ebN_fifo_queue/g_depth_n_dp_ram/clk_gate_g_async_g_bram_g_write_first_g_no_wren_ram_reg_4_     1.7550     0.0    0.0000     1.7550 0.0000 SNPS_CLOCK_GATE_HIGH_VX_dp_ram_19_0_11
g_lane_rsp_6__rsp_skid/g_ebN_fifo_queue/g_depth_n_dp_ram/clk_gate_g_async_g_bram_g_write_first_g_no_wren_ram_reg_5_     1.7550     0.0    0.0000     1.7550 0.0000 SNPS_CLOCK_GATE_HIGH_VX_dp_ram_19_0_10
g_lane_rsp_6__rsp_skid/g_ebN_fifo_queue/g_depth_n_dp_ram/clk_gate_g_async_g_bram_g_write_first_g_no_wren_ram_reg_6_     1.7550     0.0    0.0000     1.7550 0.0000 SNPS_CLOCK_GATE_HIGH_VX_dp_ram_19_0_9
g_lane_rsp_6__rsp_skid/g_ebN_fifo_queue/g_depth_n_dp_ram/clk_gate_g_async_g_bram_g_write_first_g_no_wren_ram_reg_7_     1.7550     0.0    0.0000     1.7550 0.0000 SNPS_CLOCK_GATE_HIGH_VX_dp_ram_19_0_8
g_lane_rsp_6__rsp_skid/g_ebN_fifo_queue/pending_size    31.0050     0.2   16.6140    12.6360 0.0000 VX_pending_size_2_1
g_lane_rsp_6__rsp_skid/g_ebN_fifo_queue/pending_size/clk_gate_g_size_gt1_g_single_step_used_r_reg     1.7550     0.0    0.0000     1.7550 0.0000 SNPS_CLOCK_GATE_HIGH_VX_pending_size_2_1_0
g_lane_rsp_6__rsp_skid/g_ebN_out_buf    30.8880     0.2   30.8880     0.0000  0.0000  VX_pipe_buffer_24_1
g_lane_rsp_7__rsp_skid             1620.4500      8.8     1.8720      0.0000  0.0000  VX_elastic_buffer_18_0
g_lane_rsp_7__rsp_skid/g_ebN_fifo_queue  1587.6900     8.7   72.1890   147.4200 0.0000 VX_fifo_queue_71_8_1_0_0
g_lane_rsp_7__rsp_skid/g_ebN_fifo_queue/clk_gate_g_depth_n_g_out_reg_data_out_r_reg     1.7550     0.0    0.0000     1.7550 0.0000 SNPS_CLOCK_GATE_HIGH_VX_fifo_queue_71_8_1_0_0_0
g_lane_rsp_7__rsp_skid/g_ebN_fifo_queue/g_depth_n_dp_ram  1335.3210     7.3  243.0090  1078.2720 0.0000 VX_dp_ram_19_0
g_lane_rsp_7__rsp_skid/g_ebN_fifo_queue/g_depth_n_dp_ram/clk_gate_g_async_g_bram_g_write_first_g_no_wren_ram_reg_0_     1.7550     0.0    0.0000     1.7550 0.0000 SNPS_CLOCK_GATE_HIGH_VX_dp_ram_19_0_0
g_lane_rsp_7__rsp_skid/g_ebN_fifo_queue/g_depth_n_dp_ram/clk_gate_g_async_g_bram_g_write_first_g_no_wren_ram_reg_1_     1.7550     0.0    0.0000     1.7550 0.0000 SNPS_CLOCK_GATE_HIGH_VX_dp_ram_19_0_7
g_lane_rsp_7__rsp_skid/g_ebN_fifo_queue/g_depth_n_dp_ram/clk_gate_g_async_g_bram_g_write_first_g_no_wren_ram_reg_2_     1.7550     0.0    0.0000     1.7550 0.0000 SNPS_CLOCK_GATE_HIGH_VX_dp_ram_19_0_6
g_lane_rsp_7__rsp_skid/g_ebN_fifo_queue/g_depth_n_dp_ram/clk_gate_g_async_g_bram_g_write_first_g_no_wren_ram_reg_3_     1.7550     0.0    0.0000     1.7550 0.0000 SNPS_CLOCK_GATE_HIGH_VX_dp_ram_19_0_5
g_lane_rsp_7__rsp_skid/g_ebN_fifo_queue/g_depth_n_dp_ram/clk_gate_g_async_g_bram_g_write_first_g_no_wren_ram_reg_4_     1.7550     0.0    0.0000     1.7550 0.0000 SNPS_CLOCK_GATE_HIGH_VX_dp_ram_19_0_4
g_lane_rsp_7__rsp_skid/g_ebN_fifo_queue/g_depth_n_dp_ram/clk_gate_g_async_g_bram_g_write_first_g_no_wren_ram_reg_5_     1.7550     0.0    0.0000     1.7550 0.0000 SNPS_CLOCK_GATE_HIGH_VX_dp_ram_19_0_3
g_lane_rsp_7__rsp_skid/g_ebN_fifo_queue/g_depth_n_dp_ram/clk_gate_g_async_g_bram_g_write_first_g_no_wren_ram_reg_6_     1.7550     0.0    0.0000     1.7550 0.0000 SNPS_CLOCK_GATE_HIGH_VX_dp_ram_19_0_2
g_lane_rsp_7__rsp_skid/g_ebN_fifo_queue/g_depth_n_dp_ram/clk_gate_g_async_g_bram_g_write_first_g_no_wren_ram_reg_7_     1.7550     0.0    0.0000     1.7550 0.0000 SNPS_CLOCK_GATE_HIGH_VX_dp_ram_19_0_1
g_lane_rsp_7__rsp_skid/g_ebN_fifo_queue/pending_size    31.0050     0.2   16.6140    12.6360 0.0000 VX_pending_size_2_0
g_lane_rsp_7__rsp_skid/g_ebN_fifo_queue/pending_size/clk_gate_g_size_gt1_g_single_step_used_r_reg     1.7550     0.0    0.0000     1.7550 0.0000 SNPS_CLOCK_GATE_HIGH_VX_pending_size_2_0_0
g_lane_rsp_7__rsp_skid/g_ebN_out_buf    30.8880     0.2   30.8880     0.0000  0.0000  VX_pipe_buffer_24_0
--------------------------------  ----------  -------  ---------  ----------  ------  -----------------------------------------------------
Total                                                  4339.0620  14002.0916  0.0000

1
