Information: Propagating switching activity (high effort zero delay simulation). (PWR-6)
Warning: Design has unannotated primary inputs. (PWR-414)
Warning: Design has unannotated sequential cell outputs. (PWR-415)
 
****************************************
Report : power
        -hier
        -analysis_effort high
        -verbose
Design : VX_mem_bus_split__6571449aef35
Scenario(s): mode_norm.OC_rvt_ss_0p900v_125c
Version: V-2023.12-SP5-3
Date   : Wed Jul 29 06:51:06 2026
****************************************


Library(s) Used:

    sc9_cmos28lpp_base_rvt_ss_nominal_max_0p900v_125c_sadhm (File: /tool/PDK/Samsung/LN28LPP_202203/PRIMITIVES/RVT/ln28lpp_sc_9t_base_rvt_c130_V1.00d/FE-Common/LIBERTY/sc9_cmos28lpp_base_rvt_ss_nominal_max_0p900v_125c_sadhm.db)


Global Operating Voltage = 0.9  
Power-specific unit information :
    Voltage Units = 1V
    Capacitance Units = 1.000000pf
    Time Units = 1ns
    Dynamic Power Units = 1mW    (derived from V,C,T units)
    Leakage Power Units = 1uW


--------------------------------------------------------------------------------
                                       Switch   Int      Leak     Total
Hierarchy                              Power    Power    Power    Power    %
--------------------------------------------------------------------------------
VX_mem_bus_split__6571449aef35            0.104    0.499  135.232    0.738 100.0
  g_lane_rsp_7__rsp_skid (VX_elastic_buffer_18_0) 5.06e-03 2.23e-02   11.464 3.88e-02   5.3
    g_ebN_out_buf (VX_pipe_buffer_24_0) 1.25e-04 2.39e-04    0.438 8.03e-04   0.1
    g_ebN_fifo_queue (VX_fifo_queue_71_8_1_0_0) 4.88e-03 2.21e-02   11.004 3.79e-02   5.1
      g_depth_n_dp_ram (VX_dp_ram_19_0) 3.15e-03 1.33e-02    9.170 2.57e-02   3.5
      pending_size (VX_pending_size_2_0) 2.97e-04 9.46e-04    0.211 1.45e-03   0.2
  g_lane_rsp_6__rsp_skid (VX_elastic_buffer_18_1) 5.08e-03 2.26e-02   11.474 3.92e-02   5.3
    g_ebN_out_buf (VX_pipe_buffer_24_1) 1.92e-04 2.41e-04    0.438 8.72e-04   0.1
    g_ebN_fifo_queue (VX_fifo_queue_71_8_1_0_1) 4.83e-03 2.24e-02   11.014 3.82e-02   5.2
      g_depth_n_dp_ram (VX_dp_ram_19_1) 3.10e-03 1.36e-02    9.169 2.58e-02   3.5
      pending_size (VX_pending_size_2_1) 2.97e-04 9.36e-04    0.211 1.45e-03   0.2
  g_lane_rsp_5__rsp_skid (VX_elastic_buffer_18_2) 5.33e-03 2.26e-02   11.468 3.94e-02   5.3
    g_ebN_out_buf (VX_pipe_buffer_24_2) 1.74e-04 2.41e-04    0.439 8.53e-04   0.1
    g_ebN_fifo_queue (VX_fifo_queue_71_8_1_0_2) 5.10e-03 2.23e-02   11.008 3.84e-02   5.2
      g_depth_n_dp_ram (VX_dp_ram_19_2) 3.16e-03 1.34e-02    9.171 2.58e-02   3.5
      pending_size (VX_pending_size_2_2) 2.91e-04 9.35e-04    0.211 1.44e-03   0.2
  g_lane_rsp_4__rsp_skid (VX_elastic_buffer_18_3) 5.91e-03 2.23e-02   11.479 3.97e-02   5.4
    g_ebN_out_buf (VX_pipe_buffer_24_3) 9.35e-04 2.49e-04    0.439 1.62e-03   0.2
    g_ebN_fifo_queue (VX_fifo_queue_71_8_1_0_3) 4.90e-03 2.21e-02   11.019 3.80e-02   5.1
      g_depth_n_dp_ram (VX_dp_ram_19_3) 3.09e-03 1.34e-02    9.176 2.57e-02   3.5
      pending_size (VX_pending_size_2_3) 2.95e-04 9.34e-04    0.211 1.44e-03   0.2
  g_lane_rsp_3__rsp_skid (VX_elastic_buffer_18_4) 5.31e-03 2.25e-02   11.456 3.93e-02   5.3
    g_ebN_out_buf (VX_pipe_buffer_24_4) 1.96e-04 2.41e-04    0.438 8.75e-04   0.1
    g_ebN_fifo_queue (VX_fifo_queue_71_8_1_0_4) 5.05e-03 2.23e-02   10.998 3.83e-02   5.2
      g_depth_n_dp_ram (VX_dp_ram_19_4) 3.07e-03 1.34e-02    9.165 2.56e-02   3.5
      pending_size (VX_pending_size_2_4) 3.00e-04 9.41e-04    0.211 1.45e-03   0.2
  g_lane_rsp_2__rsp_skid (VX_elastic_buffer_18_5) 5.13e-03 2.23e-02   11.479 3.89e-02   5.3
    g_ebN_out_buf (VX_pipe_buffer_24_5) 1.93e-04 2.42e-04    0.438 8.73e-04   0.1
    g_ebN_fifo_queue (VX_fifo_queue_71_8_1_0_5) 4.88e-03 2.21e-02   11.019 3.80e-02   5.1
      g_depth_n_dp_ram (VX_dp_ram_19_5) 3.07e-03 1.32e-02    9.169 2.55e-02   3.4
      pending_size (VX_pending_size_2_5) 2.93e-04 9.33e-04    0.216 1.44e-03   0.2
  g_lane_rsp_1__rsp_skid (VX_elastic_buffer_18_6) 5.50e-03 2.26e-02   11.462 3.96e-02   5.4
    g_ebN_out_buf (VX_pipe_buffer_24_6) 5.44e-04 2.40e-04    0.438 1.22e-03   0.2
    g_ebN_fifo_queue (VX_fifo_queue_71_8_1_0_6) 4.88e-03 2.24e-02   11.003 3.82e-02   5.2
      g_depth_n_dp_ram (VX_dp_ram_19_6) 3.03e-03 1.35e-02    9.159 2.57e-02   3.5
      pending_size (VX_pending_size_2_6) 2.97e-04 9.44e-04    0.211 1.45e-03   0.2
  g_lane_rsp_0__rsp_skid (VX_elastic_buffer_18_7) 5.47e-03 2.43e-02   12.633 4.24e-02   5.7
    g_ebN_out_buf (VX_pipe_buffer_24_7) 1.87e-04 2.70e-04    0.485 9.42e-04   0.1
    g_ebN_fifo_queue (VX_fifo_queue_71_8_1_0_7) 5.23e-03 2.40e-02   12.129 4.14e-02   5.6
      g_depth_n_dp_ram (VX_dp_ram_19_7) 3.35e-03 1.46e-02   10.131 2.81e-02   3.8
      pending_size (VX_pending_size_2_7) 2.96e-04 9.47e-04    0.211 1.45e-03   0.2
  g_lane_req_7__req_skid (VX_elastic_buffer_17_0) 6.50e-03 3.90e-02    5.201 5.07e-02   6.9
    g_eb2_out_buf (VX_pipe_buffer_23_0) 8.43e-04 6.63e-04    0.757 2.26e-03   0.3
    g_eb2_stream_buffer (VX_stream_buffer_114_1_0) 5.66e-03 3.83e-02    4.444 4.84e-02   6.6
  g_lane_req_6__req_skid (VX_elastic_buffer_17_1) 7.73e-03 3.91e-02    5.200 5.21e-02   7.0
    g_eb2_out_buf (VX_pipe_buffer_23_1) 1.99e-03 6.68e-04    0.757 3.41e-03   0.5
    g_eb2_stream_buffer (VX_stream_buffer_114_1_1) 5.74e-03 3.85e-02    4.443 4.86e-02   6.6
  g_lane_req_5__req_skid (VX_elastic_buffer_17_2) 7.08e-03 4.18e-02    5.222 5.41e-02   7.3
    g_eb2_out_buf (VX_pipe_buffer_23_2) 9.94e-04 6.52e-04    0.757 2.40e-03   0.3
    g_eb2_stream_buffer (VX_stream_buffer_114_1_2) 6.09e-03 4.12e-02    4.464 5.17e-02   7.0
  g_lane_req_4__req_skid (VX_elastic_buffer_17_3) 6.83e-03 3.92e-02    5.211 5.12e-02   6.9
    g_eb2_out_buf (VX_pipe_buffer_23_3) 9.99e-04 6.57e-04    0.757 2.41e-03   0.3
    g_eb2_stream_buffer (VX_stream_buffer_114_1_3) 5.83e-03 3.85e-02    4.453 4.88e-02   6.6
  g_lane_req_3__req_skid (VX_elastic_buffer_17_4) 6.77e-03 3.92e-02    5.210 5.12e-02   6.9
    g_eb2_out_buf (VX_pipe_buffer_23_4) 9.51e-04 6.60e-04    0.757 2.37e-03   0.3
    g_eb2_stream_buffer (VX_stream_buffer_114_1_4) 5.82e-03 3.86e-02    4.453 4.89e-02   6.6
  g_lane_req_2__req_skid (VX_elastic_buffer_17_5) 7.71e-03 3.93e-02    5.203 5.22e-02   7.1
    g_eb2_out_buf (VX_pipe_buffer_23_5) 2.00e-03 6.72e-04    0.757 3.43e-03   0.5
    g_eb2_stream_buffer (VX_stream_buffer_114_1_5) 5.71e-03 3.86e-02    4.446 4.88e-02   6.6
  g_lane_req_1__req_skid (VX_elastic_buffer_17_6) 7.30e-03 3.88e-02    5.200 5.13e-02   6.9
    g_eb2_out_buf (VX_pipe_buffer_23_6) 1.52e-03 6.52e-04    0.757 2.93e-03   0.4
    g_eb2_stream_buffer (VX_stream_buffer_114_1_6) 5.78e-03 3.81e-02    4.443 4.83e-02   6.5
  g_lane_req_0__req_skid (VX_elastic_buffer_17_7) 7.58e-03 3.89e-02    5.200 5.17e-02   7.0
    g_eb2_out_buf (VX_pipe_buffer_23_7) 1.79e-03 6.66e-04    0.757 3.21e-03   0.4
    g_eb2_stream_buffer (VX_stream_buffer_114_1_7) 5.79e-03 3.82e-02    4.443 4.85e-02   6.6
1
