 
****************************************
Report : area
Design : VX_stream_xbar__53962e088ce2
Version: V-2023.12-SP5-3
Date   : Tue Jul 21 08:17:37 2026
****************************************

Library(s) Used:

    sc9_cmos28lpp_base_rvt_ss_nominal_max_0p900v_125c_sadhm (File: /tool/PDK/Samsung/LN28LPP_202203/PRIMITIVES/RVT/ln28lpp_sc_9t_base_rvt_c130_V1.00d/FE-Common/LIBERTY/sc9_cmos28lpp_base_rvt_ss_nominal_max_0p900v_125c_sadhm.db)

Number of ports:                        15094
Number of nets:                         21627
Number of cells:                         8636
Number of combinational cells:           4462
Number of sequential cells:              4144
Number of macros/black boxes:               0
Number of buf/inv:                       2370
Number of references:                       9

Combinational area:               3041.180968
Buf/Inv area:                     1090.790990
Noncombinational area:            8724.923779
Macro/Black Box area:                0.000000
Net Interconnect area:      undefined  (No wire load specified)

Total cell area:                 11766.104748
Total area:                 undefined

Core Area:                     28572
Aspect Ratio:                 1.0020
Utilization Ratio:            0.4118


The above information was reported from the logical library. The following are from the physical library:

  Total moveable cell area: 11766.1
  Total fixed cell area: 0.0
  Total physical cell area: 11766.1
 Core area: 0.000, 0.000, 168.870, 169.200

Hierarchical area distribution
------------------------------

                                  Global cell area           Local cell area
                                  -------------------  ---------------------------- 
Hierarchical cell                 Absolute    Percent  Combi-     Noncombi-  Black-
                                  Total       Total    national   national   boxes   Design
--------------------------------  ----------  -------  ---------  ---------  ------  -----------------------------------------------
VX_stream_xbar__53962e088ce2      11766.1047    100.0     4.3290     0.0000  0.0000  VX_stream_xbar__53962e088ce2
g_single_input_g_out_buf_0__out_buf  2939.6249    25.0    0.0000     0.0000  0.0000  VX_elastic_buffer_516_2_0_0_3
g_single_input_g_out_buf_0__out_buf/g_eb2_out_buf   242.4240     2.1  242.4240    0.0000 0.0000 VX_pipe_buffer_69
g_single_input_g_out_buf_0__out_buf/g_eb2_stream_buffer  2697.2009    22.9  515.9700 2177.7209 0.0000 VX_stream_buffer_516_0_3
g_single_input_g_out_buf_0__out_buf/g_eb2_stream_buffer/clk_gate_g_buffer_buffer_r_reg     1.7550     0.0    0.0000    1.7550 0.0000 SNPS_CLOCK_GATE_HIGH_VX_stream_buffer_516_0_0_6
g_single_input_g_out_buf_0__out_buf/g_eb2_stream_buffer/clk_gate_g_buffer_data_out_r_reg     1.7550     0.0    0.0000    1.7550 0.0000 SNPS_CLOCK_GATE_HIGH_VX_stream_buffer_516_0_0_7
g_single_input_g_out_buf_1__out_buf  2940.0929    25.0    0.0000     0.0000  0.0000  VX_elastic_buffer_516_2_0_0_2
g_single_input_g_out_buf_1__out_buf/g_eb2_out_buf   242.4240     2.1  242.4240    0.0000 0.0000 VX_pipe_buffer_68
g_single_input_g_out_buf_1__out_buf/g_eb2_stream_buffer  2697.6689    22.9  516.4380 2177.7209 0.0000 VX_stream_buffer_516_0_2
g_single_input_g_out_buf_1__out_buf/g_eb2_stream_buffer/clk_gate_g_buffer_buffer_r_reg     1.7550     0.0    0.0000    1.7550 0.0000 SNPS_CLOCK_GATE_HIGH_VX_stream_buffer_516_0_0_4
g_single_input_g_out_buf_1__out_buf/g_eb2_stream_buffer/clk_gate_g_buffer_data_out_r_reg     1.7550     0.0    0.0000    1.7550 0.0000 SNPS_CLOCK_GATE_HIGH_VX_stream_buffer_516_0_0_5
g_single_input_g_out_buf_2__out_buf  2939.6249    25.0    0.0000     0.0000  0.0000  VX_elastic_buffer_516_2_0_0_1
g_single_input_g_out_buf_2__out_buf/g_eb2_out_buf   242.4240     2.1  242.4240    0.0000 0.0000 VX_pipe_buffer_67
g_single_input_g_out_buf_2__out_buf/g_eb2_stream_buffer  2697.2009    22.9  515.9700 2177.7209 0.0000 VX_stream_buffer_516_0_1
g_single_input_g_out_buf_2__out_buf/g_eb2_stream_buffer/clk_gate_g_buffer_buffer_r_reg     1.7550     0.0    0.0000    1.7550 0.0000 SNPS_CLOCK_GATE_HIGH_VX_stream_buffer_516_0_0_2
g_single_input_g_out_buf_2__out_buf/g_eb2_stream_buffer/clk_gate_g_buffer_data_out_r_reg     1.7550     0.0    0.0000    1.7550 0.0000 SNPS_CLOCK_GATE_HIGH_VX_stream_buffer_516_0_0_3
g_single_input_g_out_buf_3__out_buf  2939.2739    25.0    0.0000     0.0000  0.0000  VX_elastic_buffer_516_2_0_0_0
g_single_input_g_out_buf_3__out_buf/g_eb2_out_buf   242.4240     2.1  242.4240    0.0000 0.0000 VX_pipe_buffer_0
g_single_input_g_out_buf_3__out_buf/g_eb2_stream_buffer  2696.8499    22.9  515.6190 2177.7209 0.0000 VX_stream_buffer_516_0_0
g_single_input_g_out_buf_3__out_buf/g_eb2_stream_buffer/clk_gate_g_buffer_buffer_r_reg     1.7550     0.0    0.0000    1.7550 0.0000 SNPS_CLOCK_GATE_HIGH_VX_stream_buffer_516_0_0_1
g_single_input_g_out_buf_3__out_buf/g_eb2_stream_buffer/clk_gate_g_buffer_data_out_r_reg     1.7550     0.0    0.0000    1.7550 0.0000 SNPS_CLOCK_GATE_HIGH_VX_stream_buffer_516_0_0_0
g_single_input_sel_in_demux           3.1590      0.0     3.1590     0.0000  0.0000  VX_demux
--------------------------------  ----------  -------  ---------  ---------  ------  -----------------------------------------------
Total                                                  3041.1810  8724.9238  0.0000

1
