Information: Propagating switching activity (high effort zero delay simulation). (PWR-6)
Warning: Design has unannotated primary inputs. (PWR-414)
Warning: Design has unannotated sequential cell outputs. (PWR-415)
 
****************************************
Report : power
        -hier
        -analysis_effort high
        -verbose
Design : VX_mem_arb__fa44550b3f13
Scenario(s): mode_norm.OC_rvt_ss_0p900v_125c
Version: V-2023.12-SP5-3
Date   : Tue Jul 21 06:43:45 2026
****************************************


Library(s) Used:

    sc9_cmos28lpp_base_rvt_ss_nominal_max_0p900v_125c_sadhm (File: /tool/PDK/Samsung/LN28LPP_202203/PRIMITIVES/RVT/ln28lpp_sc_9t_base_rvt_c130_V1.00d/FE-Common/LIBERTY/sc9_cmos28lpp_base_rvt_ss_nominal_max_0p900v_125c_sadhm.db)


Global Operating Voltage = 0.9  
Power-specific unit information :
    Voltage Units = 1V
    Capacitance Units = 1.000000pf
    Time Units = 1ns
    Dynamic Power Units = 1mW    (derived from V,C,T units)
    Leakage Power Units = 1uW


--------------------------------------------------------------------------------
                                       Switch   Int      Leak     Total
Hierarchy                              Power    Power    Power    Power    %
--------------------------------------------------------------------------------
VX_mem_arb__fa44550b3f13               1.84e-02 9.87e-02   13.556    0.131 100.0
  g_rsp_select_rsp_switch (VX_stream_switch_4) 8.92e-03 5.28e-02    6.914 6.86e-02  52.6
    g_out_buf_1__out_buf (VX_elastic_buffer_31_0) 4.50e-03 2.64e-02    3.456 3.44e-02  26.3
      g_eb2_out_buf (VX_pipe_buffer_40_0) 3.56e-04 4.31e-04    0.503 1.29e-03   1.0
      g_eb2_stream_buffer (VX_stream_buffer_73_1_0) 4.14e-03 2.60e-02    2.953 3.31e-02  25.3
    g_out_buf_0__out_buf (VX_elastic_buffer_31_1) 4.40e-03 2.64e-02    3.436 3.42e-02  26.2
      g_eb2_out_buf (VX_pipe_buffer_40_1) 3.01e-04 4.29e-04    0.503 1.23e-03   0.9
      g_eb2_stream_buffer (VX_stream_buffer_73_1_1) 4.10e-03 2.59e-02    2.933 3.30e-02  25.2
  g_rsp_select_g_rsp_data_in_0__bits_remove (VX_bits_remove_2) 1.21e-04 7.47e-05 6.71e-02 2.63e-04   0.2
  g_bus_out_if_0__g_req_tag_sel_out_bits_insert (VX_bits_insert_2) 3.36e-05 6.05e-05 6.70e-02 1.61e-04   0.1
  req_arb (VX_stream_arb_23)           9.28e-03 4.57e-02    6.509 6.15e-02  47.1
    g_input_select_g_arbiter_g_out_buf_0__out_buf (VX_elastic_buffer_117_2_1_0) 7.36e-03 4.37e-02    5.475 5.66e-02  43.3
      g_eb2_out_buf (VX_pipe_buffer_39) 5.33e-04 7.34e-04    0.798 2.06e-03   1.6
      g_eb2_stream_buffer (VX_stream_buffer_117_1) 6.83e-03 4.30e-02    4.677 5.45e-02  41.7
    g_input_select_g_arbiter_arbiter (VX_generic_arbiter_1) 3.38e-04 4.11e-05 3.40e-02 4.13e-04   0.3
      g_priority_priority_arbiter (VX_priority_arbiter) 3.31e-04 3.36e-05 2.73e-02 3.92e-04   0.3
        g_encoder_grant_sel (VX_priority_encoder_3) 2.82e-05 2.43e-05 2.00e-02 7.25e-05   0.1
1
