 
****************************************
Report : timing
        -path full
        -delay max
        -nets
        -max_paths 10
        -transition_time
Design : VX_barrel_shifter
Scenario(s): mode_norm.OC_rvt_ss_0p900v_125c
Version: V-2023.12-SP5-3
Date   : Thu May 21 23:33:37 2026
****************************************

 * Some/all delay information is back-annotated.
Wire Load Model Mode: Inactive.

  Startpoint: shift_amount[0]
              (input port clocked by CLK)
  Endpoint: shifted_reg_2145_
            (rising edge-triggered flip-flop clocked by CLK)
  Scenario: mode_norm.OC_rvt_ss_0p900v_125c
  Path Group: REGIN
  Path Type: max

Attributes:
    d - dont_touch
    u - dont_use
   mo - map_only
   so - size_only
    i - ideal_net or ideal_network
  inf - infeasible path

  Point                          Fanout     Trans      Incr       Path      Attributes     Voltage
  ------------------------------------------------------------------------------------------------------
  clock CLK (rise edge)                                0.00       0.00                     
  clock network delay (ideal)                          0.00       0.00                     
  input external delay                                 0.00       0.00 r                   
  shift_amount[0] (in)                       0.03      0.01       0.01 r                   
  shift_amount[0] (net)            1                   0.00       0.01 r                   
  U49027/Y (BUF_X2P5M_A9TR)                  0.71      0.42 *     0.43 r                   0.90
  n98797 (net)                    98                   0.00       0.43 r                   
  U49028/Y (BUF_X1P4B_A9TR)                  0.76      0.64 *     1.07 r                   0.90
  n98798 (net)                    97                   0.00       1.07 r                   
  U49602/Y (BUF_X1M_A9TR)                    0.12      0.20 *     1.27 r                   0.90
  n99226 (net)                    16                   0.00       1.27 r                   
  U49603/Y (INV_X0P7M_A9TR)                  0.10      0.10 *     1.37 f                   0.90
  n99227 (net)                    15                   0.00       1.37 f                   
  U49507/Y (AOI22_X0P5M_A9TR)                0.10      0.09 *     1.46 r                   0.90
  n49111 (net)                     2                   0.00       1.46 r                   
  U49511/Y (AOI22_X0P5M_A9TR)                0.09      0.08 *     1.53 f                   0.90
  n49086 (net)                     2                   0.00       1.53 f                   
  U49516/Y (AOI22_X0P7M_A9TR)                0.23      0.17 *     1.71 r                   0.90
  n49199 (net)                     2                   0.00       1.71 r                   
  U49907/Y (AOI22_X0P5M_A9TR)                0.24      0.14 *     1.85 f                   0.90
  n49393 (net)                     2                   0.00       1.85 f                   
  U50479/Y (AOI22_X0P7M_A9TR)                0.26      0.24 *     2.09 r                   0.90
  n50235 (net)                     2                   0.00       2.09 r                   
  U50493/Y (AOI22_X0P7M_A9TR)                0.24      0.16 *     2.25 f                   0.90
  n50366 (net)                     2                   0.00       2.25 f                   
  U52488/Y (AOI22_X1M_A9TR)                  0.24      0.23 *     2.48 r                   0.90
  n61153 (net)                     2                   0.00       2.48 r                   
  U52489/Y (OAI22_X0P7M_A9TR)                0.21      0.17 *     2.64 f                   0.90
  n62539 (net)                     3                   0.00       2.64 f                   
  U59200/Y (AOI22_X1M_A9TR)                  0.46      0.35 *     2.99 r                   0.90
  n76759 (net)                     4                   0.00       2.99 r                   
  U75438/Y (AOI22_X1M_A9TR)                  0.37      0.29 *     3.28 f                   0.90
  n74377 (net)                     3                   0.00       3.28 f                   
  U84412/Y (AOI22_X1M_A9TR)                  0.51      0.42 *     3.71 r                   0.90
  n94273 (net)                     2                   0.00       3.71 r                   
  U84413/Y (NOR2_X1M_A9TR)                   0.13      0.14 *     3.84 f                   0.90
  n2145 (net)                      1                   0.00       3.84 f                   
  shifted_reg_2145_/D (DFFQ_X0P5M_A9TR)      0.13      0.00 *     3.84 f                   0.90
  data arrival time                                               3.84                     

  clock CLK (rise edge)                               10.00      10.00                     
  clock network delay (ideal)                          0.00      10.00                     
  shifted_reg_2145_/CK (DFFQ_X0P5M_A9TR)               0.00      10.00 r                   
  library setup time                                  -0.08       9.92                     
  data required time                                              9.92                     
  ------------------------------------------------------------------------------------------------------
  data required time                                              9.92                     
  data arrival time                                              -3.84                     
  ------------------------------------------------------------------------------------------------------
  slack (MET)                                                     6.08                     


  Startpoint: shift_amount[0]
              (input port clocked by CLK)
  Endpoint: shifted_reg_328_
            (rising edge-triggered flip-flop clocked by CLK)
  Scenario: mode_norm.OC_rvt_ss_0p900v_125c
  Path Group: REGIN
  Path Type: max

Attributes:
    d - dont_touch
    u - dont_use
   mo - map_only
   so - size_only
    i - ideal_net or ideal_network
  inf - infeasible path

  Point                         Fanout     Trans      Incr       Path      Attributes     Voltage
  -----------------------------------------------------------------------------------------------------
  clock CLK (rise edge)                               0.00       0.00                     
  clock network delay (ideal)                         0.00       0.00                     
  input external delay                                0.00       0.00 r                   
  shift_amount[0] (in)                      0.03      0.01       0.01 r                   
  shift_amount[0] (net)           1                   0.00       0.01 r                   
  U49027/Y (BUF_X2P5M_A9TR)                 0.71      0.42 *     0.43 r                   0.90
  n98797 (net)                   98                   0.00       0.43 r                   
  U49028/Y (BUF_X1P4B_A9TR)                 0.76      0.64 *     1.07 r                   0.90
  n98798 (net)                   97                   0.00       1.07 r                   
  U49208/Y (BUF_X1M_A9TR)                   0.11      0.19 *     1.26 r                   0.90
  n98948 (net)                   14                   0.00       1.26 r                   
  U49209/Y (INV_X0P7M_A9TR)                 0.08      0.09 *     1.34 f                   0.90
  n98949 (net)                   13                   0.00       1.34 f                   
  U49151/Y (AOI22_X0P7M_A9TR)               0.23      0.16 *     1.51 r                   0.90
  n49051 (net)                    2                   0.00       1.51 r                   
  U49155/Y (AOI22_X0P5M_A9TR)               0.11      0.13 *     1.64 f                   0.90
  n49062 (net)                    2                   0.00       1.64 f                   
  U49411/Y (AOI22_X0P5M_A9TR)               0.21      0.14 *     1.78 r                   0.90
  n49194 (net)                    2                   0.00       1.78 r                   
  U49897/Y (AOI22_X0P7M_A9TR)               0.25      0.15 *     1.92 f                   0.90
  n49305 (net)                    2                   0.00       1.92 f                   
  U50208/Y (OAI22_X1M_A9TR)                 0.72      0.48 *     2.41 r                   0.90
  n54481 (net)                    4                   0.00       2.41 r                   
  U51762/Y (OAI22_X0P7M_A9TR)               0.21      0.24 *     2.65 f                   0.90
  n50659 (net)                    2                   0.00       2.65 f                   
  U51763/Y (INV_X0P7M_A9TR)                 0.22      0.20 *     2.85 r                   0.90
  n50041 (net)                    2                   0.00       2.85 r                   
  U51873/Y (OAI22_X0P7M_A9TR)               0.24      0.16 *     3.01 f                   0.90
  n60517 (net)                    3                   0.00       3.01 f                   
  U51874/Y (INV_X0P7M_A9TR)                 0.25      0.23 *     3.24 r                   0.90
  n79019 (net)                    3                   0.00       3.24 r                   
  U56385/Y (OA22_X0P7M_A9TR)                0.14      0.18 *     3.42 r                   0.90
  n75906 (net)                    3                   0.00       3.42 r                   
  U70423/Y (AOI22_X0P7M_A9TR)               0.14      0.12 *     3.54 f                   0.90
  n85768 (net)                    2                   0.00       3.54 f                   
  U94909/Y (AOI22_X0P5M_A9TR)               0.21      0.16 *     3.71 r                   0.90
  n85769 (net)                    1                   0.00       3.71 r                   
  U94910/Y (OAI211_X0P7M_A9TR)              0.15      0.13 *     3.83 f                   0.90
  n328 (net)                      1                   0.00       3.83 f                   
  shifted_reg_328_/D (DFFQ_X0P5M_A9TR)      0.15      0.00 *     3.83 f                   0.90
  data arrival time                                              3.83                     

  clock CLK (rise edge)                              10.00      10.00                     
  clock network delay (ideal)                         0.00      10.00                     
  shifted_reg_328_/CK (DFFQ_X0P5M_A9TR)               0.00      10.00 r                   
  library setup time                                 -0.09       9.91                     
  data required time                                             9.91                     
  -----------------------------------------------------------------------------------------------------
  data required time                                             9.91                     
  data arrival time                                             -3.83                     
  -----------------------------------------------------------------------------------------------------
  slack (MET)                                                    6.08                     


  Startpoint: shift_amount[0]
              (input port clocked by CLK)
  Endpoint: shifted_reg_584_
            (rising edge-triggered flip-flop clocked by CLK)
  Scenario: mode_norm.OC_rvt_ss_0p900v_125c
  Path Group: REGIN
  Path Type: max

Attributes:
    d - dont_touch
    u - dont_use
   mo - map_only
   so - size_only
    i - ideal_net or ideal_network
  inf - infeasible path

  Point                         Fanout     Trans      Incr       Path      Attributes     Voltage
  -----------------------------------------------------------------------------------------------------
  clock CLK (rise edge)                               0.00       0.00                     
  clock network delay (ideal)                         0.00       0.00                     
  input external delay                                0.00       0.00 r                   
  shift_amount[0] (in)                      0.03      0.01       0.01 r                   
  shift_amount[0] (net)           1                   0.00       0.01 r                   
  U49027/Y (BUF_X2P5M_A9TR)                 0.71      0.42 *     0.43 r                   0.90
  n98797 (net)                   98                   0.00       0.43 r                   
  U49028/Y (BUF_X1P4B_A9TR)                 0.76      0.64 *     1.07 r                   0.90
  n98798 (net)                   97                   0.00       1.07 r                   
  U49208/Y (BUF_X1M_A9TR)                   0.11      0.19 *     1.26 r                   0.90
  n98948 (net)                   14                   0.00       1.26 r                   
  U49209/Y (INV_X0P7M_A9TR)                 0.08      0.09 *     1.34 f                   0.90
  n98949 (net)                   13                   0.00       1.34 f                   
  U49151/Y (AOI22_X0P7M_A9TR)               0.23      0.16 *     1.51 r                   0.90
  n49051 (net)                    2                   0.00       1.51 r                   
  U49155/Y (AOI22_X0P5M_A9TR)               0.11      0.13 *     1.64 f                   0.90
  n49062 (net)                    2                   0.00       1.64 f                   
  U49411/Y (AOI22_X0P5M_A9TR)               0.21      0.14 *     1.78 r                   0.90
  n49194 (net)                    2                   0.00       1.78 r                   
  U49897/Y (AOI22_X0P7M_A9TR)               0.25      0.15 *     1.92 f                   0.90
  n49305 (net)                    2                   0.00       1.92 f                   
  U50208/Y (OAI22_X1M_A9TR)                 0.72      0.48 *     2.41 r                   0.90
  n54481 (net)                    4                   0.00       2.41 r                   
  U51762/Y (OAI22_X0P7M_A9TR)               0.21      0.24 *     2.65 f                   0.90
  n50659 (net)                    2                   0.00       2.65 f                   
  U51763/Y (INV_X0P7M_A9TR)                 0.22      0.20 *     2.85 r                   0.90
  n50041 (net)                    2                   0.00       2.85 r                   
  U51873/Y (OAI22_X0P7M_A9TR)               0.24      0.16 *     3.01 f                   0.90
  n60517 (net)                    3                   0.00       3.01 f                   
  U58500/Y (AOI22_X1M_A9TR)                 0.29      0.26 *     3.27 r                   0.90
  n76803 (net)                    4                   0.00       3.27 r                   
  U69749/Y (OAI22_X0P7M_A9TR)               0.27      0.23 *     3.50 f                   0.90
  n88058 (net)                    2                   0.00       3.50 f                   
  U96650/Y (AOI22_X0P5M_A9TR)               0.14      0.17 *     3.67 r                   0.90
  n88063 (net)                    1                   0.00       3.67 r                   
  U96654/Y (OAI211_X0P7M_A9TR)              0.21      0.14 *     3.81 f                   0.90
  n584 (net)                      1                   0.00       3.81 f                   
  shifted_reg_584_/D (DFFQ_X0P5M_A9TR)      0.21      0.00 *     3.82 f                   0.90
  data arrival time                                              3.82                     

  clock CLK (rise edge)                              10.00      10.00                     
  clock network delay (ideal)                         0.00      10.00                     
  shifted_reg_584_/CK (DFFQ_X0P5M_A9TR)               0.00      10.00 r                   
  library setup time                                 -0.10       9.90                     
  data required time                                             9.90                     
  -----------------------------------------------------------------------------------------------------
  data required time                                             9.90                     
  data arrival time                                             -3.82                     
  -----------------------------------------------------------------------------------------------------
  slack (MET)                                                    6.08                     


  Startpoint: shift_amount[0]
              (input port clocked by CLK)
  Endpoint: shifted_reg_1109_
            (rising edge-triggered flip-flop clocked by CLK)
  Scenario: mode_norm.OC_rvt_ss_0p900v_125c
  Path Group: REGIN
  Path Type: max

Attributes:
    d - dont_touch
    u - dont_use
   mo - map_only
   so - size_only
    i - ideal_net or ideal_network
  inf - infeasible path

  Point                          Fanout     Trans      Incr       Path      Attributes     Voltage
  ------------------------------------------------------------------------------------------------------
  clock CLK (rise edge)                                0.00       0.00                     
  clock network delay (ideal)                          0.00       0.00                     
  input external delay                                 0.00       0.00 r                   
  shift_amount[0] (in)                       0.03      0.01       0.01 r                   
  shift_amount[0] (net)            1                   0.00       0.01 r                   
  U49027/Y (BUF_X2P5M_A9TR)                  0.71      0.42 *     0.43 r                   0.90
  n98797 (net)                    98                   0.00       0.43 r                   
  U49038/Y (BUF_X1P4B_A9TR)                  0.68      0.57 *     1.00 r                   0.90
  n98808 (net)                    96                   0.00       1.00 r                   
  U49058/Y (BUF_X1M_A9TR)                    0.14      0.21 *     1.21 r                   0.90
  n98824 (net)                    20                   0.00       1.21 r                   
  U49059/Y (INV_X0P7M_A9TR)                  0.11      0.12 *     1.33 f                   0.90
  n98825 (net)                    19                   0.00       1.33 f                   
  U49272/Y (AOI22_X0P7M_A9TR)                0.27      0.20 *     1.52 r                   0.90
  n49093 (net)                     2                   0.00       1.52 r                   
  U49276/Y (AOI22_X0P7M_A9TR)                0.27      0.16 *     1.69 f                   0.90
  n49058 (net)                     2                   0.00       1.69 f                   
  U49393/Y (AOI22_X0P5M_A9TR)                0.27      0.23 *     1.92 r                   0.90
  n49079 (net)                     2                   0.00       1.92 r                   
  U49394/Y (OAI22_X0P7M_A9TR)                0.18      0.18 *     2.10 f                   0.90
  n50269 (net)                     4                   0.00       2.10 f                   
  U49395/Y (INV_X0P7M_A9TR)                  0.28      0.22 *     2.32 r                   0.90
  n55049 (net)                     3                   0.00       2.32 r                   
  U49819/Y (OAI22_X0P7M_A9TR)                0.11      0.14 *     2.46 f                   0.90
  n49481 (net)                     2                   0.00       2.46 f                   
  U49820/Y (INV_X0P7M_A9TR)                  0.18      0.14 *     2.60 r                   0.90
  n49876 (net)                     2                   0.00       2.60 r                   
  U51601/Y (OAI22_X0P7M_A9TR)                0.23      0.16 *     2.76 f                   0.90
  n62283 (net)                     3                   0.00       2.76 f                   
  U56657/Y (AOI22_X1M_A9TR)                  0.46      0.35 *     3.12 r                   0.90
  n76836 (net)                     4                   0.00       3.12 r                   
  U72601/Y (AOI22_X1M_A9TR)                  0.35      0.28 *     3.39 f                   0.90
  n73474 (net)                     3                   0.00       3.39 f                   
  U81405/Y (AOI222_X0P7M_A9TR)               0.47      0.38 *     3.77 r                   0.90
  n71462 (net)                     1                   0.00       3.77 r                   
  U81406/Y (INV_X0P7M_A9TR)                  0.10      0.07 *     3.85 f                   0.90
  n1109 (net)                      1                   0.00       3.85 f                   
  shifted_reg_1109_/D (DFFQ_X0P5M_A9TR)      0.10      0.00 *     3.85 f                   0.90
  data arrival time                                               3.85                     

  clock CLK (rise edge)                               10.00      10.00                     
  clock network delay (ideal)                          0.00      10.00                     
  shifted_reg_1109_/CK (DFFQ_X0P5M_A9TR)               0.00      10.00 r                   
  library setup time                                  -0.07       9.93                     
  data required time                                              9.93                     
  ------------------------------------------------------------------------------------------------------
  data required time                                              9.93                     
  data arrival time                                              -3.85                     
  ------------------------------------------------------------------------------------------------------
  slack (MET)                                                     6.08                     


  Startpoint: shift_amount[0]
              (input port clocked by CLK)
  Endpoint: shifted_reg_2120_
            (rising edge-triggered flip-flop clocked by CLK)
  Scenario: mode_norm.OC_rvt_ss_0p900v_125c
  Path Group: REGIN
  Path Type: max

Attributes:
    d - dont_touch
    u - dont_use
   mo - map_only
   so - size_only
    i - ideal_net or ideal_network
  inf - infeasible path

  Point                          Fanout     Trans      Incr       Path      Attributes     Voltage
  ------------------------------------------------------------------------------------------------------
  clock CLK (rise edge)                                0.00       0.00                     
  clock network delay (ideal)                          0.00       0.00                     
  input external delay                                 0.00       0.00 r                   
  shift_amount[0] (in)                       0.03      0.01       0.01 r                   
  shift_amount[0] (net)            1                   0.00       0.01 r                   
  U49027/Y (BUF_X2P5M_A9TR)                  0.71      0.42 *     0.43 r                   0.90
  n98797 (net)                    98                   0.00       0.43 r                   
  U49028/Y (BUF_X1P4B_A9TR)                  0.76      0.64 *     1.07 r                   0.90
  n98798 (net)                    97                   0.00       1.07 r                   
  U49208/Y (BUF_X1M_A9TR)                    0.11      0.19 *     1.26 r                   0.90
  n98948 (net)                    14                   0.00       1.26 r                   
  U49209/Y (INV_X0P7M_A9TR)                  0.08      0.09 *     1.34 f                   0.90
  n98949 (net)                    13                   0.00       1.34 f                   
  U49151/Y (AOI22_X0P7M_A9TR)                0.23      0.16 *     1.51 r                   0.90
  n49051 (net)                     2                   0.00       1.51 r                   
  U49155/Y (AOI22_X0P5M_A9TR)                0.11      0.13 *     1.64 f                   0.90
  n49062 (net)                     2                   0.00       1.64 f                   
  U49411/Y (AOI22_X0P5M_A9TR)                0.21      0.14 *     1.78 r                   0.90
  n49194 (net)                     2                   0.00       1.78 r                   
  U49897/Y (AOI22_X0P7M_A9TR)                0.25      0.15 *     1.92 f                   0.90
  n49305 (net)                     2                   0.00       1.92 f                   
  U50208/Y (OAI22_X1M_A9TR)                  0.72      0.48 *     2.41 r                   0.90
  n54481 (net)                     4                   0.00       2.41 r                   
  U51762/Y (OAI22_X0P7M_A9TR)                0.21      0.24 *     2.65 f                   0.90
  n50659 (net)                     2                   0.00       2.65 f                   
  U51763/Y (INV_X0P7M_A9TR)                  0.22      0.20 *     2.85 r                   0.90
  n50041 (net)                     2                   0.00       2.85 r                   
  U51873/Y (OAI22_X0P7M_A9TR)                0.24      0.16 *     3.01 f                   0.90
  n60517 (net)                     3                   0.00       3.01 f                   
  U58500/Y (AOI22_X1M_A9TR)                  0.29      0.26 *     3.27 r                   0.90
  n76803 (net)                     4                   0.00       3.27 r                   
  U73593/Y (AOI22_X1M_A9TR)                  0.18      0.18 *     3.46 f                   0.90
  n73784 (net)                     3                   0.00       3.46 f                   
  U83739/Y (AOI22_X0P7M_A9TR)                0.27      0.23 *     3.69 r                   0.90
  n93585 (net)                     2                   0.00       3.69 r                   
  U83740/Y (NOR2_X0P5B_A9TR)                 0.11      0.12 *     3.81 f                   0.90
  n2120 (net)                      1                   0.00       3.81 f                   
  shifted_reg_2120_/D (DFFQ_X0P5M_A9TR)      0.11      0.00 *     3.81 f                   0.90
  data arrival time                                               3.81                     

  clock CLK (rise edge)                               10.00      10.00                     
  clock network delay (ideal)                          0.00      10.00                     
  shifted_reg_2120_/CK (DFFQ_X0P5M_A9TR)               0.00      10.00 r                   
  library setup time                                  -0.07       9.93                     
  data required time                                              9.93                     
  ------------------------------------------------------------------------------------------------------
  data required time                                              9.93                     
  data arrival time                                              -3.81                     
  ------------------------------------------------------------------------------------------------------
  slack (MET)                                                     6.12                     


  Startpoint: shift_amount[0]
              (input port clocked by CLK)
  Endpoint: shifted_reg_332_
            (rising edge-triggered flip-flop clocked by CLK)
  Scenario: mode_norm.OC_rvt_ss_0p900v_125c
  Path Group: REGIN
  Path Type: max

Attributes:
    d - dont_touch
    u - dont_use
   mo - map_only
   so - size_only
    i - ideal_net or ideal_network
  inf - infeasible path

  Point                         Fanout     Trans      Incr       Path      Attributes     Voltage
  -----------------------------------------------------------------------------------------------------
  clock CLK (rise edge)                               0.00       0.00                     
  clock network delay (ideal)                         0.00       0.00                     
  input external delay                                0.00       0.00 r                   
  shift_amount[0] (in)                      0.03      0.01       0.01 r                   
  shift_amount[0] (net)           1                   0.00       0.01 r                   
  U49027/Y (BUF_X2P5M_A9TR)                 0.71      0.42 *     0.43 r                   0.90
  n98797 (net)                   98                   0.00       0.43 r                   
  U49033/Y (BUF_X1P4B_A9TR)                 0.65      0.53 *     0.96 r                   0.90
  n98803 (net)                   98                   0.00       0.96 r                   
  U49811/Y (BUF_X1M_A9TR)                   0.07      0.16 *     1.12 r                   0.90
  n99304 (net)                    7                   0.00       1.12 r                   
  U49812/Y (INV_X0P7M_A9TR)                 0.04      0.05 *     1.17 f                   0.90
  n99305 (net)                    6                   0.00       1.17 f                   
  U49171/Y (AOI22_X0P7M_A9TR)               0.23      0.15 *     1.32 r                   0.90
  n49050 (net)                    2                   0.00       1.32 r                   
  U49177/Y (OAI22_X0P7M_A9TR)               0.26      0.16 *     1.48 f                   0.90
  n49124 (net)                    3                   0.00       1.48 f                   
  U49710/Y (NAND2_X0P5M_A9TR)               0.59      0.43 *     1.91 r                   0.90
  n54999 (net)                    3                   0.00       1.91 r                   
  U50112/Y (AOI22_X1M_A9TR)                 0.40      0.39 *     2.30 f                   0.90
  n54372 (net)                    3                   0.00       2.30 f                   
  U50113/Y (INV_X0P7M_A9TR)                 0.17      0.17 *     2.47 r                   0.90
  n50537 (net)                    2                   0.00       2.47 r                   
  U50119/Y (OAI22_X0P5M_A9TR)               0.21      0.12 *     2.59 f                   0.90
  n49545 (net)                    2                   0.00       2.59 f                   
  U50120/Y (INV_X0P7M_A9TR)                 0.19      0.18 *     2.77 r                   0.90
  n50480 (net)                    2                   0.00       2.77 r                   
  U52674/Y (OAI22_X0P7M_A9TR)               0.23      0.14 *     2.91 f                   0.90
  n60121 (net)                    3                   0.00       2.91 f                   
  U52675/Y (INV_X0P7M_A9TR)                 0.28      0.25 *     3.16 r                   0.90
  n79903 (net)                    3                   0.00       3.16 r                   
  U56944/Y (OA22_X1M_A9TR)                  0.17      0.20 *     3.36 r                   0.90
  n76639 (net)                    3                   0.00       3.36 r                   
  U74135/Y (AOI22_X0P7M_A9TR)               0.16      0.15 *     3.51 f                   0.90
  n89784 (net)                    2                   0.00       3.51 f                   
  U97675/Y (AOI22_X0P5M_A9TR)               0.16      0.16 *     3.67 r                   0.90
  n89785 (net)                    1                   0.00       3.67 r                   
  U97676/Y (OAI211_X0P7M_A9TR)              0.15      0.12 *     3.79 f                   0.90
  n332 (net)                      1                   0.00       3.79 f                   
  shifted_reg_332_/D (DFFQ_X0P5M_A9TR)      0.15      0.00 *     3.79 f                   0.90
  data arrival time                                              3.79                     

  clock CLK (rise edge)                              10.00      10.00                     
  clock network delay (ideal)                         0.00      10.00                     
  shifted_reg_332_/CK (DFFQ_X0P5M_A9TR)               0.00      10.00 r                   
  library setup time                                 -0.09       9.91                     
  data required time                                             9.91                     
  -----------------------------------------------------------------------------------------------------
  data required time                                             9.91                     
  data arrival time                                             -3.79                     
  -----------------------------------------------------------------------------------------------------
  slack (MET)                                                    6.12                     


  Startpoint: shift_amount[0]
              (input port clocked by CLK)
  Endpoint: shifted_reg_97_
            (rising edge-triggered flip-flop clocked by CLK)
  Scenario: mode_norm.OC_rvt_ss_0p900v_125c
  Path Group: REGIN
  Path Type: max

Attributes:
    d - dont_touch
    u - dont_use
   mo - map_only
   so - size_only
    i - ideal_net or ideal_network
  inf - infeasible path

  Point                        Fanout     Trans      Incr       Path      Attributes     Voltage
  ----------------------------------------------------------------------------------------------------
  clock CLK (rise edge)                              0.00       0.00                     
  clock network delay (ideal)                        0.00       0.00                     
  input external delay                               0.00       0.00 r                   
  shift_amount[0] (in)                     0.03      0.01       0.01 r                   
  shift_amount[0] (net)          1                   0.00       0.01 r                   
  U49027/Y (BUF_X2P5M_A9TR)                0.71      0.42 *     0.43 r                   0.90
  n98797 (net)                  98                   0.00       0.43 r                   
  U49028/Y (BUF_X1P4B_A9TR)                0.76      0.64 *     1.07 r                   0.90
  n98798 (net)                  97                   0.00       1.07 r                   
  U49602/Y (BUF_X1M_A9TR)                  0.12      0.20 *     1.27 r                   0.90
  n99226 (net)                  16                   0.00       1.27 r                   
  U49603/Y (INV_X0P7M_A9TR)                0.10      0.10 *     1.37 f                   0.90
  n99227 (net)                  15                   0.00       1.37 f                   
  U49507/Y (AOI22_X0P5M_A9TR)              0.10      0.09 *     1.46 r                   0.90
  n49111 (net)                   2                   0.00       1.46 r                   
  U49511/Y (AOI22_X0P5M_A9TR)              0.09      0.08 *     1.53 f                   0.90
  n49086 (net)                   2                   0.00       1.53 f                   
  U49516/Y (AOI22_X0P7M_A9TR)              0.23      0.17 *     1.71 r                   0.90
  n49199 (net)                   2                   0.00       1.71 r                   
  U49907/Y (AOI22_X0P5M_A9TR)              0.24      0.14 *     1.85 f                   0.90
  n49393 (net)                   2                   0.00       1.85 f                   
  U50479/Y (AOI22_X0P7M_A9TR)              0.26      0.24 *     2.09 r                   0.90
  n50235 (net)                   2                   0.00       2.09 r                   
  U50493/Y (AOI22_X0P7M_A9TR)              0.24      0.16 *     2.25 f                   0.90
  n50366 (net)                   2                   0.00       2.25 f                   
  U52488/Y (AOI22_X1M_A9TR)                0.24      0.23 *     2.48 r                   0.90
  n61153 (net)                   2                   0.00       2.48 r                   
  U52489/Y (OAI22_X0P7M_A9TR)              0.21      0.17 *     2.64 f                   0.90
  n62539 (net)                   3                   0.00       2.64 f                   
  U59200/Y (AOI22_X1M_A9TR)                0.46      0.35 *     2.99 r                   0.90
  n76759 (net)                   4                   0.00       2.99 r                   
  U75438/Y (AOI22_X1M_A9TR)                0.37      0.29 *     3.28 f                   0.90
  n74377 (net)                   3                   0.00       3.28 f                   
  U84412/Y (AOI22_X1M_A9TR)                0.51      0.42 *     3.71 r                   0.90
  n94273 (net)                   2                   0.00       3.71 r                   
  U100512/Y (OAI211_X0P5M_A9TR)            0.09      0.11 *     3.81 f                   0.90
  n97 (net)                      1                   0.00       3.81 f                   
  shifted_reg_97_/D (DFFQ_X0P5M_A9TR)      0.09      0.00 *     3.81 f                   0.90
  data arrival time                                             3.81                     

  clock CLK (rise edge)                             10.00      10.00                     
  clock network delay (ideal)                        0.00      10.00                     
  shifted_reg_97_/CK (DFFQ_X0P5M_A9TR)               0.00      10.00 r                   
  library setup time                                -0.06       9.94                     
  data required time                                            9.94                     
  ----------------------------------------------------------------------------------------------------
  data required time                                            9.94                     
  data arrival time                                            -3.81                     
  ----------------------------------------------------------------------------------------------------
  slack (MET)                                                   6.12                     


  Startpoint: shift_amount[0]
              (input port clocked by CLK)
  Endpoint: shifted_reg_268_
            (rising edge-triggered flip-flop clocked by CLK)
  Scenario: mode_norm.OC_rvt_ss_0p900v_125c
  Path Group: REGIN
  Path Type: max

Attributes:
    d - dont_touch
    u - dont_use
   mo - map_only
   so - size_only
    i - ideal_net or ideal_network
  inf - infeasible path

  Point                         Fanout     Trans      Incr       Path      Attributes     Voltage
  -----------------------------------------------------------------------------------------------------
  clock CLK (rise edge)                               0.00       0.00                     
  clock network delay (ideal)                         0.00       0.00                     
  input external delay                                0.00       0.00 r                   
  shift_amount[0] (in)                      0.03      0.01       0.01 r                   
  shift_amount[0] (net)           1                   0.00       0.01 r                   
  U49027/Y (BUF_X2P5M_A9TR)                 0.71      0.42 *     0.43 r                   0.90
  n98797 (net)                   98                   0.00       0.43 r                   
  U49033/Y (BUF_X1P4B_A9TR)                 0.65      0.53 *     0.96 r                   0.90
  n98803 (net)                   98                   0.00       0.96 r                   
  U49811/Y (BUF_X1M_A9TR)                   0.07      0.16 *     1.12 r                   0.90
  n99304 (net)                    7                   0.00       1.12 r                   
  U49812/Y (INV_X0P7M_A9TR)                 0.04      0.05 *     1.17 f                   0.90
  n99305 (net)                    6                   0.00       1.17 f                   
  U49171/Y (AOI22_X0P7M_A9TR)               0.23      0.15 *     1.32 r                   0.90
  n49050 (net)                    2                   0.00       1.32 r                   
  U49177/Y (OAI22_X0P7M_A9TR)               0.26      0.16 *     1.48 f                   0.90
  n49124 (net)                    3                   0.00       1.48 f                   
  U49710/Y (NAND2_X0P5M_A9TR)               0.59      0.43 *     1.91 r                   0.90
  n54999 (net)                    3                   0.00       1.91 r                   
  U50112/Y (AOI22_X1M_A9TR)                 0.40      0.39 *     2.30 f                   0.90
  n54372 (net)                    3                   0.00       2.30 f                   
  U50113/Y (INV_X0P7M_A9TR)                 0.17      0.17 *     2.47 r                   0.90
  n50537 (net)                    2                   0.00       2.47 r                   
  U50119/Y (OAI22_X0P5M_A9TR)               0.21      0.12 *     2.59 f                   0.90
  n49545 (net)                    2                   0.00       2.59 f                   
  U50927/Y (AOI22_X0P7M_A9TR)               0.18      0.18 *     2.77 r                   0.90
  n50643 (net)                    2                   0.00       2.77 r                   
  U52972/Y (AOI22_X0P5M_A9TR)               0.24      0.20 *     2.98 f                   0.90
  n59781 (net)                    3                   0.00       2.98 f                   
  U52973/Y (INV_X0P7M_A9TR)                 0.21      0.20 *     3.18 r                   0.90
  n78846 (net)                    3                   0.00       3.18 r                   
  U59005/Y (OA22_X0P7M_A9TR)                0.06      0.12 *     3.30 r                   0.90
  n77283 (net)                    3                   0.00       3.30 r                   
  U79757/Y (AOI22_X0P5M_A9TR)               0.23      0.07 *     3.37 f                   0.90
  n92202 (net)                    2                   0.00       3.37 f                   
  U99150/Y (AOI22_X1M_A9TR)                 0.26      0.24 *     3.61 r                   0.90
  n92203 (net)                    1                   0.00       3.61 r                   
  U99151/Y (OAI211_X0P7M_A9TR)              0.18      0.16 *     3.77 f                   0.90
  n268 (net)                      1                   0.00       3.77 f                   
  shifted_reg_268_/D (DFFQ_X0P5M_A9TR)      0.18      0.00 *     3.77 f                   0.90
  data arrival time                                              3.77                     

  clock CLK (rise edge)                              10.00      10.00                     
  clock network delay (ideal)                         0.00      10.00                     
  shifted_reg_268_/CK (DFFQ_X0P5M_A9TR)               0.00      10.00 r                   
  library setup time                                 -0.10       9.90                     
  data required time                                             9.90                     
  -----------------------------------------------------------------------------------------------------
  data required time                                             9.90                     
  data arrival time                                             -3.77                     
  -----------------------------------------------------------------------------------------------------
  slack (MET)                                                    6.13                     


  Startpoint: shift_amount[0]
              (input port clocked by CLK)
  Endpoint: shifted_reg_2133_
            (rising edge-triggered flip-flop clocked by CLK)
  Scenario: mode_norm.OC_rvt_ss_0p900v_125c
  Path Group: REGIN
  Path Type: max

Attributes:
    d - dont_touch
    u - dont_use
   mo - map_only
   so - size_only
    i - ideal_net or ideal_network
  inf - infeasible path

  Point                          Fanout     Trans      Incr       Path      Attributes     Voltage
  ------------------------------------------------------------------------------------------------------
  clock CLK (rise edge)                                0.00       0.00                     
  clock network delay (ideal)                          0.00       0.00                     
  input external delay                                 0.00       0.00 r                   
  shift_amount[0] (in)                       0.03      0.01       0.01 r                   
  shift_amount[0] (net)            1                   0.00       0.01 r                   
  U49027/Y (BUF_X2P5M_A9TR)                  0.71      0.42 *     0.43 r                   0.90
  n98797 (net)                    98                   0.00       0.43 r                   
  U49038/Y (BUF_X1P4B_A9TR)                  0.68      0.57 *     1.00 r                   0.90
  n98808 (net)                    96                   0.00       1.00 r                   
  U49058/Y (BUF_X1M_A9TR)                    0.14      0.21 *     1.21 r                   0.90
  n98824 (net)                    20                   0.00       1.21 r                   
  U49059/Y (INV_X0P7M_A9TR)                  0.11      0.12 *     1.33 f                   0.90
  n98825 (net)                    19                   0.00       1.33 f                   
  U49272/Y (AOI22_X0P7M_A9TR)                0.27      0.20 *     1.52 r                   0.90
  n49093 (net)                     2                   0.00       1.52 r                   
  U49276/Y (AOI22_X0P7M_A9TR)                0.27      0.16 *     1.69 f                   0.90
  n49058 (net)                     2                   0.00       1.69 f                   
  U49393/Y (AOI22_X0P5M_A9TR)                0.27      0.23 *     1.92 r                   0.90
  n49079 (net)                     2                   0.00       1.92 r                   
  U49394/Y (OAI22_X0P7M_A9TR)                0.18      0.18 *     2.10 f                   0.90
  n50269 (net)                     4                   0.00       2.10 f                   
  U49395/Y (INV_X0P7M_A9TR)                  0.28      0.22 *     2.32 r                   0.90
  n55049 (net)                     3                   0.00       2.32 r                   
  U49819/Y (OAI22_X0P7M_A9TR)                0.11      0.14 *     2.46 f                   0.90
  n49481 (net)                     2                   0.00       2.46 f                   
  U49820/Y (INV_X0P7M_A9TR)                  0.18      0.14 *     2.60 r                   0.90
  n49876 (net)                     2                   0.00       2.60 r                   
  U51601/Y (OAI22_X0P7M_A9TR)                0.23      0.16 *     2.76 f                   0.90
  n62283 (net)                     3                   0.00       2.76 f                   
  U56657/Y (AOI22_X1M_A9TR)                  0.46      0.35 *     3.12 r                   0.90
  n76836 (net)                     4                   0.00       3.12 r                   
  U72601/Y (AOI22_X1M_A9TR)                  0.35      0.28 *     3.39 f                   0.90
  n73474 (net)                     3                   0.00       3.39 f                   
  U83441/Y (AOI22_X0P7M_A9TR)                0.28      0.28 *     3.67 r                   0.90
  n93255 (net)                     2                   0.00       3.67 r                   
  U83442/Y (NOR2_X0P5B_A9TR)                 0.11      0.12 *     3.80 f                   0.90
  n2133 (net)                      1                   0.00       3.80 f                   
  shifted_reg_2133_/D (DFFQ_X0P5M_A9TR)      0.11      0.00 *     3.80 f                   0.90
  data arrival time                                               3.80                     

  clock CLK (rise edge)                               10.00      10.00                     
  clock network delay (ideal)                          0.00      10.00                     
  shifted_reg_2133_/CK (DFFQ_X0P5M_A9TR)               0.00      10.00 r                   
  library setup time                                  -0.07       9.93                     
  data required time                                              9.93                     
  ------------------------------------------------------------------------------------------------------
  data required time                                              9.93                     
  data arrival time                                              -3.80                     
  ------------------------------------------------------------------------------------------------------
  slack (MET)                                                     6.13                     


  Startpoint: shift_amount[0]
              (input port clocked by CLK)
  Endpoint: shifted_reg_597_
            (rising edge-triggered flip-flop clocked by CLK)
  Scenario: mode_norm.OC_rvt_ss_0p900v_125c
  Path Group: REGIN
  Path Type: max

Attributes:
    d - dont_touch
    u - dont_use
   mo - map_only
   so - size_only
    i - ideal_net or ideal_network
  inf - infeasible path

  Point                         Fanout     Trans      Incr       Path      Attributes     Voltage
  -----------------------------------------------------------------------------------------------------
  clock CLK (rise edge)                               0.00       0.00                     
  clock network delay (ideal)                         0.00       0.00                     
  input external delay                                0.00       0.00 r                   
  shift_amount[0] (in)                      0.03      0.01       0.01 r                   
  shift_amount[0] (net)           1                   0.00       0.01 r                   
  U49027/Y (BUF_X2P5M_A9TR)                 0.71      0.42 *     0.43 r                   0.90
  n98797 (net)                   98                   0.00       0.43 r                   
  U49038/Y (BUF_X1P4B_A9TR)                 0.68      0.57 *     1.00 r                   0.90
  n98808 (net)                   96                   0.00       1.00 r                   
  U49058/Y (BUF_X1M_A9TR)                   0.14      0.21 *     1.21 r                   0.90
  n98824 (net)                   20                   0.00       1.21 r                   
  U49059/Y (INV_X0P7M_A9TR)                 0.11      0.12 *     1.33 f                   0.90
  n98825 (net)                   19                   0.00       1.33 f                   
  U49272/Y (AOI22_X0P7M_A9TR)               0.27      0.20 *     1.52 r                   0.90
  n49093 (net)                    2                   0.00       1.52 r                   
  U49276/Y (AOI22_X0P7M_A9TR)               0.27      0.16 *     1.69 f                   0.90
  n49058 (net)                    2                   0.00       1.69 f                   
  U49393/Y (AOI22_X0P5M_A9TR)               0.27      0.23 *     1.92 r                   0.90
  n49079 (net)                    2                   0.00       1.92 r                   
  U49394/Y (OAI22_X0P7M_A9TR)               0.18      0.18 *     2.10 f                   0.90
  n50269 (net)                    4                   0.00       2.10 f                   
  U49395/Y (INV_X0P7M_A9TR)                 0.28      0.22 *     2.32 r                   0.90
  n55049 (net)                    3                   0.00       2.32 r                   
  U49819/Y (OAI22_X0P7M_A9TR)               0.11      0.14 *     2.46 f                   0.90
  n49481 (net)                    2                   0.00       2.46 f                   
  U49820/Y (INV_X0P7M_A9TR)                 0.18      0.14 *     2.60 r                   0.90
  n49876 (net)                    2                   0.00       2.60 r                   
  U51601/Y (OAI22_X0P7M_A9TR)               0.23      0.16 *     2.76 f                   0.90
  n62283 (net)                    3                   0.00       2.76 f                   
  U56657/Y (AOI22_X1M_A9TR)                 0.46      0.35 *     3.12 r                   0.90
  n76836 (net)                    4                   0.00       3.12 r                   
  U69383/Y (OAI22_X0P7M_A9TR)               0.31      0.31 *     3.43 f                   0.90
  n88175 (net)                    2                   0.00       3.43 f                   
  U96722/Y (AOI22_X0P5M_A9TR)               0.16      0.18 *     3.61 r                   0.90
  n88179 (net)                    1                   0.00       3.61 r                   
  U96725/Y (OAI211_X0P7M_A9TR)              0.20      0.14 *     3.75 f                   0.90
  n597 (net)                      1                   0.00       3.75 f                   
  shifted_reg_597_/D (DFFQ_X0P5M_A9TR)      0.20      0.00 *     3.75 f                   0.90
  data arrival time                                              3.75                     

  clock CLK (rise edge)                              10.00      10.00                     
  clock network delay (ideal)                         0.00      10.00                     
  shifted_reg_597_/CK (DFFQ_X0P5M_A9TR)               0.00      10.00 r                   
  library setup time                                 -0.10       9.90                     
  data required time                                             9.90                     
  -----------------------------------------------------------------------------------------------------
  data required time                                             9.90                     
  data arrival time                                             -3.75                     
  -----------------------------------------------------------------------------------------------------
  slack (MET)                                                    6.14                     


  Startpoint: shifted_reg_26_
              (rising edge-triggered flip-flop clocked by CLK)
  Endpoint: out[26] (output port clocked by CLK)
  Scenario: mode_norm.OC_rvt_ss_0p900v_125c
  Path Group: REGOUT
  Path Type: max

Attributes:
    d - dont_touch
    u - dont_use
   mo - map_only
   so - size_only
    i - ideal_net or ideal_network
  inf - infeasible path

  Point                         Fanout     Trans      Incr       Path      Attributes     Voltage
  -----------------------------------------------------------------------------------------------------
  clock CLK (rise edge)                               0.00       0.00                     
  clock network delay (ideal)                         0.00       0.00                     
  shifted_reg_26_/CK (DFFQ_X0P5M_A9TR)      0.00      0.00       0.00 r                   0.90
  shifted_reg_26_/Q (DFFQ_X0P5M_A9TR)       0.36      0.29       0.29 r                   0.90
  out[26] (net)                   1                   0.00       0.29 r                   
  out[26] (out)                             0.36      0.01 *     0.30 r                   
  data arrival time                                              0.30                     

  clock CLK (rise edge)                              10.00      10.00                     
  clock network delay (ideal)                         0.00      10.00                     
  output external delay                               0.00      10.00                     
  data required time                                            10.00                     
  -----------------------------------------------------------------------------------------------------
  data required time                                            10.00                     
  data arrival time                                             -0.30                     
  -----------------------------------------------------------------------------------------------------
  slack (MET)                                                    9.70                     


  Startpoint: shifted_reg_1_
              (rising edge-triggered flip-flop clocked by CLK)
  Endpoint: out[1] (output port clocked by CLK)
  Scenario: mode_norm.OC_rvt_ss_0p900v_125c
  Path Group: REGOUT
  Path Type: max

Attributes:
    d - dont_touch
    u - dont_use
   mo - map_only
   so - size_only
    i - ideal_net or ideal_network
  inf - infeasible path

  Point                        Fanout     Trans      Incr       Path      Attributes     Voltage
  ----------------------------------------------------------------------------------------------------
  clock CLK (rise edge)                              0.00       0.00                     
  clock network delay (ideal)                        0.00       0.00                     
  shifted_reg_1_/CK (DFFQ_X0P5M_A9TR)      0.00      0.00       0.00 r                   0.90
  shifted_reg_1_/Q (DFFQ_X0P5M_A9TR)       0.31      0.27       0.27 r                   0.90
  out[1] (net)                   1                   0.00       0.27 r                   
  out[1] (out)                             0.31      0.00 *     0.27 r                   
  data arrival time                                             0.27                     

  clock CLK (rise edge)                             10.00      10.00                     
  clock network delay (ideal)                        0.00      10.00                     
  output external delay                              0.00      10.00                     
  data required time                                           10.00                     
  ----------------------------------------------------------------------------------------------------
  data required time                                           10.00                     
  data arrival time                                            -0.27                     
  ----------------------------------------------------------------------------------------------------
  slack (MET)                                                   9.73                     


  Startpoint: shifted_reg_490_
              (rising edge-triggered flip-flop clocked by CLK)
  Endpoint: out[490] (output port clocked by CLK)
  Scenario: mode_norm.OC_rvt_ss_0p900v_125c
  Path Group: REGOUT
  Path Type: max

Attributes:
    d - dont_touch
    u - dont_use
   mo - map_only
   so - size_only
    i - ideal_net or ideal_network
  inf - infeasible path

  Point                          Fanout     Trans      Incr       Path      Attributes     Voltage
  ------------------------------------------------------------------------------------------------------
  clock CLK (rise edge)                                0.00       0.00                     
  clock network delay (ideal)                          0.00       0.00                     
  shifted_reg_490_/CK (DFFQ_X0P5M_A9TR)      0.00      0.00       0.00 r                   0.90
  shifted_reg_490_/Q (DFFQ_X0P5M_A9TR)       0.31      0.26       0.26 r                   0.90
  out[490] (net)                   1                   0.00       0.26 r                   
  out[490] (out)                             0.31      0.00 *     0.27 r                   
  data arrival time                                               0.27                     

  clock CLK (rise edge)                               10.00      10.00                     
  clock network delay (ideal)                          0.00      10.00                     
  output external delay                                0.00      10.00                     
  data required time                                             10.00                     
  ------------------------------------------------------------------------------------------------------
  data required time                                             10.00                     
  data arrival time                                              -0.27                     
  ------------------------------------------------------------------------------------------------------
  slack (MET)                                                     9.73                     


  Startpoint: shifted_reg_257_
              (rising edge-triggered flip-flop clocked by CLK)
  Endpoint: out[257] (output port clocked by CLK)
  Scenario: mode_norm.OC_rvt_ss_0p900v_125c
  Path Group: REGOUT
  Path Type: max

Attributes:
    d - dont_touch
    u - dont_use
   mo - map_only
   so - size_only
    i - ideal_net or ideal_network
  inf - infeasible path

  Point                          Fanout     Trans      Incr       Path      Attributes     Voltage
  ------------------------------------------------------------------------------------------------------
  clock CLK (rise edge)                                0.00       0.00                     
  clock network delay (ideal)                          0.00       0.00                     
  shifted_reg_257_/CK (DFFQ_X0P5M_A9TR)      0.00      0.00       0.00 r                   0.90
  shifted_reg_257_/Q (DFFQ_X0P5M_A9TR)       0.31      0.26       0.26 r                   0.90
  out[257] (net)                   1                   0.00       0.26 r                   
  out[257] (out)                             0.31      0.00 *     0.27 r                   
  data arrival time                                               0.27                     

  clock CLK (rise edge)                               10.00      10.00                     
  clock network delay (ideal)                          0.00      10.00                     
  output external delay                                0.00      10.00                     
  data required time                                             10.00                     
  ------------------------------------------------------------------------------------------------------
  data required time                                             10.00                     
  data arrival time                                              -0.27                     
  ------------------------------------------------------------------------------------------------------
  slack (MET)                                                     9.73                     


  Startpoint: shifted_reg_57_
              (rising edge-triggered flip-flop clocked by CLK)
  Endpoint: out[57] (output port clocked by CLK)
  Scenario: mode_norm.OC_rvt_ss_0p900v_125c
  Path Group: REGOUT
  Path Type: max

Attributes:
    d - dont_touch
    u - dont_use
   mo - map_only
   so - size_only
    i - ideal_net or ideal_network
  inf - infeasible path

  Point                         Fanout     Trans      Incr       Path      Attributes     Voltage
  -----------------------------------------------------------------------------------------------------
  clock CLK (rise edge)                               0.00       0.00                     
  clock network delay (ideal)                         0.00       0.00                     
  shifted_reg_57_/CK (DFFQ_X0P5M_A9TR)      0.00      0.00       0.00 r                   0.90
  shifted_reg_57_/Q (DFFQ_X0P5M_A9TR)       0.31      0.26       0.26 r                   0.90
  out[57] (net)                   1                   0.00       0.26 r                   
  out[57] (out)                             0.31      0.00 *     0.27 r                   
  data arrival time                                              0.27                     

  clock CLK (rise edge)                              10.00      10.00                     
  clock network delay (ideal)                         0.00      10.00                     
  output external delay                               0.00      10.00                     
  data required time                                            10.00                     
  -----------------------------------------------------------------------------------------------------
  data required time                                            10.00                     
  data arrival time                                             -0.27                     
  -----------------------------------------------------------------------------------------------------
  slack (MET)                                                    9.73                     


  Startpoint: shifted_reg_59_
              (rising edge-triggered flip-flop clocked by CLK)
  Endpoint: out[59] (output port clocked by CLK)
  Scenario: mode_norm.OC_rvt_ss_0p900v_125c
  Path Group: REGOUT
  Path Type: max

Attributes:
    d - dont_touch
    u - dont_use
   mo - map_only
   so - size_only
    i - ideal_net or ideal_network
  inf - infeasible path

  Point                         Fanout     Trans      Incr       Path      Attributes     Voltage
  -----------------------------------------------------------------------------------------------------
  clock CLK (rise edge)                               0.00       0.00                     
  clock network delay (ideal)                         0.00       0.00                     
  shifted_reg_59_/CK (DFFQ_X0P5M_A9TR)      0.00      0.00       0.00 r                   0.90
  shifted_reg_59_/Q (DFFQ_X0P5M_A9TR)       0.31      0.26       0.26 r                   0.90
  out[59] (net)                   1                   0.00       0.26 r                   
  out[59] (out)                             0.31      0.00 *     0.27 r                   
  data arrival time                                              0.27                     

  clock CLK (rise edge)                              10.00      10.00                     
  clock network delay (ideal)                         0.00      10.00                     
  output external delay                               0.00      10.00                     
  data required time                                            10.00                     
  -----------------------------------------------------------------------------------------------------
  data required time                                            10.00                     
  data arrival time                                             -0.27                     
  -----------------------------------------------------------------------------------------------------
  slack (MET)                                                    9.73                     


  Startpoint: shifted_reg_58_
              (rising edge-triggered flip-flop clocked by CLK)
  Endpoint: out[58] (output port clocked by CLK)
  Scenario: mode_norm.OC_rvt_ss_0p900v_125c
  Path Group: REGOUT
  Path Type: max

Attributes:
    d - dont_touch
    u - dont_use
   mo - map_only
   so - size_only
    i - ideal_net or ideal_network
  inf - infeasible path

  Point                         Fanout     Trans      Incr       Path      Attributes     Voltage
  -----------------------------------------------------------------------------------------------------
  clock CLK (rise edge)                               0.00       0.00                     
  clock network delay (ideal)                         0.00       0.00                     
  shifted_reg_58_/CK (DFFQ_X0P5M_A9TR)      0.00      0.00       0.00 r                   0.90
  shifted_reg_58_/Q (DFFQ_X0P5M_A9TR)       0.30      0.26       0.26 r                   0.90
  out[58] (net)                   1                   0.00       0.26 r                   
  out[58] (out)                             0.30      0.00 *     0.27 r                   
  data arrival time                                              0.27                     

  clock CLK (rise edge)                              10.00      10.00                     
  clock network delay (ideal)                         0.00      10.00                     
  output external delay                               0.00      10.00                     
  data required time                                            10.00                     
  -----------------------------------------------------------------------------------------------------
  data required time                                            10.00                     
  data arrival time                                             -0.27                     
  -----------------------------------------------------------------------------------------------------
  slack (MET)                                                    9.73                     


  Startpoint: shifted_reg_56_
              (rising edge-triggered flip-flop clocked by CLK)
  Endpoint: out[56] (output port clocked by CLK)
  Scenario: mode_norm.OC_rvt_ss_0p900v_125c
  Path Group: REGOUT
  Path Type: max

Attributes:
    d - dont_touch
    u - dont_use
   mo - map_only
   so - size_only
    i - ideal_net or ideal_network
  inf - infeasible path

  Point                         Fanout     Trans      Incr       Path      Attributes     Voltage
  -----------------------------------------------------------------------------------------------------
  clock CLK (rise edge)                               0.00       0.00                     
  clock network delay (ideal)                         0.00       0.00                     
  shifted_reg_56_/CK (DFFQ_X0P5M_A9TR)      0.00      0.00       0.00 r                   0.90
  shifted_reg_56_/Q (DFFQ_X0P5M_A9TR)       0.30      0.26       0.26 r                   0.90
  out[56] (net)                   1                   0.00       0.26 r                   
  out[56] (out)                             0.30      0.00 *     0.26 r                   
  data arrival time                                              0.26                     

  clock CLK (rise edge)                              10.00      10.00                     
  clock network delay (ideal)                         0.00      10.00                     
  output external delay                               0.00      10.00                     
  data required time                                            10.00                     
  -----------------------------------------------------------------------------------------------------
  data required time                                            10.00                     
  data arrival time                                             -0.26                     
  -----------------------------------------------------------------------------------------------------
  slack (MET)                                                    9.74                     


  Startpoint: shifted_reg_60_
              (rising edge-triggered flip-flop clocked by CLK)
  Endpoint: out[60] (output port clocked by CLK)
  Scenario: mode_norm.OC_rvt_ss_0p900v_125c
  Path Group: REGOUT
  Path Type: max

Attributes:
    d - dont_touch
    u - dont_use
   mo - map_only
   so - size_only
    i - ideal_net or ideal_network
  inf - infeasible path

  Point                         Fanout     Trans      Incr       Path      Attributes     Voltage
  -----------------------------------------------------------------------------------------------------
  clock CLK (rise edge)                               0.00       0.00                     
  clock network delay (ideal)                         0.00       0.00                     
  shifted_reg_60_/CK (DFFQ_X0P5M_A9TR)      0.00      0.00       0.00 r                   0.90
  shifted_reg_60_/Q (DFFQ_X0P5M_A9TR)       0.30      0.26       0.26 r                   0.90
  out[60] (net)                   1                   0.00       0.26 r                   
  out[60] (out)                             0.30      0.00 *     0.26 r                   
  data arrival time                                              0.26                     

  clock CLK (rise edge)                              10.00      10.00                     
  clock network delay (ideal)                         0.00      10.00                     
  output external delay                               0.00      10.00                     
  data required time                                            10.00                     
  -----------------------------------------------------------------------------------------------------
  data required time                                            10.00                     
  data arrival time                                             -0.26                     
  -----------------------------------------------------------------------------------------------------
  slack (MET)                                                    9.74                     


  Startpoint: shifted_reg_768_
              (rising edge-triggered flip-flop clocked by CLK)
  Endpoint: out[768] (output port clocked by CLK)
  Scenario: mode_norm.OC_rvt_ss_0p900v_125c
  Path Group: REGOUT
  Path Type: max

Attributes:
    d - dont_touch
    u - dont_use
   mo - map_only
   so - size_only
    i - ideal_net or ideal_network
  inf - infeasible path

  Point                          Fanout     Trans      Incr       Path      Attributes     Voltage
  ------------------------------------------------------------------------------------------------------
  clock CLK (rise edge)                                0.00       0.00                     
  clock network delay (ideal)                          0.00       0.00                     
  shifted_reg_768_/CK (DFFQ_X0P5M_A9TR)      0.00      0.00       0.00 r                   0.90
  shifted_reg_768_/Q (DFFQ_X0P5M_A9TR)       0.30      0.26       0.26 r                   0.90
  out[768] (net)                   1                   0.00       0.26 r                   
  out[768] (out)                             0.30      0.00 *     0.26 r                   
  data arrival time                                               0.26                     

  clock CLK (rise edge)                               10.00      10.00                     
  clock network delay (ideal)                          0.00      10.00                     
  output external delay                                0.00      10.00                     
  data required time                                             10.00                     
  ------------------------------------------------------------------------------------------------------
  data required time                                             10.00                     
  data arrival time                                              -0.26                     
  ------------------------------------------------------------------------------------------------------
  slack (MET)                                                     9.74                     


1
