 
****************************************
Report : area
Design : VX_barrel_shifter
Version: V-2023.12-SP5-3
Date   : Thu May 21 23:33:37 2026
****************************************

Library(s) Used:

    sc9_cmos28lpp_base_rvt_ss_nominal_max_0p900v_125c_sadhm (File: /tool/PDK/Samsung/LN28LPP_202203/PRIMITIVES/RVT/ln28lpp_sc_9t_base_rvt_c130_V1.00d/FE-Common/LIBERTY/sc9_cmos28lpp_base_rvt_ss_nominal_max_0p900v_125c_sadhm.db)

Number of ports:                         8226
Number of nets:                         61054
Number of cells:                        56929
Number of combinational cells:          52822
Number of sequential cells:              4101
Number of macros/black boxes:               0
Number of buf/inv:                       6437
Number of references:                      81

Combinational area:              35029.917826
Buf/Inv area:                     2572.830028
Noncombinational area:            8634.950781
Macro/Black Box area:                0.000000
Net Interconnect area:      undefined  (No wire load specified)

Total cell area:                 43664.868607
Total area:                 undefined

Core Area:                     74198
Aspect Ratio:                 1.0022
Utilization Ratio:            0.5885


The above information was reported from the logical library. The following are from the physical library:

  Total moveable cell area: 43664.9
  Total fixed cell area: 0.0
  Total physical cell area: 43664.9
 Core area: 0.000, 0.000, 272.090, 272.700

Hierarchical area distribution
------------------------------

                                  Global cell area            Local cell area
                                  -------------------  ----------------------------- 
Hierarchical cell                 Absolute    Percent  Combi-      Noncombi-  Black-
                                  Total       Total    national    national   boxes   Design
--------------------------------  ----------  -------  ----------  ---------  ------  ----------------------------------------
VX_barrel_shifter                 43664.8686    100.0  35029.9178  8626.1758  0.0000  VX_barrel_shifter
clk_gate_shifted_reg                  1.7550      0.0      0.0000     1.7550  0.0000  SNPS_CLOCK_GATE_HIGH_VX_barrel_shifter_0
clk_gate_shifted_reg_0                1.7550      0.0      0.0000     1.7550  0.0000  SNPS_CLOCK_GATE_HIGH_VX_barrel_shifter_4
clk_gate_shifted_reg_1                1.7550      0.0      0.0000     1.7550  0.0000  SNPS_CLOCK_GATE_HIGH_VX_barrel_shifter_3
clk_gate_shifted_reg_2                1.7550      0.0      0.0000     1.7550  0.0000  SNPS_CLOCK_GATE_HIGH_VX_barrel_shifter_2
clk_gate_shifted_reg_3                1.7550      0.0      0.0000     1.7550  0.0000  SNPS_CLOCK_GATE_HIGH_VX_barrel_shifter_1
--------------------------------  ----------  -------  ----------  ---------  ------  ----------------------------------------
Total                                                  35029.9178  8634.9508  0.0000

1
