Information: Propagating switching activity (high effort zero delay simulation). (PWR-6)
Warning: Design has unannotated primary inputs. (PWR-414)
Warning: Design has unannotated sequential cell outputs. (PWR-415)
 
****************************************
Report : power
        -hier
        -analysis_effort high
        -verbose
Design : VX_mem_switch__75b62e8c178f
Scenario(s): mode_norm.OC_rvt_ss_0p900v_125c
Version: V-2023.12-SP5-3
Date   : Tue Jul 21 07:43:13 2026
****************************************


Library(s) Used:

    sc9_cmos28lpp_base_rvt_ss_nominal_max_0p900v_125c_sadhm (File: /tool/PDK/Samsung/LN28LPP_202203/PRIMITIVES/RVT/ln28lpp_sc_9t_base_rvt_c130_V1.00d/FE-Common/LIBERTY/sc9_cmos28lpp_base_rvt_ss_nominal_max_0p900v_125c_sadhm.db)


Global Operating Voltage = 0.9  
Power-specific unit information :
    Voltage Units = 1V
    Capacitance Units = 1.000000pf
    Time Units = 1ns
    Dynamic Power Units = 1mW    (derived from V,C,T units)
    Leakage Power Units = 1uW


--------------------------------------------------------------------------------
                                       Switch   Int      Leak     Total
Hierarchy                              Power    Power    Power    Power    %
--------------------------------------------------------------------------------
VX_mem_switch__75b62e8c178f               0.369    0.668  148.363    1.185 100.0
  rsp_arb (VX_stream_arb_5)               0.294    0.631  115.177    1.040  87.8
    g_input_select_g_arbiter_g_out_buf_3__out_buf (VX_elastic_buffer_520_2_0_0_0) 3.52e-02    0.123   24.177    0.183  15.4
      g_eb2_out_buf (VX_pipe_buffer_17_0) 1.36e-02 4.01e-03    3.493 2.11e-02   1.8
      g_eb2_stream_buffer (VX_stream_buffer_520_0_0) 2.17e-02    0.119   20.684    0.162  13.6
    g_input_select_g_arbiter_g_out_buf_2__out_buf (VX_elastic_buffer_520_2_0_0_1) 3.72e-02    0.126   24.165    0.187  15.8
      g_eb2_out_buf (VX_pipe_buffer_17_1) 1.52e-02 4.29e-03    3.493 2.30e-02   1.9
      g_eb2_stream_buffer (VX_stream_buffer_520_0_1) 2.19e-02    0.122   20.672    0.164  13.8
    g_input_select_g_arbiter_g_out_buf_1__out_buf (VX_elastic_buffer_520_2_0_0_2) 3.73e-02    0.123   24.160    0.185  15.6
      g_eb2_out_buf (VX_pipe_buffer_17_2) 1.52e-02 4.10e-03    3.493 2.28e-02   1.9
      g_eb2_stream_buffer (VX_stream_buffer_520_0_2) 2.21e-02    0.119   20.667    0.162  13.7
    g_input_select_g_arbiter_g_out_buf_0__out_buf (VX_elastic_buffer_520_2_0_0_3) 3.27e-02    0.129   24.164    0.186  15.7
      g_eb2_out_buf (VX_pipe_buffer_17_3) 9.80e-03 4.26e-03    3.493 1.75e-02   1.5
      g_eb2_stream_buffer (VX_stream_buffer_520_0_3) 2.29e-02    0.125   20.670    0.168  14.2
    g_input_select_g_arbiter_arbiter (VX_generic_arbiter_2) 1.73e-03 1.20e-03 9.48e-02 3.02e-03   0.3
      g_round_robin_rr_arbiter (VX_rr_arbiter_1) 1.34e-03 1.13e-03 8.81e-02 2.56e-03   0.2
        g_model1_onehot_encoder (VX_onehot_encoder_2) 3.98e-05 1.12e-04 1.20e-02 1.64e-04   0.0
  req_switch (VX_stream_switch_2)      7.54e-02 3.66e-02   33.186    0.145  12.2
    g_out_buf_7__out_buf (VX_elastic_buffer_10_0) 1.14e-02 4.56e-03    4.137 2.01e-02   1.7
    g_out_buf_6__out_buf (VX_elastic_buffer_10_1) 8.24e-03 4.55e-03    4.137 1.69e-02   1.4
    g_out_buf_5__out_buf (VX_elastic_buffer_10_2) 1.09e-02 4.56e-03    4.137 1.96e-02   1.7
    g_out_buf_4__out_buf (VX_elastic_buffer_10_3) 1.04e-02 4.56e-03    4.137 1.91e-02   1.6
    g_out_buf_3__out_buf (VX_elastic_buffer_10_4) 1.00e-02 4.56e-03    4.137 1.87e-02   1.6
    g_out_buf_2__out_buf (VX_elastic_buffer_10_5) 9.90e-03 4.56e-03    4.137 1.86e-02   1.6
    g_out_buf_1__out_buf (VX_elastic_buffer_10_6) 7.46e-03 4.54e-03    4.137 1.61e-02   1.4
    g_out_buf_0__out_buf (VX_elastic_buffer_10_7) 6.86e-03 4.54e-03    4.137 1.55e-02   1.3
1
