 
****************************************
Report : area
Design : VX_local_mem_top
Version: V-2023.12-SP5-3
Date   : Mon May 11 16:22:02 2026
****************************************

Library(s) Used:

    sc9_cmos28lpp_base_rvt_ss_nominal_max_0p900v_125c_sadhm (File: /tool/PDK/Samsung/LN28LPP_202203/PRIMITIVES/RVT/ln28lpp_sc_9t_base_rvt_c130_V1.00d/FE-Common/LIBERTY/sc9_cmos28lpp_base_rvt_ss_nominal_max_0p900v_125c_sadhm.db)
    USERLIB_ss_0p900v_0p900v_125c (File: /home/data/memory_compiler/28LPP/genSEC/cmos28lpp_ra1w_hd_8192x64m16/cmos28lpp_ra1w_hd_8192x64m16_ss_0p900v_0p900v_125c.db)

Number of ports:                        35160
Number of nets:                         50215
Number of cells:                        16230
Number of combinational cells:          12631
Number of sequential cells:              3304
Number of macros/black boxes:               8
Number of buf/inv:                       2743
Number of references:                       2

Combinational area:               8445.879125
Buf/Inv area:                     1238.327992
Noncombinational area:            6944.183825
Macro/Black Box area:           824347.125000
Net Interconnect area:      undefined  (No wire load specified)

Total cell area:                839737.187950
Total area:                 undefined

Core Area:                     47735
Aspect Ratio:                 1.0020
Utilization Ratio:            0.4410


The above information was reported from the logical library. The following are from the physical library:

  Total moveable cell area: 27545.6
  Total fixed cell area: 0.0
  Total physical cell area: 27545.6
 Core area: 0.000, 0.000, 218.270, 218.700

Hierarchical area distribution
------------------------------

                                  Global cell area               Local cell area
                                  --------------------  --------------------------------- 
Hierarchical cell                 Absolute     Percent  Combi-     Noncombi-  Black-
                                  Total        Total    national   national   boxes        Design
--------------------------------  -----------  -------  ---------  ---------  -----------  -------------------------------------------------------------------------------
VX_local_mem_top                  839737.1880    100.0     7.4880     0.0000       0.0000  VX_local_mem_top
local_mem                         839729.7000    100.0   160.9920   235.8720       0.0000  VX_local_mem_I_mem_bus_if_VX_mem_bus_if__DATA_SIZE_8_TAG_WIDTH_16_ADDR_WIDTH_16
local_mem/g_data_store_0__bram_buf     46.9170     0.0     1.5210     0.0000       0.0000  VX_pipe_buffer_9
local_mem/g_data_store_0__bram_buf/g_register_g_pipe_regs_0__pipe_register     45.3960     0.0    0.0000    0.0000      0.0000 VX_pipe_register_1_7
local_mem/g_data_store_0__bram_buf/g_register_g_pipe_regs_0__pipe_register/g_shift_register     45.3960     0.0    1.5210   42.1200      0.0000 VX_shift_register_20_1_1_0_7
local_mem/g_data_store_0__bram_buf/g_register_g_pipe_regs_0__pipe_register/g_shift_register/clk_gate_g_shift_pipe_reg_0_      1.7550     0.0    0.0000    1.7550      0.0000 SNPS_CLOCK_GATE_HIGH_VX_shift_register_20_1_1_0_0_7
local_mem/g_data_store_0__lmem_store 103049.8256    12.3    0.0000    0.0000       0.0000  VX_sp_ram_7
local_mem/g_data_store_0__lmem_store/g_compiled_u_compiled 103049.8256    12.3    6.4350    0.0000 103043.3906 VX_sp_ram_compiled_7
local_mem/g_data_store_1__bram_buf     47.3850     0.0     1.9890     0.0000       0.0000  VX_pipe_buffer_8
local_mem/g_data_store_1__bram_buf/g_register_g_pipe_regs_0__pipe_register     45.3960     0.0    0.0000    0.0000      0.0000 VX_pipe_register_1_6
local_mem/g_data_store_1__bram_buf/g_register_g_pipe_regs_0__pipe_register/g_shift_register     45.3960     0.0    1.5210   42.1200      0.0000 VX_shift_register_20_1_1_0_6
local_mem/g_data_store_1__bram_buf/g_register_g_pipe_regs_0__pipe_register/g_shift_register/clk_gate_g_shift_pipe_reg_0_      1.7550     0.0    0.0000    1.7550      0.0000 SNPS_CLOCK_GATE_HIGH_VX_shift_register_20_1_1_0_0_6
local_mem/g_data_store_1__lmem_store 103048.6556    12.3    0.0000    0.0000       0.0000  VX_sp_ram_6
local_mem/g_data_store_1__lmem_store/g_compiled_u_compiled 103048.6556    12.3    5.2650    0.0000 103043.3906 VX_sp_ram_compiled_6
local_mem/g_data_store_2__bram_buf     47.3850     0.0     1.9890     0.0000       0.0000  VX_pipe_buffer_7
local_mem/g_data_store_2__bram_buf/g_register_g_pipe_regs_0__pipe_register     45.3960     0.0    0.0000    0.0000      0.0000 VX_pipe_register_1_5
local_mem/g_data_store_2__bram_buf/g_register_g_pipe_regs_0__pipe_register/g_shift_register     45.3960     0.0    1.5210   42.1200      0.0000 VX_shift_register_20_1_1_0_5
local_mem/g_data_store_2__bram_buf/g_register_g_pipe_regs_0__pipe_register/g_shift_register/clk_gate_g_shift_pipe_reg_0_      1.7550     0.0    0.0000    1.7550      0.0000 SNPS_CLOCK_GATE_HIGH_VX_shift_register_20_1_1_0_0_5
local_mem/g_data_store_2__lmem_store 103048.8896    12.3    0.0000    0.0000       0.0000  VX_sp_ram_5
local_mem/g_data_store_2__lmem_store/g_compiled_u_compiled 103048.8896    12.3    5.4990    0.0000 103043.3906 VX_sp_ram_compiled_5
local_mem/g_data_store_3__bram_buf     47.3850     0.0     1.9890     0.0000       0.0000  VX_pipe_buffer_6
local_mem/g_data_store_3__bram_buf/g_register_g_pipe_regs_0__pipe_register     45.3960     0.0    0.0000    0.0000      0.0000 VX_pipe_register_1_4
local_mem/g_data_store_3__bram_buf/g_register_g_pipe_regs_0__pipe_register/g_shift_register     45.3960     0.0    1.5210   42.1200      0.0000 VX_shift_register_20_1_1_0_4
local_mem/g_data_store_3__bram_buf/g_register_g_pipe_regs_0__pipe_register/g_shift_register/clk_gate_g_shift_pipe_reg_0_      1.7550     0.0    0.0000    1.7550      0.0000 SNPS_CLOCK_GATE_HIGH_VX_shift_register_20_1_1_0_0_4
local_mem/g_data_store_3__lmem_store 103048.1876    12.3    0.0000    0.0000       0.0000  VX_sp_ram_4
local_mem/g_data_store_3__lmem_store/g_compiled_u_compiled 103048.1876    12.3    4.7970    0.0000 103043.3906 VX_sp_ram_compiled_4
local_mem/g_data_store_4__bram_buf     47.3850     0.0     1.9890     0.0000       0.0000  VX_pipe_buffer_5
local_mem/g_data_store_4__bram_buf/g_register_g_pipe_regs_0__pipe_register     45.3960     0.0    0.0000    0.0000      0.0000 VX_pipe_register_1_3
local_mem/g_data_store_4__bram_buf/g_register_g_pipe_regs_0__pipe_register/g_shift_register     45.3960     0.0    1.5210   42.1200      0.0000 VX_shift_register_20_1_1_0_3
local_mem/g_data_store_4__bram_buf/g_register_g_pipe_regs_0__pipe_register/g_shift_register/clk_gate_g_shift_pipe_reg_0_      1.7550     0.0    0.0000    1.7550      0.0000 SNPS_CLOCK_GATE_HIGH_VX_shift_register_20_1_1_0_0_3
local_mem/g_data_store_4__lmem_store 103049.5916    12.3    0.0000    0.0000       0.0000  VX_sp_ram_3
local_mem/g_data_store_4__lmem_store/g_compiled_u_compiled 103049.5916    12.3    6.2010    0.0000 103043.3906 VX_sp_ram_compiled_3
local_mem/g_data_store_5__bram_buf     47.3850     0.0     1.9890     0.0000       0.0000  VX_pipe_buffer_4
local_mem/g_data_store_5__bram_buf/g_register_g_pipe_regs_0__pipe_register     45.3960     0.0    0.0000    0.0000      0.0000 VX_pipe_register_1_2
local_mem/g_data_store_5__bram_buf/g_register_g_pipe_regs_0__pipe_register/g_shift_register     45.3960     0.0    1.5210   42.1200      0.0000 VX_shift_register_20_1_1_0_2
local_mem/g_data_store_5__bram_buf/g_register_g_pipe_regs_0__pipe_register/g_shift_register/clk_gate_g_shift_pipe_reg_0_      1.7550     0.0    0.0000    1.7550      0.0000 SNPS_CLOCK_GATE_HIGH_VX_shift_register_20_1_1_0_0_2
local_mem/g_data_store_5__lmem_store 103049.8256    12.3    0.0000    0.0000       0.0000  VX_sp_ram_2
local_mem/g_data_store_5__lmem_store/g_compiled_u_compiled 103049.8256    12.3    6.4350    0.0000 103043.3906 VX_sp_ram_compiled_2
local_mem/g_data_store_6__bram_buf     47.3850     0.0     1.9890     0.0000       0.0000  VX_pipe_buffer_3
local_mem/g_data_store_6__bram_buf/g_register_g_pipe_regs_0__pipe_register     45.3960     0.0    0.0000    0.0000      0.0000 VX_pipe_register_1_1
local_mem/g_data_store_6__bram_buf/g_register_g_pipe_regs_0__pipe_register/g_shift_register     45.3960     0.0    1.5210   42.1200      0.0000 VX_shift_register_20_1_1_0_1
local_mem/g_data_store_6__bram_buf/g_register_g_pipe_regs_0__pipe_register/g_shift_register/clk_gate_g_shift_pipe_reg_0_      1.7550     0.0    0.0000    1.7550      0.0000 SNPS_CLOCK_GATE_HIGH_VX_shift_register_20_1_1_0_0_1
local_mem/g_data_store_6__lmem_store 103048.8896    12.3    0.0000    0.0000       0.0000  VX_sp_ram_1
local_mem/g_data_store_6__lmem_store/g_compiled_u_compiled 103048.8896    12.3    5.4990    0.0000 103043.3906 VX_sp_ram_compiled_1
local_mem/g_data_store_7__bram_buf     47.3850     0.0     1.9890     0.0000       0.0000  VX_pipe_buffer_0
local_mem/g_data_store_7__bram_buf/g_register_g_pipe_regs_0__pipe_register     45.3960     0.0    0.0000    0.0000      0.0000 VX_pipe_register_1_0
local_mem/g_data_store_7__bram_buf/g_register_g_pipe_regs_0__pipe_register/g_shift_register     45.3960     0.0    1.5210   42.1200      0.0000 VX_shift_register_20_1_1_0_0
local_mem/g_data_store_7__bram_buf/g_register_g_pipe_regs_0__pipe_register/g_shift_register/clk_gate_g_shift_pipe_reg_0_      1.7550     0.0    0.0000    1.7550      0.0000 SNPS_CLOCK_GATE_HIGH_VX_shift_register_20_1_1_0_0_0
local_mem/g_data_store_7__lmem_store 103048.4216    12.3    0.0000    0.0000       0.0000  VX_sp_ram_0
local_mem/g_data_store_7__lmem_store/g_compiled_u_compiled 103048.4216    12.3    5.0310    0.0000 103043.3906 VX_sp_ram_compiled_0
local_mem/req_xbar                  8169.7590      1.0    18.7200     0.0000       0.0000  VX_stream_xbar
local_mem/req_xbar/g_multi_inputs_g_multiple_outputs_g_sel_in_demux_0__sel_in_demux      6.4350     0.0    6.4350    0.0000      0.0000 VX_demux_15
local_mem/req_xbar/g_multi_inputs_g_multiple_outputs_g_sel_in_demux_1__sel_in_demux      6.4350     0.0    6.4350    0.0000      0.0000 VX_demux_14
local_mem/req_xbar/g_multi_inputs_g_multiple_outputs_g_sel_in_demux_2__sel_in_demux      6.4350     0.0    6.4350    0.0000      0.0000 VX_demux_13
local_mem/req_xbar/g_multi_inputs_g_multiple_outputs_g_sel_in_demux_3__sel_in_demux      6.4350     0.0    6.4350    0.0000      0.0000 VX_demux_12
local_mem/req_xbar/g_multi_inputs_g_multiple_outputs_g_sel_in_demux_4__sel_in_demux      6.4350     0.0    6.4350    0.0000      0.0000 VX_demux_11
local_mem/req_xbar/g_multi_inputs_g_multiple_outputs_g_sel_in_demux_5__sel_in_demux      6.4350     0.0    6.4350    0.0000      0.0000 VX_demux_10
local_mem/req_xbar/g_multi_inputs_g_multiple_outputs_g_sel_in_demux_6__sel_in_demux      6.4350     0.0    6.4350    0.0000      0.0000 VX_demux_9
local_mem/req_xbar/g_multi_inputs_g_multiple_outputs_g_sel_in_demux_7__sel_in_demux      6.4350     0.0    6.4350    0.0000      0.0000 VX_demux_8
local_mem/req_xbar/g_multi_inputs_g_multiple_outputs_g_xbar_arbs_0__xbar_arb   1008.0720     0.1  385.9830    0.0000      0.0000 VX_stream_arb_8
local_mem/req_xbar/g_multi_inputs_g_multiple_outputs_g_xbar_arbs_0__xbar_arb/g_input_select_g_arbiter_arbiter     13.5720     0.0    0.0000    0.0000      0.0000 VX_generic_arbiter_15
local_mem/req_xbar/g_multi_inputs_g_multiple_outputs_g_xbar_arbs_0__xbar_arb/g_input_select_g_arbiter_arbiter/g_priority_priority_arbiter     13.5720     0.0    0.0000    0.0000      0.0000 VX_priority_arbiter_15
local_mem/req_xbar/g_multi_inputs_g_multiple_outputs_g_xbar_arbs_0__xbar_arb/g_input_select_g_arbiter_arbiter/g_priority_priority_arbiter/g_encoder_grant_sel     13.5720     0.0    7.2540    0.0000      0.0000 VX_priority_encoder_15
local_mem/req_xbar/g_multi_inputs_g_multiple_outputs_g_xbar_arbs_0__xbar_arb/g_input_select_g_arbiter_arbiter/g_priority_priority_arbiter/g_encoder_grant_sel/g_lsb_g_model1_lzc      6.3180     0.0    0.0000    0.0000      0.0000 VX_lzc_15
local_mem/req_xbar/g_multi_inputs_g_multiple_outputs_g_xbar_arbs_0__xbar_arb/g_input_select_g_arbiter_arbiter/g_priority_priority_arbiter/g_encoder_grant_sel/g_lsb_g_model1_lzc/g_lzc_find_first      6.3180     0.0    6.3180    0.0000      0.0000 VX_find_first_8_3_0_15
local_mem/req_xbar/g_multi_inputs_g_multiple_outputs_g_xbar_arbs_0__xbar_arb/g_input_select_g_arbiter_g_out_buf_0__out_buf    608.5170     0.1    0.0000    0.0000      0.0000 VX_elastic_buffer_105_2_1_0_7
local_mem/req_xbar/g_multi_inputs_g_multiple_outputs_g_xbar_arbs_0__xbar_arb/g_input_select_g_arbiter_g_out_buf_0__out_buf/g_eb2_out_buf     50.0760     0.0   50.0760    0.0000      0.0000 VX_pipe_buffer_1_7
local_mem/req_xbar/g_multi_inputs_g_multiple_outputs_g_xbar_arbs_0__xbar_arb/g_input_select_g_arbiter_g_out_buf_0__out_buf/g_eb2_stream_buffer    558.4410     0.1  108.4590  446.4720      0.0000 VX_stream_buffer_105_1_7
local_mem/req_xbar/g_multi_inputs_g_multiple_outputs_g_xbar_arbs_0__xbar_arb/g_input_select_g_arbiter_g_out_buf_0__out_buf/g_eb2_stream_buffer/clk_gate_g_buffer_buffer_r_reg      1.7550     0.0    0.0000    1.7550      0.0000 SNPS_CLOCK_GATE_HIGH_VX_stream_buffer_105_1_0_15
local_mem/req_xbar/g_multi_inputs_g_multiple_outputs_g_xbar_arbs_0__xbar_arb/g_input_select_g_arbiter_g_out_buf_0__out_buf/g_eb2_stream_buffer/clk_gate_g_buffer_data_out_r_reg      1.7550     0.0    0.0000    1.7550      0.0000 SNPS_CLOCK_GATE_HIGH_VX_stream_buffer_105_1_0_14
local_mem/req_xbar/g_multi_inputs_g_multiple_outputs_g_xbar_arbs_1__xbar_arb   1003.3920     0.1  380.1330    0.0000      0.0000 VX_stream_arb_7
local_mem/req_xbar/g_multi_inputs_g_multiple_outputs_g_xbar_arbs_1__xbar_arb/g_input_select_g_arbiter_arbiter     13.5720     0.0    0.0000    0.0000      0.0000 VX_generic_arbiter_14
local_mem/req_xbar/g_multi_inputs_g_multiple_outputs_g_xbar_arbs_1__xbar_arb/g_input_select_g_arbiter_arbiter/g_priority_priority_arbiter     13.5720     0.0    0.0000    0.0000      0.0000 VX_priority_arbiter_14
local_mem/req_xbar/g_multi_inputs_g_multiple_outputs_g_xbar_arbs_1__xbar_arb/g_input_select_g_arbiter_arbiter/g_priority_priority_arbiter/g_encoder_grant_sel     13.5720     0.0    7.2540    0.0000      0.0000 VX_priority_encoder_14
local_mem/req_xbar/g_multi_inputs_g_multiple_outputs_g_xbar_arbs_1__xbar_arb/g_input_select_g_arbiter_arbiter/g_priority_priority_arbiter/g_encoder_grant_sel/g_lsb_g_model1_lzc      6.3180     0.0    0.0000    0.0000      0.0000 VX_lzc_14
local_mem/req_xbar/g_multi_inputs_g_multiple_outputs_g_xbar_arbs_1__xbar_arb/g_input_select_g_arbiter_arbiter/g_priority_priority_arbiter/g_encoder_grant_sel/g_lsb_g_model1_lzc/g_lzc_find_first      6.3180     0.0    6.3180    0.0000      0.0000 VX_find_first_8_3_0_14
local_mem/req_xbar/g_multi_inputs_g_multiple_outputs_g_xbar_arbs_1__xbar_arb/g_input_select_g_arbiter_g_out_buf_0__out_buf    609.6870     0.1    0.0000    0.0000      0.0000 VX_elastic_buffer_105_2_1_0_6
local_mem/req_xbar/g_multi_inputs_g_multiple_outputs_g_xbar_arbs_1__xbar_arb/g_input_select_g_arbiter_g_out_buf_0__out_buf/g_eb2_out_buf     50.0760     0.0   50.0760    0.0000      0.0000 VX_pipe_buffer_1_6
local_mem/req_xbar/g_multi_inputs_g_multiple_outputs_g_xbar_arbs_1__xbar_arb/g_input_select_g_arbiter_g_out_buf_0__out_buf/g_eb2_stream_buffer    559.6110     0.1  109.6290  446.4720      0.0000 VX_stream_buffer_105_1_6
local_mem/req_xbar/g_multi_inputs_g_multiple_outputs_g_xbar_arbs_1__xbar_arb/g_input_select_g_arbiter_g_out_buf_0__out_buf/g_eb2_stream_buffer/clk_gate_g_buffer_buffer_r_reg      1.7550     0.0    0.0000    1.7550      0.0000 SNPS_CLOCK_GATE_HIGH_VX_stream_buffer_105_1_0_13
local_mem/req_xbar/g_multi_inputs_g_multiple_outputs_g_xbar_arbs_1__xbar_arb/g_input_select_g_arbiter_g_out_buf_0__out_buf/g_eb2_stream_buffer/clk_gate_g_buffer_data_out_r_reg      1.7550     0.0    0.0000    1.7550      0.0000 SNPS_CLOCK_GATE_HIGH_VX_stream_buffer_105_1_0_12
local_mem/req_xbar/g_multi_inputs_g_multiple_outputs_g_xbar_arbs_2__xbar_arb   1001.7540     0.1  380.6010    0.0000      0.0000 VX_stream_arb_6
local_mem/req_xbar/g_multi_inputs_g_multiple_outputs_g_xbar_arbs_2__xbar_arb/g_input_select_g_arbiter_arbiter     13.9230     0.0    0.0000    0.0000      0.0000 VX_generic_arbiter_13
local_mem/req_xbar/g_multi_inputs_g_multiple_outputs_g_xbar_arbs_2__xbar_arb/g_input_select_g_arbiter_arbiter/g_priority_priority_arbiter     13.9230     0.0    0.0000    0.0000      0.0000 VX_priority_arbiter_13
local_mem/req_xbar/g_multi_inputs_g_multiple_outputs_g_xbar_arbs_2__xbar_arb/g_input_select_g_arbiter_arbiter/g_priority_priority_arbiter/g_encoder_grant_sel     13.9230     0.0    7.2540    0.0000      0.0000 VX_priority_encoder_13
local_mem/req_xbar/g_multi_inputs_g_multiple_outputs_g_xbar_arbs_2__xbar_arb/g_input_select_g_arbiter_arbiter/g_priority_priority_arbiter/g_encoder_grant_sel/g_lsb_g_model1_lzc      6.6690     0.0    0.0000    0.0000      0.0000 VX_lzc_13
local_mem/req_xbar/g_multi_inputs_g_multiple_outputs_g_xbar_arbs_2__xbar_arb/g_input_select_g_arbiter_arbiter/g_priority_priority_arbiter/g_encoder_grant_sel/g_lsb_g_model1_lzc/g_lzc_find_first      6.6690     0.0    6.6690    0.0000      0.0000 VX_find_first_8_3_0_13
local_mem/req_xbar/g_multi_inputs_g_multiple_outputs_g_xbar_arbs_2__xbar_arb/g_input_select_g_arbiter_g_out_buf_0__out_buf    607.2300     0.1    0.0000    0.0000      0.0000 VX_elastic_buffer_105_2_1_0_5
local_mem/req_xbar/g_multi_inputs_g_multiple_outputs_g_xbar_arbs_2__xbar_arb/g_input_select_g_arbiter_g_out_buf_0__out_buf/g_eb2_out_buf     50.0760     0.0   50.0760    0.0000      0.0000 VX_pipe_buffer_1_5
local_mem/req_xbar/g_multi_inputs_g_multiple_outputs_g_xbar_arbs_2__xbar_arb/g_input_select_g_arbiter_g_out_buf_0__out_buf/g_eb2_stream_buffer    557.1540     0.1  107.1720  446.4720      0.0000 VX_stream_buffer_105_1_5
local_mem/req_xbar/g_multi_inputs_g_multiple_outputs_g_xbar_arbs_2__xbar_arb/g_input_select_g_arbiter_g_out_buf_0__out_buf/g_eb2_stream_buffer/clk_gate_g_buffer_buffer_r_reg      1.7550     0.0    0.0000    1.7550      0.0000 SNPS_CLOCK_GATE_HIGH_VX_stream_buffer_105_1_0_11
local_mem/req_xbar/g_multi_inputs_g_multiple_outputs_g_xbar_arbs_2__xbar_arb/g_input_select_g_arbiter_g_out_buf_0__out_buf/g_eb2_stream_buffer/clk_gate_g_buffer_data_out_r_reg      1.7550     0.0    0.0000    1.7550      0.0000 SNPS_CLOCK_GATE_HIGH_VX_stream_buffer_105_1_0_10
local_mem/req_xbar/g_multi_inputs_g_multiple_outputs_g_xbar_arbs_3__xbar_arb   1003.0410     0.1  380.6010    0.0000      0.0000 VX_stream_arb_5
local_mem/req_xbar/g_multi_inputs_g_multiple_outputs_g_xbar_arbs_3__xbar_arb/g_input_select_g_arbiter_arbiter     13.9230     0.0    0.0000    0.0000      0.0000 VX_generic_arbiter_12
local_mem/req_xbar/g_multi_inputs_g_multiple_outputs_g_xbar_arbs_3__xbar_arb/g_input_select_g_arbiter_arbiter/g_priority_priority_arbiter     13.9230     0.0    0.0000    0.0000      0.0000 VX_priority_arbiter_12
local_mem/req_xbar/g_multi_inputs_g_multiple_outputs_g_xbar_arbs_3__xbar_arb/g_input_select_g_arbiter_arbiter/g_priority_priority_arbiter/g_encoder_grant_sel     13.9230     0.0    7.2540    0.0000      0.0000 VX_priority_encoder_12
local_mem/req_xbar/g_multi_inputs_g_multiple_outputs_g_xbar_arbs_3__xbar_arb/g_input_select_g_arbiter_arbiter/g_priority_priority_arbiter/g_encoder_grant_sel/g_lsb_g_model1_lzc      6.6690     0.0    0.0000    0.0000      0.0000 VX_lzc_12
local_mem/req_xbar/g_multi_inputs_g_multiple_outputs_g_xbar_arbs_3__xbar_arb/g_input_select_g_arbiter_arbiter/g_priority_priority_arbiter/g_encoder_grant_sel/g_lsb_g_model1_lzc/g_lzc_find_first      6.6690     0.0    6.6690    0.0000      0.0000 VX_find_first_8_3_0_12
local_mem/req_xbar/g_multi_inputs_g_multiple_outputs_g_xbar_arbs_3__xbar_arb/g_input_select_g_arbiter_g_out_buf_0__out_buf    608.5170     0.1    0.0000    0.0000      0.0000 VX_elastic_buffer_105_2_1_0_4
local_mem/req_xbar/g_multi_inputs_g_multiple_outputs_g_xbar_arbs_3__xbar_arb/g_input_select_g_arbiter_g_out_buf_0__out_buf/g_eb2_out_buf     50.0760     0.0   50.0760    0.0000      0.0000 VX_pipe_buffer_1_4
local_mem/req_xbar/g_multi_inputs_g_multiple_outputs_g_xbar_arbs_3__xbar_arb/g_input_select_g_arbiter_g_out_buf_0__out_buf/g_eb2_stream_buffer    558.4410     0.1  108.4590  446.4720      0.0000 VX_stream_buffer_105_1_4
local_mem/req_xbar/g_multi_inputs_g_multiple_outputs_g_xbar_arbs_3__xbar_arb/g_input_select_g_arbiter_g_out_buf_0__out_buf/g_eb2_stream_buffer/clk_gate_g_buffer_buffer_r_reg      1.7550     0.0    0.0000    1.7550      0.0000 SNPS_CLOCK_GATE_HIGH_VX_stream_buffer_105_1_0_9
local_mem/req_xbar/g_multi_inputs_g_multiple_outputs_g_xbar_arbs_3__xbar_arb/g_input_select_g_arbiter_g_out_buf_0__out_buf/g_eb2_stream_buffer/clk_gate_g_buffer_data_out_r_reg      1.7550     0.0    0.0000    1.7550      0.0000 SNPS_CLOCK_GATE_HIGH_VX_stream_buffer_105_1_0_8
local_mem/req_xbar/g_multi_inputs_g_multiple_outputs_g_xbar_arbs_4__xbar_arb   1006.2000     0.1  384.2280    0.0000      0.0000 VX_stream_arb_4
local_mem/req_xbar/g_multi_inputs_g_multiple_outputs_g_xbar_arbs_4__xbar_arb/g_input_select_g_arbiter_arbiter     13.9230     0.0    0.0000    0.0000      0.0000 VX_generic_arbiter_11
local_mem/req_xbar/g_multi_inputs_g_multiple_outputs_g_xbar_arbs_4__xbar_arb/g_input_select_g_arbiter_arbiter/g_priority_priority_arbiter     13.9230     0.0    0.0000    0.0000      0.0000 VX_priority_arbiter_11
local_mem/req_xbar/g_multi_inputs_g_multiple_outputs_g_xbar_arbs_4__xbar_arb/g_input_select_g_arbiter_arbiter/g_priority_priority_arbiter/g_encoder_grant_sel     13.9230     0.0    7.2540    0.0000      0.0000 VX_priority_encoder_11
local_mem/req_xbar/g_multi_inputs_g_multiple_outputs_g_xbar_arbs_4__xbar_arb/g_input_select_g_arbiter_arbiter/g_priority_priority_arbiter/g_encoder_grant_sel/g_lsb_g_model1_lzc      6.6690     0.0    0.0000    0.0000      0.0000 VX_lzc_11
local_mem/req_xbar/g_multi_inputs_g_multiple_outputs_g_xbar_arbs_4__xbar_arb/g_input_select_g_arbiter_arbiter/g_priority_priority_arbiter/g_encoder_grant_sel/g_lsb_g_model1_lzc/g_lzc_find_first      6.6690     0.0    6.6690    0.0000      0.0000 VX_find_first_8_3_0_11
local_mem/req_xbar/g_multi_inputs_g_multiple_outputs_g_xbar_arbs_4__xbar_arb/g_input_select_g_arbiter_g_out_buf_0__out_buf    608.0490     0.1    0.0000    0.0000      0.0000 VX_elastic_buffer_105_2_1_0_3
local_mem/req_xbar/g_multi_inputs_g_multiple_outputs_g_xbar_arbs_4__xbar_arb/g_input_select_g_arbiter_g_out_buf_0__out_buf/g_eb2_out_buf     50.0760     0.0   50.0760    0.0000      0.0000 VX_pipe_buffer_1_3
local_mem/req_xbar/g_multi_inputs_g_multiple_outputs_g_xbar_arbs_4__xbar_arb/g_input_select_g_arbiter_g_out_buf_0__out_buf/g_eb2_stream_buffer    557.9730     0.1  107.9910  446.4720      0.0000 VX_stream_buffer_105_1_3
local_mem/req_xbar/g_multi_inputs_g_multiple_outputs_g_xbar_arbs_4__xbar_arb/g_input_select_g_arbiter_g_out_buf_0__out_buf/g_eb2_stream_buffer/clk_gate_g_buffer_buffer_r_reg      1.7550     0.0    0.0000    1.7550      0.0000 SNPS_CLOCK_GATE_HIGH_VX_stream_buffer_105_1_0_7
local_mem/req_xbar/g_multi_inputs_g_multiple_outputs_g_xbar_arbs_4__xbar_arb/g_input_select_g_arbiter_g_out_buf_0__out_buf/g_eb2_stream_buffer/clk_gate_g_buffer_data_out_r_reg      1.7550     0.0    0.0000    1.7550      0.0000 SNPS_CLOCK_GATE_HIGH_VX_stream_buffer_105_1_0_6
local_mem/req_xbar/g_multi_inputs_g_multiple_outputs_g_xbar_arbs_5__xbar_arb   1005.4980     0.1  383.4090    0.0000      0.0000 VX_stream_arb_3
local_mem/req_xbar/g_multi_inputs_g_multiple_outputs_g_xbar_arbs_5__xbar_arb/g_input_select_g_arbiter_arbiter     13.5720     0.0    0.0000    0.0000      0.0000 VX_generic_arbiter_10
local_mem/req_xbar/g_multi_inputs_g_multiple_outputs_g_xbar_arbs_5__xbar_arb/g_input_select_g_arbiter_arbiter/g_priority_priority_arbiter     13.5720     0.0    0.0000    0.0000      0.0000 VX_priority_arbiter_10
local_mem/req_xbar/g_multi_inputs_g_multiple_outputs_g_xbar_arbs_5__xbar_arb/g_input_select_g_arbiter_arbiter/g_priority_priority_arbiter/g_encoder_grant_sel     13.5720     0.0    7.2540    0.0000      0.0000 VX_priority_encoder_10
local_mem/req_xbar/g_multi_inputs_g_multiple_outputs_g_xbar_arbs_5__xbar_arb/g_input_select_g_arbiter_arbiter/g_priority_priority_arbiter/g_encoder_grant_sel/g_lsb_g_model1_lzc      6.3180     0.0    0.0000    0.0000      0.0000 VX_lzc_10
local_mem/req_xbar/g_multi_inputs_g_multiple_outputs_g_xbar_arbs_5__xbar_arb/g_input_select_g_arbiter_arbiter/g_priority_priority_arbiter/g_encoder_grant_sel/g_lsb_g_model1_lzc/g_lzc_find_first      6.3180     0.0    6.3180    0.0000      0.0000 VX_find_first_8_3_0_10
local_mem/req_xbar/g_multi_inputs_g_multiple_outputs_g_xbar_arbs_5__xbar_arb/g_input_select_g_arbiter_g_out_buf_0__out_buf    608.5170     0.1    0.0000    0.0000      0.0000 VX_elastic_buffer_105_2_1_0_2
local_mem/req_xbar/g_multi_inputs_g_multiple_outputs_g_xbar_arbs_5__xbar_arb/g_input_select_g_arbiter_g_out_buf_0__out_buf/g_eb2_out_buf     50.0760     0.0   50.0760    0.0000      0.0000 VX_pipe_buffer_1_2
local_mem/req_xbar/g_multi_inputs_g_multiple_outputs_g_xbar_arbs_5__xbar_arb/g_input_select_g_arbiter_g_out_buf_0__out_buf/g_eb2_stream_buffer    558.4410     0.1  108.4590  446.4720      0.0000 VX_stream_buffer_105_1_2
local_mem/req_xbar/g_multi_inputs_g_multiple_outputs_g_xbar_arbs_5__xbar_arb/g_input_select_g_arbiter_g_out_buf_0__out_buf/g_eb2_stream_buffer/clk_gate_g_buffer_buffer_r_reg      1.7550     0.0    0.0000    1.7550      0.0000 SNPS_CLOCK_GATE_HIGH_VX_stream_buffer_105_1_0_5
local_mem/req_xbar/g_multi_inputs_g_multiple_outputs_g_xbar_arbs_5__xbar_arb/g_input_select_g_arbiter_g_out_buf_0__out_buf/g_eb2_stream_buffer/clk_gate_g_buffer_data_out_r_reg      1.7550     0.0    0.0000    1.7550      0.0000 SNPS_CLOCK_GATE_HIGH_VX_stream_buffer_105_1_0_4
local_mem/req_xbar/g_multi_inputs_g_multiple_outputs_g_xbar_arbs_6__xbar_arb   1007.4870     0.1  385.9830    0.0000      0.0000 VX_stream_arb_2
local_mem/req_xbar/g_multi_inputs_g_multiple_outputs_g_xbar_arbs_6__xbar_arb/g_input_select_g_arbiter_arbiter     13.9230     0.0    0.0000    0.0000      0.0000 VX_generic_arbiter_9
local_mem/req_xbar/g_multi_inputs_g_multiple_outputs_g_xbar_arbs_6__xbar_arb/g_input_select_g_arbiter_arbiter/g_priority_priority_arbiter     13.9230     0.0    0.0000    0.0000      0.0000 VX_priority_arbiter_9
local_mem/req_xbar/g_multi_inputs_g_multiple_outputs_g_xbar_arbs_6__xbar_arb/g_input_select_g_arbiter_arbiter/g_priority_priority_arbiter/g_encoder_grant_sel     13.9230     0.0    7.2540    0.0000      0.0000 VX_priority_encoder_9
local_mem/req_xbar/g_multi_inputs_g_multiple_outputs_g_xbar_arbs_6__xbar_arb/g_input_select_g_arbiter_arbiter/g_priority_priority_arbiter/g_encoder_grant_sel/g_lsb_g_model1_lzc      6.6690     0.0    0.0000    0.0000      0.0000 VX_lzc_9
local_mem/req_xbar/g_multi_inputs_g_multiple_outputs_g_xbar_arbs_6__xbar_arb/g_input_select_g_arbiter_arbiter/g_priority_priority_arbiter/g_encoder_grant_sel/g_lsb_g_model1_lzc/g_lzc_find_first      6.6690     0.0    6.6690    0.0000      0.0000 VX_find_first_8_3_0_9
local_mem/req_xbar/g_multi_inputs_g_multiple_outputs_g_xbar_arbs_6__xbar_arb/g_input_select_g_arbiter_g_out_buf_0__out_buf    607.5810     0.1    0.0000    0.0000      0.0000 VX_elastic_buffer_105_2_1_0_1
local_mem/req_xbar/g_multi_inputs_g_multiple_outputs_g_xbar_arbs_6__xbar_arb/g_input_select_g_arbiter_g_out_buf_0__out_buf/g_eb2_out_buf     50.0760     0.0   50.0760    0.0000      0.0000 VX_pipe_buffer_1_1
local_mem/req_xbar/g_multi_inputs_g_multiple_outputs_g_xbar_arbs_6__xbar_arb/g_input_select_g_arbiter_g_out_buf_0__out_buf/g_eb2_stream_buffer    557.5050     0.1  107.5230  446.4720      0.0000 VX_stream_buffer_105_1_1
local_mem/req_xbar/g_multi_inputs_g_multiple_outputs_g_xbar_arbs_6__xbar_arb/g_input_select_g_arbiter_g_out_buf_0__out_buf/g_eb2_stream_buffer/clk_gate_g_buffer_buffer_r_reg      1.7550     0.0    0.0000    1.7550      0.0000 SNPS_CLOCK_GATE_HIGH_VX_stream_buffer_105_1_0_3
local_mem/req_xbar/g_multi_inputs_g_multiple_outputs_g_xbar_arbs_6__xbar_arb/g_input_select_g_arbiter_g_out_buf_0__out_buf/g_eb2_stream_buffer/clk_gate_g_buffer_data_out_r_reg      1.7550     0.0    0.0000    1.7550      0.0000 SNPS_CLOCK_GATE_HIGH_VX_stream_buffer_105_1_0_2
local_mem/req_xbar/g_multi_inputs_g_multiple_outputs_g_xbar_arbs_7__xbar_arb   1004.2110     0.1  383.4090    0.0000      0.0000 VX_stream_arb_0
local_mem/req_xbar/g_multi_inputs_g_multiple_outputs_g_xbar_arbs_7__xbar_arb/g_input_select_g_arbiter_arbiter     13.5720     0.0    0.0000    0.0000      0.0000 VX_generic_arbiter_8
local_mem/req_xbar/g_multi_inputs_g_multiple_outputs_g_xbar_arbs_7__xbar_arb/g_input_select_g_arbiter_arbiter/g_priority_priority_arbiter     13.5720     0.0    0.0000    0.0000      0.0000 VX_priority_arbiter_8
local_mem/req_xbar/g_multi_inputs_g_multiple_outputs_g_xbar_arbs_7__xbar_arb/g_input_select_g_arbiter_arbiter/g_priority_priority_arbiter/g_encoder_grant_sel     13.5720     0.0    7.2540    0.0000      0.0000 VX_priority_encoder_8
local_mem/req_xbar/g_multi_inputs_g_multiple_outputs_g_xbar_arbs_7__xbar_arb/g_input_select_g_arbiter_arbiter/g_priority_priority_arbiter/g_encoder_grant_sel/g_lsb_g_model1_lzc      6.3180     0.0    0.0000    0.0000      0.0000 VX_lzc_8
local_mem/req_xbar/g_multi_inputs_g_multiple_outputs_g_xbar_arbs_7__xbar_arb/g_input_select_g_arbiter_arbiter/g_priority_priority_arbiter/g_encoder_grant_sel/g_lsb_g_model1_lzc/g_lzc_find_first      6.3180     0.0    6.3180    0.0000      0.0000 VX_find_first_8_3_0_8
local_mem/req_xbar/g_multi_inputs_g_multiple_outputs_g_xbar_arbs_7__xbar_arb/g_input_select_g_arbiter_g_out_buf_0__out_buf    607.2300     0.1    0.0000    0.0000      0.0000 VX_elastic_buffer_105_2_1_0_0
local_mem/req_xbar/g_multi_inputs_g_multiple_outputs_g_xbar_arbs_7__xbar_arb/g_input_select_g_arbiter_g_out_buf_0__out_buf/g_eb2_out_buf     50.0760     0.0   50.0760    0.0000      0.0000 VX_pipe_buffer_1_0
local_mem/req_xbar/g_multi_inputs_g_multiple_outputs_g_xbar_arbs_7__xbar_arb/g_input_select_g_arbiter_g_out_buf_0__out_buf/g_eb2_stream_buffer    557.1540     0.1  107.1720  446.4720      0.0000 VX_stream_buffer_105_1_0
local_mem/req_xbar/g_multi_inputs_g_multiple_outputs_g_xbar_arbs_7__xbar_arb/g_input_select_g_arbiter_g_out_buf_0__out_buf/g_eb2_stream_buffer/clk_gate_g_buffer_buffer_r_reg      1.7550     0.0    0.0000    1.7550      0.0000 SNPS_CLOCK_GATE_HIGH_VX_stream_buffer_105_1_0_0
local_mem/req_xbar/g_multi_inputs_g_multiple_outputs_g_xbar_arbs_7__xbar_arb/g_input_select_g_arbiter_g_out_buf_0__out_buf/g_eb2_stream_buffer/clk_gate_g_buffer_data_out_r_reg      1.7550     0.0    0.0000    1.7550      0.0000 SNPS_CLOCK_GATE_HIGH_VX_stream_buffer_105_1_0_1
local_mem/req_xbar/g_multi_inputs_g_multiple_outputs_rdy_in_transpose     29.9520     0.0   29.9520    0.0000      0.0000 VX_transpose_3
local_mem/req_xbar/g_multi_inputs_g_multiple_outputs_val_in_transpose     29.9520     0.0   29.9520    0.0000      0.0000 VX_transpose_2
local_mem/rsp_xbar                  6392.1780      0.8    18.7200     0.0000       0.0000  VX_stream_xbar_1
local_mem/rsp_xbar/g_multi_inputs_g_multiple_outputs_g_sel_in_demux_0__sel_in_demux      6.4350     0.0    6.4350    0.0000      0.0000 VX_demux_7
local_mem/rsp_xbar/g_multi_inputs_g_multiple_outputs_g_sel_in_demux_1__sel_in_demux      6.4350     0.0    6.4350    0.0000      0.0000 VX_demux_6
local_mem/rsp_xbar/g_multi_inputs_g_multiple_outputs_g_sel_in_demux_2__sel_in_demux      6.4350     0.0    6.4350    0.0000      0.0000 VX_demux_5
local_mem/rsp_xbar/g_multi_inputs_g_multiple_outputs_g_sel_in_demux_3__sel_in_demux      6.4350     0.0    6.4350    0.0000      0.0000 VX_demux_4
local_mem/rsp_xbar/g_multi_inputs_g_multiple_outputs_g_sel_in_demux_4__sel_in_demux      6.4350     0.0    6.4350    0.0000      0.0000 VX_demux_3
local_mem/rsp_xbar/g_multi_inputs_g_multiple_outputs_g_sel_in_demux_5__sel_in_demux      6.4350     0.0    6.4350    0.0000      0.0000 VX_demux_2
local_mem/rsp_xbar/g_multi_inputs_g_multiple_outputs_g_sel_in_demux_6__sel_in_demux      6.4350     0.0    6.4350    0.0000      0.0000 VX_demux_1
local_mem/rsp_xbar/g_multi_inputs_g_multiple_outputs_g_sel_in_demux_7__sel_in_demux      6.4350     0.0    6.4350    0.0000      0.0000 VX_demux_0
local_mem/rsp_xbar/g_multi_inputs_g_multiple_outputs_g_xbar_arbs_0__xbar_arb    783.6660     0.1  302.4450    0.0000      0.0000 VX_stream_arb_1_7
local_mem/rsp_xbar/g_multi_inputs_g_multiple_outputs_g_xbar_arbs_0__xbar_arb/g_input_select_g_arbiter_arbiter     13.9230     0.0    0.0000    0.0000      0.0000 VX_generic_arbiter_7
local_mem/rsp_xbar/g_multi_inputs_g_multiple_outputs_g_xbar_arbs_0__xbar_arb/g_input_select_g_arbiter_arbiter/g_priority_priority_arbiter     13.9230     0.0    0.0000    0.0000      0.0000 VX_priority_arbiter_7
local_mem/rsp_xbar/g_multi_inputs_g_multiple_outputs_g_xbar_arbs_0__xbar_arb/g_input_select_g_arbiter_arbiter/g_priority_priority_arbiter/g_encoder_grant_sel     13.9230     0.0    7.2540    0.0000      0.0000 VX_priority_encoder_7
local_mem/rsp_xbar/g_multi_inputs_g_multiple_outputs_g_xbar_arbs_0__xbar_arb/g_input_select_g_arbiter_arbiter/g_priority_priority_arbiter/g_encoder_grant_sel/g_lsb_g_model1_lzc      6.6690     0.0    0.0000    0.0000      0.0000 VX_lzc_7
local_mem/rsp_xbar/g_multi_inputs_g_multiple_outputs_g_xbar_arbs_0__xbar_arb/g_input_select_g_arbiter_arbiter/g_priority_priority_arbiter/g_encoder_grant_sel/g_lsb_g_model1_lzc/g_lzc_find_first      6.6690     0.0    6.6690    0.0000      0.0000 VX_find_first_8_3_0_7
local_mem/rsp_xbar/g_multi_inputs_g_multiple_outputs_g_xbar_arbs_0__xbar_arb/g_input_select_g_arbiter_g_out_buf_0__out_buf    467.2980     0.1    0.0000    0.0000      0.0000 VX_elastic_buffer_83_2_1_0_7
local_mem/rsp_xbar/g_multi_inputs_g_multiple_outputs_g_xbar_arbs_0__xbar_arb/g_input_select_g_arbiter_g_out_buf_0__out_buf/g_eb2_out_buf     38.3760     0.0   38.3760    0.0000      0.0000 VX_pipe_buffer_2_7
local_mem/rsp_xbar/g_multi_inputs_g_multiple_outputs_g_xbar_arbs_0__xbar_arb/g_input_select_g_arbiter_g_out_buf_0__out_buf/g_eb2_stream_buffer    428.9220     0.1   84.2400  341.1720      0.0000 VX_stream_buffer_83_1_7
local_mem/rsp_xbar/g_multi_inputs_g_multiple_outputs_g_xbar_arbs_0__xbar_arb/g_input_select_g_arbiter_g_out_buf_0__out_buf/g_eb2_stream_buffer/clk_gate_g_buffer_buffer_r_reg      1.7550     0.0    0.0000    1.7550      0.0000 SNPS_CLOCK_GATE_HIGH_VX_stream_buffer_83_1_0_15
local_mem/rsp_xbar/g_multi_inputs_g_multiple_outputs_g_xbar_arbs_0__xbar_arb/g_input_select_g_arbiter_g_out_buf_0__out_buf/g_eb2_stream_buffer/clk_gate_g_buffer_data_out_r_reg      1.7550     0.0    0.0000    1.7550      0.0000 SNPS_CLOCK_GATE_HIGH_VX_stream_buffer_83_1_0_14
local_mem/rsp_xbar/g_multi_inputs_g_multiple_outputs_g_xbar_arbs_1__xbar_arb    783.6660     0.1  302.4450    0.0000      0.0000 VX_stream_arb_1_6
local_mem/rsp_xbar/g_multi_inputs_g_multiple_outputs_g_xbar_arbs_1__xbar_arb/g_input_select_g_arbiter_arbiter     13.9230     0.0    0.0000    0.0000      0.0000 VX_generic_arbiter_6
local_mem/rsp_xbar/g_multi_inputs_g_multiple_outputs_g_xbar_arbs_1__xbar_arb/g_input_select_g_arbiter_arbiter/g_priority_priority_arbiter     13.9230     0.0    0.0000    0.0000      0.0000 VX_priority_arbiter_6
local_mem/rsp_xbar/g_multi_inputs_g_multiple_outputs_g_xbar_arbs_1__xbar_arb/g_input_select_g_arbiter_arbiter/g_priority_priority_arbiter/g_encoder_grant_sel     13.9230     0.0    7.2540    0.0000      0.0000 VX_priority_encoder_6
local_mem/rsp_xbar/g_multi_inputs_g_multiple_outputs_g_xbar_arbs_1__xbar_arb/g_input_select_g_arbiter_arbiter/g_priority_priority_arbiter/g_encoder_grant_sel/g_lsb_g_model1_lzc      6.6690     0.0    0.0000    0.0000      0.0000 VX_lzc_6
local_mem/rsp_xbar/g_multi_inputs_g_multiple_outputs_g_xbar_arbs_1__xbar_arb/g_input_select_g_arbiter_arbiter/g_priority_priority_arbiter/g_encoder_grant_sel/g_lsb_g_model1_lzc/g_lzc_find_first      6.6690     0.0    6.6690    0.0000      0.0000 VX_find_first_8_3_0_6
local_mem/rsp_xbar/g_multi_inputs_g_multiple_outputs_g_xbar_arbs_1__xbar_arb/g_input_select_g_arbiter_g_out_buf_0__out_buf    467.2980     0.1    0.0000    0.0000      0.0000 VX_elastic_buffer_83_2_1_0_6
local_mem/rsp_xbar/g_multi_inputs_g_multiple_outputs_g_xbar_arbs_1__xbar_arb/g_input_select_g_arbiter_g_out_buf_0__out_buf/g_eb2_out_buf     38.3760     0.0   38.3760    0.0000      0.0000 VX_pipe_buffer_2_6
local_mem/rsp_xbar/g_multi_inputs_g_multiple_outputs_g_xbar_arbs_1__xbar_arb/g_input_select_g_arbiter_g_out_buf_0__out_buf/g_eb2_stream_buffer    428.9220     0.1   84.2400  341.1720      0.0000 VX_stream_buffer_83_1_6
local_mem/rsp_xbar/g_multi_inputs_g_multiple_outputs_g_xbar_arbs_1__xbar_arb/g_input_select_g_arbiter_g_out_buf_0__out_buf/g_eb2_stream_buffer/clk_gate_g_buffer_buffer_r_reg      1.7550     0.0    0.0000    1.7550      0.0000 SNPS_CLOCK_GATE_HIGH_VX_stream_buffer_83_1_0_13
local_mem/rsp_xbar/g_multi_inputs_g_multiple_outputs_g_xbar_arbs_1__xbar_arb/g_input_select_g_arbiter_g_out_buf_0__out_buf/g_eb2_stream_buffer/clk_gate_g_buffer_data_out_r_reg      1.7550     0.0    0.0000    1.7550      0.0000 SNPS_CLOCK_GATE_HIGH_VX_stream_buffer_83_1_0_12
local_mem/rsp_xbar/g_multi_inputs_g_multiple_outputs_g_xbar_arbs_2__xbar_arb    782.4960     0.1  302.4450    0.0000      0.0000 VX_stream_arb_1_5
local_mem/rsp_xbar/g_multi_inputs_g_multiple_outputs_g_xbar_arbs_2__xbar_arb/g_input_select_g_arbiter_arbiter     13.5720     0.0    0.0000    0.0000      0.0000 VX_generic_arbiter_5
local_mem/rsp_xbar/g_multi_inputs_g_multiple_outputs_g_xbar_arbs_2__xbar_arb/g_input_select_g_arbiter_arbiter/g_priority_priority_arbiter     13.5720     0.0    0.0000    0.0000      0.0000 VX_priority_arbiter_5
local_mem/rsp_xbar/g_multi_inputs_g_multiple_outputs_g_xbar_arbs_2__xbar_arb/g_input_select_g_arbiter_arbiter/g_priority_priority_arbiter/g_encoder_grant_sel     13.5720     0.0    7.2540    0.0000      0.0000 VX_priority_encoder_5
local_mem/rsp_xbar/g_multi_inputs_g_multiple_outputs_g_xbar_arbs_2__xbar_arb/g_input_select_g_arbiter_arbiter/g_priority_priority_arbiter/g_encoder_grant_sel/g_lsb_g_model1_lzc      6.3180     0.0    0.0000    0.0000      0.0000 VX_lzc_5
local_mem/rsp_xbar/g_multi_inputs_g_multiple_outputs_g_xbar_arbs_2__xbar_arb/g_input_select_g_arbiter_arbiter/g_priority_priority_arbiter/g_encoder_grant_sel/g_lsb_g_model1_lzc/g_lzc_find_first      6.3180     0.0    6.3180    0.0000      0.0000 VX_find_first_8_3_0_5
local_mem/rsp_xbar/g_multi_inputs_g_multiple_outputs_g_xbar_arbs_2__xbar_arb/g_input_select_g_arbiter_g_out_buf_0__out_buf    466.4790     0.1    0.0000    0.0000      0.0000 VX_elastic_buffer_83_2_1_0_5
local_mem/rsp_xbar/g_multi_inputs_g_multiple_outputs_g_xbar_arbs_2__xbar_arb/g_input_select_g_arbiter_g_out_buf_0__out_buf/g_eb2_out_buf     38.3760     0.0   38.3760    0.0000      0.0000 VX_pipe_buffer_2_5
local_mem/rsp_xbar/g_multi_inputs_g_multiple_outputs_g_xbar_arbs_2__xbar_arb/g_input_select_g_arbiter_g_out_buf_0__out_buf/g_eb2_stream_buffer    428.1030     0.1   83.4210  341.1720      0.0000 VX_stream_buffer_83_1_5
local_mem/rsp_xbar/g_multi_inputs_g_multiple_outputs_g_xbar_arbs_2__xbar_arb/g_input_select_g_arbiter_g_out_buf_0__out_buf/g_eb2_stream_buffer/clk_gate_g_buffer_buffer_r_reg      1.7550     0.0    0.0000    1.7550      0.0000 SNPS_CLOCK_GATE_HIGH_VX_stream_buffer_83_1_0_11
local_mem/rsp_xbar/g_multi_inputs_g_multiple_outputs_g_xbar_arbs_2__xbar_arb/g_input_select_g_arbiter_g_out_buf_0__out_buf/g_eb2_stream_buffer/clk_gate_g_buffer_data_out_r_reg      1.7550     0.0    0.0000    1.7550      0.0000 SNPS_CLOCK_GATE_HIGH_VX_stream_buffer_83_1_0_10
local_mem/rsp_xbar/g_multi_inputs_g_multiple_outputs_g_xbar_arbs_3__xbar_arb    782.9640     0.1  302.4450    0.0000      0.0000 VX_stream_arb_1_4
local_mem/rsp_xbar/g_multi_inputs_g_multiple_outputs_g_xbar_arbs_3__xbar_arb/g_input_select_g_arbiter_arbiter     13.5720     0.0    0.0000    0.0000      0.0000 VX_generic_arbiter_4
local_mem/rsp_xbar/g_multi_inputs_g_multiple_outputs_g_xbar_arbs_3__xbar_arb/g_input_select_g_arbiter_arbiter/g_priority_priority_arbiter     13.5720     0.0    0.0000    0.0000      0.0000 VX_priority_arbiter_4
local_mem/rsp_xbar/g_multi_inputs_g_multiple_outputs_g_xbar_arbs_3__xbar_arb/g_input_select_g_arbiter_arbiter/g_priority_priority_arbiter/g_encoder_grant_sel     13.5720     0.0    7.2540    0.0000      0.0000 VX_priority_encoder_4
local_mem/rsp_xbar/g_multi_inputs_g_multiple_outputs_g_xbar_arbs_3__xbar_arb/g_input_select_g_arbiter_arbiter/g_priority_priority_arbiter/g_encoder_grant_sel/g_lsb_g_model1_lzc      6.3180     0.0    0.0000    0.0000      0.0000 VX_lzc_4
local_mem/rsp_xbar/g_multi_inputs_g_multiple_outputs_g_xbar_arbs_3__xbar_arb/g_input_select_g_arbiter_arbiter/g_priority_priority_arbiter/g_encoder_grant_sel/g_lsb_g_model1_lzc/g_lzc_find_first      6.3180     0.0    6.3180    0.0000      0.0000 VX_find_first_8_3_0_4
local_mem/rsp_xbar/g_multi_inputs_g_multiple_outputs_g_xbar_arbs_3__xbar_arb/g_input_select_g_arbiter_g_out_buf_0__out_buf    466.9470     0.1    0.0000    0.0000      0.0000 VX_elastic_buffer_83_2_1_0_4
local_mem/rsp_xbar/g_multi_inputs_g_multiple_outputs_g_xbar_arbs_3__xbar_arb/g_input_select_g_arbiter_g_out_buf_0__out_buf/g_eb2_out_buf     38.3760     0.0   38.3760    0.0000      0.0000 VX_pipe_buffer_2_4
local_mem/rsp_xbar/g_multi_inputs_g_multiple_outputs_g_xbar_arbs_3__xbar_arb/g_input_select_g_arbiter_g_out_buf_0__out_buf/g_eb2_stream_buffer    428.5710     0.1   83.8890  341.1720      0.0000 VX_stream_buffer_83_1_4
local_mem/rsp_xbar/g_multi_inputs_g_multiple_outputs_g_xbar_arbs_3__xbar_arb/g_input_select_g_arbiter_g_out_buf_0__out_buf/g_eb2_stream_buffer/clk_gate_g_buffer_buffer_r_reg      1.7550     0.0    0.0000    1.7550      0.0000 SNPS_CLOCK_GATE_HIGH_VX_stream_buffer_83_1_0_9
local_mem/rsp_xbar/g_multi_inputs_g_multiple_outputs_g_xbar_arbs_3__xbar_arb/g_input_select_g_arbiter_g_out_buf_0__out_buf/g_eb2_stream_buffer/clk_gate_g_buffer_data_out_r_reg      1.7550     0.0    0.0000    1.7550      0.0000 SNPS_CLOCK_GATE_HIGH_VX_stream_buffer_83_1_0_8
local_mem/rsp_xbar/g_multi_inputs_g_multiple_outputs_g_xbar_arbs_4__xbar_arb    782.8470     0.1  302.4450    0.0000      0.0000 VX_stream_arb_1_3
local_mem/rsp_xbar/g_multi_inputs_g_multiple_outputs_g_xbar_arbs_4__xbar_arb/g_input_select_g_arbiter_arbiter     13.9230     0.0    0.0000    0.0000      0.0000 VX_generic_arbiter_3
local_mem/rsp_xbar/g_multi_inputs_g_multiple_outputs_g_xbar_arbs_4__xbar_arb/g_input_select_g_arbiter_arbiter/g_priority_priority_arbiter     13.9230     0.0    0.0000    0.0000      0.0000 VX_priority_arbiter_3
local_mem/rsp_xbar/g_multi_inputs_g_multiple_outputs_g_xbar_arbs_4__xbar_arb/g_input_select_g_arbiter_arbiter/g_priority_priority_arbiter/g_encoder_grant_sel     13.9230     0.0    7.2540    0.0000      0.0000 VX_priority_encoder_3
local_mem/rsp_xbar/g_multi_inputs_g_multiple_outputs_g_xbar_arbs_4__xbar_arb/g_input_select_g_arbiter_arbiter/g_priority_priority_arbiter/g_encoder_grant_sel/g_lsb_g_model1_lzc      6.6690     0.0    0.0000    0.0000      0.0000 VX_lzc_3
local_mem/rsp_xbar/g_multi_inputs_g_multiple_outputs_g_xbar_arbs_4__xbar_arb/g_input_select_g_arbiter_arbiter/g_priority_priority_arbiter/g_encoder_grant_sel/g_lsb_g_model1_lzc/g_lzc_find_first      6.6690     0.0    6.6690    0.0000      0.0000 VX_find_first_8_3_0_3
local_mem/rsp_xbar/g_multi_inputs_g_multiple_outputs_g_xbar_arbs_4__xbar_arb/g_input_select_g_arbiter_g_out_buf_0__out_buf    466.4790     0.1    0.0000    0.0000      0.0000 VX_elastic_buffer_83_2_1_0_3
local_mem/rsp_xbar/g_multi_inputs_g_multiple_outputs_g_xbar_arbs_4__xbar_arb/g_input_select_g_arbiter_g_out_buf_0__out_buf/g_eb2_out_buf     38.3760     0.0   38.3760    0.0000      0.0000 VX_pipe_buffer_2_3
local_mem/rsp_xbar/g_multi_inputs_g_multiple_outputs_g_xbar_arbs_4__xbar_arb/g_input_select_g_arbiter_g_out_buf_0__out_buf/g_eb2_stream_buffer    428.1030     0.1   83.4210  341.1720      0.0000 VX_stream_buffer_83_1_3
local_mem/rsp_xbar/g_multi_inputs_g_multiple_outputs_g_xbar_arbs_4__xbar_arb/g_input_select_g_arbiter_g_out_buf_0__out_buf/g_eb2_stream_buffer/clk_gate_g_buffer_buffer_r_reg      1.7550     0.0    0.0000    1.7550      0.0000 SNPS_CLOCK_GATE_HIGH_VX_stream_buffer_83_1_0_7
local_mem/rsp_xbar/g_multi_inputs_g_multiple_outputs_g_xbar_arbs_4__xbar_arb/g_input_select_g_arbiter_g_out_buf_0__out_buf/g_eb2_stream_buffer/clk_gate_g_buffer_data_out_r_reg      1.7550     0.0    0.0000    1.7550      0.0000 SNPS_CLOCK_GATE_HIGH_VX_stream_buffer_83_1_0_6
local_mem/rsp_xbar/g_multi_inputs_g_multiple_outputs_g_xbar_arbs_5__xbar_arb    782.8470     0.1  302.4450    0.0000      0.0000 VX_stream_arb_1_2
local_mem/rsp_xbar/g_multi_inputs_g_multiple_outputs_g_xbar_arbs_5__xbar_arb/g_input_select_g_arbiter_arbiter     13.9230     0.0    0.0000    0.0000      0.0000 VX_generic_arbiter_2
local_mem/rsp_xbar/g_multi_inputs_g_multiple_outputs_g_xbar_arbs_5__xbar_arb/g_input_select_g_arbiter_arbiter/g_priority_priority_arbiter     13.9230     0.0    0.0000    0.0000      0.0000 VX_priority_arbiter_2
local_mem/rsp_xbar/g_multi_inputs_g_multiple_outputs_g_xbar_arbs_5__xbar_arb/g_input_select_g_arbiter_arbiter/g_priority_priority_arbiter/g_encoder_grant_sel     13.9230     0.0    7.2540    0.0000      0.0000 VX_priority_encoder_2
local_mem/rsp_xbar/g_multi_inputs_g_multiple_outputs_g_xbar_arbs_5__xbar_arb/g_input_select_g_arbiter_arbiter/g_priority_priority_arbiter/g_encoder_grant_sel/g_lsb_g_model1_lzc      6.6690     0.0    0.0000    0.0000      0.0000 VX_lzc_2
local_mem/rsp_xbar/g_multi_inputs_g_multiple_outputs_g_xbar_arbs_5__xbar_arb/g_input_select_g_arbiter_arbiter/g_priority_priority_arbiter/g_encoder_grant_sel/g_lsb_g_model1_lzc/g_lzc_find_first      6.6690     0.0    6.6690    0.0000      0.0000 VX_find_first_8_3_0_2
local_mem/rsp_xbar/g_multi_inputs_g_multiple_outputs_g_xbar_arbs_5__xbar_arb/g_input_select_g_arbiter_g_out_buf_0__out_buf    466.4790     0.1    0.0000    0.0000      0.0000 VX_elastic_buffer_83_2_1_0_2
local_mem/rsp_xbar/g_multi_inputs_g_multiple_outputs_g_xbar_arbs_5__xbar_arb/g_input_select_g_arbiter_g_out_buf_0__out_buf/g_eb2_out_buf     38.3760     0.0   38.3760    0.0000      0.0000 VX_pipe_buffer_2_2
local_mem/rsp_xbar/g_multi_inputs_g_multiple_outputs_g_xbar_arbs_5__xbar_arb/g_input_select_g_arbiter_g_out_buf_0__out_buf/g_eb2_stream_buffer    428.1030     0.1   83.4210  341.1720      0.0000 VX_stream_buffer_83_1_2
local_mem/rsp_xbar/g_multi_inputs_g_multiple_outputs_g_xbar_arbs_5__xbar_arb/g_input_select_g_arbiter_g_out_buf_0__out_buf/g_eb2_stream_buffer/clk_gate_g_buffer_buffer_r_reg      1.7550     0.0    0.0000    1.7550      0.0000 SNPS_CLOCK_GATE_HIGH_VX_stream_buffer_83_1_0_5
local_mem/rsp_xbar/g_multi_inputs_g_multiple_outputs_g_xbar_arbs_5__xbar_arb/g_input_select_g_arbiter_g_out_buf_0__out_buf/g_eb2_stream_buffer/clk_gate_g_buffer_data_out_r_reg      1.7550     0.0    0.0000    1.7550      0.0000 SNPS_CLOCK_GATE_HIGH_VX_stream_buffer_83_1_0_4
local_mem/rsp_xbar/g_multi_inputs_g_multiple_outputs_g_xbar_arbs_6__xbar_arb    783.5490     0.1  301.5090    0.0000      0.0000 VX_stream_arb_1_1
local_mem/rsp_xbar/g_multi_inputs_g_multiple_outputs_g_xbar_arbs_6__xbar_arb/g_input_select_g_arbiter_arbiter     13.9230     0.0    0.0000    0.0000      0.0000 VX_generic_arbiter_1
local_mem/rsp_xbar/g_multi_inputs_g_multiple_outputs_g_xbar_arbs_6__xbar_arb/g_input_select_g_arbiter_arbiter/g_priority_priority_arbiter     13.9230     0.0    0.0000    0.0000      0.0000 VX_priority_arbiter_1
local_mem/rsp_xbar/g_multi_inputs_g_multiple_outputs_g_xbar_arbs_6__xbar_arb/g_input_select_g_arbiter_arbiter/g_priority_priority_arbiter/g_encoder_grant_sel     13.9230     0.0    7.2540    0.0000      0.0000 VX_priority_encoder_1
local_mem/rsp_xbar/g_multi_inputs_g_multiple_outputs_g_xbar_arbs_6__xbar_arb/g_input_select_g_arbiter_arbiter/g_priority_priority_arbiter/g_encoder_grant_sel/g_lsb_g_model1_lzc      6.6690     0.0    0.0000    0.0000      0.0000 VX_lzc_1
local_mem/rsp_xbar/g_multi_inputs_g_multiple_outputs_g_xbar_arbs_6__xbar_arb/g_input_select_g_arbiter_arbiter/g_priority_priority_arbiter/g_encoder_grant_sel/g_lsb_g_model1_lzc/g_lzc_find_first      6.6690     0.0    6.6690    0.0000      0.0000 VX_find_first_8_3_0_1
local_mem/rsp_xbar/g_multi_inputs_g_multiple_outputs_g_xbar_arbs_6__xbar_arb/g_input_select_g_arbiter_g_out_buf_0__out_buf    468.1170     0.1    0.0000    0.0000      0.0000 VX_elastic_buffer_83_2_1_0_1
local_mem/rsp_xbar/g_multi_inputs_g_multiple_outputs_g_xbar_arbs_6__xbar_arb/g_input_select_g_arbiter_g_out_buf_0__out_buf/g_eb2_out_buf     38.3760     0.0   38.3760    0.0000      0.0000 VX_pipe_buffer_2_1
local_mem/rsp_xbar/g_multi_inputs_g_multiple_outputs_g_xbar_arbs_6__xbar_arb/g_input_select_g_arbiter_g_out_buf_0__out_buf/g_eb2_stream_buffer    429.7410     0.1   85.0590  341.1720      0.0000 VX_stream_buffer_83_1_1
local_mem/rsp_xbar/g_multi_inputs_g_multiple_outputs_g_xbar_arbs_6__xbar_arb/g_input_select_g_arbiter_g_out_buf_0__out_buf/g_eb2_stream_buffer/clk_gate_g_buffer_buffer_r_reg      1.7550     0.0    0.0000    1.7550      0.0000 SNPS_CLOCK_GATE_HIGH_VX_stream_buffer_83_1_0_3
local_mem/rsp_xbar/g_multi_inputs_g_multiple_outputs_g_xbar_arbs_6__xbar_arb/g_input_select_g_arbiter_g_out_buf_0__out_buf/g_eb2_stream_buffer/clk_gate_g_buffer_data_out_r_reg      1.7550     0.0    0.0000    1.7550      0.0000 SNPS_CLOCK_GATE_HIGH_VX_stream_buffer_83_1_0_2
local_mem/rsp_xbar/g_multi_inputs_g_multiple_outputs_g_xbar_arbs_7__xbar_arb    780.0390     0.1  299.6370    0.0000      0.0000 VX_stream_arb_1_0
local_mem/rsp_xbar/g_multi_inputs_g_multiple_outputs_g_xbar_arbs_7__xbar_arb/g_input_select_g_arbiter_arbiter     13.9230     0.0    0.0000    0.0000      0.0000 VX_generic_arbiter_0
local_mem/rsp_xbar/g_multi_inputs_g_multiple_outputs_g_xbar_arbs_7__xbar_arb/g_input_select_g_arbiter_arbiter/g_priority_priority_arbiter     13.9230     0.0    0.0000    0.0000      0.0000 VX_priority_arbiter_0
local_mem/rsp_xbar/g_multi_inputs_g_multiple_outputs_g_xbar_arbs_7__xbar_arb/g_input_select_g_arbiter_arbiter/g_priority_priority_arbiter/g_encoder_grant_sel     13.9230     0.0    7.2540    0.0000      0.0000 VX_priority_encoder_0
local_mem/rsp_xbar/g_multi_inputs_g_multiple_outputs_g_xbar_arbs_7__xbar_arb/g_input_select_g_arbiter_arbiter/g_priority_priority_arbiter/g_encoder_grant_sel/g_lsb_g_model1_lzc      6.6690     0.0    0.0000    0.0000      0.0000 VX_lzc_0
local_mem/rsp_xbar/g_multi_inputs_g_multiple_outputs_g_xbar_arbs_7__xbar_arb/g_input_select_g_arbiter_arbiter/g_priority_priority_arbiter/g_encoder_grant_sel/g_lsb_g_model1_lzc/g_lzc_find_first      6.6690     0.0    6.6690    0.0000      0.0000 VX_find_first_8_3_0_0
local_mem/rsp_xbar/g_multi_inputs_g_multiple_outputs_g_xbar_arbs_7__xbar_arb/g_input_select_g_arbiter_g_out_buf_0__out_buf    466.4790     0.1    0.0000    0.0000      0.0000 VX_elastic_buffer_83_2_1_0_0
local_mem/rsp_xbar/g_multi_inputs_g_multiple_outputs_g_xbar_arbs_7__xbar_arb/g_input_select_g_arbiter_g_out_buf_0__out_buf/g_eb2_out_buf     38.3760     0.0   38.3760    0.0000      0.0000 VX_pipe_buffer_2_0
local_mem/rsp_xbar/g_multi_inputs_g_multiple_outputs_g_xbar_arbs_7__xbar_arb/g_input_select_g_arbiter_g_out_buf_0__out_buf/g_eb2_stream_buffer    428.1030     0.1   83.4210  341.1720      0.0000 VX_stream_buffer_83_1_0
local_mem/rsp_xbar/g_multi_inputs_g_multiple_outputs_g_xbar_arbs_7__xbar_arb/g_input_select_g_arbiter_g_out_buf_0__out_buf/g_eb2_stream_buffer/clk_gate_g_buffer_buffer_r_reg      1.7550     0.0    0.0000    1.7550      0.0000 SNPS_CLOCK_GATE_HIGH_VX_stream_buffer_83_1_0_0
local_mem/rsp_xbar/g_multi_inputs_g_multiple_outputs_g_xbar_arbs_7__xbar_arb/g_input_select_g_arbiter_g_out_buf_0__out_buf/g_eb2_stream_buffer/clk_gate_g_buffer_data_out_r_reg      1.7550     0.0    0.0000    1.7550      0.0000 SNPS_CLOCK_GATE_HIGH_VX_stream_buffer_83_1_0_1
local_mem/rsp_xbar/g_multi_inputs_g_multiple_outputs_rdy_in_transpose     29.9520     0.0   29.9520    0.0000      0.0000 VX_transpose_1
local_mem/rsp_xbar/g_multi_inputs_g_multiple_outputs_val_in_transpose     29.9520     0.0   29.9520    0.0000      0.0000 VX_transpose_0
--------------------------------  -----------  -------  ---------  ---------  -----------  -------------------------------------------------------------------------------
Total                                                   8445.8791  6944.1838  824347.1250

1
