 
****************************************
Report : area
Design : VX_lmem_weight_gather_dma__eb0f30b3b65f
Version: V-2023.12-SP5-3
Date   : Wed Jul 29 06:17:40 2026
****************************************

Library(s) Used:

    sc9_cmos28lpp_base_rvt_ss_nominal_max_0p900v_125c_sadhm (File: /tool/PDK/Samsung/LN28LPP_202203/PRIMITIVES/RVT/ln28lpp_sc_9t_base_rvt_c130_V1.00d/FE-Common/LIBERTY/sc9_cmos28lpp_base_rvt_ss_nominal_max_0p900v_125c_sadhm.db)

Number of ports:                         4007
Number of nets:                         24875
Number of cells:                        23400
Number of combinational cells:          13025
Number of sequential cells:              9448
Number of macros/black boxes:               0
Number of buf/inv:                       1417
Number of references:                     295

Combinational area:               8632.845159
Buf/Inv area:                      526.266012
Noncombinational area:           19823.777506
Macro/Black Box area:                0.000000
Net Interconnect area:      undefined  (No wire load specified)

Total cell area:                 28456.622665
Total area:                 undefined

Core Area:                     47707
Aspect Ratio:                 1.0026
Utilization Ratio:            0.5965


The above information was reported from the logical library. The following are from the physical library:

  Total moveable cell area: 28456.6
  Total fixed cell area: 0.0
  Total physical cell area: 28456.6
 Core area: 0.000, 0.000, 218.140, 218.700

Hierarchical area distribution
------------------------------

                                  Global cell area            Local cell area
                                  -------------------  ----------------------------- 
Hierarchical cell                 Absolute    Percent  Combi-     Noncombi-   Black-
                                  Total       Total    national   national    boxes   Design
--------------------------------  ----------  -------  ---------  ----------  ------  ----------------------------------------------------------------
VX_lmem_weight_gather_dma__eb0f30b3b65f 28456.6227   100.0 8632.8452 19455.2275 0.0000 VX_lmem_weight_gather_dma__eb0f30b3b65f
clk_gate_alloc_ptr_r_reg_2            1.7550      0.0     0.0000      1.7550  0.0000  SNPS_CLOCK_GATE_HIGH_VX_lmem_weight_gather_dma__eb0f30b3b65f_392
clk_gate_ml                           1.7550      0.0     0.0000      1.7550  0.0000  SNPS_CLOCK_GATE_HIGH_VX_lmem_weight_gather_dma__eb0f30b3b65f_184
clk_gate_ml_0                         1.7550      0.0     0.0000      1.7550  0.0000  SNPS_CLOCK_GATE_HIGH_VX_lmem_weight_gather_dma__eb0f30b3b65f_185
clk_gate_ml_1                         1.7550      0.0     0.0000      1.7550  0.0000  SNPS_CLOCK_GATE_HIGH_VX_lmem_weight_gather_dma__eb0f30b3b65f_186
clk_gate_ml_10                        1.7550      0.0     0.0000      1.7550  0.0000  SNPS_CLOCK_GATE_HIGH_VX_lmem_weight_gather_dma__eb0f30b3b65f_215
clk_gate_ml_11                        1.7550      0.0     0.0000      1.7550  0.0000  SNPS_CLOCK_GATE_HIGH_VX_lmem_weight_gather_dma__eb0f30b3b65f_220
clk_gate_ml_12                        1.7550      0.0     0.0000      1.7550  0.0000  SNPS_CLOCK_GATE_HIGH_VX_lmem_weight_gather_dma__eb0f30b3b65f_221
clk_gate_ml_13                        1.7550      0.0     0.0000      1.7550  0.0000  SNPS_CLOCK_GATE_HIGH_VX_lmem_weight_gather_dma__eb0f30b3b65f_226
clk_gate_ml_14                        1.7550      0.0     0.0000      1.7550  0.0000  SNPS_CLOCK_GATE_HIGH_VX_lmem_weight_gather_dma__eb0f30b3b65f_231
clk_gate_ml_15                        1.7550      0.0     0.0000      1.7550  0.0000  SNPS_CLOCK_GATE_HIGH_VX_lmem_weight_gather_dma__eb0f30b3b65f_232
clk_gate_ml_16                        1.7550      0.0     0.0000      1.7550  0.0000  SNPS_CLOCK_GATE_HIGH_VX_lmem_weight_gather_dma__eb0f30b3b65f_233
clk_gate_ml_17                        1.7550      0.0     0.0000      1.7550  0.0000  SNPS_CLOCK_GATE_HIGH_VX_lmem_weight_gather_dma__eb0f30b3b65f_238
clk_gate_ml_18                        1.7550      0.0     0.0000      1.7550  0.0000  SNPS_CLOCK_GATE_HIGH_VX_lmem_weight_gather_dma__eb0f30b3b65f_243
clk_gate_ml_19                        1.7550      0.0     0.0000      1.7550  0.0000  SNPS_CLOCK_GATE_HIGH_VX_lmem_weight_gather_dma__eb0f30b3b65f_244
clk_gate_ml_2                         1.7550      0.0     0.0000      1.7550  0.0000  SNPS_CLOCK_GATE_HIGH_VX_lmem_weight_gather_dma__eb0f30b3b65f_187
clk_gate_ml_20                        1.7550      0.0     0.0000      1.7550  0.0000  SNPS_CLOCK_GATE_HIGH_VX_lmem_weight_gather_dma__eb0f30b3b65f_249
clk_gate_ml_21                        1.7550      0.0     0.0000      1.7550  0.0000  SNPS_CLOCK_GATE_HIGH_VX_lmem_weight_gather_dma__eb0f30b3b65f_254
clk_gate_ml_22                        1.7550      0.0     0.0000      1.7550  0.0000  SNPS_CLOCK_GATE_HIGH_VX_lmem_weight_gather_dma__eb0f30b3b65f_255
clk_gate_ml_23                        1.7550      0.0     0.0000      1.7550  0.0000  SNPS_CLOCK_GATE_HIGH_VX_lmem_weight_gather_dma__eb0f30b3b65f_256
clk_gate_ml_24                        1.7550      0.0     0.0000      1.7550  0.0000  SNPS_CLOCK_GATE_HIGH_VX_lmem_weight_gather_dma__eb0f30b3b65f_261
clk_gate_ml_25                        1.7550      0.0     0.0000      1.7550  0.0000  SNPS_CLOCK_GATE_HIGH_VX_lmem_weight_gather_dma__eb0f30b3b65f_266
clk_gate_ml_26                        1.7550      0.0     0.0000      1.7550  0.0000  SNPS_CLOCK_GATE_HIGH_VX_lmem_weight_gather_dma__eb0f30b3b65f_267
clk_gate_ml_27                        1.7550      0.0     0.0000      1.7550  0.0000  SNPS_CLOCK_GATE_HIGH_VX_lmem_weight_gather_dma__eb0f30b3b65f_272
clk_gate_ml_28                        1.7550      0.0     0.0000      1.7550  0.0000  SNPS_CLOCK_GATE_HIGH_VX_lmem_weight_gather_dma__eb0f30b3b65f_277
clk_gate_ml_29                        1.7550      0.0     0.0000      1.7550  0.0000  SNPS_CLOCK_GATE_HIGH_VX_lmem_weight_gather_dma__eb0f30b3b65f_278
clk_gate_ml_3                         1.7550      0.0     0.0000      1.7550  0.0000  SNPS_CLOCK_GATE_HIGH_VX_lmem_weight_gather_dma__eb0f30b3b65f_192
clk_gate_ml_30                        1.7550      0.0     0.0000      1.7550  0.0000  SNPS_CLOCK_GATE_HIGH_VX_lmem_weight_gather_dma__eb0f30b3b65f_279
clk_gate_ml_31                        1.7550      0.0     0.0000      1.7550  0.0000  SNPS_CLOCK_GATE_HIGH_VX_lmem_weight_gather_dma__eb0f30b3b65f_284
clk_gate_ml_32                        1.7550      0.0     0.0000      1.7550  0.0000  SNPS_CLOCK_GATE_HIGH_VX_lmem_weight_gather_dma__eb0f30b3b65f_289
clk_gate_ml_33                        1.7550      0.0     0.0000      1.7550  0.0000  SNPS_CLOCK_GATE_HIGH_VX_lmem_weight_gather_dma__eb0f30b3b65f_290
clk_gate_ml_34                        1.7550      0.0     0.0000      1.7550  0.0000  SNPS_CLOCK_GATE_HIGH_VX_lmem_weight_gather_dma__eb0f30b3b65f_295
clk_gate_ml_35                        1.7550      0.0     0.0000      1.7550  0.0000  SNPS_CLOCK_GATE_HIGH_VX_lmem_weight_gather_dma__eb0f30b3b65f_300
clk_gate_ml_36                        1.7550      0.0     0.0000      1.7550  0.0000  SNPS_CLOCK_GATE_HIGH_VX_lmem_weight_gather_dma__eb0f30b3b65f_301
clk_gate_ml_37                        1.7550      0.0     0.0000      1.7550  0.0000  SNPS_CLOCK_GATE_HIGH_VX_lmem_weight_gather_dma__eb0f30b3b65f_302
clk_gate_ml_38                        1.7550      0.0     0.0000      1.7550  0.0000  SNPS_CLOCK_GATE_HIGH_VX_lmem_weight_gather_dma__eb0f30b3b65f_307
clk_gate_ml_39                        1.7550      0.0     0.0000      1.7550  0.0000  SNPS_CLOCK_GATE_HIGH_VX_lmem_weight_gather_dma__eb0f30b3b65f_312
clk_gate_ml_4                         1.7550      0.0     0.0000      1.7550  0.0000  SNPS_CLOCK_GATE_HIGH_VX_lmem_weight_gather_dma__eb0f30b3b65f_197
clk_gate_ml_40                        1.7550      0.0     0.0000      1.7550  0.0000  SNPS_CLOCK_GATE_HIGH_VX_lmem_weight_gather_dma__eb0f30b3b65f_313
clk_gate_ml_41                        1.7550      0.0     0.0000      1.7550  0.0000  SNPS_CLOCK_GATE_HIGH_VX_lmem_weight_gather_dma__eb0f30b3b65f_318
clk_gate_ml_42                        1.7550      0.0     0.0000      1.7550  0.0000  SNPS_CLOCK_GATE_HIGH_VX_lmem_weight_gather_dma__eb0f30b3b65f_322
clk_gate_ml_43                        1.7550      0.0     0.0000      1.7550  0.0000  SNPS_CLOCK_GATE_HIGH_VX_lmem_weight_gather_dma__eb0f30b3b65f_323
clk_gate_ml_44                        1.7550      0.0     0.0000      1.7550  0.0000  SNPS_CLOCK_GATE_HIGH_VX_lmem_weight_gather_dma__eb0f30b3b65f_324
clk_gate_ml_45                        1.7550      0.0     0.0000      1.7550  0.0000  SNPS_CLOCK_GATE_HIGH_VX_lmem_weight_gather_dma__eb0f30b3b65f_329
clk_gate_ml_46                        1.7550      0.0     0.0000      1.7550  0.0000  SNPS_CLOCK_GATE_HIGH_VX_lmem_weight_gather_dma__eb0f30b3b65f_334
clk_gate_ml_47                        1.7550      0.0     0.0000      1.7550  0.0000  SNPS_CLOCK_GATE_HIGH_VX_lmem_weight_gather_dma__eb0f30b3b65f_335
clk_gate_ml_48                        1.7550      0.0     0.0000      1.7550  0.0000  SNPS_CLOCK_GATE_HIGH_VX_lmem_weight_gather_dma__eb0f30b3b65f_340
clk_gate_ml_49                        1.7550      0.0     0.0000      1.7550  0.0000  SNPS_CLOCK_GATE_HIGH_VX_lmem_weight_gather_dma__eb0f30b3b65f_344
clk_gate_ml_5                         1.7550      0.0     0.0000      1.7550  0.0000  SNPS_CLOCK_GATE_HIGH_VX_lmem_weight_gather_dma__eb0f30b3b65f_198
clk_gate_ml_50                        1.7550      0.0     0.0000      1.7550  0.0000  SNPS_CLOCK_GATE_HIGH_VX_lmem_weight_gather_dma__eb0f30b3b65f_345
clk_gate_ml_51                        1.7550      0.0     0.0000      1.7550  0.0000  SNPS_CLOCK_GATE_HIGH_VX_lmem_weight_gather_dma__eb0f30b3b65f_346
clk_gate_ml_52                        1.7550      0.0     0.0000      1.7550  0.0000  SNPS_CLOCK_GATE_HIGH_VX_lmem_weight_gather_dma__eb0f30b3b65f_351
clk_gate_ml_53                        1.7550      0.0     0.0000      1.7550  0.0000  SNPS_CLOCK_GATE_HIGH_VX_lmem_weight_gather_dma__eb0f30b3b65f_356
clk_gate_ml_54                        1.7550      0.0     0.0000      1.7550  0.0000  SNPS_CLOCK_GATE_HIGH_VX_lmem_weight_gather_dma__eb0f30b3b65f_357
clk_gate_ml_55                        1.7550      0.0     0.0000      1.7550  0.0000  SNPS_CLOCK_GATE_HIGH_VX_lmem_weight_gather_dma__eb0f30b3b65f_362
clk_gate_ml_56                        1.7550      0.0     0.0000      1.7550  0.0000  SNPS_CLOCK_GATE_HIGH_VX_lmem_weight_gather_dma__eb0f30b3b65f_369
clk_gate_ml_57                        1.7550      0.0     0.0000      1.7550  0.0000  SNPS_CLOCK_GATE_HIGH_VX_lmem_weight_gather_dma__eb0f30b3b65f_370
clk_gate_ml_58                        1.7550      0.0     0.0000      1.7550  0.0000  SNPS_CLOCK_GATE_HIGH_VX_lmem_weight_gather_dma__eb0f30b3b65f_375
clk_gate_ml_59                        1.7550      0.0     0.0000      1.7550  0.0000  SNPS_CLOCK_GATE_HIGH_VX_lmem_weight_gather_dma__eb0f30b3b65f_380
clk_gate_ml_6                         1.7550      0.0     0.0000      1.7550  0.0000  SNPS_CLOCK_GATE_HIGH_VX_lmem_weight_gather_dma__eb0f30b3b65f_203
clk_gate_ml_60                        1.7550      0.0     0.0000      1.7550  0.0000  SNPS_CLOCK_GATE_HIGH_VX_lmem_weight_gather_dma__eb0f30b3b65f_385
clk_gate_ml_7                         1.7550      0.0     0.0000      1.7550  0.0000  SNPS_CLOCK_GATE_HIGH_VX_lmem_weight_gather_dma__eb0f30b3b65f_208
clk_gate_ml_8                         1.7550      0.0     0.0000      1.7550  0.0000  SNPS_CLOCK_GATE_HIGH_VX_lmem_weight_gather_dma__eb0f30b3b65f_209
clk_gate_ml_9                         1.7550      0.0     0.0000      1.7550  0.0000  SNPS_CLOCK_GATE_HIGH_VX_lmem_weight_gather_dma__eb0f30b3b65f_210
clk_gate_next_group_base_r_reg_1      1.7550      0.0     0.0000      1.7550  0.0000  SNPS_CLOCK_GATE_HIGH_VX_lmem_weight_gather_dma__eb0f30b3b65f_391
clk_gate_retired_groups_r_reg_0       1.7550      0.0     0.0000      1.7550  0.0000  SNPS_CLOCK_GATE_HIGH_VX_lmem_weight_gather_dma__eb0f30b3b65f_154
clk_gate_slot_base_r_reg_0__0         1.7550      0.0     0.0000      1.7550  0.0000  SNPS_CLOCK_GATE_HIGH_VX_lmem_weight_gather_dma__eb0f30b3b65f_374
clk_gate_slot_base_r_reg_10__0        1.7550      0.0     0.0000      1.7550  0.0000  SNPS_CLOCK_GATE_HIGH_VX_lmem_weight_gather_dma__eb0f30b3b65f_382
clk_gate_slot_base_r_reg_11__0        1.7550      0.0     0.0000      1.7550  0.0000  SNPS_CLOCK_GATE_HIGH_VX_lmem_weight_gather_dma__eb0f30b3b65f_381
clk_gate_slot_base_r_reg_12__0        1.7550      0.0     0.0000      1.7550  0.0000  SNPS_CLOCK_GATE_HIGH_VX_lmem_weight_gather_dma__eb0f30b3b65f_389
clk_gate_slot_base_r_reg_13__0        1.7550      0.0     0.0000      1.7550  0.0000  SNPS_CLOCK_GATE_HIGH_VX_lmem_weight_gather_dma__eb0f30b3b65f_388
clk_gate_slot_base_r_reg_14__0        1.7550      0.0     0.0000      1.7550  0.0000  SNPS_CLOCK_GATE_HIGH_VX_lmem_weight_gather_dma__eb0f30b3b65f_387
clk_gate_slot_base_r_reg_15__0        1.7550      0.0     0.0000      1.7550  0.0000  SNPS_CLOCK_GATE_HIGH_VX_lmem_weight_gather_dma__eb0f30b3b65f_386
clk_gate_slot_base_r_reg_1__0         1.7550      0.0     0.0000      1.7550  0.0000  SNPS_CLOCK_GATE_HIGH_VX_lmem_weight_gather_dma__eb0f30b3b65f_373
clk_gate_slot_base_r_reg_2__0         1.7550      0.0     0.0000      1.7550  0.0000  SNPS_CLOCK_GATE_HIGH_VX_lmem_weight_gather_dma__eb0f30b3b65f_372
clk_gate_slot_base_r_reg_3__0         1.7550      0.0     0.0000      1.7550  0.0000  SNPS_CLOCK_GATE_HIGH_VX_lmem_weight_gather_dma__eb0f30b3b65f_371
clk_gate_slot_base_r_reg_4__0         1.7550      0.0     0.0000      1.7550  0.0000  SNPS_CLOCK_GATE_HIGH_VX_lmem_weight_gather_dma__eb0f30b3b65f_379
clk_gate_slot_base_r_reg_5__0         1.7550      0.0     0.0000      1.7550  0.0000  SNPS_CLOCK_GATE_HIGH_VX_lmem_weight_gather_dma__eb0f30b3b65f_378
clk_gate_slot_base_r_reg_6__0         1.7550      0.0     0.0000      1.7550  0.0000  SNPS_CLOCK_GATE_HIGH_VX_lmem_weight_gather_dma__eb0f30b3b65f_377
clk_gate_slot_base_r_reg_7__0         1.7550      0.0     0.0000      1.7550  0.0000  SNPS_CLOCK_GATE_HIGH_VX_lmem_weight_gather_dma__eb0f30b3b65f_376
clk_gate_slot_base_r_reg_8__0         1.7550      0.0     0.0000      1.7550  0.0000  SNPS_CLOCK_GATE_HIGH_VX_lmem_weight_gather_dma__eb0f30b3b65f_384
clk_gate_slot_base_r_reg_9__0         1.7550      0.0     0.0000      1.7550  0.0000  SNPS_CLOCK_GATE_HIGH_VX_lmem_weight_gather_dma__eb0f30b3b65f_383
clk_gate_slot_data_r_reg_0__0__0      1.7550      0.0     0.0000      1.7550  0.0000  SNPS_CLOCK_GATE_HIGH_VX_lmem_weight_gather_dma__eb0f30b3b65f_191
clk_gate_slot_data_r_reg_0__1__0      1.7550      0.0     0.0000      1.7550  0.0000  SNPS_CLOCK_GATE_HIGH_VX_lmem_weight_gather_dma__eb0f30b3b65f_306
clk_gate_slot_data_r_reg_0__2__0      1.7550      0.0     0.0000      1.7550  0.0000  SNPS_CLOCK_GATE_HIGH_VX_lmem_weight_gather_dma__eb0f30b3b65f_328
clk_gate_slot_data_r_reg_0__3__0      1.7550      0.0     0.0000      1.7550  0.0000  SNPS_CLOCK_GATE_HIGH_VX_lmem_weight_gather_dma__eb0f30b3b65f_214
clk_gate_slot_data_r_reg_0__4__0      1.7550      0.0     0.0000      1.7550  0.0000  SNPS_CLOCK_GATE_HIGH_VX_lmem_weight_gather_dma__eb0f30b3b65f_237
clk_gate_slot_data_r_reg_0__5__0      1.7550      0.0     0.0000      1.7550  0.0000  SNPS_CLOCK_GATE_HIGH_VX_lmem_weight_gather_dma__eb0f30b3b65f_350
clk_gate_slot_data_r_reg_0__6__0      1.7550      0.0     0.0000      1.7550  0.0000  SNPS_CLOCK_GATE_HIGH_VX_lmem_weight_gather_dma__eb0f30b3b65f_260
clk_gate_slot_data_r_reg_0__7__0      1.7550      0.0     0.0000      1.7550  0.0000  SNPS_CLOCK_GATE_HIGH_VX_lmem_weight_gather_dma__eb0f30b3b65f_283
clk_gate_slot_data_r_reg_10__0__0     1.7550      0.0     0.0000      1.7550  0.0000  SNPS_CLOCK_GATE_HIGH_VX_lmem_weight_gather_dma__eb0f30b3b65f_200
clk_gate_slot_data_r_reg_10__1__0     1.7550      0.0     0.0000      1.7550  0.0000  SNPS_CLOCK_GATE_HIGH_VX_lmem_weight_gather_dma__eb0f30b3b65f_320
clk_gate_slot_data_r_reg_10__2__0     1.7550      0.0     0.0000      1.7550  0.0000  SNPS_CLOCK_GATE_HIGH_VX_lmem_weight_gather_dma__eb0f30b3b65f_341
clk_gate_slot_data_r_reg_10__3__0     1.7550      0.0     0.0000      1.7550  0.0000  SNPS_CLOCK_GATE_HIGH_VX_lmem_weight_gather_dma__eb0f30b3b65f_223
clk_gate_slot_data_r_reg_10__4__0     1.7550      0.0     0.0000      1.7550  0.0000  SNPS_CLOCK_GATE_HIGH_VX_lmem_weight_gather_dma__eb0f30b3b65f_246
clk_gate_slot_data_r_reg_10__5__0     1.7550      0.0     0.0000      1.7550  0.0000  SNPS_CLOCK_GATE_HIGH_VX_lmem_weight_gather_dma__eb0f30b3b65f_359
clk_gate_slot_data_r_reg_10__6__0     1.7550      0.0     0.0000      1.7550  0.0000  SNPS_CLOCK_GATE_HIGH_VX_lmem_weight_gather_dma__eb0f30b3b65f_269
clk_gate_slot_data_r_reg_10__7__0     1.7550      0.0     0.0000      1.7550  0.0000  SNPS_CLOCK_GATE_HIGH_VX_lmem_weight_gather_dma__eb0f30b3b65f_292
clk_gate_slot_data_r_reg_11__0__0     1.7550      0.0     0.0000      1.7550  0.0000  SNPS_CLOCK_GATE_HIGH_VX_lmem_weight_gather_dma__eb0f30b3b65f_199
clk_gate_slot_data_r_reg_11__1__0     1.7550      0.0     0.0000      1.7550  0.0000  SNPS_CLOCK_GATE_HIGH_VX_lmem_weight_gather_dma__eb0f30b3b65f_319
clk_gate_slot_data_r_reg_11__2__0     1.7550      0.0     0.0000      1.7550  0.0000  SNPS_CLOCK_GATE_HIGH_VX_lmem_weight_gather_dma__eb0f30b3b65f_367
clk_gate_slot_data_r_reg_11__3__0     1.7550      0.0     0.0000      1.7550  0.0000  SNPS_CLOCK_GATE_HIGH_VX_lmem_weight_gather_dma__eb0f30b3b65f_222
clk_gate_slot_data_r_reg_11__4__0     1.7550      0.0     0.0000      1.7550  0.0000  SNPS_CLOCK_GATE_HIGH_VX_lmem_weight_gather_dma__eb0f30b3b65f_245
clk_gate_slot_data_r_reg_11__5__0     1.7550      0.0     0.0000      1.7550  0.0000  SNPS_CLOCK_GATE_HIGH_VX_lmem_weight_gather_dma__eb0f30b3b65f_358
clk_gate_slot_data_r_reg_11__6__0     1.7550      0.0     0.0000      1.7550  0.0000  SNPS_CLOCK_GATE_HIGH_VX_lmem_weight_gather_dma__eb0f30b3b65f_268
clk_gate_slot_data_r_reg_11__7__0     1.7550      0.0     0.0000      1.7550  0.0000  SNPS_CLOCK_GATE_HIGH_VX_lmem_weight_gather_dma__eb0f30b3b65f_291
clk_gate_slot_data_r_reg_12__0__0     1.7550      0.0     0.0000      1.7550  0.0000  SNPS_CLOCK_GATE_HIGH_VX_lmem_weight_gather_dma__eb0f30b3b65f_207
clk_gate_slot_data_r_reg_12__1__0     1.7550      0.0     0.0000      1.7550  0.0000  SNPS_CLOCK_GATE_HIGH_VX_lmem_weight_gather_dma__eb0f30b3b65f_317
clk_gate_slot_data_r_reg_12__2__0     1.7550      0.0     0.0000      1.7550  0.0000  SNPS_CLOCK_GATE_HIGH_VX_lmem_weight_gather_dma__eb0f30b3b65f_339
clk_gate_slot_data_r_reg_12__3__0     1.7550      0.0     0.0000      1.7550  0.0000  SNPS_CLOCK_GATE_HIGH_VX_lmem_weight_gather_dma__eb0f30b3b65f_230
clk_gate_slot_data_r_reg_12__4__0     1.7550      0.0     0.0000      1.7550  0.0000  SNPS_CLOCK_GATE_HIGH_VX_lmem_weight_gather_dma__eb0f30b3b65f_253
clk_gate_slot_data_r_reg_12__5__0     1.7550      0.0     0.0000      1.7550  0.0000  SNPS_CLOCK_GATE_HIGH_VX_lmem_weight_gather_dma__eb0f30b3b65f_365
clk_gate_slot_data_r_reg_12__6__0     1.7550      0.0     0.0000      1.7550  0.0000  SNPS_CLOCK_GATE_HIGH_VX_lmem_weight_gather_dma__eb0f30b3b65f_276
clk_gate_slot_data_r_reg_12__7__0     1.7550      0.0     0.0000      1.7550  0.0000  SNPS_CLOCK_GATE_HIGH_VX_lmem_weight_gather_dma__eb0f30b3b65f_299
clk_gate_slot_data_r_reg_13__0__0     1.7550      0.0     0.0000      1.7550  0.0000  SNPS_CLOCK_GATE_HIGH_VX_lmem_weight_gather_dma__eb0f30b3b65f_206
clk_gate_slot_data_r_reg_13__1__0     1.7550      0.0     0.0000      1.7550  0.0000  SNPS_CLOCK_GATE_HIGH_VX_lmem_weight_gather_dma__eb0f30b3b65f_316
clk_gate_slot_data_r_reg_13__2__0     1.7550      0.0     0.0000      1.7550  0.0000  SNPS_CLOCK_GATE_HIGH_VX_lmem_weight_gather_dma__eb0f30b3b65f_338
clk_gate_slot_data_r_reg_13__3__0     1.7550      0.0     0.0000      1.7550  0.0000  SNPS_CLOCK_GATE_HIGH_VX_lmem_weight_gather_dma__eb0f30b3b65f_229
clk_gate_slot_data_r_reg_13__4__0     1.7550      0.0     0.0000      1.7550  0.0000  SNPS_CLOCK_GATE_HIGH_VX_lmem_weight_gather_dma__eb0f30b3b65f_252
clk_gate_slot_data_r_reg_13__5__0     1.7550      0.0     0.0000      1.7550  0.0000  SNPS_CLOCK_GATE_HIGH_VX_lmem_weight_gather_dma__eb0f30b3b65f_366
clk_gate_slot_data_r_reg_13__6__0     1.7550      0.0     0.0000      1.7550  0.0000  SNPS_CLOCK_GATE_HIGH_VX_lmem_weight_gather_dma__eb0f30b3b65f_275
clk_gate_slot_data_r_reg_13__7__0     1.7550      0.0     0.0000      1.7550  0.0000  SNPS_CLOCK_GATE_HIGH_VX_lmem_weight_gather_dma__eb0f30b3b65f_298
clk_gate_slot_data_r_reg_14__0__0     1.7550      0.0     0.0000      1.7550  0.0000  SNPS_CLOCK_GATE_HIGH_VX_lmem_weight_gather_dma__eb0f30b3b65f_205
clk_gate_slot_data_r_reg_14__1__0     1.7550      0.0     0.0000      1.7550  0.0000  SNPS_CLOCK_GATE_HIGH_VX_lmem_weight_gather_dma__eb0f30b3b65f_315
clk_gate_slot_data_r_reg_14__2__0     1.7550      0.0     0.0000      1.7550  0.0000  SNPS_CLOCK_GATE_HIGH_VX_lmem_weight_gather_dma__eb0f30b3b65f_337
clk_gate_slot_data_r_reg_14__3__0     1.7550      0.0     0.0000      1.7550  0.0000  SNPS_CLOCK_GATE_HIGH_VX_lmem_weight_gather_dma__eb0f30b3b65f_228
clk_gate_slot_data_r_reg_14__4__0     1.7550      0.0     0.0000      1.7550  0.0000  SNPS_CLOCK_GATE_HIGH_VX_lmem_weight_gather_dma__eb0f30b3b65f_251
clk_gate_slot_data_r_reg_14__5__0     1.7550      0.0     0.0000      1.7550  0.0000  SNPS_CLOCK_GATE_HIGH_VX_lmem_weight_gather_dma__eb0f30b3b65f_364
clk_gate_slot_data_r_reg_14__6__0     1.7550      0.0     0.0000      1.7550  0.0000  SNPS_CLOCK_GATE_HIGH_VX_lmem_weight_gather_dma__eb0f30b3b65f_274
clk_gate_slot_data_r_reg_14__7__0     1.7550      0.0     0.0000      1.7550  0.0000  SNPS_CLOCK_GATE_HIGH_VX_lmem_weight_gather_dma__eb0f30b3b65f_297
clk_gate_slot_data_r_reg_15__0__0     1.7550      0.0     0.0000      1.7550  0.0000  SNPS_CLOCK_GATE_HIGH_VX_lmem_weight_gather_dma__eb0f30b3b65f_204
clk_gate_slot_data_r_reg_15__1__0     1.7550      0.0     0.0000      1.7550  0.0000  SNPS_CLOCK_GATE_HIGH_VX_lmem_weight_gather_dma__eb0f30b3b65f_314
clk_gate_slot_data_r_reg_15__2__0     1.7550      0.0     0.0000      1.7550  0.0000  SNPS_CLOCK_GATE_HIGH_VX_lmem_weight_gather_dma__eb0f30b3b65f_336
clk_gate_slot_data_r_reg_15__3__0     1.7550      0.0     0.0000      1.7550  0.0000  SNPS_CLOCK_GATE_HIGH_VX_lmem_weight_gather_dma__eb0f30b3b65f_227
clk_gate_slot_data_r_reg_15__4__0     1.7550      0.0     0.0000      1.7550  0.0000  SNPS_CLOCK_GATE_HIGH_VX_lmem_weight_gather_dma__eb0f30b3b65f_250
clk_gate_slot_data_r_reg_15__5__0     1.7550      0.0     0.0000      1.7550  0.0000  SNPS_CLOCK_GATE_HIGH_VX_lmem_weight_gather_dma__eb0f30b3b65f_363
clk_gate_slot_data_r_reg_15__6__0     1.7550      0.0     0.0000      1.7550  0.0000  SNPS_CLOCK_GATE_HIGH_VX_lmem_weight_gather_dma__eb0f30b3b65f_273
clk_gate_slot_data_r_reg_15__7__0     1.7550      0.0     0.0000      1.7550  0.0000  SNPS_CLOCK_GATE_HIGH_VX_lmem_weight_gather_dma__eb0f30b3b65f_296
clk_gate_slot_data_r_reg_1__0__0      1.7550      0.0     0.0000      1.7550  0.0000  SNPS_CLOCK_GATE_HIGH_VX_lmem_weight_gather_dma__eb0f30b3b65f_190
clk_gate_slot_data_r_reg_1__1__0      1.7550      0.0     0.0000      1.7550  0.0000  SNPS_CLOCK_GATE_HIGH_VX_lmem_weight_gather_dma__eb0f30b3b65f_305
clk_gate_slot_data_r_reg_1__2__0      1.7550      0.0     0.0000      1.7550  0.0000  SNPS_CLOCK_GATE_HIGH_VX_lmem_weight_gather_dma__eb0f30b3b65f_327
clk_gate_slot_data_r_reg_1__3__0      1.7550      0.0     0.0000      1.7550  0.0000  SNPS_CLOCK_GATE_HIGH_VX_lmem_weight_gather_dma__eb0f30b3b65f_213
clk_gate_slot_data_r_reg_1__4__0      1.7550      0.0     0.0000      1.7550  0.0000  SNPS_CLOCK_GATE_HIGH_VX_lmem_weight_gather_dma__eb0f30b3b65f_236
clk_gate_slot_data_r_reg_1__5__0      1.7550      0.0     0.0000      1.7550  0.0000  SNPS_CLOCK_GATE_HIGH_VX_lmem_weight_gather_dma__eb0f30b3b65f_349
clk_gate_slot_data_r_reg_1__6__0      1.7550      0.0     0.0000      1.7550  0.0000  SNPS_CLOCK_GATE_HIGH_VX_lmem_weight_gather_dma__eb0f30b3b65f_259
clk_gate_slot_data_r_reg_1__7__0      1.7550      0.0     0.0000      1.7550  0.0000  SNPS_CLOCK_GATE_HIGH_VX_lmem_weight_gather_dma__eb0f30b3b65f_282
clk_gate_slot_data_r_reg_2__0__0      1.7550      0.0     0.0000      1.7550  0.0000  SNPS_CLOCK_GATE_HIGH_VX_lmem_weight_gather_dma__eb0f30b3b65f_189
clk_gate_slot_data_r_reg_2__1__0      1.7550      0.0     0.0000      1.7550  0.0000  SNPS_CLOCK_GATE_HIGH_VX_lmem_weight_gather_dma__eb0f30b3b65f_304
clk_gate_slot_data_r_reg_2__2__0      1.7550      0.0     0.0000      1.7550  0.0000  SNPS_CLOCK_GATE_HIGH_VX_lmem_weight_gather_dma__eb0f30b3b65f_326
clk_gate_slot_data_r_reg_2__3__0      1.7550      0.0     0.0000      1.7550  0.0000  SNPS_CLOCK_GATE_HIGH_VX_lmem_weight_gather_dma__eb0f30b3b65f_212
clk_gate_slot_data_r_reg_2__4__0      1.7550      0.0     0.0000      1.7550  0.0000  SNPS_CLOCK_GATE_HIGH_VX_lmem_weight_gather_dma__eb0f30b3b65f_235
clk_gate_slot_data_r_reg_2__5__0      1.7550      0.0     0.0000      1.7550  0.0000  SNPS_CLOCK_GATE_HIGH_VX_lmem_weight_gather_dma__eb0f30b3b65f_348
clk_gate_slot_data_r_reg_2__6__0      1.7550      0.0     0.0000      1.7550  0.0000  SNPS_CLOCK_GATE_HIGH_VX_lmem_weight_gather_dma__eb0f30b3b65f_258
clk_gate_slot_data_r_reg_2__7__0      1.7550      0.0     0.0000      1.7550  0.0000  SNPS_CLOCK_GATE_HIGH_VX_lmem_weight_gather_dma__eb0f30b3b65f_281
clk_gate_slot_data_r_reg_3__0__0      1.7550      0.0     0.0000      1.7550  0.0000  SNPS_CLOCK_GATE_HIGH_VX_lmem_weight_gather_dma__eb0f30b3b65f_188
clk_gate_slot_data_r_reg_3__1__0      1.7550      0.0     0.0000      1.7550  0.0000  SNPS_CLOCK_GATE_HIGH_VX_lmem_weight_gather_dma__eb0f30b3b65f_303
clk_gate_slot_data_r_reg_3__2__0      1.7550      0.0     0.0000      1.7550  0.0000  SNPS_CLOCK_GATE_HIGH_VX_lmem_weight_gather_dma__eb0f30b3b65f_325
clk_gate_slot_data_r_reg_3__3__0      1.7550      0.0     0.0000      1.7550  0.0000  SNPS_CLOCK_GATE_HIGH_VX_lmem_weight_gather_dma__eb0f30b3b65f_211
clk_gate_slot_data_r_reg_3__4__0      1.7550      0.0     0.0000      1.7550  0.0000  SNPS_CLOCK_GATE_HIGH_VX_lmem_weight_gather_dma__eb0f30b3b65f_234
clk_gate_slot_data_r_reg_3__5__0      1.7550      0.0     0.0000      1.7550  0.0000  SNPS_CLOCK_GATE_HIGH_VX_lmem_weight_gather_dma__eb0f30b3b65f_347
clk_gate_slot_data_r_reg_3__6__0      1.7550      0.0     0.0000      1.7550  0.0000  SNPS_CLOCK_GATE_HIGH_VX_lmem_weight_gather_dma__eb0f30b3b65f_257
clk_gate_slot_data_r_reg_3__7__0      1.7550      0.0     0.0000      1.7550  0.0000  SNPS_CLOCK_GATE_HIGH_VX_lmem_weight_gather_dma__eb0f30b3b65f_280
clk_gate_slot_data_r_reg_4__0__0      1.7550      0.0     0.0000      1.7550  0.0000  SNPS_CLOCK_GATE_HIGH_VX_lmem_weight_gather_dma__eb0f30b3b65f_196
clk_gate_slot_data_r_reg_4__1__0      1.7550      0.0     0.0000      1.7550  0.0000  SNPS_CLOCK_GATE_HIGH_VX_lmem_weight_gather_dma__eb0f30b3b65f_311
clk_gate_slot_data_r_reg_4__2__0      1.7550      0.0     0.0000      1.7550  0.0000  SNPS_CLOCK_GATE_HIGH_VX_lmem_weight_gather_dma__eb0f30b3b65f_333
clk_gate_slot_data_r_reg_4__3__0      1.7550      0.0     0.0000      1.7550  0.0000  SNPS_CLOCK_GATE_HIGH_VX_lmem_weight_gather_dma__eb0f30b3b65f_219
clk_gate_slot_data_r_reg_4__4__0      1.7550      0.0     0.0000      1.7550  0.0000  SNPS_CLOCK_GATE_HIGH_VX_lmem_weight_gather_dma__eb0f30b3b65f_242
clk_gate_slot_data_r_reg_4__5__0      1.7550      0.0     0.0000      1.7550  0.0000  SNPS_CLOCK_GATE_HIGH_VX_lmem_weight_gather_dma__eb0f30b3b65f_355
clk_gate_slot_data_r_reg_4__6__0      1.7550      0.0     0.0000      1.7550  0.0000  SNPS_CLOCK_GATE_HIGH_VX_lmem_weight_gather_dma__eb0f30b3b65f_265
clk_gate_slot_data_r_reg_4__7__0      1.7550      0.0     0.0000      1.7550  0.0000  SNPS_CLOCK_GATE_HIGH_VX_lmem_weight_gather_dma__eb0f30b3b65f_288
clk_gate_slot_data_r_reg_5__0__0      1.7550      0.0     0.0000      1.7550  0.0000  SNPS_CLOCK_GATE_HIGH_VX_lmem_weight_gather_dma__eb0f30b3b65f_195
clk_gate_slot_data_r_reg_5__1__0      1.7550      0.0     0.0000      1.7550  0.0000  SNPS_CLOCK_GATE_HIGH_VX_lmem_weight_gather_dma__eb0f30b3b65f_310
clk_gate_slot_data_r_reg_5__2__0      1.7550      0.0     0.0000      1.7550  0.0000  SNPS_CLOCK_GATE_HIGH_VX_lmem_weight_gather_dma__eb0f30b3b65f_332
clk_gate_slot_data_r_reg_5__3__0      1.7550      0.0     0.0000      1.7550  0.0000  SNPS_CLOCK_GATE_HIGH_VX_lmem_weight_gather_dma__eb0f30b3b65f_218
clk_gate_slot_data_r_reg_5__4__0      1.7550      0.0     0.0000      1.7550  0.0000  SNPS_CLOCK_GATE_HIGH_VX_lmem_weight_gather_dma__eb0f30b3b65f_241
clk_gate_slot_data_r_reg_5__5__0      1.7550      0.0     0.0000      1.7550  0.0000  SNPS_CLOCK_GATE_HIGH_VX_lmem_weight_gather_dma__eb0f30b3b65f_354
clk_gate_slot_data_r_reg_5__6__0      1.7550      0.0     0.0000      1.7550  0.0000  SNPS_CLOCK_GATE_HIGH_VX_lmem_weight_gather_dma__eb0f30b3b65f_264
clk_gate_slot_data_r_reg_5__7__0      1.7550      0.0     0.0000      1.7550  0.0000  SNPS_CLOCK_GATE_HIGH_VX_lmem_weight_gather_dma__eb0f30b3b65f_287
clk_gate_slot_data_r_reg_6__0__0      1.7550      0.0     0.0000      1.7550  0.0000  SNPS_CLOCK_GATE_HIGH_VX_lmem_weight_gather_dma__eb0f30b3b65f_194
clk_gate_slot_data_r_reg_6__1__0      1.7550      0.0     0.0000      1.7550  0.0000  SNPS_CLOCK_GATE_HIGH_VX_lmem_weight_gather_dma__eb0f30b3b65f_309
clk_gate_slot_data_r_reg_6__2__0      1.7550      0.0     0.0000      1.7550  0.0000  SNPS_CLOCK_GATE_HIGH_VX_lmem_weight_gather_dma__eb0f30b3b65f_331
clk_gate_slot_data_r_reg_6__3__0      1.7550      0.0     0.0000      1.7550  0.0000  SNPS_CLOCK_GATE_HIGH_VX_lmem_weight_gather_dma__eb0f30b3b65f_217
clk_gate_slot_data_r_reg_6__4__0      1.7550      0.0     0.0000      1.7550  0.0000  SNPS_CLOCK_GATE_HIGH_VX_lmem_weight_gather_dma__eb0f30b3b65f_240
clk_gate_slot_data_r_reg_6__5__0      1.7550      0.0     0.0000      1.7550  0.0000  SNPS_CLOCK_GATE_HIGH_VX_lmem_weight_gather_dma__eb0f30b3b65f_353
clk_gate_slot_data_r_reg_6__6__0      1.7550      0.0     0.0000      1.7550  0.0000  SNPS_CLOCK_GATE_HIGH_VX_lmem_weight_gather_dma__eb0f30b3b65f_263
clk_gate_slot_data_r_reg_6__7__0      1.7550      0.0     0.0000      1.7550  0.0000  SNPS_CLOCK_GATE_HIGH_VX_lmem_weight_gather_dma__eb0f30b3b65f_286
clk_gate_slot_data_r_reg_7__0__0      1.7550      0.0     0.0000      1.7550  0.0000  SNPS_CLOCK_GATE_HIGH_VX_lmem_weight_gather_dma__eb0f30b3b65f_193
clk_gate_slot_data_r_reg_7__1__0      1.7550      0.0     0.0000      1.7550  0.0000  SNPS_CLOCK_GATE_HIGH_VX_lmem_weight_gather_dma__eb0f30b3b65f_308
clk_gate_slot_data_r_reg_7__2__0      1.7550      0.0     0.0000      1.7550  0.0000  SNPS_CLOCK_GATE_HIGH_VX_lmem_weight_gather_dma__eb0f30b3b65f_330
clk_gate_slot_data_r_reg_7__3__0      1.7550      0.0     0.0000      1.7550  0.0000  SNPS_CLOCK_GATE_HIGH_VX_lmem_weight_gather_dma__eb0f30b3b65f_216
clk_gate_slot_data_r_reg_7__4__0      1.7550      0.0     0.0000      1.7550  0.0000  SNPS_CLOCK_GATE_HIGH_VX_lmem_weight_gather_dma__eb0f30b3b65f_239
clk_gate_slot_data_r_reg_7__5__0      1.7550      0.0     0.0000      1.7550  0.0000  SNPS_CLOCK_GATE_HIGH_VX_lmem_weight_gather_dma__eb0f30b3b65f_352
clk_gate_slot_data_r_reg_7__6__0      1.7550      0.0     0.0000      1.7550  0.0000  SNPS_CLOCK_GATE_HIGH_VX_lmem_weight_gather_dma__eb0f30b3b65f_262
clk_gate_slot_data_r_reg_7__7__0      1.7550      0.0     0.0000      1.7550  0.0000  SNPS_CLOCK_GATE_HIGH_VX_lmem_weight_gather_dma__eb0f30b3b65f_285
clk_gate_slot_data_r_reg_8__0__0      1.7550      0.0     0.0000      1.7550  0.0000  SNPS_CLOCK_GATE_HIGH_VX_lmem_weight_gather_dma__eb0f30b3b65f_202
clk_gate_slot_data_r_reg_8__1__0      1.7550      0.0     0.0000      1.7550  0.0000  SNPS_CLOCK_GATE_HIGH_VX_lmem_weight_gather_dma__eb0f30b3b65f_321
clk_gate_slot_data_r_reg_8__2__0      1.7550      0.0     0.0000      1.7550  0.0000  SNPS_CLOCK_GATE_HIGH_VX_lmem_weight_gather_dma__eb0f30b3b65f_343
clk_gate_slot_data_r_reg_8__3__0      1.7550      0.0     0.0000      1.7550  0.0000  SNPS_CLOCK_GATE_HIGH_VX_lmem_weight_gather_dma__eb0f30b3b65f_225
clk_gate_slot_data_r_reg_8__4__0      1.7550      0.0     0.0000      1.7550  0.0000  SNPS_CLOCK_GATE_HIGH_VX_lmem_weight_gather_dma__eb0f30b3b65f_248
clk_gate_slot_data_r_reg_8__5__0      1.7550      0.0     0.0000      1.7550  0.0000  SNPS_CLOCK_GATE_HIGH_VX_lmem_weight_gather_dma__eb0f30b3b65f_361
clk_gate_slot_data_r_reg_8__6__0      1.7550      0.0     0.0000      1.7550  0.0000  SNPS_CLOCK_GATE_HIGH_VX_lmem_weight_gather_dma__eb0f30b3b65f_271
clk_gate_slot_data_r_reg_8__7__0      1.7550      0.0     0.0000      1.7550  0.0000  SNPS_CLOCK_GATE_HIGH_VX_lmem_weight_gather_dma__eb0f30b3b65f_294
clk_gate_slot_data_r_reg_9__0__0      1.7550      0.0     0.0000      1.7550  0.0000  SNPS_CLOCK_GATE_HIGH_VX_lmem_weight_gather_dma__eb0f30b3b65f_201
clk_gate_slot_data_r_reg_9__1__0      1.7550      0.0     0.0000      1.7550  0.0000  SNPS_CLOCK_GATE_HIGH_VX_lmem_weight_gather_dma__eb0f30b3b65f_368
clk_gate_slot_data_r_reg_9__2__0      1.7550      0.0     0.0000      1.7550  0.0000  SNPS_CLOCK_GATE_HIGH_VX_lmem_weight_gather_dma__eb0f30b3b65f_342
clk_gate_slot_data_r_reg_9__3__0      1.7550      0.0     0.0000      1.7550  0.0000  SNPS_CLOCK_GATE_HIGH_VX_lmem_weight_gather_dma__eb0f30b3b65f_224
clk_gate_slot_data_r_reg_9__4__0      1.7550      0.0     0.0000      1.7550  0.0000  SNPS_CLOCK_GATE_HIGH_VX_lmem_weight_gather_dma__eb0f30b3b65f_247
clk_gate_slot_data_r_reg_9__5__0      1.7550      0.0     0.0000      1.7550  0.0000  SNPS_CLOCK_GATE_HIGH_VX_lmem_weight_gather_dma__eb0f30b3b65f_360
clk_gate_slot_data_r_reg_9__6__0      1.7550      0.0     0.0000      1.7550  0.0000  SNPS_CLOCK_GATE_HIGH_VX_lmem_weight_gather_dma__eb0f30b3b65f_270
clk_gate_slot_data_r_reg_9__7__0      1.7550      0.0     0.0000      1.7550  0.0000  SNPS_CLOCK_GATE_HIGH_VX_lmem_weight_gather_dma__eb0f30b3b65f_293
clk_gate_slot_rsp_valid_r_reg_15_     1.7550      0.0     0.0000      1.7550  0.0000  SNPS_CLOCK_GATE_HIGH_VX_lmem_weight_gather_dma__eb0f30b3b65f_390
--------------------------------  ----------  -------  ---------  ----------  ------  ----------------------------------------------------------------
Total                                                  8632.8452  19823.7775  0.0000

1
