Information: Propagating switching activity (high effort zero delay simulation). (PWR-6)
Warning: Design has unannotated primary inputs. (PWR-414)
Warning: Design has unannotated sequential cell outputs. (PWR-415)
 
****************************************
Report : power
        -hier
        -analysis_effort high
        -verbose
Design : VX_stream_xbar__2b93d60f1e5c
Scenario(s): mode_norm.OC_rvt_ss_0p900v_125c
Version: V-2023.12-SP5-3
Date   : Tue Jul 21 09:23:12 2026
****************************************


Library(s) Used:

    sc9_cmos28lpp_base_rvt_ss_nominal_max_0p900v_125c_sadhm (File: /tool/PDK/Samsung/LN28LPP_202203/PRIMITIVES/RVT/ln28lpp_sc_9t_base_rvt_c130_V1.00d/FE-Common/LIBERTY/sc9_cmos28lpp_base_rvt_ss_nominal_max_0p900v_125c_sadhm.db)


Global Operating Voltage = 0.9  
Power-specific unit information :
    Voltage Units = 1V
    Capacitance Units = 1.000000pf
    Time Units = 1ns
    Dynamic Power Units = 1mW    (derived from V,C,T units)
    Leakage Power Units = 1uW


--------------------------------------------------------------------------------
                                       Switch   Int      Leak     Total
Hierarchy                              Power    Power    Power    Power    %
--------------------------------------------------------------------------------
VX_stream_xbar__2b93d60f1e5c              0.204    0.560  137.608    0.902 100.0
  genblk3_u_pop_count_ex (VX_popcount) 9.72e-06 2.33e-05 2.59e-02 5.89e-05   0.0
    g_popcount6_pc63 (VX_popcount63)   9.72e-06 2.33e-05 2.59e-02 5.89e-05   0.0
  genblk2_u_buffer_ex (VX_pipe_register) 3.61e-05 9.64e-04 5.85e-02 1.06e-03   0.1
    g_shift_register (VX_shift_register_4_4_1_0) 3.61e-05 9.64e-04 5.85e-02 1.06e-03   0.1
  g_multi_inputs_g_multiple_outputs_g_xbar_arbs_3__xbar_arb (VX_stream_arb_29_0) 5.38e-02    0.138   34.026    0.225  25.0
    g_input_select_g_arbiter_g_out_buf_0__out_buf (VX_elastic_buffer_614_2_0_0_0) 2.82e-02    0.126   28.372    0.182  20.2
      g_eb2_out_buf (VX_pipe_buffer_54_0) 6.98e-03 3.26e-03    4.126 1.44e-02   1.6
      g_eb2_stream_buffer (VX_stream_buffer_614_0_0) 2.12e-02    0.123   24.245    0.168  18.6
    g_input_select_g_arbiter_arbiter (VX_generic_arbiter_0) 2.61e-04 4.66e-04    0.172 9.00e-04   0.1
      g_round_robin_rr_arbiter (VX_rr_arbiter_0) 2.61e-04 4.66e-04    0.172 9.00e-04   0.1
        g_model1_onehot_encoder (VX_onehot_encoder_1_0) 1.11e-04 4.06e-05 1.88e-02 1.70e-04   0.0
  g_multi_inputs_g_multiple_outputs_g_xbar_arbs_2__xbar_arb (VX_stream_arb_29_1) 5.08e-02    0.134   34.037    0.219  24.3
    g_input_select_g_arbiter_g_out_buf_0__out_buf (VX_elastic_buffer_614_2_0_0_1) 2.71e-02    0.123   28.426    0.178  19.8
      g_eb2_out_buf (VX_pipe_buffer_54_1) 6.24e-03 3.27e-03    4.127 1.36e-02   1.5
      g_eb2_stream_buffer (VX_stream_buffer_614_0_1) 2.08e-02    0.119   24.299    0.165  18.3
    g_input_select_g_arbiter_arbiter (VX_generic_arbiter_11) 2.52e-04 4.61e-04    0.173 8.86e-04   0.1
      g_round_robin_rr_arbiter (VX_rr_arbiter_4) 2.52e-04 4.61e-04    0.173 8.86e-04   0.1
        g_model1_onehot_encoder (VX_onehot_encoder_1_1) 1.02e-04 3.92e-05 1.88e-02 1.61e-04   0.0
  g_multi_inputs_g_multiple_outputs_g_xbar_arbs_1__xbar_arb (VX_stream_arb_29_2) 5.04e-02    0.138   33.988    0.222  24.6
    g_input_select_g_arbiter_g_out_buf_0__out_buf (VX_elastic_buffer_614_2_0_0_2) 2.87e-02    0.126   28.402    0.183  20.3
      g_eb2_out_buf (VX_pipe_buffer_54_2) 7.01e-03 3.32e-03    4.128 1.45e-02   1.6
      g_eb2_stream_buffer (VX_stream_buffer_614_0_2) 2.17e-02    0.123   24.274    0.169  18.7
    g_input_select_g_arbiter_arbiter (VX_generic_arbiter_12) 2.39e-04 4.68e-04    0.172 8.80e-04   0.1
      g_round_robin_rr_arbiter (VX_rr_arbiter_5) 2.39e-04 4.68e-04    0.172 8.80e-04   0.1
        g_model1_onehot_encoder (VX_onehot_encoder_1_2) 9.29e-05 3.97e-05 1.89e-02 1.51e-04   0.0
  g_multi_inputs_g_multiple_outputs_g_xbar_arbs_0__xbar_arb (VX_stream_arb_29_3) 4.79e-02    0.136   34.001    0.218  24.2
    g_input_select_g_arbiter_g_out_buf_0__out_buf (VX_elastic_buffer_614_2_0_0_3) 2.84e-02    0.125   28.403    0.182  20.2
      g_eb2_out_buf (VX_pipe_buffer_54_3) 6.93e-03 3.21e-03    4.129 1.43e-02   1.6
      g_eb2_stream_buffer (VX_stream_buffer_614_0_3) 2.15e-02    0.122   24.275    0.167  18.6
    g_input_select_g_arbiter_arbiter (VX_generic_arbiter_13) 2.49e-04 4.67e-04    0.171 8.87e-04   0.1
      g_round_robin_rr_arbiter (VX_rr_arbiter_6) 2.49e-04 4.67e-04    0.171 8.87e-04   0.1
        g_model1_onehot_encoder (VX_onehot_encoder_1_3) 9.80e-05 4.04e-05 1.88e-02 1.57e-04   0.0
  g_multi_inputs_g_multiple_outputs_val_in_transpose (VX_transpose_0) 1.31e-04 8.39e-05    0.100 3.15e-04   0.0
  g_multi_inputs_g_multiple_outputs_g_sel_in_demux_3__sel_in_demux (VX_demux_0) 2.96e-05 3.09e-05 2.11e-02 8.17e-05   0.0
  g_multi_inputs_g_multiple_outputs_g_sel_in_demux_2__sel_in_demux (VX_demux_4) 3.13e-05 3.12e-05 2.11e-02 8.36e-05   0.0
  g_multi_inputs_g_multiple_outputs_g_sel_in_demux_1__sel_in_demux (VX_demux_5) 4.37e-05 3.12e-05 2.11e-02 9.61e-05   0.0
  g_multi_inputs_g_multiple_outputs_g_sel_in_demux_0__sel_in_demux (VX_demux_6) 3.04e-05 3.10e-05 2.11e-02 8.26e-05   0.0
  g_multi_inputs_g_multiple_outputs_rdy_in_transpose (VX_transpose_5) 3.40e-05 8.21e-05 9.91e-02 2.15e-04   0.0
1
