Information: Propagating switching activity (high effort zero delay simulation). (PWR-6)
Warning: There is no defined clock in scenario mode_norm.OC_rvt_ss_0p900v_125c. (PWR-80)
Warning: Design has unannotated primary inputs. (PWR-414)
Warning: Design has unannotated sequential cell outputs. (PWR-415)
 
****************************************
Report : power
        -hier
        -analysis_effort high
        -verbose
Design : axi_mux__72e845b58ea3
Scenario(s): mode_norm.OC_rvt_ss_0p900v_125c
Version: V-2023.12-SP5-3
Date   : Tue Jul 21 11:04:01 2026
****************************************


Library(s) Used:

    sc9_cmos28lpp_base_rvt_ss_nominal_max_0p900v_125c_sadhm (File: /tool/PDK/Samsung/LN28LPP_202203/PRIMITIVES/RVT/ln28lpp_sc_9t_base_rvt_c130_V1.00d/FE-Common/LIBERTY/sc9_cmos28lpp_base_rvt_ss_nominal_max_0p900v_125c_sadhm.db)


Global Operating Voltage = 0.9  
Power-specific unit information :
    Voltage Units = 1V
    Capacitance Units = 1.000000pf
    Time Units = 1ns
    Dynamic Power Units = 1mW    (derived from V,C,T units)
    Leakage Power Units = 1uW


--------------------------------------------------------------------------------
                                       Switch   Int      Leak     Total
Hierarchy                              Power    Power    Power    Power    %
--------------------------------------------------------------------------------
axi_mux__72e845b58ea3                     0.303    0.397   36.421    0.737 100.0
  gen_mux_i_r_spill_reg (spill_register_9) 2.64e-02 3.83e-02    3.534 6.83e-02   9.3
    spill_register_flushable_i (spill_register_flushable_1_494242) 2.64e-02 3.83e-02    3.534 6.83e-02   9.3
  gen_mux_i_ar_spill_reg (spill_register_8) 6.53e-03 7.75e-03    0.503 1.48e-02   2.0
    spill_register_flushable_i (spill_register_flushable_1_029242) 6.53e-03 7.75e-03    0.503 1.48e-02   2.0
  gen_mux_i_ar_arbiter (rr_arb_tree_00000002_1_1_029242) 9.10e-03 1.36e-02    0.762 2.35e-02   3.2
    gen_arbiter_gen_int_rr_gen_fair_arb_i_lzc_lower (lzc_00000002_0_0) 3.17e-05 2.08e-05 3.14e-03 5.57e-05   0.0
    gen_arbiter_gen_int_rr_gen_fair_arb_i_lzc_upper (lzc_00000002_0_1) 3.18e-05 2.21e-05 3.13e-03 5.70e-05   0.0
  gen_mux_i_b_spill_reg (spill_register_7) 8.96e-04 1.06e-03 9.39e-02 2.05e-03   0.3
    spill_register_flushable_i (spill_register_flushable_1_929242) 8.96e-04 1.06e-03 9.39e-02 2.05e-03   0.3
  gen_mux_i_w_spill_reg (spill_register_2) 6.40e-02 4.49e-02    3.890    0.113  15.3
    spill_register_flushable_i (spill_register_flushable_1_873242) 6.40e-02 4.49e-02    3.890    0.113  15.3
  gen_mux_i_aw_spill_reg (spill_register_6) 1.51e-02 3.07e-02    3.429 4.92e-02   6.7
    spill_register_flushable_i (spill_register_flushable_0_523242) 1.51e-02 3.07e-02    3.429 4.92e-02   6.7
  gen_mux_i_w_fifo (fifo_v3_0_00000008_455242) 2.69e-03 2.95e-03    0.524 6.16e-03   0.8
  gen_mux_i_aw_arbiter (rr_arb_tree_00000002_1_1_523242) 1.25e-02 1.47e-02    0.811 2.80e-02   3.8
    gen_arbiter_gen_int_rr_gen_fair_arb_i_lzc_lower (lzc_00000002_0_2) 3.30e-05 2.20e-05 3.13e-03 5.82e-05   0.0
    gen_arbiter_gen_int_rr_gen_fair_arb_i_lzc_upper (lzc_00000002_0_3) 2.60e-05 2.40e-05 3.11e-03 5.32e-05   0.0
  gen_mux_gen_id_prepend_1__i_id_prepend (axi_id_prepend_00000001_00000008_00000009_610242_0) 6.09e-02 9.30e-02    8.535    0.162  22.0
  gen_mux_gen_id_prepend_0__i_id_prepend (axi_id_prepend_00000001_00000008_00000009_610242_1) 8.10e-02 9.31e-02    8.535    0.183  24.8
1
