Information: Propagating switching activity (high effort zero delay simulation). (PWR-6)
Warning: Design has unannotated primary inputs. (PWR-414)
 
****************************************
Report : power
        -hier
        -analysis_effort high
        -verbose
Design : VX_mem_arb__f4f0badc146e
Scenario(s): mode_norm.OC_rvt_ss_0p900v_125c
Version: V-2023.12-SP5-3
Date   : Tue Jul 21 07:08:09 2026
****************************************


Library(s) Used:

    sc9_cmos28lpp_base_rvt_ss_nominal_max_0p900v_125c_sadhm (File: /tool/PDK/Samsung/LN28LPP_202203/PRIMITIVES/RVT/ln28lpp_sc_9t_base_rvt_c130_V1.00d/FE-Common/LIBERTY/sc9_cmos28lpp_base_rvt_ss_nominal_max_0p900v_125c_sadhm.db)


Global Operating Voltage = 0.9  
Power-specific unit information :
    Voltage Units = 1V
    Capacitance Units = 1.000000pf
    Time Units = 1ns
    Dynamic Power Units = 1mW    (derived from V,C,T units)
    Leakage Power Units = 1uW


--------------------------------------------------------------------------------
                                       Switch   Int      Leak     Total
Hierarchy                              Power    Power    Power    Power    %
--------------------------------------------------------------------------------
VX_mem_arb__f4f0badc146e               8.47e-03 8.37e-03    7.605 2.44e-02 100.0
  g_rsp_arb_req_arb (VX_stream_arb_14) 3.85e-03 3.82e-03    3.480 1.12e-02  45.6
    g_passthru_g_out_buf_0__out_buf (VX_elastic_buffer_517_0_0_0) 3.85e-03 3.82e-03    3.480 1.12e-02  45.6
  req_arb (VX_stream_arb_13)           4.62e-03 4.55e-03    4.124 1.33e-02  54.4
    g_passthru_g_out_buf_0__out_buf (VX_elastic_buffer_613_0_0_0) 4.62e-03 4.55e-03    4.124 1.33e-02  54.4
1
