 
****************************************
Report : timing
        -path full
        -delay max
        -nets
        -max_paths 10
        -transition_time
Design : VX_gemm_tree_v1__accc29dc6f5c
Scenario(s): mode_norm.OC_rvt_ss_0p900v_125c
Version: V-2023.12-SP5-3
Date   : Tue Jul 21 05:14:42 2026
****************************************

 * Some/all delay information is back-annotated.
Wire Load Model Mode: Inactive.

  Startpoint: tile_col_0__gen_col_zero_u_pe/ps_o_reg_16__0_
              (rising edge-triggered flip-flop)
  Endpoint: ps_o[640] (output port)
  Scenario: mode_norm.OC_rvt_ss_0p900v_125c
  Path Group: (none)
  Path Type: max

Attributes:
    d - dont_touch
    u - dont_use
   mo - map_only
   so - size_only
    i - ideal_net or ideal_network
  inf - infeasible path

  Point                                                         Fanout     Trans      Incr       Path      Attributes     Voltage
  -------------------------------------------------------------------------------------------------------------------------------------
  tile_col_0__gen_col_zero_u_pe/ps_o_reg_16__0_/CK (DFFRPQ_X0P5M_A9TR)      0.39      0.00       0.00 r                   0.90
  tile_col_0__gen_col_zero_u_pe/ps_o_reg_16__0_/Q (DFFRPQ_X0P5M_A9TR)       0.60      0.55       0.55 r                   0.90
  tile_col_0__gen_col_zero_u_pe/ps_o[640] (net)                   1                   0.00       0.55 r                   
  tile_col_0__gen_col_zero_u_pe/ps_o[640] (VX_pe_tree_new)                            0.00       0.55 r                   
  ps_o[640] (net)                                                                     0.00       0.55 r                   
  ps_o[640] (out)                                                           0.60      0.02 *     0.57 r                   
  data arrival time                                                                              0.57                     
  -------------------------------------------------------------------------------------------------------------------------------------
  (Path is unconstrained)


  Startpoint: tile_col_0__gen_col_zero_u_pe/ps_o_reg_16__33_
              (rising edge-triggered flip-flop)
  Endpoint: ps_o[673] (output port)
  Scenario: mode_norm.OC_rvt_ss_0p900v_125c
  Path Group: (none)
  Path Type: max

Attributes:
    d - dont_touch
    u - dont_use
   mo - map_only
   so - size_only
    i - ideal_net or ideal_network
  inf - infeasible path

  Point                                                          Fanout     Trans      Incr       Path      Attributes     Voltage
  --------------------------------------------------------------------------------------------------------------------------------------
  tile_col_0__gen_col_zero_u_pe/ps_o_reg_16__33_/CK (DFFRPQ_X0P5M_A9TR)      0.39      0.00       0.00 r                   0.90
  tile_col_0__gen_col_zero_u_pe/ps_o_reg_16__33_/Q (DFFRPQ_X0P5M_A9TR)       0.57      0.53       0.53 r                   0.90
  tile_col_0__gen_col_zero_u_pe/ps_o[673] (net)                    1                   0.00       0.53 r                   
  tile_col_0__gen_col_zero_u_pe/ps_o[673] (VX_pe_tree_new)                             0.00       0.53 r                   
  ps_o[673] (net)                                                                      0.00       0.53 r                   
  ps_o[673] (out)                                                            0.57      0.02 *     0.55 r                   
  data arrival time                                                                               0.55                     
  --------------------------------------------------------------------------------------------------------------------------------------
  (Path is unconstrained)


  Startpoint: tile_col_0__gen_col_zero_u_pe/ps_o_reg_18__39_
              (rising edge-triggered flip-flop)
  Endpoint: ps_o[759] (output port)
  Scenario: mode_norm.OC_rvt_ss_0p900v_125c
  Path Group: (none)
  Path Type: max

Attributes:
    d - dont_touch
    u - dont_use
   mo - map_only
   so - size_only
    i - ideal_net or ideal_network
  inf - infeasible path

  Point                                                        Fanout     Trans      Incr       Path      Attributes     Voltage
  ------------------------------------------------------------------------------------------------------------------------------------
  tile_col_0__gen_col_zero_u_pe/ps_o_reg_18__39_/CK (DFFRPQ_X1M_A9TR)      0.31      0.00       0.00 r                   0.90
  tile_col_0__gen_col_zero_u_pe/ps_o_reg_18__39_/Q (DFFRPQ_X1M_A9TR)       0.56      0.49       0.49 r                   0.90
  tile_col_0__gen_col_zero_u_pe/ps_o[759] (net)                  1                   0.00       0.49 r                   
  tile_col_0__gen_col_zero_u_pe/ps_o[759] (VX_pe_tree_new)                           0.00       0.49 r                   
  ps_o[759] (net)                                                                    0.00       0.49 r                   
  ps_o[759] (out)                                                          0.56      0.06 *     0.55 r                   
  data arrival time                                                                             0.55                     
  ------------------------------------------------------------------------------------------------------------------------------------
  (Path is unconstrained)


  Startpoint: tile_col_0__gen_col_zero_u_pe/ps_o_reg_16__26_
              (rising edge-triggered flip-flop)
  Endpoint: ps_o[666] (output port)
  Scenario: mode_norm.OC_rvt_ss_0p900v_125c
  Path Group: (none)
  Path Type: max

Attributes:
    d - dont_touch
    u - dont_use
   mo - map_only
   so - size_only
    i - ideal_net or ideal_network
  inf - infeasible path

  Point                                                        Fanout     Trans      Incr       Path      Attributes     Voltage
  ------------------------------------------------------------------------------------------------------------------------------------
  tile_col_0__gen_col_zero_u_pe/ps_o_reg_16__26_/CK (DFFRPQ_X1M_A9TR)      0.38      0.00       0.00 r                   0.90
  tile_col_0__gen_col_zero_u_pe/ps_o_reg_16__26_/Q (DFFRPQ_X1M_A9TR)       0.49      0.46       0.46 r                   0.90
  tile_col_0__gen_col_zero_u_pe/ps_o[666] (net)                  1                   0.00       0.46 r                   
  tile_col_0__gen_col_zero_u_pe/ps_o[666] (VX_pe_tree_new)                           0.00       0.46 r                   
  ps_o[666] (net)                                                                    0.00       0.46 r                   
  ps_o[666] (out)                                                          0.49      0.04 *     0.50 r                   
  data arrival time                                                                             0.50                     
  ------------------------------------------------------------------------------------------------------------------------------------
  (Path is unconstrained)


  Startpoint: tile_col_0__gen_col_zero_u_pe/ps_o_reg_2__5_
              (rising edge-triggered flip-flop)
  Endpoint: ps_o[85] (output port)
  Scenario: mode_norm.OC_rvt_ss_0p900v_125c
  Path Group: (none)
  Path Type: max

Attributes:
    d - dont_touch
    u - dont_use
   mo - map_only
   so - size_only
    i - ideal_net or ideal_network
  inf - infeasible path

  Point                                                      Fanout     Trans      Incr       Path      Attributes     Voltage
  ----------------------------------------------------------------------------------------------------------------------------------
  tile_col_0__gen_col_zero_u_pe/ps_o_reg_2__5_/CK (DFFRPQ_X1M_A9TR)      0.37      0.00       0.00 r                   0.90
  tile_col_0__gen_col_zero_u_pe/ps_o_reg_2__5_/Q (DFFRPQ_X1M_A9TR)       0.47      0.46       0.46 r                   0.90
  tile_col_0__gen_col_zero_u_pe/ps_o[85] (net)                 1                   0.00       0.46 r                   
  tile_col_0__gen_col_zero_u_pe/ps_o[85] (VX_pe_tree_new)                          0.00       0.46 r                   
  ps_o[85] (net)                                                                   0.00       0.46 r                   
  ps_o[85] (out)                                                         0.47      0.04 *     0.50 r                   
  data arrival time                                                                           0.50                     
  ----------------------------------------------------------------------------------------------------------------------------------
  (Path is unconstrained)


  Startpoint: tile_col_0__gen_col_zero_u_pe/ps_o_reg_12__32_
              (rising edge-triggered flip-flop)
  Endpoint: ps_o[512] (output port)
  Scenario: mode_norm.OC_rvt_ss_0p900v_125c
  Path Group: (none)
  Path Type: max

Attributes:
    d - dont_touch
    u - dont_use
   mo - map_only
   so - size_only
    i - ideal_net or ideal_network
  inf - infeasible path

  Point                                                          Fanout     Trans      Incr       Path      Attributes     Voltage
  --------------------------------------------------------------------------------------------------------------------------------------
  tile_col_0__gen_col_zero_u_pe/ps_o_reg_12__32_/CK (DFFRPQ_X0P5M_A9TR)      0.33      0.00       0.00 r                   0.90
  tile_col_0__gen_col_zero_u_pe/ps_o_reg_12__32_/Q (DFFRPQ_X0P5M_A9TR)       0.49      0.48       0.48 r                   0.90
  tile_col_0__gen_col_zero_u_pe/ps_o[512] (net)                    1                   0.00       0.48 r                   
  tile_col_0__gen_col_zero_u_pe/ps_o[512] (VX_pe_tree_new)                             0.00       0.48 r                   
  ps_o[512] (net)                                                                      0.00       0.48 r                   
  ps_o[512] (out)                                                            0.49      0.01 *     0.49 r                   
  data arrival time                                                                               0.49                     
  --------------------------------------------------------------------------------------------------------------------------------------
  (Path is unconstrained)


  Startpoint: tile_col_0__gen_col_zero_u_pe/ps_o_reg_0__37_
              (rising edge-triggered flip-flop)
  Endpoint: ps_o[37] (output port)
  Scenario: mode_norm.OC_rvt_ss_0p900v_125c
  Path Group: (none)
  Path Type: max

Attributes:
    d - dont_touch
    u - dont_use
   mo - map_only
   so - size_only
    i - ideal_net or ideal_network
  inf - infeasible path

  Point                                                         Fanout     Trans      Incr       Path      Attributes     Voltage
  -------------------------------------------------------------------------------------------------------------------------------------
  tile_col_0__gen_col_zero_u_pe/ps_o_reg_0__37_/CK (DFFRPQ_X0P5M_A9TR)      0.34      0.00       0.00 r                   0.90
  tile_col_0__gen_col_zero_u_pe/ps_o_reg_0__37_/Q (DFFRPQ_X0P5M_A9TR)       0.46      0.46       0.46 r                   0.90
  tile_col_0__gen_col_zero_u_pe/ps_o[37] (net)                    1                   0.00       0.46 r                   
  tile_col_0__gen_col_zero_u_pe/ps_o[37] (VX_pe_tree_new)                             0.00       0.46 r                   
  ps_o[37] (net)                                                                      0.00       0.46 r                   
  ps_o[37] (out)                                                            0.46      0.01 *     0.47 r                   
  data arrival time                                                                              0.47                     
  -------------------------------------------------------------------------------------------------------------------------------------
  (Path is unconstrained)


  Startpoint: tile_col_0__gen_col_zero_u_pe/ps_o_reg_16__27_
              (rising edge-triggered flip-flop)
  Endpoint: ps_o[667] (output port)
  Scenario: mode_norm.OC_rvt_ss_0p900v_125c
  Path Group: (none)
  Path Type: max

Attributes:
    d - dont_touch
    u - dont_use
   mo - map_only
   so - size_only
    i - ideal_net or ideal_network
  inf - infeasible path

  Point                                                        Fanout     Trans      Incr       Path      Attributes     Voltage
  ------------------------------------------------------------------------------------------------------------------------------------
  tile_col_0__gen_col_zero_u_pe/ps_o_reg_16__27_/CK (DFFRPQ_X1M_A9TR)      0.38      0.00       0.00 r                   0.90
  tile_col_0__gen_col_zero_u_pe/ps_o_reg_16__27_/Q (DFFRPQ_X1M_A9TR)       0.42      0.43       0.43 r                   0.90
  tile_col_0__gen_col_zero_u_pe/ps_o[667] (net)                  1                   0.00       0.43 r                   
  tile_col_0__gen_col_zero_u_pe/ps_o[667] (VX_pe_tree_new)                           0.00       0.43 r                   
  ps_o[667] (net)                                                                    0.00       0.43 r                   
  ps_o[667] (out)                                                          0.42      0.03 *     0.47 r                   
  data arrival time                                                                             0.47                     
  ------------------------------------------------------------------------------------------------------------------------------------
  (Path is unconstrained)


  Startpoint: tile_col_0__gen_col_zero_u_pe/ps_o_reg_0__38_
              (rising edge-triggered flip-flop)
  Endpoint: ps_o[38] (output port)
  Scenario: mode_norm.OC_rvt_ss_0p900v_125c
  Path Group: (none)
  Path Type: max

Attributes:
    d - dont_touch
    u - dont_use
   mo - map_only
   so - size_only
    i - ideal_net or ideal_network
  inf - infeasible path

  Point                                                         Fanout     Trans      Incr       Path      Attributes     Voltage
  -------------------------------------------------------------------------------------------------------------------------------------
  tile_col_0__gen_col_zero_u_pe/ps_o_reg_0__38_/CK (DFFRPQ_X0P5M_A9TR)      0.34      0.00       0.00 r                   0.90
  tile_col_0__gen_col_zero_u_pe/ps_o_reg_0__38_/Q (DFFRPQ_X0P5M_A9TR)       0.45      0.46       0.46 r                   0.90
  tile_col_0__gen_col_zero_u_pe/ps_o[38] (net)                    1                   0.00       0.46 r                   
  tile_col_0__gen_col_zero_u_pe/ps_o[38] (VX_pe_tree_new)                             0.00       0.46 r                   
  ps_o[38] (net)                                                                      0.00       0.46 r                   
  ps_o[38] (out)                                                            0.45      0.01 *     0.46 r                   
  data arrival time                                                                              0.46                     
  -------------------------------------------------------------------------------------------------------------------------------------
  (Path is unconstrained)


  Startpoint: tile_col_0__gen_col_zero_u_pe/ps_o_reg_12__28_
              (rising edge-triggered flip-flop)
  Endpoint: ps_o[508] (output port)
  Scenario: mode_norm.OC_rvt_ss_0p900v_125c
  Path Group: (none)
  Path Type: max

Attributes:
    d - dont_touch
    u - dont_use
   mo - map_only
   so - size_only
    i - ideal_net or ideal_network
  inf - infeasible path

  Point                                                          Fanout     Trans      Incr       Path      Attributes     Voltage
  --------------------------------------------------------------------------------------------------------------------------------------
  tile_col_0__gen_col_zero_u_pe/ps_o_reg_12__28_/CK (DFFRPQ_X0P5M_A9TR)      0.33      0.00       0.00 r                   0.90
  tile_col_0__gen_col_zero_u_pe/ps_o_reg_12__28_/Q (DFFRPQ_X0P5M_A9TR)       0.41      0.43       0.43 r                   0.90
  tile_col_0__gen_col_zero_u_pe/ps_o[508] (net)                    1                   0.00       0.43 r                   
  tile_col_0__gen_col_zero_u_pe/ps_o[508] (VX_pe_tree_new)                             0.00       0.43 r                   
  ps_o[508] (net)                                                                      0.00       0.43 r                   
  ps_o[508] (out)                                                            0.41      0.01 *     0.44 r                   
  data arrival time                                                                               0.44                     
  --------------------------------------------------------------------------------------------------------------------------------------
  (Path is unconstrained)


1
