Copyright 1986-2022 Xilinx, Inc. All Rights Reserved. Copyright 2022-2025 Advanced Micro Devices, Inc. All Rights Reserved.
----------------------------------------------------------------------------------------------------------------------------------------------------------------------------------------
| Tool Version : Vivado v.2025.1 (lin64) Build 6140274 Wed May 21 22:58:25 MDT 2025
| Date         : Tue Jul 21 12:01:40 2026
| Host         : fpga running 64-bit Ubuntu 24.04.4 LTS
| Command      : report_high_fanout_nets -timing -max_nets 200 -file /home/jaeyongjang/project.local/vortex_fpint/agent-tasks/critical-path-th32-tcol32-dcache-try3/pnr_high_fanout.rpt
| Design       : level0_wrapper
| Device       : xcu55c
----------------------------------------------------------------------------------------------------------------------------------------------------------------------------------------

High Fan-out Nets Information

1. Summary
----------

+-------------------------------------------------------------------------------------------------------------------------------------------------------------------------------------------------------------------------------------------------------------------------------------------------------------------------------------------------------------------+--------+-------------+-----------------+-----------------+
| Net Name                                                                                                                                                                                                                                                                                                                                                          | Fanout | Driver Type | Worst Slack(ns) | Worst Delay(ns) |
+-------------------------------------------------------------------------------------------------------------------------------------------------------------------------------------------------------------------------------------------------------------------------------------------------------------------------------------------------------------------+--------+-------------+-----------------+-----------------+
| level0_i/ulp/vortex_afu_1/inst/afu_wrap/vortex_axi/vortex/g_clusters[0].cluster/g_sockets[0].socket/g_cores[0].__core_reset/g_relay.reset_r_BUFG                                                                                                                                                                                                                  |  32912 | BUFGCE      |           0.693 |           3.421 |
| level0_i/ulp/vortex_afu_1/inst/afu_wrap/vx_reset_reg_n_0                                                                                                                                                                                                                                                                                                          |  22613 | BUFGCE      |           6.574 |           2.342 |
| level0_i/ulp/vortex_afu_1/inst/afu_wrap/vortex_axi/vortex/g_clusters[0].cluster/g_sockets[0].socket/g_cores[0].core/issue/g_slices[0].issue_slice/operands/g_collectors[0].opc_unit/pipe_reg2/g_register.g_pipe_regs[0].pipe_register/g_shift_register/p_7_in                                                                                                     |  15360 | FDRE        |           0.627 |           8.587 |
| level0_i/ulp/vortex_afu_1/inst/afu_wrap/vortex_axi/vortex/g_clusters[0].cluster/g_sockets[0].socket/g_cores[0].core/gemm_node/u_VX_gemm_unit/gemm_unit_ctrl_reg[quant_dir]__0                                                                                                                                                                                     |  13714 | FDCE        |           1.775 |           6.429 |
| level0_i/ulp/vortex_afu_1/inst/afu_wrap/vortex_axi/vortex/g_clusters[0].cluster/g_sockets[0].socket/g_cores[0].core/execute/fpu_unit/g_blocks[0].fpu_dsp/fpu_fma/pe_serializer/out_buf/g_eb2.stream_buffer/g_buffer.valid_in_r_reg_1                                                                                                                              |   9893 | BUFGCE      |           3.869 |           1.781 |
| level0_i/ulp/vortex_afu_1/inst/afu_wrap/vortex_axi/vortex/g_clusters[0].cluster/g_sockets[0].socket/g_cores[0].core/issue/g_slices[0].issue_slice/operands/g_collectors[0].opc_unit/pipe_reg2/g_register.g_pipe_regs[0].pipe_register/g_shift_register/g_shift.g_partial_reset.g_stages[0].g_stage_0.pipe_reg_n_0_[0][190]                                        |   9216 | FDRE        |           1.143 |           7.468 |
| level0_i/ulp/vortex_afu_1/inst/afu_wrap/vortex_axi/vortex/g_clusters[0].cluster/g_sockets[0].socket/g_cores[0].core/issue/g_slices[0].issue_slice/dispatch/g_buffers[0].buffer/g_eb2.stream_buffer/g_buffer.g_out_reg.data_out_r_reg[6224]_rep__1_29[0]                                                                                                           |   6283 | BUFGCE      |           3.529 |           1.739 |
| level0_i/ulp/vortex_afu_1/inst/afu_wrap/vortex_axi/vortex/g_clusters[0].cluster/g_sockets[0].socket/g_cores[0].core/execute/fpu_unit/g_blocks[0].fpu_dsp/fpu_div/pe_serializer/out_buf/g_eb2.stream_buffer/g_buffer.valid_in_r_reg_0                                                                                                                              |   5723 | BUFGCE      |           5.600 |           1.554 |
| level0_i/ulp/vortex_afu_1/inst/afu_wrap/vortex_axi/vortex/g_clusters[0].cluster/g_sockets[0].socket/g_cores[0].core/issue/g_slices[0].issue_slice/operands/g_collectors[0].opc_unit/out_buf/g_eb2.stream_buffer/g_buffer.valid_in_r_reg_0                                                                                                                         |   5304 | FDSE        |           2.056 |           7.652 |
| level0_i/ulp/vortex_afu_1/inst/afu_wrap/vortex_axi/vortex/g_clusters[0].cluster/g_sockets[0].socket/g_cores[0].core/issue/g_slices[0].issue_slice/dispatch/g_buffers[3].buffer/g_eb2.stream_buffer/E[0]                                                                                                                                                           |   5299 | BUFGCE      |           3.746 |           1.875 |
| level0_i/ulp/vortex_afu_1/inst/afu_wrap/vortex_axi/vortex/g_clusters[0].cluster/g_sockets[0].socket/g_cores[0].core/issue/g_slices[0].issue_slice/operands/g_collectors[0].opc_unit/pipe_reg2/g_register.g_pipe_regs[0].pipe_register/g_shift_register/E[0]                                                                                                       |   5299 | LUT2        |           2.757 |           5.145 |
| level0_i/ulp/vortex_afu_1/inst/afu_wrap/vortex_axi/vortex/g_clusters[0].cluster/g_sockets[0].socket/g_cores[0].core/issue/g_slices[0].issue_slice/operands/g_collectors[0].opc_unit/pipe_reg2/g_register.g_pipe_regs[0].pipe_register/g_shift_register/gpr_rd_opd_st2[3]_5477[0]                                                                                  |   5129 | FDRE        |          -0.429 |           9.480 |
| level0_i/ulp/vortex_afu_1/inst/afu_wrap/vortex_axi/vortex/g_clusters[0].cluster/g_sockets[0].socket/g_cores[0].core/issue/g_slices[0].issue_slice/operands/g_collectors[0].opc_unit/pipe_reg2/g_register.g_pipe_regs[0].pipe_register/g_shift_register/gpr_rd_opd_st2[3]_5477[1]                                                                                  |   5129 | FDRE        |          -0.343 |           9.518 |
| level0_i/ulp/vortex_afu_1/inst/afu_wrap/vortex_axi/vortex/g_clusters[0].cluster/g_sockets[0].socket/g_cores[0].core/issue/g_slices[0].issue_slice/operands/g_collectors[0].opc_unit/out_buf/g_eb2.stream_buffer/g_buffer.valid_in_r_reg_2[0]                                                                                                                      |   5120 | BUFGCE      |           1.071 |           1.833 |
| level0_i/ulp/vortex_afu_1/inst/afu_wrap/vortex_axi/vortex/g_clusters[0].cluster/g_sockets[0].socket/g_cores[0].core/issue/g_slices[0].issue_slice/operands/g_collectors[0].opc_unit/pipe_reg2/g_register.g_pipe_regs[0].pipe_register/g_shift_register/g_shift.g_partial_reset.g_stages[0].g_stage_0.pipe_reg_n_0_[0][191]                                        |   5120 | FDRE        |          -0.154 |           8.741 |
| level0_i/ulp/vortex_afu_1/inst/afu_wrap/vortex_axi/vortex/g_clusters[0].cluster/g_sockets[0].socket/g_cores[0].core/issue/g_slices[0].issue_slice/operands/g_collectors[0].opc_unit/pipe_reg2/g_register.g_pipe_regs[0].pipe_register/g_shift_register/g_shift.g_partial_reset.g_stages[0].g_stage_0.pipe_reg_n_0_[0][192]                                        |   5120 | FDRE        |          -0.167 |           9.005 |
| level0_i/ulp/vortex_afu_1/inst/afu_wrap/vortex_axi/vortex/g_clusters[0].cluster/g_sockets[0].socket/g_cores[0].core/execute/alu_unit/g_blocks[0].pe_switch/rsp_arb/g_input_select.g_arbiter.arbiter/g_round_robin.rr_arbiter/g_buffer.flow_out                                                                                                                    |   4505 | LUT2        |           1.907 |           4.705 |
| level0_i/ulp/vortex_afu_1/inst/afu_wrap/vortex_axi/vortex/g_clusters[0].cluster/g_sockets[0].socket/g_cores[0].core/issue/g_slices[0].issue_slice/dispatch/g_buffers[0].buffer/g_eb2.stream_buffer/g_buffer.valid_in_r_reg_0                                                                                                                                      |   4345 | FDSE        |          -0.503 |           9.833 |
| level0_i/ulp/vortex_afu_1/inst/afu_wrap/vortex_axi/vortex/g_clusters[0].cluster/g_sockets[0].socket/g_cores[0].core/issue/g_slices[0].issue_slice/operands/g_collectors[0].opc_unit/out_buf/g_eb2.stream_buffer/g_buffer.valid_out_r_reg_1[0]                                                                                                                     |   4272 | BUFGCE      |           4.081 |           1.859 |
| level0_i/ulp/vortex_afu_1/inst/afu_wrap/vortex_axi/vortex/g_clusters[0].cluster/g_sockets[0].socket/g_cores[0].core/execute/lsu_unit/g_blocks[0].lsu_slice/rsp_buf/g_eb2.stream_buffer/g_buffer.valid_in_r_reg_rep_n_0                                                                                                                                            |   4180 | FDSE        |           0.244 |           9.134 |
| level0_i/ulp/vortex_afu_1/inst/afu_wrap/vortex_axi/vortex/g_clusters[0].cluster/g_sockets[0].socket/g_cores[0].core/mem_unit/g_lmem_switches[0].lmem_switch/rsp_arb/g_input_select.g_arbiter.g_out_buf[0].out_buf/g_eb1.pipe_buffer/g_register.g_pipe_regs[0].pipe_register/g_shift_register/g_shift.g_partial_reset.g_stages[0].g_stage_0.pipe_reg[0][2084]_3[0] |   4180 | BUFGCE      |           4.832 |           2.158 |
| level0_i/ulp/vortex_afu_1/inst/afu_wrap/vortex_axi/vortex/g_clusters[0].cluster/g_sockets[0].socket/g_cores[0].core/execute/alu_unit/g_blocks[0].muldiv_unit/div_elastic_adapter/E[0]                                                                                                                                                                             |   4178 | BUFGCE      |           4.798 |           1.703 |
| level0_i/ulp/vortex_afu_1/inst/afu_wrap/vortex_axi/vortex/g_clusters[0].cluster/g_sockets[0].socket/g_cores[0].core/gemm_node/u_job_frontend/u_job_desc_mmio_regs/E[0]                                                                                                                                                                                            |   4162 | BUFGCE      |           2.270 |           1.953 |
| level0_i/ulp/vortex_afu_1/inst/afu_wrap/vortex_axi/vortex/g_clusters[0].cluster/g_sockets[0].socket/g_cores[0].core/execute/alu_unit/g_blocks[0].muldiv_unit/serial_mul/E[0]                                                                                                                                                                                      |   4160 | BUFGCE      |           6.088 |           1.691 |
| level0_i/ulp/vortex_afu_1/inst/afu_wrap/vortex_axi/vortex/g_clusters[0].cluster/g_sockets[0].socket/g_cores[0].core/mem_unit/g_lmem_lane_dma_arb[15].lmem_membus_dma_arbiter/g_rsp_select.rsp_switch/g_out_buf[0].out_buf/g_eb2.stream_buffer/g_buffer.valid_in_r_reg_1[0]                                                                                        |   4158 | BUFGCE      |           3.440 |           1.844 |
| level0_i/ulp/vortex_afu_1/inst/afu_wrap/vortex_axi/vortex/g_clusters[0].cluster/g_sockets[0].socket/g_cores[0].core/issue/g_slices[0].issue_slice/dispatch/g_buffers[0].buffer/g_eb2.stream_buffer/busy_r_reg_0[0]                                                                                                                                                |   4128 | BUFGCE      |           1.647 |           1.768 |
| level0_i/ulp/vortex_afu_1/inst/afu_wrap/vortex_axi/vortex/g_clusters[0].cluster/g_sockets[0].socket/g_cores[0].core/gemm_node/u_tmem_subsystem/u_ldma_weight/dma_core/g_aligned.u_impl/weight_cmd_flags_r_reg[0][0]                                                                                                                                               |   4096 | BUFGCE      |           1.251 |           1.648 |
| level0_i/ulp/vortex_afu_1/inst/afu_wrap/vortex_axi/vortex/g_clusters[0].cluster/g_sockets[0].socket/g_cores[0].core/gemm_node/u_tmem_subsystem/u_ldma_weight/dma_core/g_aligned.u_impl/weight_cmd_flags_r_reg[0]_0[0]                                                                                                                                             |   4096 | BUFGCE      |           1.070 |           1.644 |
| level0_i/ulp/vortex_afu_1/inst/afu_wrap/vortex_axi/vortex/g_clusters[0].cluster/g_sockets[0].socket/g_cores[0].core/gemm_node/w_gemm_bus_if\\.req_data[addr][0]                                                                                                                                                                                                   |   4035 | FDRE        |           3.376 |           4.330 |
| level0_i/ulp/vortex_afu_1/inst/afu_wrap/vortex_axi/vortex/g_clusters[0].cluster/g_sockets[0].socket/g_cores[0].core/execute/lsu_unit/g_blocks[0].lsu_slice/mem_scheduler/req_queue/g_eb2.stream_buffer/g_buffer.valid_in_r_reg_0                                                                                                                                  |   3444 | FDSE        |           2.923 |           2.313 |
| level0_i/ulp/vortex_afu_1/inst/afu_wrap/vortex_axi/vortex/g_clusters[0].cluster/g_sockets[0].socket/g_cores[0].core/mem_unit/g_lmem_switches[0].lmem_switch/req_dma_buf/g_eb1.pipe_buffer/g_register.g_pipe_regs[0].pipe_register/g_shift_register/g_buffer.flow_out                                                                                              |   3437 | BUFGCE      |          -0.272 |           1.616 |
| level0_i/ulp/vortex_afu_1/inst/afu_wrap/vortex_axi/vortex/g_clusters[0].cluster/g_sockets[0].socket/g_cores[0].core/execute/lsu_unit/dispatch_unit/g_blocks[0].buf_out/g_eb2.stream_buffer/E[0]                                                                                                                                                                   |   3396 | BUFGCE      |           2.453 |           1.828 |
| level0_i/ulp/vortex_afu_1/inst/afu_wrap/vortex_axi/vortex/g_clusters[0].cluster/g_sockets[0].socket/g_cores[0].core/execute/fpu_unit/g_blocks[0].fpu_dsp/fpu_sqrt/pe_serializer/out_buf/g_eb2.stream_buffer/g_buffer.valid_in_r_reg_1                                                                                                                             |   3392 | BUFGCE      |           5.322 |           1.591 |
| level0_i/ulp/vortex_afu_1/inst/afu_wrap/vortex_axi/vortex/g_clusters[0].cluster/g_sockets[0].socket/g_cores[0].core/mem_unit/g_lmem_switches[0].lmem_switch/req_gemm_ready                                                                                                                                                                                        |   3330 | LUT2        |           1.984 |           4.918 |
| level0_i/ulp/vortex_afu_1/inst/afu_wrap/vortex_axi/vortex/g_clusters[0].cluster/g_sockets[0].socket/g_cores[0].core/execute/sfu_unit/dispatch_unit/g_blocks[0].buf_out/g_eb2.stream_buffer/g_buffer.valid_in_r_reg_0                                                                                                                                              |   3272 | FDSE        |          -0.326 |           9.569 |
| level0_i/ulp/vortex_afu_1/inst/afu_wrap/vortex_axi/vortex/g_clusters[0].cluster/g_sockets[0].socket/g_cores[0].core/execute/sfu_unit/dispatch_unit/g_blocks[0].buf_out/g_eb2.stream_buffer/g_buffer.flow_out                                                                                                                                                      |   3266 | BUFGCE      |           0.779 |           2.485 |
| level0_i/ulp/vortex_afu_1/inst/afu_wrap/vortex_axi/vortex/g_clusters[0].cluster/g_sockets[0].socket/g_cores[0].core/execute/lsu_unit/dispatch_unit/g_blocks[0].buf_out/g_eb2.stream_buffer/g_buffer.valid_in_r_reg_0                                                                                                                                              |   3265 | FDSE        |           1.057 |           8.504 |
| level0_i/ulp/vortex_afu_1/inst/afu_wrap/vortex_axi/vortex/g_clusters[0].cluster/g_sockets[0].socket/g_cores[0].core/issue/g_slices[0].issue_slice/dispatch/g_buffers[1].buffer/g_eb2.stream_buffer/g_buffer.valid_in_r_reg_0                                                                                                                                      |   3261 | FDSE        |          -0.453 |           9.914 |
| level0_i/ulp/vortex_afu_1/inst/afu_wrap/vortex_axi/vortex/g_clusters[0].cluster/g_sockets[0].socket/g_cores[0].core/execute/lsu_unit/g_blocks[0].lsu_slice/mem_scheduler/req_queue/g_eb2.stream_buffer/g_buffer.valid_out_r_reg_1[0]                                                                                                                              |   3259 | BUFGCE      |           3.932 |           1.746 |
| level0_i/ulp/vortex_afu_1/inst/afu_wrap/vortex_axi/vortex/g_clusters[0].cluster/g_sockets[0].socket/g_cores[0].core/execute/lsu_unit/dispatch_unit/g_blocks[0].buf_out/g_eb2.stream_buffer/g_buffer.valid_in_r_reg_1[0]                                                                                                                                           |   3257 | LUT2        |           1.970 |           5.362 |
| level0_i/ulp/vortex_afu_1/inst/afu_wrap/vortex_axi/vortex/g_clusters[0].cluster/g_sockets[0].socket/g_cores[0].core/issue/g_slices[0].issue_slice/dispatch/g_buffers[1].buffer/g_eb2.stream_buffer/g_buffer.valid_out_r_reg_1[0]                                                                                                                                  |   3257 | LUT2        |           2.750 |           5.437 |
| level0_i/ulp/vortex_afu_1/inst/afu_wrap/vortex_axi/vortex/g_clusters[0].cluster/g_sockets[0].socket/g_cores[0].core/issue/g_slices[0].issue_slice/operands/g_collectors[0].opc_unit/out_buf/g_eb2.stream_buffer/g_buffer.valid_out_r_reg_2[0]                                                                                                                     |   3257 | LUT4        |           2.433 |           4.303 |
| level0_i/ulp/vortex_afu_1/inst/afu_wrap/vortex_axi/vortex/g_clusters[0].cluster/g_sockets[0].socket/g_cores[0].core/issue/g_slices[0].issue_slice/dispatch/g_buffers[2].buffer/g_eb2.stream_buffer/g_buffer.valid_in_r_reg_0                                                                                                                                      |   3233 | FDSE        |          -0.011 |           9.212 |
| level0_i/ulp/vortex_afu_1/inst/afu_wrap/vortex_axi/vortex/g_clusters[0].cluster/g_sockets[0].socket/g_cores[0].core/execute/fpu_unit/g_blocks[0].fpu_dsp/fpu_exp/pe_serializer/out_buf/g_eb2.stream_buffer/g_buffer.flow_out_1                                                                                                                                    |   3229 | LUT2        |          -0.100 |           3.898 |
| level0_i/ulp/vortex_afu_1/inst/afu_wrap/vortex_axi/vortex/g_clusters[0].cluster/g_sockets[0].socket/g_cores[0].core/execute/sfu_unit/dispatch_unit/g_blocks[0].buf_out/g_eb2.stream_buffer/g_buffer.valid_in_r_reg_1[0]                                                                                                                                           |   3229 | LUT2        |           1.238 |           7.099 |
| level0_i/ulp/vortex_afu_1/inst/afu_wrap/vortex_axi/vortex/g_clusters[0].cluster/g_sockets[0].socket/g_cores[0].core/issue/g_slices[0].issue_slice/dispatch/g_buffers[2].buffer/g_eb2.stream_buffer/g_buffer.valid_out_r_reg_1[0]                                                                                                                                  |   3229 | LUT2        |          -0.081 |           8.265 |
| level0_i/ulp/vortex_afu_1/inst/afu_wrap/vortex_axi/vortex/g_clusters[0].cluster/g_sockets[0].socket/g_cores[0].core/issue/g_slices[0].issue_slice/operands/g_collectors[0].opc_unit/out_buf/g_eb2.stream_buffer/g_buffer.valid_out_r_reg_3[0]                                                                                                                     |   3229 | LUT4        |           1.205 |           5.572 |
| level0_i/ulp/vortex_afu_1/inst/afu_wrap/vortex_axi/vortex/g_clusters[0].cluster/g_sockets[0].socket/g_cores[0].core/issue/g_slices[0].issue_slice/dispatch/g_buffers[3].buffer/g_eb2.stream_buffer/g_buffer.valid_in_r_reg_0                                                                                                                                      |   3218 | FDSE        |           0.445 |           9.018 |
| level0_i/ulp/vortex_afu_1/inst/afu_wrap/vortex_axi/vortex/g_clusters[0].cluster/g_sockets[0].socket/g_cores[0].core/issue/g_slices[0].issue_slice/operands/g_collectors[0].opc_unit/out_buf/g_eb2.stream_buffer/g_buffer.valid_out_r_reg_4[0]                                                                                                                     |   3183 | LUT4        |           2.717 |           4.316 |
| level0_i/ulp/vortex_afu_1/inst/afu_wrap/vortex_axi/vortex/g_clusters[0].cluster/g_sockets[0].socket/g_cores[0].core/mem_unit/lmem_adapter/stream_unpack/g_unpack.g_outbuf[10].out_buf/g_eb2.stream_buffer/E[0]                                                                                                                                                    |   2851 | BUFGCE      |           1.767 |           2.226 |
| level0_i/ulp/vortex_afu_1/inst/afu_wrap/vortex_axi/vortex/g_clusters[0].cluster/g_sockets[0].socket/g_cores[0].core/issue/g_slices[0].issue_slice/dispatch/g_buffers[0].buffer/g_eb2.stream_buffer/div_strode                                                                                                                                                     |   2697 | LUT3        |          -0.372 |           5.224 |
| level0_i/ulp/vortex_afu_1/inst/afu_wrap/vortex_axi/vortex/g_clusters[0].cluster/g_sockets[0].socket/g_cores[0].core/execute/fpu_unit/g_blocks[0].fpu_dsp/fpu_div/pe_serializer/out_buf/g_eb2.stream_buffer/g_buffer.fire_in                                                                                                                                       |   2370 | BUFGCE      |           6.068 |           1.581 |
| level0_i/ulp/vortex_afu_1/inst/afu_wrap/vortex_axi/vortex/g_clusters[0].cluster/g_sockets[0].socket/g_cores[0].core/execute/fpu_unit/g_blocks[0].fpu_dsp/fpu_div/pe_serializer/shift_reg/pe_valid_in                                                                                                                                                              |   2362 | FDRE        |           3.146 |           6.155 |
| level0_i/ulp/vortex_afu_1/inst/afu_wrap/vortex_axi/vortex/g_clusters[0].cluster/g_sockets[0].socket/g_cores[0].core/execute/fpu_unit/g_blocks[0].fpu_dsp/fpu_fma/pe_serializer/shift_reg/E[0]                                                                                                                                                                     |   2306 | LUT2        |           3.458 |           5.629 |
| level0_i/ulp/vortex_afu_1/inst/afu_wrap/vortex_axi/vortex/g_clusters[0].cluster/g_sockets[0].socket/g_cores[0].core/execute/fpu_unit/g_blocks[0].fpu_dsp/fpu_cvt/pe_serializer/out_buf/g_eb2.stream_buffer/g_buffer.fire_in                                                                                                                                       |   2244 | LUT2        |           2.645 |           5.117 |
| level0_i/ulp/vortex_afu_1/inst/afu_wrap/vortex_axi/vortex/g_clusters[0].cluster/g_sockets[0].socket/g_cores[0].core/execute/fpu_unit/g_blocks[0].fpu_dsp/fpu_cvt/pe_serializer/shift_reg/pe_valid_in                                                                                                                                                              |   2231 | FDRE        |           4.621 |           4.669 |
| level0_i/ulp/vortex_afu_1/inst/afu_wrap/vortex_axi/vortex/g_clusters[0].cluster/g_sockets[0].socket/g_cores[0].core/execute/alu_unit/g_blocks[0].pe_switch/rsp_arb/g_input_select.g_arbiter.arbiter/g_round_robin.rr_arbiter/g_blocks[0].pe_execute_if[0]\\.ready                                                                                                 |   2230 | LUT2        |           1.874 |           4.848 |
| level0_i/ulp/vortex_afu_1/inst/afu_wrap/vortex_axi/vortex/g_clusters[0].cluster/g_sockets[0].socket/g_cores[0].core/mem_unit/g_enabled.g_coalescers[0].mem_coalescer/pipe_reg/g_shift_register/Q[1]                                                                                                                                                               |   2213 | BUFGCE      |           6.386 |           1.832 |
| level0_i/ulp/vortex_afu_1/inst/afu_wrap/vortex_axi/vortex/g_clusters[0].cluster/g_sockets[0].socket/g_cores[0].core/execute/fpu_unit/g_blocks[0].fpu_dsp/fpu_ncp/pe_serializer/out_buf/g_eb2.stream_buffer/g_buffer.fire_in                                                                                                                                       |   2182 | LUT2        |           1.579 |           7.360 |
| level0_i/ulp/vortex_afu_1/inst/afu_wrap/vortex_axi/vortex/g_clusters[0].cluster/g_sockets[0].socket/g_cores[0].core/execute/fpu_unit/g_blocks[0].fpu_dsp/fpu_sqrt/pe_serializer/out_buf/g_eb2.stream_buffer/g_buffer.fire_in                                                                                                                                      |   2178 | LUT2        |           3.710 |           5.340 |
| level0_i/ulp/vortex_afu_1/inst/afu_wrap/vortex_axi/vortex/g_clusters[0].cluster/g_sockets[0].socket/dcache/g_cache_wrap[0].cache_wrap/g_bypass.cache_bypass/core_bus_nc_switch/rsp_arb/g_input_select.g_arbiter.g_out_buf[3].out_buf/g_eb2.stream_buffer/dcache_coalesced_if[0]\\.rsp_valid                                                                       |   2170 | LUT4        |           1.009 |           6.118 |
| level0_i/ulp/vortex_afu_1/inst/afu_wrap/vortex_axi/vortex/g_clusters[0].cluster/g_sockets[0].socket/g_cores[0].core/execute/fpu_unit/g_blocks[0].fpu_dsp/fpu_sqrt/pe_serializer/shift_reg/g_shift.g_partial_reset.g_stages[27].g_stage_n.pipe_reg[27][33]_0                                                                                                       |   2169 | FDRE        |           2.680 |           6.696 |
| level0_i/ulp/vortex_afu_1/inst/afu_wrap/vortex_axi/vortex/g_clusters[0].cluster/g_sockets[0].socket/g_cores[0].core/execute/fpu_unit/g_blocks[0].fpu_dsp/fpu_ncp/pe_serializer/shift_reg/pe_valid_in                                                                                                                                                              |   2131 | FDRE        |           4.658 |           4.777 |
| level0_i/ulp/vortex_afu_1/inst/afu_wrap/vortex_axi/vortex/g_clusters[0].cluster/g_sockets[0].socket/g_cores[0].core/execute/lsu_unit/gather_unit/g_out_bufs[0].out_buf/g_eb2.stream_buffer/g_buffer.valid_in_r_reg_0                                                                                                                                              |   2114 | FDSE        |          -0.515 |           6.067 |
| level0_i/ulp/vortex_afu_1/inst/afu_wrap/vortex_axi/vortex/g_clusters[0].cluster/g_sockets[0].socket/g_cores[0].core/execute/alu_unit/g_blocks[0].muldiv_unit/rsp_buf/g_input_select.g_arbiter.g_out_buf[0].out_buf/g_eb2.stream_buffer/g_buffer.valid_in_r_reg_0                                                                                                  |   2111 | FDSE        |           1.041 |           7.060 |
| level0_i/ulp/vortex_afu_1/inst/afu_wrap/vortex_axi/vortex/g_clusters[0].cluster/g_sockets[0].socket/g_cores[0].core/execute/lsu_unit/g_blocks[0].lsu_slice/rsp_arb/g_input_select.g_arbiter.g_out_buf[0].out_buf/g_eb2.stream_buffer/g_input_select.g_arbiter.ready_out_w_0                                                                                       |   2098 | FDSE        |           0.358 |           9.087 |
| level0_i/ulp/vortex_afu_1/inst/afu_wrap/vortex_axi/vortex/g_clusters[0].cluster/g_sockets[0].socket/g_cores[0].core/execute/lsu_unit/g_blocks[0].lsu_slice/no_rsp_buf/g_eb2.stream_buffer/g_buffer.fire_in                                                                                                                                                        |   2090 | LUT3        |           1.471 |           6.913 |
| level0_i/ulp/vortex_afu_1/inst/afu_wrap/vortex_axi/vortex/g_clusters[0].cluster/g_sockets[0].socket/g_cores[0].core/execute/lsu_unit/g_blocks[0].lsu_slice/rsp_arb/g_input_select.g_arbiter.g_out_buf[0].out_buf/g_eb2.stream_buffer/E[0]                                                                                                                         |   2090 | LUT2        |          -0.515 |           5.369 |
| level0_i/ulp/vortex_afu_1/inst/afu_wrap/vortex_axi/vortex/g_clusters[0].cluster/g_sockets[0].socket/g_cores[0].core/execute/lsu_unit/gather_unit/g_out_bufs[0].out_buf/g_eb2.stream_buffer/g_buffer.flow_out                                                                                                                                                      |   2090 | LUT2        |           1.607 |           6.430 |
| level0_i/ulp/vortex_afu_1/inst/afu_wrap/vortex_axi/vortex/g_clusters[0].cluster/g_sockets[0].socket/g_cores[0].core/execute/lsu_unit/gather_unit/g_out_bufs[0].out_buf/g_eb2.stream_buffer/g_buffer.valid_in_r_reg_1[0]                                                                                                                                           |   2090 | LUT2        |           0.841 |           5.336 |
| level0_i/ulp/vortex_afu_1/inst/afu_wrap/vortex_axi/vortex/g_clusters[0].cluster/g_sockets[0].socket/g_cores[0].core/execute/fpu_unit/g_blocks[0].fpu_dsp/fpu_div/pe_serializer/out_buf/g_eb2.stream_buffer/E[0]                                                                                                                                                   |   2084 | LUT6        |           2.156 |           6.052 |
| level0_i/ulp/vortex_afu_1/inst/afu_wrap/vortex_axi/vortex/g_clusters[0].cluster/g_sockets[0].socket/g_cores[0].core/execute/lsu_unit/g_blocks[0].lsu_slice/rsp_buf/g_eb2.stream_buffer/g_buffer.valid_in_r_reg_2[0]                                                                                                                                               |   2081 | BUFGCE      |           3.296 |           2.299 |
| level0_i/ulp/vortex_afu_1/inst/afu_wrap/vortex_axi/vortex/g_clusters[0].cluster/g_sockets[0].socket/g_cores[0].core/gemm_node/u_job_frontend/u_job_desc_mmio_regs/rsp_mask_q                                                                                                                                                                                      |   2080 | BUFGCE      |           3.112 |           1.949 |
| level0_i/ulp/vortex_afu_1/inst/afu_wrap/vortex_axi/vortex/g_clusters[0].cluster/g_sockets[0].socket/g_cores[0].core/issue/g_slices[0].issue_slice/dispatch/g_buffers[0].buffer/g_eb2.stream_buffer/b                                                                                                                                                              |   2080 | LUT2        |           0.922 |           4.907 |
| level0_i/ulp/vortex_afu_1/inst/afu_wrap/vortex_axi/vortex/g_clusters[0].cluster/g_sockets[0].socket/g_cores[0].core/execute/fpu_unit/g_blocks[0].fpu_dsp/fpu_exp/pe_serializer/shift_reg/pe_valid_in                                                                                                                                                              |   2053 | FDRE        |           3.723 |           5.502 |
| level0_i/ulp/vortex_afu_1/inst/afu_wrap/vortex_axi/vortex/g_clusters[0].cluster/g_sockets[0].socket/g_cores[0].core/execute/fpu_unit/g_blocks[0].fpu_dsp/fpu_exp/pe_serializer/out_buf/g_eb2.stream_buffer/g_buffer.fire_in                                                                                                                                       |   2050 | LUT2        |           5.370 |           3.101 |
| level0_i/ulp/vortex_afu_1/inst/afu_wrap/vortex_axi/vortex/g_clusters[0].cluster/g_sockets[0].socket/g_cores[0].core/gemm_node/u_VX_gemm_unit/gen_acc_rd_fifo[0].u_acc_rd_fifo/read_pointer_q[0]                                                                                                                                                                   |   2050 | FDCE        |           1.757 |           7.219 |
| level0_i/ulp/vortex_afu_1/inst/afu_wrap/vortex_axi/vortex/g_clusters[0].cluster/g_sockets[0].socket/g_cores[0].core/gemm_node/u_VX_gemm_unit/gen_acc_rd_fifo[1].u_acc_rd_fifo/read_pointer_q[0]                                                                                                                                                                   |   2050 | FDCE        |           1.541 |           6.783 |
| level0_i/ulp/vortex_afu_1/inst/afu_wrap/vortex_axi/vortex/g_clusters[0].cluster/g_sockets[0].socket/g_cores[0].core/execute/alu_unit/g_blocks[0].alu_int/rsp_buf/g_eb1.pipe_buffer/g_register.g_pipe_regs[0].pipe_register/g_shift_register/is_br_op_r                                                                                                            |   2049 | FDRE        |           4.357 |           3.938 |
| level0_i/ulp/vortex_afu_1/inst/afu_wrap/vortex_axi/vortex/g_clusters[0].cluster/g_sockets[0].socket/g_cores[0].core/gemm_node/u_VX_gemm_unit/gen_acc_rd_fifo[0].u_acc_rd_fifo/read_pointer_q[1]                                                                                                                                                                   |   2049 | FDCE        |           2.605 |           5.265 |
| level0_i/ulp/vortex_afu_1/inst/afu_wrap/vortex_axi/vortex/g_clusters[0].cluster/g_sockets[0].socket/g_cores[0].core/gemm_node/u_VX_gemm_unit/gen_acc_rd_fifo[1].u_acc_rd_fifo/read_pointer_q[1]                                                                                                                                                                   |   2049 | FDCE        |           0.796 |           8.281 |
| level0_i/ulp/vortex_afu_1/inst/afu_wrap/vortex_axi/vortex/g_clusters[0].cluster/g_sockets[0].socket/g_cores[0].core/execute/alu_unit/g_blocks[0].alu_int/rsp_buf/g_eb1.pipe_buffer/g_register.g_pipe_regs[0].pipe_register/g_shift_register/op[3]                                                                                                                 |   2048 | FDRE        |           3.293 |           4.704 |
| level0_i/ulp/vortex_afu_1/inst/afu_wrap/vortex_axi/vortex/g_clusters[0].cluster/g_sockets[0].socket/g_cores[0].core/execute/alu_unit/g_blocks[0].muldiv_unit/is_rem_op_out                                                                                                                                                                                        |   2048 | FDRE        |           1.901 |           6.265 |
| level0_i/ulp/vortex_afu_1/inst/afu_wrap/vortex_axi/vortex/g_clusters[0].cluster/g_sockets[0].socket/g_cores[0].core/execute/alu_unit/g_blocks[0].muldiv_unit/mul_tag_r[4]                                                                                                                                                                                         |   2048 | FDRE        |           2.868 |           6.016 |
| level0_i/ulp/vortex_afu_1/inst/afu_wrap/vortex_axi/vortex/g_clusters[0].cluster/g_sockets[0].socket/g_cores[0].core/gemm_node/u_VX_gemm_unit/acc_mem_accum_rd_bank_q_reg_n_0_[1]                                                                                                                                                                                  |   2048 | FDCE        |           1.437 |           7.328 |
| level0_i/ulp/vortex_afu_1/inst/afu_wrap/vortex_axi/vortex/g_clusters[0].cluster/g_sockets[0].socket/g_cores[0].core/issue/g_slices[0].issue_slice/operands/g_collectors[0].opc_unit/pipe_reg2/g_register.g_pipe_regs[0].pipe_register/g_shift_register/g_buffer.g_out_reg.buffer_r[6113]_i_2_n_0                                                                  |   2048 | LUT2        |          -0.336 |           7.138 |
| level0_i/ulp/vortex_afu_1/inst/afu_wrap/vortex_axi/vortex/g_clusters[0].cluster/g_sockets[0].socket/g_cores[0].core/issue/g_slices[0].issue_slice/operands/g_collectors[0].opc_unit/pipe_reg2/g_register.g_pipe_regs[0].pipe_register/g_shift_register/opd_buffer_st2[0][2047]_i_4_n_0                                                                            |   2048 | LUT2        |          -0.182 |           7.919 |
| level0_i/ulp/vortex_afu_1/inst/afu_wrap/vortex_axi/vortex/g_clusters[0].cluster/g_sockets[0].socket/g_cores[0].core/issue/g_slices[0].issue_slice/operands/g_collectors[0].opc_unit/pipe_reg2/g_register.g_pipe_regs[0].pipe_register/g_shift_register/opd_buffer_st2[0][2047]_i_7_n_0                                                                            |   2048 | LUT2        |           1.936 |           5.591 |
| level0_i/ulp/vortex_afu_1/inst/afu_wrap/vortex_axi/vortex/g_clusters[0].cluster/g_sockets[0].socket/g_cores[0].core/issue/g_slices[0].issue_slice/operands/g_collectors[0].opc_unit/pipe_reg2/g_register.g_pipe_regs[0].pipe_register/g_shift_register/opd_buffer_st2[1][2047]_i_3_n_0                                                                            |   2048 | LUT2        |           0.961 |           5.220 |
| level0_i/ulp/vortex_afu_1/inst/afu_wrap/vortex_axi/vortex/g_clusters[0].cluster/g_sockets[0].socket/g_cores[0].core/issue/g_slices[0].issue_slice/operands/g_collectors[0].opc_unit/pipe_reg2/g_register.g_pipe_regs[0].pipe_register/g_shift_register/opd_buffer_st2[1][2047]_i_6_n_0                                                                            |   2048 | LUT2        |           0.037 |           5.948 |
| level0_i/ulp/vortex_afu_1/inst/afu_wrap/vortex_axi/vortex/g_clusters[0].cluster/g_sockets[0].socket/g_cores[0].core/gemm_node/u_tmem_subsystem/u_dma_engine/g_channel[0].u_dma_unit/g_aligned.u_impl/dcache_req_buf/g_eb2.stream_buffer/dcache_rd_ptr_reg[62][0]                                                                                                  |   2018 | CARRY8      |          -0.224 |           2.139 |
| level0_i/ulp/vortex_afu_1/inst/afu_wrap/vortex_axi/vortex/g_clusters[0].cluster/g_sockets[0].socket/g_cores[0].core/gemm_node/u_tmem_subsystem/u_dma_engine/g_channel[0].u_dma_unit/g_aligned.u_impl/dcache_req_buf/g_eb2.stream_buffer/slot_valid_bytes_r[7][6]_i_49_0[0]                                                                                        |   2018 | CARRY8      |           0.349 |           2.018 |
| level0_i/ulp/vortex_afu_1/inst/afu_wrap/vortex_axi/vortex/g_clusters[0].cluster/g_sockets[0].socket/g_cores[0].core/gemm_node/u_tmem_subsystem/u_dma_engine/g_channel[1].u_dma_unit/g_aligned.u_impl/dcache_req_buf/g_eb2.stream_buffer/dcache_rd_ptr_reg[62][0]                                                                                                  |   2018 | CARRY8      |           0.857 |           1.183 |
| level0_i/ulp/vortex_afu_1/inst/afu_wrap/vortex_axi/vortex/g_clusters[0].cluster/g_sockets[0].socket/g_cores[0].core/gemm_node/u_tmem_subsystem/u_dma_engine/g_channel[1].u_dma_unit/g_aligned.u_impl/dcache_req_buf/g_eb2.stream_buffer/slot_valid_bytes_r[7][6]_i_49__0_0[0]                                                                                     |   2018 | CARRY8      |           1.528 |           1.124 |
| level0_i/ulp/vortex_afu_1/inst/afu_wrap/vortex_axi/vortex/g_clusters[0].cluster/g_sockets[0].socket/g_cores[0].core/gemm_node/u_tmem_subsystem/u_dma_engine/g_channel[2].u_dma_unit/g_aligned.u_impl/dcache_req_buf/g_eb2.stream_buffer/dcache_rd_ptr_reg[62][0]                                                                                                  |   2018 | CARRY8      |          -0.362 |           1.243 |
| level0_i/ulp/vortex_afu_1/inst/afu_wrap/vortex_axi/vortex/g_clusters[0].cluster/g_sockets[0].socket/g_cores[0].core/gemm_node/u_tmem_subsystem/u_dma_engine/g_channel[2].u_dma_unit/g_aligned.u_impl/dcache_req_buf/g_eb2.stream_buffer/slot_valid_bytes_r[7][6]_i_49__1_0[0]                                                                                     |   2018 | CARRY8      |          -0.054 |           1.125 |
| level0_i/ulp/vortex_afu_1/inst/afu_wrap/vortex_axi/vortex/g_clusters[0].cluster/g_sockets[0].socket/g_cores[0].core/gemm_node/u_tmem_subsystem/u_dma_engine/g_channel[3].u_dma_unit/g_aligned.u_impl/dcache_req_buf/g_eb2.stream_buffer/dcache_rd_ptr_reg[62][0]                                                                                                  |   2018 | CARRY8      |           0.769 |           1.163 |
| level0_i/ulp/vortex_afu_1/inst/afu_wrap/vortex_axi/vortex/g_clusters[0].cluster/g_sockets[0].socket/g_cores[0].core/gemm_node/u_tmem_subsystem/u_dma_engine/g_channel[3].u_dma_unit/g_aligned.u_impl/dcache_req_buf/g_eb2.stream_buffer/slot_valid_bytes_r[7][6]_i_49__2_0[0]                                                                                     |   2018 | CARRY8      |           1.378 |           1.583 |
| level0_i/ulp/vortex_afu_1/inst/afu_wrap/vortex_axi/vortex/g_clusters[0].cluster/g_sockets[0].socket/g_cores[0].core/gemm_node/u_tmem_subsystem/u_dma_engine/g_channel[4].u_dma_unit/g_aligned.u_impl/dcache_req_buf/g_eb2.stream_buffer/dcache_rd_ptr_reg[62][0]                                                                                                  |   2018 | CARRY8      |          -0.097 |           1.251 |
| level0_i/ulp/vortex_afu_1/inst/afu_wrap/vortex_axi/vortex/g_clusters[0].cluster/g_sockets[0].socket/g_cores[0].core/gemm_node/u_tmem_subsystem/u_dma_engine/g_channel[4].u_dma_unit/g_aligned.u_impl/dcache_req_buf/g_eb2.stream_buffer/slot_valid_bytes_r[7][6]_i_49__3_0[0]                                                                                     |   2018 | CARRY8      |           0.041 |           1.365 |
| level0_i/ulp/vortex_afu_1/inst/afu_wrap/vortex_axi/vortex/g_clusters[0].cluster/g_sockets[0].socket/g_cores[0].core/gemm_node/u_tmem_subsystem/u_dma_engine/g_channel[5].u_dma_unit/g_aligned.u_impl/dcache_req_buf/g_eb2.stream_buffer/dcache_rd_ptr_reg[62][0]                                                                                                  |   2018 | CARRY8      |          -0.486 |           2.584 |
| level0_i/ulp/vortex_afu_1/inst/afu_wrap/vortex_axi/vortex/g_clusters[0].cluster/g_sockets[0].socket/g_cores[0].core/gemm_node/u_tmem_subsystem/u_dma_engine/g_channel[5].u_dma_unit/g_aligned.u_impl/dcache_req_buf/g_eb2.stream_buffer/slot_valid_bytes_r[7][6]_i_49__4_0[0]                                                                                     |   2018 | CARRY8      |          -0.483 |           2.507 |
| level0_i/ulp/vortex_afu_1/inst/afu_wrap/vortex_axi/vortex/g_clusters[0].cluster/g_sockets[0].socket/g_cores[0].core/gemm_node/u_tmem_subsystem/u_dma_engine/g_channel[6].u_dma_unit/g_aligned.u_impl/dcache_req_buf/g_eb2.stream_buffer/dcache_rd_ptr_reg[62][0]                                                                                                  |   2018 | CARRY8      |          -0.500 |           2.475 |
| level0_i/ulp/vortex_afu_1/inst/afu_wrap/vortex_axi/vortex/g_clusters[0].cluster/g_sockets[0].socket/g_cores[0].core/gemm_node/u_tmem_subsystem/u_dma_engine/g_channel[6].u_dma_unit/g_aligned.u_impl/dcache_req_buf/g_eb2.stream_buffer/slot_valid_bytes_r[7][6]_i_49__5_0[0]                                                                                     |   2018 | CARRY8      |          -0.512 |           2.834 |
| level0_i/ulp/vortex_afu_1/inst/afu_wrap/vortex_axi/vortex/g_clusters[0].cluster/g_sockets[0].socket/g_cores[0].core/gemm_node/u_tmem_subsystem/u_dma_engine/g_channel[7].u_dma_unit/g_aligned.u_impl/dcache_req_buf/g_eb2.stream_buffer/dcache_rd_ptr_reg[62][0]                                                                                                  |   2018 | CARRY8      |          -0.130 |           1.126 |
| level0_i/ulp/vortex_afu_1/inst/afu_wrap/vortex_axi/vortex/g_clusters[0].cluster/g_sockets[0].socket/g_cores[0].core/gemm_node/u_tmem_subsystem/u_dma_engine/g_channel[7].u_dma_unit/g_aligned.u_impl/dcache_req_buf/g_eb2.stream_buffer/slot_valid_bytes_r[7][6]_i_49__6_0[0]                                                                                     |   2018 | CARRY8      |           0.036 |           1.305 |
| level0_i/ulp/vortex_afu_1/inst/afu_wrap/vortex_axi/vortex/g_clusters[0].cluster/g_sockets[0].socket/g_cores[0].core/execute/fpu_unit/g_blocks[0].fpu_dsp/fpu_ncp/pe_serializer/out_buf/g_eb2.stream_buffer/g_buffer.valid_in_r_reg_0                                                                                                                              |   1843 | LUT2        |           2.143 |           6.389 |
| level0_i/ulp/vortex_afu_1/inst/afu_wrap/vortex_axi/vortex/g_clusters[0].cluster/g_sockets[0].socket/g_cores[0].core/gemm_node/u_tmem_subsystem/u_ldma_input/dma_core/g_aligned.u_impl/dcache_req_buf/g_eb2.stream_buffer/calc_read_valid_bytes01                                                                                                                  |   1834 | CARRY8      |           3.446 |           1.637 |
| level0_i/ulp/vortex_afu_1/inst/afu_wrap/vortex_axi/vortex/g_clusters[0].cluster/g_sockets[0].socket/g_cores[0].core/gemm_node/u_tmem_subsystem/u_ldma_input/dma_core/g_aligned.u_impl/dcache_req_buf/g_eb2.stream_buffer/calc_read_valid_bytes02                                                                                                                  |   1834 | CARRY8      |           3.364 |           2.223 |
| level0_i/ulp/vortex_afu_1/inst/afu_wrap/vortex_axi/vortex/g_clusters[0].cluster/g_sockets[0].socket/g_cores[0].core/gemm_node/u_tmem_subsystem/u_ldma_sz/dma_core/g_aligned.u_impl/dcache_req_buf/g_eb2.stream_buffer/calc_read_valid_bytes01                                                                                                                     |   1834 | CARRY8      |          -0.489 |           2.477 |
| level0_i/ulp/vortex_afu_1/inst/afu_wrap/vortex_axi/vortex/g_clusters[0].cluster/g_sockets[0].socket/g_cores[0].core/gemm_node/u_tmem_subsystem/u_ldma_sz/dma_core/g_aligned.u_impl/dcache_req_buf/g_eb2.stream_buffer/calc_read_valid_bytes02                                                                                                                     |   1834 | CARRY8      |           0.292 |           2.356 |
| level0_i/ulp/vortex_afu_1/inst/afu_wrap/vortex_axi/vortex/g_clusters[0].cluster/g_sockets[0].socket/g_cores[0].core/gemm_node/u_tmem_subsystem/u_ldma_weight/dma_core/g_aligned.u_impl/dcache_req_buf/g_eb2.stream_buffer/calc_read_valid_bytes01                                                                                                                 |   1834 | CARRY8      |           3.545 |           2.528 |
| level0_i/ulp/vortex_afu_1/inst/afu_wrap/vortex_axi/vortex/g_clusters[0].cluster/g_sockets[0].socket/g_cores[0].core/gemm_node/u_tmem_subsystem/u_ldma_weight/dma_core/g_aligned.u_impl/dcache_req_buf/g_eb2.stream_buffer/calc_read_valid_bytes02                                                                                                                 |   1834 | CARRY8      |           3.316 |           2.075 |
| level0_i/ulp/vortex_afu_1/inst/afu_wrap/vortex_axi/vortex/g_clusters[0].cluster/g_sockets[0].socket/g_cores[0].core/execute/lsu_unit/g_blocks[0].lsu_slice/mem_scheduler/req_ibuf/data_table/g_async.g_bram.async_ram_patch/g_sync_ram.g_no_wren.g_bram.g_write_first.ram_reg_1_18                                                                                |   1698 | LUT3        |           1.542 |           2.811 |
| level0_i/ulp/vortex_afu_1/inst/afu_wrap/vortex_axi/vortex/g_clusters[0].cluster/g_sockets[0].socket/g_cores[0].core/issue/g_slices[0].issue_slice/dispatch/g_buffers[0].buffer/g_eb2.stream_buffer/execute/alu_unit/g_blocks[0].alu_int/g_alu_result[31].sub_slt_br_result1                                                                                       |   1600 | LUT2        |          -0.441 |           4.880 |
| level0_i/ulp/vortex_afu_1/inst/afu_wrap/vortex_axi/vortex/g_clusters[0].cluster/l2cache/g_bypass.cache_bypass/core_bus_nc_switch/rsp_arb/g_input_select.g_arbiter.g_out_buf[0].out_buf/g_eb2.stream_buffer/g_buffer.valid_in_r_reg_0                                                                                                                              |   1560 | FDSE        |           1.899 |           0.410 |
| level0_i/ulp/vortex_afu_1/inst/afu_wrap/vortex_axi/vortex/g_clusters[0].cluster/g_sockets[0].socket/g_cores[0].core/execute/fpu_unit/g_blocks[0].fpu_dsp/fpu_exp/pe_serializer/out_buf/g_eb2.stream_buffer/g_buffer.valid_in_r_reg_0                                                                                                                              |   1481 | LUT2        |           2.599 |           6.056 |
| level0_i/ulp/vortex_afu_1/inst/afu_wrap/vortex_axi/vortex/g_clusters[0].cluster/g_sockets[0].socket/g_cores[0].core/gemm_node/u_tmem_subsystem/u_ldma_output/dma_core/g_aligned.u_impl/Q[0]                                                                                                                                                                       |   1326 | FDRE        |           2.507 |           4.589 |
| level0_i/blp/blp_i/ss_hif/inst/pcie/inst/bd_39ab_pcie_0_pcie_4_0_pipe_inst/pcie_4_0_init_ctrl_inst/reset_n_o_reg_rep_n_0                                                                                                                                                                                                                                          |   1311 | FDCE        |           1.747 |           1.988 |
| level0_i/ulp/vortex_afu_1/inst/afu_wrap/vortex_axi/vortex/g_clusters[0].cluster/l2cache/g_cache.cache/g_banks[0].bank/pipe_reg1/g_shift_register/E[0]                                                                                                                                                                                                             |   1293 | LUT5        |           1.127 |           6.184 |
| level0_i/ulp/vortex_afu_1/inst/afu_wrap/vortex_axi/vortex/g_clusters[0].cluster/l2cache/g_cache.cache/g_banks[1].bank/pipe_reg1/g_shift_register/E[0]                                                                                                                                                                                                             |   1293 | LUT5        |           1.508 |           6.770 |
| level0_i/ulp/vortex_afu_1/inst/afu_wrap/vortex_axi/vortex/g_clusters[0].cluster/l2cache/g_cache.cache/g_banks[2].bank/pipe_reg1/g_shift_register/E[0]                                                                                                                                                                                                             |   1293 | LUT5        |           3.086 |           5.023 |
| level0_i/ulp/vortex_afu_1/inst/afu_wrap/vortex_axi/vortex/g_clusters[0].cluster/l2cache/g_cache.cache/g_banks[3].bank/pipe_reg1/g_shift_register/E[0]                                                                                                                                                                                                             |   1293 | LUT5        |           3.533 |           4.464 |
| level0_i/ulp/vortex_afu_1/inst/afu_wrap/afu_ctrl/m_axi_wr_track_reset                                                                                                                                                                                                                                                                                             |   1280 | BUFGCE      |           5.398 |           1.775 |
| level0_i/ulp/vortex_afu_1/inst/afu_wrap/vortex_axi/vortex/g_clusters[0].cluster/g_sockets[0].socket/dcache/g_cache_wrap[0].cache_wrap/g_cache.cache/g_banks[0].bank/pipe_reg1/g_shift_register/E[0]                                                                                                                                                               |   1260 | LUT5        |           0.916 |           6.256 |
| level0_i/ulp/vortex_afu_1/inst/afu_wrap/vortex_axi/vortex/g_clusters[0].cluster/g_sockets[0].socket/dcache/g_cache_wrap[0].cache_wrap/g_cache.cache/g_banks[1].bank/pipe_reg1/g_shift_register/E[0]                                                                                                                                                               |   1260 | LUT5        |           2.894 |           4.933 |
| level0_i/ulp/vortex_afu_1/inst/afu_wrap/vortex_axi/vortex/g_clusters[0].cluster/g_sockets[0].socket/dcache/g_cache_wrap[0].cache_wrap/g_cache.cache/g_banks[2].bank/pipe_reg1/g_shift_register/E[0]                                                                                                                                                               |   1260 | LUT5        |           3.427 |           4.175 |
| level0_i/ulp/vortex_afu_1/inst/afu_wrap/vortex_axi/vortex/g_clusters[0].cluster/g_sockets[0].socket/dcache/g_cache_wrap[0].cache_wrap/g_cache.cache/g_banks[3].bank/pipe_reg1/g_shift_register/E[0]                                                                                                                                                               |   1260 | LUT5        |           0.688 |           6.613 |
| level0_i/ulp/vortex_afu_1/inst/afu_wrap/vortex_axi/vortex/g_clusters[0].cluster/g_sockets[0].socket/dcache/g_cache_wrap[0].cache_wrap/g_bypass.cache_bypass/mem_bus_out_arb/req_arb/g_input_select.g_arbiter.g_out_buf[2].out_buf/g_eb2.stream_buffer/g_buffer.valid_in_r_reg_2[0]                                                                                |   1230 | LUT2        |           0.502 |           5.169 |
| level0_i/ulp/vortex_afu_1/inst/afu_wrap/vortex_axi/vortex/g_clusters[0].cluster/g_sockets[0].socket/dcache/g_cache_wrap[0].cache_wrap/g_bypass.cache_bypass/mem_bus_out_arb/req_arb/g_input_select.g_arbiter.g_out_buf[2].out_buf/g_eb2.stream_buffer/g_buffer.valid_in_r_reg_3[0]                                                                                |   1230 | LUT2        |          -0.074 |           5.145 |
| level0_i/ulp/vortex_afu_1/inst/afu_wrap/vortex_axi/vortex/g_clusters[0].cluster/g_sockets[0].socket/dcache/g_cache_wrap[0].cache_wrap/g_bypass.cache_bypass/mem_bus_out_arb/req_arb/g_input_select.g_arbiter.g_out_buf[2].out_buf/g_eb2.stream_buffer/g_buffer.valid_in_r_reg_4[0]                                                                                |   1230 | LUT2        |           0.561 |           5.175 |
| level0_i/ulp/vortex_afu_1/inst/afu_wrap/vortex_axi/vortex/g_clusters[0].cluster/g_sockets[0].socket/dcache/g_cache_wrap[0].cache_wrap/g_bypass.cache_bypass/mem_bus_out_arb/req_arb/g_input_select.g_arbiter.g_out_buf[2].out_buf/g_eb2.stream_buffer/g_buffer.valid_in_r_reg_5[0]                                                                                |   1230 | LUT2        |           1.204 |           4.516 |
| level0_i/ulp/vortex_afu_1/inst/afu_wrap/vortex_axi/vortex/g_clusters[0].cluster/l2cache/g_bypass.cache_bypass/mem_bus_out_arb/req_arb/g_input_select.g_arbiter.g_out_buf[2].out_buf/g_eb2.stream_buffer/g_buffer.valid_in_r_reg_1[0]                                                                                                                              |   1230 | LUT2        |           0.886 |           5.182 |
| level0_i/ulp/vortex_afu_1/inst/afu_wrap/vortex_axi/vortex/g_clusters[0].cluster/g_sockets[0].socket/dcache/g_cache_wrap[0].cache_wrap/g_cache.cache/g_mem_req_buf[0].mem_req_buf/g_eb1.pipe_buffer/g_register.g_pipe_regs[0].pipe_register/g_shift_register/g_shift.g_partial_reset.g_stages[0].g_stage_0.pipe_reg[0][613]_1[0]                                   |   1228 | LUT6        |           2.350 |           5.029 |
| level0_i/ulp/vortex_afu_1/inst/afu_wrap/vortex_axi/vortex/g_clusters[0].cluster/g_sockets[0].socket/dcache/g_cache_wrap[0].cache_wrap/g_cache.cache/g_mem_req_buf[1].mem_req_buf/g_eb1.pipe_buffer/g_register.g_pipe_regs[0].pipe_register/g_shift_register/g_shift.g_partial_reset.g_stages[0].g_stage_0.pipe_reg[0][613]_2[0]                                   |   1228 | BUFGCE      |           3.615 |           1.419 |
| level0_i/ulp/vortex_afu_1/inst/afu_wrap/vortex_axi/vortex/g_clusters[0].cluster/g_sockets[0].socket/dcache/g_cache_wrap[0].cache_wrap/g_cache.cache/g_mem_req_buf[2].mem_req_buf/g_eb1.pipe_buffer/g_register.g_pipe_regs[0].pipe_register/g_shift_register/g_shift.g_partial_reset.g_stages[0].g_stage_0.pipe_reg[0][613]_1[0]                                   |   1228 | BUFGCE      |           4.992 |           1.565 |
| level0_i/ulp/vortex_afu_1/inst/afu_wrap/vortex_axi/vortex/g_clusters[0].cluster/g_sockets[0].socket/dcache/g_cache_wrap[0].cache_wrap/g_cache.cache/g_mem_req_buf[3].mem_req_buf/g_eb1.pipe_buffer/g_register.g_pipe_regs[0].pipe_register/g_shift_register/g_shift.g_partial_reset.g_stages[0].g_stage_0.pipe_reg[0][613]_2[0]                                   |   1228 | LUT6        |           3.265 |           3.433 |
| level0_i/ulp/vortex_afu_1/inst/afu_wrap/vortex_axi/vortex/g_clusters[0].cluster/g_sockets[0].socket/g_cores[0].core/issue/g_slices[0].issue_slice/operands/g_collectors[0].opc_unit/pipe_reg2/g_register.g_pipe_regs[0].pipe_register/g_shift_register/opd_buffer_st2[0][2047]_i_8_n_0                                                                            |   1228 | LUT2        |           2.375 |           2.066 |
| level0_i/ulp/vortex_afu_1/inst/afu_wrap/vortex_axi/vortex/g_clusters[0].cluster/g_sockets[0].socket/g_cores[0].core/mem_unit/g_enabled.g_coalescers[0].mem_coalescer/pipe_reg/g_shift_register/g_buffer.valid_in_r_reg_3[0]                                                                                                                                       |   1226 | LUT2        |           3.268 |           3.135 |
| level0_i/ulp/vortex_afu_1/inst/afu_wrap/vortex_axi/vortex/g_clusters[0].cluster/g_sockets[0].socket/g_cores[0].core/mem_unit/g_enabled.g_coalescers[0].mem_coalescer/pipe_reg/g_shift_register/g_buffer.valid_in_r_reg_4[0]                                                                                                                                       |   1226 | LUT2        |           3.757 |           2.872 |
| level0_i/ulp/vortex_afu_1/inst/afu_wrap/vortex_axi/vortex/g_clusters[0].cluster/g_sockets[0].socket/g_cores[0].core/mem_unit/g_enabled.g_coalescers[0].mem_coalescer/pipe_reg/g_shift_register/g_buffer.valid_in_r_reg_5[0]                                                                                                                                       |   1226 | BUFGCE      |           4.240 |           1.298 |
| level0_i/ulp/vortex_afu_1/inst/afu_wrap/vortex_axi/vortex/g_clusters[0].cluster/g_sockets[0].socket/g_cores[0].core/mem_unit/g_enabled.g_coalescers[0].mem_coalescer/pipe_reg/g_shift_register/g_buffer.valid_in_r_reg_6[0]                                                                                                                                       |   1226 | LUT2        |           3.314 |           2.977 |
| level0_i/ulp/vortex_afu_1/inst/afu_wrap/vortex_axi/vortex/g_clusters[0].cluster/l2cache/g_cache.cache/g_mem_req_buf[0].mem_req_buf/g_eb1.pipe_buffer/g_register.g_pipe_regs[0].pipe_register/g_shift_register/E[0]                                                                                                                                                |   1226 | LUT6        |           1.614 |           5.642 |
| level0_i/ulp/vortex_afu_1/inst/afu_wrap/vortex_axi/vortex/g_clusters[0].cluster/l2cache/g_cache.cache/g_mem_req_buf[1].mem_req_buf/g_eb1.pipe_buffer/g_register.g_pipe_regs[0].pipe_register/g_shift_register/g_shift.g_partial_reset.g_stages[0].g_stage_0.pipe_reg[0][613]_2[0]                                                                                 |   1224 | LUT6        |          -0.022 |           6.867 |
| level0_i/ulp/vortex_afu_1/inst/afu_wrap/vortex_axi/vortex/g_clusters[0].cluster/l2cache/g_cache.cache/g_mem_req_buf[2].mem_req_buf/g_eb1.pipe_buffer/g_register.g_pipe_regs[0].pipe_register/g_shift_register/g_shift.g_partial_reset.g_stages[0].g_stage_0.pipe_reg[0][613]_1[0]                                                                                 |   1224 | LUT6        |           2.057 |           5.161 |
| level0_i/ulp/vortex_afu_1/inst/afu_wrap/vortex_axi/vortex/g_clusters[0].cluster/l2cache/g_cache.cache/g_mem_req_buf[3].mem_req_buf/g_eb1.pipe_buffer/g_register.g_pipe_regs[0].pipe_register/g_shift_register/g_shift.g_partial_reset.g_stages[0].g_stage_0.pipe_reg[0][613]_2[0]                                                                                 |   1224 | LUT6        |           1.605 |           5.849 |
| level0_i/ulp/vortex_afu_1/inst/afu_wrap/vortex_axi/vortex/g_clusters[0].cluster/g_sockets[0].socket/g_cores[0].core/gemm_node/u_VX_gemm_unit/u_mxu/tile_col[0].gen_col_zero.u_pe/gen_col[24].gen_mac[3].mult_buffer/g_eb1.pipe_buffer/g_register.g_pipe_regs[0].pipe_register/g_shift_register/g_shift.g_partial_reset.g_stages[0].g_stage_0.pipe_reg[0][0]_0     |   1213 | FDRE        |           1.843 |           5.500 |
| level0_i/ulp/vortex_afu_1/inst/afu_wrap/vortex_axi/vortex/g_clusters[0].cluster/g_sockets[0].socket/dcache/g_cache_wrap[0].cache_wrap/g_bypass.cache_bypass/mem_bus_out_arb/req_arb/g_input_select.g_arbiter.g_out_buf[0].out_buf/g_eb2.stream_buffer/g_buffer.valid_in_r_reg_0                                                                                   |   1199 | FDSE        |           2.769 |           6.285 |
| level0_i/ulp/vortex_afu_1/inst/afu_wrap/vortex_axi/vortex/g_clusters[0].cluster/g_sockets[0].socket/g_cores[0].core/issue/g_slices[0].issue_slice/dispatch/g_buffers[0].buffer/g_eb2.stream_buffer/execute/alu_unit/g_blocks[0].alu_int/p_3_in[0]                                                                                                                 |   1196 | LUT3        |           1.458 |           3.643 |
| level0_i/blp/blp_i/PLP/ss_dma/inst/dma/inst/udma_wrapper/dma_top/reset_cntrlr/accelerate_timeout_ff_reg_c_1_n_0                                                                                                                                                                                                                                                   |   1195 | FDCE        |           0.987 |           2.678 |
| level0_i/ulp/vortex_afu_1/inst/afu_wrap/vortex_axi/vortex/g_clusters[0].cluster/g_sockets[0].socket/g_cores[0].core/gemm_node/u_VX_gemm_unit/u_mxu/tile_col[0].gen_col_zero.u_pe/gen_col[19].gen_mac[14].mult_buffer/g_eb1.pipe_buffer/g_register.g_pipe_regs[0].pipe_register/g_shift_register/g_shift.g_partial_reset.g_stages[0].g_stage_0.pipe_reg[0][0]_0    |   1193 | FDRE        |           2.587 |           6.027 |
| level0_i/ulp/vortex_afu_1/inst/afu_wrap/vortex_axi/vortex/g_clusters[0].cluster/g_sockets[0].socket/g_cores[0].core/gemm_node/u_VX_gemm_unit/u_mxu/tile_col[0].gen_col_zero.u_pe/gen_col[19].gen_mac[11].mult_buffer/g_eb1.pipe_buffer/g_register.g_pipe_regs[0].pipe_register/g_shift_register/g_shift.g_partial_reset.g_stages[0].g_stage_0.pipe_reg[0][0]_0    |   1187 | FDRE        |           1.821 |           5.936 |
| level0_i/ulp/vortex_afu_1/inst/afu_wrap/vortex_axi/vortex/g_clusters[0].cluster/g_sockets[0].socket/g_cores[0].core/gemm_node/u_VX_gemm_unit/u_mxu/tile_col[0].gen_col_zero.u_pe/gen_col[19].gen_mac[7].mult_buffer/g_eb1.pipe_buffer/g_register.g_pipe_regs[0].pipe_register/g_shift_register/g_shift.g_partial_reset.g_stages[0].g_stage_0.pipe_reg[0][0]_0     |   1187 | FDRE        |           1.626 |           7.005 |
| level0_i/ulp/vortex_afu_1/inst/afu_wrap/vortex_axi/vortex/g_clusters[0].cluster/g_sockets[0].socket/g_cores[0].core/gemm_node/u_VX_gemm_unit/u_mxu/tile_col[0].gen_col_zero.u_pe/gen_col[19].gen_mac[9].mult_buffer/g_eb1.pipe_buffer/g_register.g_pipe_regs[0].pipe_register/g_shift_register/g_shift.g_partial_reset.g_stages[0].g_stage_0.pipe_reg[0][0]_0     |   1187 | FDRE        |           3.126 |           4.403 |
| level0_i/ulp/vortex_afu_1/inst/afu_wrap/vortex_axi/vortex/g_clusters[0].cluster/g_sockets[0].socket/g_cores[0].core/gemm_node/u_VX_gemm_unit/u_mxu/tile_col[0].gen_col_zero.u_pe/gen_col[24].gen_mac[1].mult_buffer/g_eb1.pipe_buffer/g_register.g_pipe_regs[0].pipe_register/g_shift_register/g_shift.g_partial_reset.g_stages[0].g_stage_0.pipe_reg[0][0]_0     |   1187 | FDRE        |           1.365 |           6.817 |
| level0_i/ulp/vortex_afu_1/inst/afu_wrap/vortex_axi/vortex/g_clusters[0].cluster/g_sockets[0].socket/g_cores[0].core/gemm_node/u_VX_gemm_unit/u_mxu/tile_col[0].gen_col_zero.u_pe/gen_col[9].gen_mac[29].mult_buffer/g_eb1.pipe_buffer/g_register.g_pipe_regs[0].pipe_register/g_shift_register/g_shift.g_partial_reset.g_stages[0].g_stage_0.pipe_reg[0][0]_0     |   1187 | FDRE        |           1.533 |           6.910 |
| level0_i/ulp/vortex_afu_1/inst/afu_wrap/vortex_axi/vortex/g_clusters[0].cluster/g_sockets[0].socket/g_cores[0].core/gemm_node/u_job_frontend/u_job_desc_mmio_regs/regs32_q_reg[0][0][1]_0                                                                                                                                                                         |   1172 | FDRE        |           2.774 |           1.448 |
| level0_i/ulp/vortex_afu_1/inst/afu_wrap/vortex_axi/vortex/g_clusters[0].cluster/g_sockets[0].socket/g_cores[0].core/gemm_node/u_job_frontend/u_job_desc_mmio_regs/regs32_q_reg[0][0][2]_0                                                                                                                                                                         |   1172 | FDRE        |           3.426 |           1.383 |
| level0_i/ulp/vortex_afu_1/inst/afu_wrap/vortex_axi/vortex/g_clusters[0].cluster/g_sockets[0].socket/g_cores[0].core/issue/g_slices[0].issue_slice/operands/g_collectors[0].opc_unit/pipe_reg2/g_register.g_pipe_regs[0].pipe_register/g_shift_register/opd_buffer_st2[1][511]_i_5_n_0                                                                             |   1168 | LUT2        |           0.764 |           2.994 |
| level0_i/ulp/vortex_afu_1/inst/afu_wrap/vortex_axi/vortex/g_clusters[0].cluster/g_sockets[0].socket/g_cores[0].core/gemm_node/u_VX_gemm_unit/u_mxu/tile_col[0].gen_col_zero.u_pe/gen_col[14].gen_mac[0].mult_buffer/g_eb1.pipe_buffer/g_register.g_pipe_regs[0].pipe_register/g_shift_register/g_shift.g_partial_reset.g_stages[0].g_stage_0.pipe_reg[0][0]_0     |   1167 | FDRE        |           1.516 |           6.822 |
| level0_i/ulp/vortex_afu_1/inst/afu_wrap/vortex_axi/vortex/g_clusters[0].cluster/g_sockets[0].socket/g_cores[0].core/gemm_node/u_VX_gemm_unit/u_mxu/tile_col[0].gen_col_zero.u_pe/gen_col[19].gen_mac[10].mult_buffer/g_eb1.pipe_buffer/g_register.g_pipe_regs[0].pipe_register/g_shift_register/g_shift.g_partial_reset.g_stages[0].g_stage_0.pipe_reg[0][0]_0    |   1167 | FDRE        |           2.465 |           5.258 |
| level0_i/ulp/vortex_afu_1/inst/afu_wrap/vortex_axi/vortex/g_clusters[0].cluster/g_sockets[0].socket/g_cores[0].core/gemm_node/u_VX_gemm_unit/u_mxu/tile_col[0].gen_col_zero.u_pe/gen_col[19].gen_mac[22].mult_buffer/g_eb1.pipe_buffer/g_register.g_pipe_regs[0].pipe_register/g_shift_register/g_shift.g_partial_reset.g_stages[0].g_stage_0.pipe_reg[0][0]_0    |   1167 | FDRE        |           2.104 |           6.287 |
| level0_i/ulp/vortex_afu_1/inst/afu_wrap/vortex_axi/vortex/g_clusters[0].cluster/g_sockets[0].socket/g_cores[0].core/gemm_node/u_VX_gemm_unit/u_mxu/tile_col[0].gen_col_zero.u_pe/gen_col[24].gen_mac[2].mult_buffer/g_eb1.pipe_buffer/g_register.g_pipe_regs[0].pipe_register/g_shift_register/g_shift.g_partial_reset.g_stages[0].g_stage_0.pipe_reg[0][0]_0     |   1167 | FDRE        |           3.254 |           5.741 |
| level0_i/ulp/vortex_afu_1/inst/afu_wrap/vortex_axi/vortex/g_clusters[0].cluster/g_sockets[0].socket/g_cores[0].core/gemm_node/u_VX_gemm_unit/u_mxu/tile_col[0].gen_col_zero.u_pe/gen_col[24].gen_mac[4].mult_buffer/g_eb1.pipe_buffer/g_register.g_pipe_regs[0].pipe_register/g_shift_register/g_shift.g_partial_reset.g_stages[0].g_stage_0.pipe_reg[0][0]_0     |   1167 | FDRE        |           1.547 |           6.854 |
| level0_i/ulp/vortex_afu_1/inst/afu_wrap/vortex_axi/vortex/g_clusters[0].cluster/g_sockets[0].socket/g_cores[0].core/gemm_node/u_VX_gemm_unit/u_mxu/tile_col[0].gen_col_zero.u_pe/gen_col[24].gen_mac[6].mult_buffer/g_eb1.pipe_buffer/g_register.g_pipe_regs[0].pipe_register/g_shift_register/g_shift.g_partial_reset.g_stages[0].g_stage_0.pipe_reg[0][0]_0     |   1167 | FDRE        |           3.021 |           5.696 |
| level0_i/blp/blp_i/ss_hif/inst/pcie/inst/bd_39ab_pcie_0_pcie_4_0_pipe_inst/pcie_4_0_init_ctrl_inst/D[0]                                                                                                                                                                                                                                                           |   1163 | FDCE        |           0.628 |           2.996 |
| level0_i/ii_level0_pipe/inst/pxi_ii_core/inst/s_ip_axi_data_c2h_00/inst/w.w_pipe/S_READY                                                                                                                                                                                                                                                                          |   1157 | FDRE        |           0.742 |           3.111 |
| level0_i/blp/blp_i/ss_hif/inst/pcie/inst/bd_39ab_pcie_0_pcie_4_0_pipe_inst/pcie_4_0_init_ctrl_inst/reset_n_o_reg_rep__3_n_0                                                                                                                                                                                                                                       |   1148 | FDCE        |           0.214 |           3.405 |
| level0_i/ulp/vortex_afu_1/inst/afu_wrap/vortex_axi/vortex/g_clusters[0].cluster/g_sockets[0].socket/g_cores[0].core/execute/fpu_unit/g_blocks[0].fpu_dsp/fpu_fma/pe_serializer/out_buf/g_eb2.stream_buffer/g_buffer.valid_in_r_reg_0                                                                                                                              |   1129 | FDSE        |           1.792 |           4.714 |
| level0_i/ulp/vortex_afu_1/inst/afu_wrap/vortex_axi/vortex/g_clusters[0].cluster/g_sockets[0].socket/g_cores[0].core/issue/g_slices[0].issue_slice/dispatch/g_buffers[0].buffer/g_eb2.stream_buffer/g_shift.g_partial_reset.g_stages[0].g_stage_0.pipe[0][2181]_i_56_n_0                                                                                           |   1124 | LUT3        |           2.469 |           2.846 |
| level0_i/ulp/vortex_afu_1/inst/afu_wrap/vortex_axi/vortex/g_clusters[0].cluster/g_sockets[0].socket/g_cores[0].core/issue/g_slices[0].issue_slice/dispatch/g_buffers[0].buffer/g_eb2.stream_buffer/g_shift.g_partial_reset.g_stages[0].g_stage_0.pipe[0][2181]_i_46_n_0                                                                                           |   1118 | LUT3        |           0.032 |           3.842 |
| level0_i/ulp/vortex_afu_1/inst/afu_wrap/vortex_axi/vortex/g_clusters[0].cluster/g_sockets[0].socket/g_cores[0].core/issue/g_slices[0].issue_slice/operands/g_collectors[0].opc_unit/pipe_reg2/g_register.g_pipe_regs[0].pipe_register/g_shift_register/opd_buffer_st2[0][1023]_i_5_n_0                                                                            |   1108 | LUT2        |           1.256 |           2.025 |
| level0_i/ulp/vortex_afu_1/inst/afu_wrap/vortex_axi/vortex/g_clusters[0].cluster/g_sockets[0].socket/g_cores[0].core/execute/fpu_unit/g_blocks[0].fpu_dsp/fpu_cvt/pe_serializer/out_buf/g_eb2.stream_buffer/g_buffer.valid_in_r_reg_0                                                                                                                              |   1101 | FDSE        |           2.583 |           4.379 |
| level0_i/ulp/ulp_ucs/inst/aclk_hbm_hierarchy/clkwiz_hbm/inst/AXI_LITE_IPIF_I/I_SLAVE_ATTACHMENT/rst_reg_0                                                                                                                                                                                                                                                         |   1090 | LUT2        |          15.345 |           3.500 |
| level0_i/ulp/ulp_ucs/inst/aclk_kernel_00_hierarchy/clkwiz_aclk_kernel_00/inst/AXI_LITE_IPIF_I/I_SLAVE_ATTACHMENT/rst_reg_0                                                                                                                                                                                                                                        |   1090 | LUT2        |          15.359 |           3.507 |
| level0_i/ulp/ulp_ucs/inst/aclk_kernel_01_hierarchy/clkwiz_aclk_kernel_01/inst/AXI_LITE_IPIF_I/I_SLAVE_ATTACHMENT/rst_reg_0                                                                                                                                                                                                                                        |   1090 | LUT2        |          14.546 |           4.212 |
| level0_i/blp/blp_i/ss_hif/inst/pcie/inst/bd_39ab_pcie_0_pcie_4_0_pipe_inst/pcie_4_0_init_ctrl_inst/reset_n_o_reg_rep__6_n_0                                                                                                                                                                                                                                       |   1075 | FDCE        |           1.095 |           2.581 |
| level0_i/ulp/vortex_afu_1/inst/afu_wrap/vortex_axi/vortex/g_clusters[0].cluster/g_sockets[0].socket/g_cores[0].core/issue/g_slices[0].issue_slice/dispatch/g_buffers[0].buffer/g_eb2.stream_buffer/g_shift.g_partial_reset.g_stages[0].g_stage_0.pipe[0][2054]_i_9_n_0                                                                                            |   1075 | LUT3        |           3.007 |           1.919 |
| level0_i/ulp/vortex_afu_1/inst/afu_wrap/vortex_axi/vortex/g_clusters[0].cluster/g_sockets[0].socket/g_cores[0].core/issue/g_slices[0].issue_slice/operands/g_collectors[0].opc_unit/pipe_reg2/g_register.g_pipe_regs[0].pipe_register/g_shift_register/opd_buffer_st2[1][2047]_i_7_n_0                                                                            |   1074 | LUT2        |           2.842 |           1.950 |
| level0_i/ulp/vortex_afu_1/inst/afu_wrap/vortex_axi/vortex/g_clusters[0].cluster/g_sockets[0].socket/g_cores[0].core/execute/fpu_unit/g_blocks[0].fpu_dsp/fpu_ncp/pe_serializer/out_buf/g_eb2.stream_buffer/ready_out_u                                                                                                                                            |   1064 | FDSE        |           1.640 |           0.364 |
| level0_i/ulp/vortex_afu_1/inst/afu_wrap/vortex_axi/vortex/g_clusters[0].cluster/g_sockets[0].socket/g_cores[0].core/execute/fpu_unit/g_blocks[0].fpu_dsp/fpu_sqrt/pe_serializer/out_buf/g_eb2.stream_buffer/g_buffer.valid_in_r_reg_0                                                                                                                             |   1062 | FDSE        |           2.361 |           0.148 |
| level0_i/ii_level0_pipe/inst/pxi_ii_core/inst/s_ip_axi_data_h2c_00/inst/r.r_pipe/S_READY                                                                                                                                                                                                                                                                          |   1056 | FDRE        |           0.379 |           1.876 |
| level0_i/ulp/vortex_afu_1/inst/afu_wrap/vortex_axi/vortex/g_clusters[0].cluster/g_sockets[0].socket/g_cores[0].core/execute/fpu_unit/g_blocks[0].fpu_dsp/fpu_div/pe_serializer/out_buf/g_eb2.stream_buffer/g_buffer.valid_out_r_reg_0                                                                                                                             |   1055 | FDRE        |           1.936 |           5.459 |
| level0_i/ulp/vortex_afu_1/inst/afu_wrap/vortex_axi/vortex/g_clusters[0].cluster/g_sockets[0].socket/g_cores[0].core/execute/fpu_unit/g_blocks[0].fpu_dsp/fpu_cvt/pe_serializer/out_buf/g_eb2.stream_buffer/g_buffer.valid_in_r_reg_3                                                                                                                              |   1047 | LUT2        |           4.491 |           3.124 |
| level0_i/ulp/vortex_afu_1/inst/afu_wrap/vortex_axi/vortex/g_clusters[0].cluster/g_sockets[0].socket/g_cores[0].core/execute/fpu_unit/g_blocks[0].fpu_dsp/rsp_arb/g_input_select.g_arbiter.g_out_buf[0].out_buf/g_eb2.stream_buffer/g_buffer.flow_out                                                                                                              |   1045 | LUT2        |           0.197 |           2.159 |
| level0_i/ulp/vortex_afu_1/inst/afu_wrap/vortex_axi/vortex/g_clusters[0].cluster/g_sockets[0].socket/g_cores[0].core/gemm_node/u_VX_gemm_unit/gemm_unit_ctrl_reg[sreg_use_idx]__0                                                                                                                                                                                  |   1044 | FDCE        |           3.751 |           5.177 |
| level0_i/ii_level0_pipe/inst/pxi_ii_core/inst/s_ip_axi_data_c2h_00/inst/r.r_pipe/S_READY                                                                                                                                                                                                                                                                          |   1043 | FDRE        |           1.299 |           0.806 |
| level0_i/ulp/vortex_afu_1/inst/afu_wrap/vortex_axi/vortex/g_clusters[0].cluster/l2cache/g_cache.cache/g_banks[0].bank/pipe_reg1/g_shift_register/g_shift.g_partial_reset.g_stages[0].g_stage_0.pipe_reg[0][648]_1[0]                                                                                                                                              |   1042 | LUT5        |           0.816 |           6.536 |
| level0_i/ulp/vortex_afu_1/inst/afu_wrap/vortex_axi/vortex/g_clusters[0].cluster/l2cache/g_cache.cache/g_banks[1].bank/pipe_reg1/g_shift_register/g_shift.g_partial_reset.g_stages[0].g_stage_0.pipe_reg[0][648]_1[0]                                                                                                                                              |   1042 | LUT5        |           0.477 |           7.275 |
| level0_i/ulp/vortex_afu_1/inst/afu_wrap/vortex_axi/vortex/g_clusters[0].cluster/l2cache/g_cache.cache/g_banks[2].bank/pipe_reg1/g_shift_register/g_shift.g_partial_reset.g_stages[0].g_stage_0.pipe_reg[0][648]_1[0]                                                                                                                                              |   1042 | LUT5        |           1.581 |           6.229 |
| level0_i/ulp/vortex_afu_1/inst/afu_wrap/vortex_axi/vortex/g_clusters[0].cluster/l2cache/g_cache.cache/g_banks[3].bank/pipe_reg1/g_shift_register/g_shift.g_partial_reset.g_stages[0].g_stage_0.pipe_reg[0][648]_1[0]                                                                                                                                              |   1042 | LUT5        |           2.445 |           5.488 |
| level0_i/ulp/vortex_afu_1/inst/afu_wrap/vortex_axi/axi_adapter/rsp_xbar/g_single_input.g_out_buf[0].out_buf/g_eb2.stream_buffer/g_buffer.valid_out_r_reg_4[0]                                                                                                                                                                                                     |   1038 | LUT6        |           0.050 |           6.117 |
| level0_i/ulp/vortex_afu_1/inst/afu_wrap/vortex_axi/vortex/g_clusters[0].cluster/g_sockets[0].socket/dcache/g_cache_wrap[0].cache_wrap/g_bypass.cache_bypass/core_bus_nc_switch/rsp_arb/g_input_select.g_arbiter.g_out_buf[0].out_buf/g_eb2.stream_buffer/g_buffer.valid_in_r_reg_0                                                                                |   1037 | FDSE        |           2.970 |           0.269 |
| level0_i/ulp/vortex_afu_1/inst/afu_wrap/vortex_axi/axi_adapter/rsp_xbar/g_single_input.g_out_buf[1].out_buf/g_eb2.stream_buffer/g_buffer.valid_out_r_reg_4[0]                                                                                                                                                                                                     |   1036 | LUT6        |           0.985 |           4.741 |
| level0_i/ulp/vortex_afu_1/inst/afu_wrap/vortex_axi/axi_adapter/rsp_xbar/g_single_input.g_out_buf[2].out_buf/g_eb2.stream_buffer/g_buffer.valid_out_r_reg_6[0]                                                                                                                                                                                                     |   1036 | LUT6        |           1.758 |           4.032 |
| level0_i/ulp/vortex_afu_1/inst/afu_wrap/vortex_axi/axi_adapter/rsp_xbar/g_single_input.g_out_buf[3].out_buf/g_eb2.stream_buffer/g_buffer.valid_out_r_reg_6[0]                                                                                                                                                                                                     |   1036 | LUT6        |           1.940 |           3.814 |
| level0_i/ulp/vortex_afu_1/inst/afu_wrap/vortex_axi/vortex/g_clusters[0].cluster/g_sockets[0].socket/dcache/g_cache_wrap[0].cache_wrap/g_cache.cache/g_banks[0].bank/pipe_reg1/g_shift_register/g_shift.g_partial_reset.g_stages[0].g_stage_0.pipe_reg[0][650]_1[0]                                                                                                |   1036 | LUT5        |           0.124 |           7.514 |
| level0_i/ulp/vortex_afu_1/inst/afu_wrap/vortex_axi/vortex/g_clusters[0].cluster/g_sockets[0].socket/dcache/g_cache_wrap[0].cache_wrap/g_cache.cache/g_banks[1].bank/pipe_reg1/g_shift_register/g_shift.g_partial_reset.g_stages[0].g_stage_0.pipe_reg[0][650]_1[0]                                                                                                |   1036 | LUT5        |           1.240 |           6.863 |
| level0_i/ulp/vortex_afu_1/inst/afu_wrap/vortex_axi/vortex/g_clusters[0].cluster/g_sockets[0].socket/dcache/g_cache_wrap[0].cache_wrap/g_cache.cache/g_banks[2].bank/pipe_reg1/g_shift_register/g_shift.g_partial_reset.g_stages[0].g_stage_0.pipe_reg[0][650]_1[0]                                                                                                |   1036 | LUT5        |           0.981 |           6.859 |
| level0_i/ulp/vortex_afu_1/inst/afu_wrap/vortex_axi/vortex/g_clusters[0].cluster/g_sockets[0].socket/dcache/g_cache_wrap[0].cache_wrap/g_cache.cache/g_banks[3].bank/pipe_reg1/g_shift_register/g_shift.g_partial_reset.g_stages[0].g_stage_0.pipe_reg[0][650]_1[0]                                                                                                |   1036 | LUT5        |           0.193 |           7.273 |
+-------------------------------------------------------------------------------------------------------------------------------------------------------------------------------------------------------------------------------------------------------------------------------------------------------------------------------------------------------------------+--------+-------------+-----------------+-----------------+


