Information: Propagating switching activity (high effort zero delay simulation). (PWR-6)
Warning: Design has unannotated primary inputs. (PWR-414)
Warning: Design has unannotated sequential cell outputs. (PWR-415)
Warning: Design has unannotated black box outputs. (PWR-428)
 
****************************************
Report : power
        -hier
        -analysis_effort high
        -verbose
Design : VX_cache_top
Scenario(s): mode_norm.OC_rvt_ss_0p900v_125c
Version: V-2023.12-SP5-3
Date   : Tue May 12 06:27:57 2026
****************************************


Library(s) Used:

    sc9_cmos28lpp_base_rvt_ss_nominal_max_0p900v_125c_sadhm (File: /tool/PDK/Samsung/LN28LPP_202203/PRIMITIVES/RVT/ln28lpp_sc_9t_base_rvt_c130_V1.00d/FE-Common/LIBERTY/sc9_cmos28lpp_base_rvt_ss_nominal_max_0p900v_125c_sadhm.db)
    USERLIB_ss_0p900v_0p900v_125c (File: /home/data/memory_compiler/28LPP/genSEC/cmos28lpp_ra1w_hs_4096x128m8/cmos28lpp_ra1w_hs_4096x128m8_ss_0p900v_0p900v_125c.db)
    USERLIB_ss_0p900v_0p900v_125c (File: /home/data/memory_compiler/28LPP/genSEC/cmos28lpp_ra2_hd_1024x16m16/cmos28lpp_ra2_hd_1024x16m16_ss_0p900v_0p900v_125c.db)


Global Operating Voltage = 0.9  
Power-specific unit information :
    Voltage Units = 1V
    Capacitance Units = 1.000000pf
    Time Units = 1ns
    Dynamic Power Units = 1mW    (derived from V,C,T units)
    Leakage Power Units = 1uW


--------------------------------------------------------------------------------
                                       Switch   Int      Leak     Total
Hierarchy                              Power    Power    Power    Power    %
--------------------------------------------------------------------------------
VX_cache_top                              2.558   73.124 6.12e+04  136.863 100.0
  cache (VX_cache_wrap_h_825_242_795)     2.540   73.069 6.12e+04  136.788  99.9
    g_cache_cache (VX_cache_h_653_242_368)    2.540   73.069 6.12e+04  136.788  99.9
      g_mem_req_buf_3__mem_req_buf (VX_elastic_buffer_1_0) 4.78e-02    0.179   25.417    0.252   0.2
        g_eb2_out_buf (VX_pipe_buffer_1_0) 4.44e-03 2.41e-03    3.630 1.05e-02   0.0
        g_eb2_stream_buffer (VX_stream_buffer_613_1_0) 4.33e-02    0.176   21.787    0.241   0.2
      g_mem_req_buf_2__mem_req_buf (VX_elastic_buffer_1_1) 4.53e-02    0.179   25.449    0.249   0.2
        g_eb2_out_buf (VX_pipe_buffer_1_1) 7.20e-03 2.36e-03    3.635 1.32e-02   0.0
        g_eb2_stream_buffer (VX_stream_buffer_613_1_1) 3.81e-02    0.176   21.813    0.236   0.2
      g_mem_req_buf_1__mem_req_buf (VX_elastic_buffer_1_2) 3.40e-02    0.178   25.487    0.238   0.2
        g_eb2_out_buf (VX_pipe_buffer_1_2) 3.44e-03 2.31e-03    3.633 9.38e-03   0.0
        g_eb2_stream_buffer (VX_stream_buffer_613_1_2) 3.06e-02    0.176   21.855    0.229   0.2
      g_mem_req_buf_0__mem_req_buf (VX_elastic_buffer_1_3) 5.35e-02    0.179   25.448    0.258   0.2
        g_eb2_out_buf (VX_pipe_buffer_1_3) 7.69e-03 2.42e-03    3.632 1.37e-02   0.0
        g_eb2_stream_buffer (VX_stream_buffer_613_1_3) 4.58e-02    0.177   21.815    0.244   0.2
      mem_req_arb (VX_stream_arb)      7.82e-02 1.16e-02   14.574    0.104   0.1
        g_passthru_g_out_buf_3__out_buf (VX_elastic_buffer_611_0_0_0_0) 1.09e-02 2.95e-03    3.650 1.75e-02   0.0
        g_passthru_g_out_buf_2__out_buf (VX_elastic_buffer_611_0_0_0_1) 4.29e-02 2.34e-03    3.540 4.88e-02   0.0
        g_passthru_g_out_buf_1__out_buf (VX_elastic_buffer_611_0_0_0_2) 1.78e-02 3.21e-03    3.749 2.48e-02   0.0
        g_passthru_g_out_buf_0__out_buf (VX_elastic_buffer_611_0_0_0_3) 6.46e-03 3.10e-03    3.635 1.32e-02   0.0
      g_core_rsp_buf_3__core_rsp_buf (VX_elastic_buffer_0) 1.57e-02 5.36e-02    7.523 7.68e-02   0.1
        g_eb2_out_buf (VX_pipe_buffer_0) 5.27e-03 7.07e-04    1.066 7.04e-03   0.0
        g_eb2_stream_buffer (VX_stream_buffer_160_1_0) 1.05e-02 5.28e-02    6.457 6.98e-02   0.1
      g_core_rsp_buf_2__core_rsp_buf (VX_elastic_buffer_3) 1.61e-02 5.34e-02    7.486 7.70e-02   0.1
        g_eb2_out_buf (VX_pipe_buffer_5) 5.89e-03 6.88e-04    1.066 7.65e-03   0.0
        g_eb2_stream_buffer (VX_stream_buffer_160_1_1) 1.02e-02 5.27e-02    6.420 6.93e-02   0.1
      g_core_rsp_buf_1__core_rsp_buf (VX_elastic_buffer_4) 1.63e-02 5.32e-02    7.514 7.70e-02   0.1
        g_eb2_out_buf (VX_pipe_buffer_6) 5.82e-03 6.92e-04    1.065 7.58e-03   0.0
        g_eb2_stream_buffer (VX_stream_buffer_160_1_2) 1.04e-02 5.26e-02    6.449 6.95e-02   0.1
      g_core_rsp_buf_0__core_rsp_buf (VX_elastic_buffer_5) 4.00e-02 6.52e-02    7.375    0.112   0.1
        g_eb2_out_buf (VX_pipe_buffer_7) 1.96e-02 2.30e-03    1.066 2.29e-02   0.0
        g_eb2_stream_buffer (VX_stream_buffer_160_1_3) 2.04e-02 6.29e-02    6.309 8.96e-02   0.1
      core_rsp_xbar (VX_stream_xbar_1) 2.79e-02 1.30e-02   10.943 5.19e-02   0.0
        g_multi_inputs_g_multiple_outputs_g_xbar_arbs_3__xbar_arb (VX_stream_arb_2_0) 1.34e-03 1.55e-03    2.495 5.39e-03   0.0
          g_input_select_g_arbiter_g_out_buf_0__out_buf (VX_elastic_buffer_162_0_0_0_0) 5.68e-04 6.70e-04    1.066 2.30e-03   0.0
          g_input_select_g_arbiter_arbiter (VX_generic_arbiter_0) 6.61e-06 1.00e-04    0.172 2.79e-04   0.0
            g_round_robin_rr_arbiter (VX_rr_arbiter_0) 6.61e-06 1.00e-04    0.172 2.79e-04   0.0
              g_model1_onehot_encoder (VX_onehot_encoder_0) 4.07e-06 1.22e-06 2.22e-02 2.75e-05   0.0
        g_multi_inputs_g_multiple_outputs_g_xbar_arbs_2__xbar_arb (VX_stream_arb_2_1) 1.17e-03 1.51e-03    2.496 5.17e-03   0.0
          g_input_select_g_arbiter_g_out_buf_0__out_buf (VX_elastic_buffer_162_0_0_0_1) 5.46e-04 6.56e-04    1.066 2.27e-03   0.0
          g_input_select_g_arbiter_arbiter (VX_generic_arbiter_2) 3.94e-06 9.93e-05    0.172 2.75e-04   0.0
            g_round_robin_rr_arbiter (VX_rr_arbiter_2) 3.94e-06 9.93e-05    0.172 2.75e-04   0.0
              g_model1_onehot_encoder (VX_onehot_encoder_2) 2.11e-06 5.90e-07 2.22e-02 2.49e-05   0.0
        g_multi_inputs_g_multiple_outputs_g_xbar_arbs_1__xbar_arb (VX_stream_arb_2_2) 1.26e-03 1.50e-03    2.500 5.26e-03   0.0
          g_input_select_g_arbiter_g_out_buf_0__out_buf (VX_elastic_buffer_162_0_0_0_2) 5.74e-04 6.53e-04    1.066 2.29e-03   0.0
          g_input_select_g_arbiter_arbiter (VX_generic_arbiter_3) 1.81e-06 9.83e-05    0.172 2.72e-04   0.0
            g_round_robin_rr_arbiter (VX_rr_arbiter_3) 1.81e-06 9.83e-05    0.172 2.72e-04   0.0
              g_model1_onehot_encoder (VX_onehot_encoder_3) 7.26e-07 3.95e-07 2.22e-02 2.34e-05   0.0
        g_multi_inputs_g_multiple_outputs_g_xbar_arbs_0__xbar_arb (VX_stream_arb_2_3) 1.09e-02 7.82e-03    2.538 2.13e-02   0.0
          g_input_select_g_arbiter_g_out_buf_0__out_buf (VX_elastic_buffer_162_0_0_0_3) 2.12e-03 2.54e-03    1.066 5.72e-03   0.0
          g_input_select_g_arbiter_arbiter (VX_generic_arbiter_4) 5.82e-04 1.16e-03    0.179 1.92e-03   0.0
            g_round_robin_rr_arbiter (VX_rr_arbiter_4) 5.82e-04 1.16e-03    0.179 1.92e-03   0.0
              g_model1_onehot_encoder (VX_onehot_encoder_4) 2.11e-04 4.75e-05 1.95e-02 2.78e-04   0.0
        g_multi_inputs_g_multiple_outputs_val_in_transpose (VX_transpose_0) 2.75e-06 1.89e-06    0.103 1.07e-04   0.0
        g_multi_inputs_g_multiple_outputs_g_sel_in_demux_3__sel_in_demux (VX_demux_0) 3.29e-07 5.05e-07 2.44e-02 2.52e-05   0.0
        g_multi_inputs_g_multiple_outputs_g_sel_in_demux_2__sel_in_demux (VX_demux_2) 7.19e-08 8.18e-08 2.44e-02 2.45e-05   0.0
        g_multi_inputs_g_multiple_outputs_g_sel_in_demux_1__sel_in_demux (VX_demux_3) 5.12e-07 6.72e-07 2.44e-02 2.56e-05   0.0
        g_multi_inputs_g_multiple_outputs_g_sel_in_demux_0__sel_in_demux (VX_demux_4) 8.14e-07 9.84e-07 2.44e-02 2.62e-05   0.0
        g_multi_inputs_g_multiple_outputs_rdy_in_transpose (VX_transpose_2) 3.03e-05 7.31e-05 9.86e-02 2.02e-04   0.0
      g_banks_3__bank (VX_cache_bank_3)    0.414   17.419 1.51e+04   32.933  24.1
        mem_req_queue (VX_fifo_queue_0) 2.73e-02 6.75e-02   76.153    0.171   0.1
          g_depth_n_dp_ram (VX_dp_ram_3_0) 2.65e-02 6.50e-02   75.813    0.167   0.1
            g_async_g_bram_async_ram_patch (VX_async_ram_patch_611_8_1_1_1_1_1_1_0__553242_0) 2.65e-02 6.50e-02   75.813    0.167   0.1
              placeholder1 (VX_placeholder) 1.97e-05    0.000    0.000 1.97e-05   0.0
          pending_size (VX_pending_size_2_0) 1.92e-04 5.25e-04    0.170 8.87e-04   0.0
        core_rsp_queue (VX_elastic_buffer_2_0) 1.87e-02 3.54e-02   24.567 7.87e-02   0.1
          g_ebN_out_buf (VX_pipe_buffer_2_0) 4.74e-03 6.46e-04    1.051 6.43e-03   0.0
          g_ebN_fifo_queue (VX_fifo_queue_162_8_0_0_0) 1.38e-02 3.47e-02   23.500 7.20e-02   0.1
            g_depth_n_dp_ram (VX_dp_ram_4_0) 1.31e-02 3.16e-02   23.166 6.78e-02   0.0
              g_async_g_bram_async_ram_patch (VX_async_ram_patch_162_8_1_1_1_1_1_1_0__298242_0) 1.31e-02 3.16e-02   23.159 6.78e-02   0.0
                placeholder1 (VX_placeholder) 4.37e-05    0.000    0.000 4.37e-05   0.0
            pending_size (VX_pending_size_1_0) 3.99e-04 1.06e-03    0.176 1.63e-03   0.0
        cache_mshr (VX_cache_mshr_3)   2.28e-02 7.70e-02   68.008    0.168   0.1
          mshr_store (VX_dp_ram_2_0)   1.39e-02 6.74e-02   53.219    0.135   0.1
            g_async_g_bram_async_ram_patch (VX_async_ram_patch_180_16_1_1_1_1_0_0_0__053242_0) 1.29e-02 6.73e-02   53.069    0.133   0.1
              placeholder1 (VX_placeholder_2) 9.82e-04    0.000    0.000 9.82e-04   0.0
          prev_sel (VX_priority_encoder_0) 1.78e-07 2.00e-07 9.81e-02 9.85e-05   0.0
            g_lsb_g_model1_lzc (VX_lzc_0) 1.78e-07 2.00e-07 9.81e-02 9.85e-05   0.0
              g_lzc_find_first (VX_find_first_16_4_0_0) 1.78e-07 2.00e-07 9.81e-02 9.85e-05   0.0
          allocate_sel (VX_priority_encoder_1) 8.46e-08 1.19e-07 6.37e-02 6.39e-05   0.0
            g_lsb_g_model1_lzc (VX_lzc_1) 8.46e-08 1.19e-07 6.37e-02 6.39e-05   0.0
              g_lzc_find_first (VX_find_first_16_4_0_1) 8.46e-08 1.19e-07 6.37e-02 6.39e-05   0.0
        mshr_pending_size (VX_pending_size_0) 1.84e-04 2.44e-03    0.300 2.92e-03   0.0
        u__pop_count_530 (VX_popcount_2_4) 3.28e-05 2.09e-05 9.94e-03 6.36e-05   0.0
          g_popcount3_pc32 (VX_popcount32_4) 3.28e-05 2.09e-05 9.94e-03 6.36e-05   0.0
        cache_data (VX_cache_data_0)      0.212   14.952 1.36e+04   28.754  21.0
          g_data_store_3__data_store (VX_sp_ram_1_0) 3.60e-03    3.479 3.39e+03    6.876   5.0
            g_compiled_u_compiled (VX_sp_ram_compiled_0) 3.59e-03    3.479 3.39e+03    6.876   5.0
          g_data_store_2__data_store (VX_sp_ram_1_1) 7.71e-03    3.479 3.39e+03    6.880   5.0
            g_compiled_u_compiled (VX_sp_ram_compiled_1) 7.71e-03    3.479 3.39e+03    6.880   5.0
          g_data_store_1__data_store (VX_sp_ram_1_2) 3.95e-03    3.479 3.39e+03    6.876   5.0
            g_compiled_u_compiled (VX_sp_ram_compiled_2) 3.95e-03    3.479 3.39e+03    6.876   5.0
          g_data_store_0__data_store (VX_sp_ram_1_3) 1.38e-02    4.500 3.39e+03    7.907   5.8
            g_compiled_u_compiled (VX_sp_ram_compiled_3) 1.38e-02    4.500 3.39e+03    7.907   5.8
        pipe_reg2 (VX_pipe_register_4_0) 1.95e-03 1.16e-02    1.411 1.50e-02   0.0
          g_shift_register (VX_shift_register_626_1_1_0_0) 1.95e-03 1.16e-02    1.411 1.50e-02   0.0
        pipe_reg1 (VX_pipe_register_3_0) 3.11e-02 8.23e-02   10.776    0.124   0.1
          g_shift_register (VX_shift_register_631_1_1_0_0) 3.11e-02 8.23e-02   10.776    0.124   0.1
        way_idx_enc (VX_onehot_encoder_9) 3.16e-08 4.31e-08 1.23e-02 1.23e-05   0.0
        cache_tags (VX_cache_tags_0)   4.06e-03    1.825 1.08e+03    2.905   2.1
          g_tag_store_3__tag_store (VX_dp_ram_1_0) 4.99e-04    0.430  268.732    0.700   0.5
            g_compiled_u_compiled (VX_dp_ram_compiled_0) 4.99e-04    0.430  268.732    0.700   0.5
          g_tag_store_3____buffer_85 (VX_pipe_register_6_0)    0.000 3.00e-04 1.94e-02 3.20e-04   0.0
            g_shift_register (VX_shift_register_1_1_1_0_0)    0.000 3.00e-04 1.94e-02 3.20e-04   0.0
          g_tag_store_3____buffer_84 (VX_pipe_register_6_1)    0.000 3.00e-04 1.94e-02 3.20e-04   0.0
            g_shift_register (VX_shift_register_1_1_1_0_1)    0.000 3.00e-04 1.94e-02 3.20e-04   0.0
          g_tag_store_2__tag_store (VX_dp_ram_1_1) 5.07e-04    0.430  268.734    0.700   0.5
            g_compiled_u_compiled (VX_dp_ram_compiled_1) 5.07e-04    0.430  268.734    0.700   0.5
          g_tag_store_2____buffer_85 (VX_pipe_register_6_2) 8.00e-09 3.00e-04 1.94e-02 3.20e-04   0.0
            g_shift_register (VX_shift_register_1_1_1_0_2) 8.00e-09 3.00e-04 1.94e-02 3.20e-04   0.0
          g_tag_store_2____buffer_84 (VX_pipe_register_6_3)    0.000 3.00e-04 1.94e-02 3.20e-04   0.0
            g_shift_register (VX_shift_register_1_1_1_0_3)    0.000 3.00e-04 1.94e-02 3.20e-04   0.0
          g_tag_store_1__tag_store (VX_dp_ram_1_2) 4.56e-04    0.430  268.746    0.700   0.5
            g_compiled_u_compiled (VX_dp_ram_compiled_2) 4.56e-04    0.430  268.734    0.700   0.5
          g_tag_store_1____buffer_85 (VX_pipe_register_6_4)    0.000 3.00e-04 1.94e-02 3.20e-04   0.0
            g_shift_register (VX_shift_register_1_1_1_0_4)    0.000 3.00e-04 1.94e-02 3.20e-04   0.0
          g_tag_store_1____buffer_84 (VX_pipe_register_6_5) 4.86e-08 3.00e-04 1.94e-02 3.20e-04   0.0
            g_shift_register (VX_shift_register_1_1_1_0_5) 4.86e-08 3.00e-04 1.94e-02 3.20e-04   0.0
          g_tag_store_0__tag_store (VX_dp_ram_1_3) 5.94e-04    0.531  268.735    0.800   0.6
            g_compiled_u_compiled (VX_dp_ram_compiled_3) 5.94e-04    0.531  268.735    0.800   0.6
          g_tag_store_0____buffer_85 (VX_pipe_register_6_6) 5.65e-07 3.01e-04 1.94e-02 3.21e-04   0.0
            g_shift_register (VX_shift_register_1_1_1_0_6) 5.65e-07 3.01e-04 1.94e-02 3.21e-04   0.0
          g_tag_store_0____buffer_84 (VX_pipe_register_6_7) 4.16e-05 3.61e-04 1.96e-02 4.23e-04   0.0
            g_shift_register (VX_shift_register_1_1_1_0_7) 4.16e-05 3.61e-04 1.96e-02 4.23e-04   0.0
        cache_repl (VX_cache_repl_0)   4.70e-02    0.286  240.184    0.573   0.4
          g_enable_g_fifo_fifo_store (VX_sp_ram_0) 4.67e-02    0.286  240.156    0.572   0.4
            g_async_g_bram_async_ram_patch (VX_async_ram_patch_2_4096_1_0_1_1_0_0_0__0_0) 4.67e-02    0.286  240.156    0.572   0.4
              placeholder1 (VX_placeholder_1) 4.40e-04    0.000    0.000 4.40e-04   0.0
        pipe_reg0 (VX_pipe_register_2_0) 1.71e-02 7.86e-02    9.505    0.105   0.1
          g_shift_register (VX_shift_register_606_1_1_0_0) 1.71e-02 7.86e-02    9.373    0.105   0.1
        cache_flush (VX_cache_flush_3) 2.77e-06 1.01e-03    0.501 1.51e-03   0.0
      g_banks_2__bank (VX_cache_bank_2)    0.425   17.944 1.51e+04   33.470  24.5
        mem_req_queue (VX_fifo_queue_1) 5.07e-02 7.06e-02   78.034    0.199   0.1
          g_depth_n_dp_ram (VX_dp_ram_3_1) 4.08e-02 6.76e-02   77.393    0.186   0.1
            g_async_g_bram_async_ram_patch (VX_async_ram_patch_611_8_1_1_1_1_1_1_0__553242_1) 4.08e-02 6.76e-02   77.393    0.186   0.1
              placeholder1 (VX_placeholder) 1.63e-05    0.000    0.000 1.63e-05   0.0
          pending_size (VX_pending_size_2_1) 2.29e-04 5.38e-04    0.170 9.36e-04   0.0
        core_rsp_queue (VX_elastic_buffer_2_1) 1.62e-02 3.38e-02   24.581 7.45e-02   0.1
          g_ebN_out_buf (VX_pipe_buffer_2_1) 4.83e-03 6.71e-04    1.062 6.56e-03   0.0
          g_ebN_fifo_queue (VX_fifo_queue_162_8_0_0_1) 1.06e-02 3.31e-02   23.499 6.71e-02   0.0
            g_depth_n_dp_ram (VX_dp_ram_4_1) 9.81e-03 2.99e-02   23.159 6.29e-02   0.0
              g_async_g_bram_async_ram_patch (VX_async_ram_patch_162_8_1_1_1_1_1_1_0__298242_1) 9.81e-03 2.99e-02   23.159 6.29e-02   0.0
                placeholder1 (VX_placeholder) 1.37e-05    0.000    0.000 1.37e-05   0.0
            pending_size (VX_pending_size_1_1) 3.92e-04 1.06e-03    0.176 1.63e-03   0.0
        cache_mshr (VX_cache_mshr_2)   2.25e-02 7.70e-02   67.961    0.167   0.1
          mshr_store (VX_dp_ram_2_1)   1.40e-02 6.75e-02   53.292    0.135   0.1
            g_async_g_bram_async_ram_patch (VX_async_ram_patch_180_16_1_1_1_1_0_0_0__053242_1) 1.30e-02 6.73e-02   53.136    0.133   0.1
              placeholder1 (VX_placeholder_2) 7.46e-04    0.000    0.000 7.46e-04   0.0
          prev_sel (VX_priority_encoder_2) 3.04e-07 2.91e-07 9.80e-02 9.86e-05   0.0
            g_lsb_g_model1_lzc (VX_lzc_2) 3.04e-07 2.91e-07 9.80e-02 9.86e-05   0.0
              g_lzc_find_first (VX_find_first_16_4_0_2) 3.04e-07 2.91e-07 9.80e-02 9.86e-05   0.0
          allocate_sel (VX_priority_encoder_3) 5.64e-08 7.65e-08 6.35e-02 6.36e-05   0.0
            g_lsb_g_model1_lzc (VX_lzc_3) 5.64e-08 7.65e-08 6.35e-02 6.36e-05   0.0
              g_lzc_find_first (VX_find_first_16_4_0_3) 5.64e-08 7.65e-08 6.35e-02 6.36e-05   0.0
        mshr_pending_size (VX_pending_size_3) 1.91e-04 2.44e-03    0.301 2.93e-03   0.0
        u__pop_count_530 (VX_popcount_2_5) 3.74e-05 2.11e-05 9.94e-03 6.84e-05   0.0
          g_popcount3_pc32 (VX_popcount32_5) 3.74e-05 2.11e-05 9.94e-03 6.84e-05   0.0
        cache_data (VX_cache_data_1)      0.221   15.452 1.36e+04   29.263  21.4
          g_data_store_3__data_store (VX_sp_ram_1_4) 3.27e-03    3.596 3.39e+03    6.993   5.1
            g_compiled_u_compiled (VX_sp_ram_compiled_4) 3.27e-03    3.596 3.39e+03    6.993   5.1
          g_data_store_2__data_store (VX_sp_ram_1_5) 7.15e-03    3.596 3.39e+03    6.997   5.1
            g_compiled_u_compiled (VX_sp_ram_compiled_5) 7.15e-03    3.596 3.39e+03    6.997   5.1
          g_data_store_1__data_store (VX_sp_ram_1_6) 3.23e-03    3.635 3.39e+03    7.032   5.1
            g_compiled_u_compiled (VX_sp_ram_compiled_6) 3.22e-03    3.635 3.39e+03    7.031   5.1
          g_data_store_0__data_store (VX_sp_ram_1_7) 1.52e-02    4.610 3.39e+03    8.019   5.9
            g_compiled_u_compiled (VX_sp_ram_compiled_7) 1.52e-02    4.610 3.39e+03    8.019   5.9
        pipe_reg2 (VX_pipe_register_4_1) 1.79e-03 1.18e-02    1.391 1.50e-02   0.0
          g_shift_register (VX_shift_register_626_1_1_0_1) 1.79e-03 1.18e-02    1.391 1.50e-02   0.0
        pipe_reg1 (VX_pipe_register_3_1) 2.33e-02 8.17e-02    9.738    0.115   0.1
          g_shift_register (VX_shift_register_631_1_1_0_1) 2.33e-02 8.17e-02    9.738    0.115   0.1
        way_idx_enc (VX_onehot_encoder_10) 2.83e-08 4.19e-08 1.23e-02 1.23e-05   0.0
        cache_tags (VX_cache_tags_1)   4.33e-03    1.848 1.08e+03    2.928   2.1
          g_tag_store_3__tag_store (VX_dp_ram_1_4) 4.91e-04    0.436  268.738    0.705   0.5
            g_compiled_u_compiled (VX_dp_ram_compiled_4) 4.90e-04    0.436  268.732    0.705   0.5
          g_tag_store_3____buffer_85 (VX_pipe_register_6_8)    0.000 3.00e-04 1.94e-02 3.20e-04   0.0
            g_shift_register (VX_shift_register_1_1_1_0_8)    0.000 3.00e-04 1.94e-02 3.20e-04   0.0
          g_tag_store_3____buffer_84 (VX_pipe_register_6_9)    0.000 3.00e-04 1.94e-02 3.20e-04   0.0
            g_shift_register (VX_shift_register_1_1_1_0_9)    0.000 3.00e-04 1.94e-02 3.20e-04   0.0
          g_tag_store_2__tag_store (VX_dp_ram_1_5) 5.91e-04    0.436  268.733    0.705   0.5
            g_compiled_u_compiled (VX_dp_ram_compiled_5) 5.91e-04    0.436  268.733    0.705   0.5
          g_tag_store_2____buffer_85 (VX_pipe_register_6_10)    0.000 3.00e-04 1.94e-02 3.20e-04   0.0
            g_shift_register (VX_shift_register_1_1_1_0_10)    0.000 3.00e-04 1.94e-02 3.20e-04   0.0
          g_tag_store_2____buffer_84 (VX_pipe_register_6_11)    0.000 3.00e-04 1.94e-02 3.20e-04   0.0
            g_shift_register (VX_shift_register_1_1_1_0_11)    0.000 3.00e-04 1.94e-02 3.20e-04   0.0
          g_tag_store_1__tag_store (VX_dp_ram_1_6) 6.46e-04    0.436  268.734    0.705   0.5
            g_compiled_u_compiled (VX_dp_ram_compiled_6) 6.46e-04    0.436  268.734    0.705   0.5
          g_tag_store_1____buffer_85 (VX_pipe_register_6_12)    0.000 3.00e-04 1.94e-02 3.20e-04   0.0
            g_shift_register (VX_shift_register_1_1_1_0_12)    0.000 3.00e-04 1.94e-02 3.20e-04   0.0
          g_tag_store_1____buffer_84 (VX_pipe_register_6_13)    0.000 3.00e-04 1.94e-02 3.20e-04   0.0
            g_shift_register (VX_shift_register_1_1_1_0_13)    0.000 3.00e-04 1.94e-02 3.20e-04   0.0
          g_tag_store_0__tag_store (VX_dp_ram_1_7) 6.32e-04    0.539  268.735    0.808   0.6
            g_compiled_u_compiled (VX_dp_ram_compiled_7) 6.32e-04    0.539  268.735    0.808   0.6
          g_tag_store_0____buffer_85 (VX_pipe_register_6_14) 3.02e-07 3.01e-04 1.94e-02 3.21e-04   0.0
            g_shift_register (VX_shift_register_1_1_1_0_14) 3.02e-07 3.01e-04 1.94e-02 3.21e-04   0.0
          g_tag_store_0____buffer_84 (VX_pipe_register_6_15) 1.93e-05 3.62e-04 1.96e-02 4.01e-04   0.0
            g_shift_register (VX_shift_register_1_1_1_0_15) 1.93e-05 3.62e-04 1.96e-02 4.01e-04   0.0
        cache_repl (VX_cache_repl_1)   4.66e-02    0.284  239.650    0.571   0.4
          g_enable_g_fifo_fifo_store (VX_sp_ram_2) 4.62e-02    0.284  239.623    0.570   0.4
            g_async_g_bram_async_ram_patch (VX_async_ram_patch_2_4096_1_0_1_1_0_0_0__0_1) 4.62e-02    0.284  239.608    0.570   0.4
              placeholder1 (VX_placeholder_1) 4.36e-04    0.000    0.000 4.36e-04   0.0
        pipe_reg0 (VX_pipe_register_2_1) 1.31e-02 7.96e-02    9.560    0.102   0.1
          g_shift_register (VX_shift_register_606_1_1_0_1) 1.31e-02 7.96e-02    9.436    0.102   0.1
        cache_flush (VX_cache_flush_2) 4.47e-06 1.02e-03    0.502 1.52e-03   0.0
      g_banks_1__bank (VX_cache_bank_1)    0.404   17.448 1.51e+04   32.951  24.1
        mem_req_queue (VX_fifo_queue_2) 4.16e-02 7.02e-02   77.448    0.189   0.1
          g_depth_n_dp_ram (VX_dp_ram_3_2) 3.48e-02 6.66e-02   76.251    0.178   0.1
            g_async_g_bram_async_ram_patch (VX_async_ram_patch_611_8_1_1_1_1_1_1_0__553242_2) 3.48e-02 6.66e-02   76.251    0.178   0.1
              placeholder1 (VX_placeholder) 1.44e-05    0.000    0.000 1.44e-05   0.0
          pending_size (VX_pending_size_2_2) 1.64e-04 5.55e-04    0.170 8.89e-04   0.0
        core_rsp_queue (VX_elastic_buffer_2_2) 1.19e-02 3.54e-02   23.979 7.13e-02   0.1
          g_ebN_out_buf (VX_pipe_buffer_2_2) 3.14e-03 7.98e-04    1.078 5.02e-03   0.0
          g_ebN_fifo_queue (VX_fifo_queue_162_8_0_0_2) 8.60e-03 3.46e-02   22.884 6.61e-02   0.0
            g_depth_n_dp_ram (VX_dp_ram_4_2) 8.08e-03 3.15e-02   22.552 6.21e-02   0.0
              g_async_g_bram_async_ram_patch (VX_async_ram_patch_162_8_1_1_1_1_1_1_0__298242_2) 8.07e-03 3.15e-02   22.545 6.21e-02   0.0
                placeholder1 (VX_placeholder) 3.25e-05    0.000    0.000 3.25e-05   0.0
            pending_size (VX_pending_size_1_2) 3.93e-04 1.06e-03    0.176 1.63e-03   0.0
        cache_mshr (VX_cache_mshr_1)   2.21e-02 7.43e-02   68.088    0.164   0.1
          mshr_store (VX_dp_ram_2_2)   1.36e-02 6.47e-02   53.429    0.132   0.1
            g_async_g_bram_async_ram_patch (VX_async_ram_patch_180_16_1_1_1_1_0_0_0__053242_2) 1.15e-02 6.44e-02   53.185    0.129   0.1
              placeholder1 (VX_placeholder_2) 7.68e-04    0.000    0.000 7.68e-04   0.0
          prev_sel (VX_priority_encoder_4) 4.96e-07 5.41e-07 9.80e-02 9.90e-05   0.0
            g_lsb_g_model1_lzc (VX_lzc_4) 4.96e-07 5.41e-07 9.80e-02 9.90e-05   0.0
              g_lzc_find_first (VX_find_first_16_4_0_4) 4.96e-07 5.41e-07 9.80e-02 9.90e-05   0.0
          allocate_sel (VX_priority_encoder_5) 1.29e-07 1.53e-07 6.37e-02 6.40e-05   0.0
            g_lsb_g_model1_lzc (VX_lzc_5) 1.29e-07 1.53e-07 6.37e-02 6.40e-05   0.0
              g_lzc_find_first (VX_find_first_16_4_0_5) 1.29e-07 1.53e-07 6.37e-02 6.40e-05   0.0
        mshr_pending_size (VX_pending_size_4) 1.91e-04 2.45e-03    0.301 2.94e-03   0.0
        u__pop_count_530 (VX_popcount_2_6) 3.49e-05 2.14e-05 9.94e-03 6.62e-05   0.0
          g_popcount3_pc32 (VX_popcount32_6) 3.49e-05 2.14e-05 9.94e-03 6.62e-05   0.0
        cache_data (VX_cache_data_2)      0.214   14.908 1.36e+04   28.711  21.0
          g_data_store_3__data_store (VX_sp_ram_1_8) 4.22e-03    3.698 3.39e+03    7.096   5.2
            g_compiled_u_compiled (VX_sp_ram_compiled_8) 4.20e-03    3.698 3.39e+03    7.096   5.2
          g_data_store_2__data_store (VX_sp_ram_1_9) 6.09e-03    3.698 3.39e+03    7.098   5.2
            g_compiled_u_compiled (VX_sp_ram_compiled_9) 6.07e-03    3.698 3.39e+03    7.097   5.2
          g_data_store_1__data_store (VX_sp_ram_1_10) 4.24e-03    3.698 3.39e+03    7.096   5.2
            g_compiled_u_compiled (VX_sp_ram_compiled_10) 4.22e-03    3.698 3.39e+03    7.095   5.2
          g_data_store_0__data_store (VX_sp_ram_1_11) 1.43e-02    3.800 3.39e+03    7.208   5.3
            g_compiled_u_compiled (VX_sp_ram_compiled_11) 1.28e-02    3.800 3.39e+03    7.207   5.3
        pipe_reg2 (VX_pipe_register_4_2) 1.86e-03 1.21e-02    1.390 1.53e-02   0.0
          g_shift_register (VX_shift_register_626_1_1_0_2) 1.86e-03 1.21e-02    1.390 1.53e-02   0.0
        pipe_reg1 (VX_pipe_register_3_2) 2.27e-02 8.41e-02    9.692    0.116   0.1
          g_shift_register (VX_shift_register_631_1_1_0_2) 2.27e-02 8.40e-02    9.631    0.116   0.1
        way_idx_enc (VX_onehot_encoder_11) 2.06e-08 3.35e-08 1.23e-02 1.23e-05   0.0
        cache_tags (VX_cache_tags_2)   4.35e-03    1.879 1.08e+03    2.959   2.2
          g_tag_store_3__tag_store (VX_dp_ram_1_8) 5.96e-04    0.443  268.734    0.712   0.5
            g_compiled_u_compiled (VX_dp_ram_compiled_8) 5.96e-04    0.443  268.734    0.712   0.5
          g_tag_store_3____buffer_85 (VX_pipe_register_6_16)    0.000 3.00e-04 1.94e-02 3.20e-04   0.0
            g_shift_register (VX_shift_register_1_1_1_0_16)    0.000 3.00e-04 1.94e-02 3.20e-04   0.0
          g_tag_store_3____buffer_84 (VX_pipe_register_6_17)    0.000 3.00e-04 1.94e-02 3.20e-04   0.0
            g_shift_register (VX_shift_register_1_1_1_0_17)    0.000 3.00e-04 1.94e-02 3.20e-04   0.0
          g_tag_store_2__tag_store (VX_dp_ram_1_9) 4.84e-04    0.443  268.734    0.712   0.5
            g_compiled_u_compiled (VX_dp_ram_compiled_9) 4.84e-04    0.443  268.734    0.712   0.5
          g_tag_store_2____buffer_85 (VX_pipe_register_6_18)    0.000 3.00e-04 1.94e-02 3.20e-04   0.0
            g_shift_register (VX_shift_register_1_1_1_0_18)    0.000 3.00e-04 1.94e-02 3.20e-04   0.0
          g_tag_store_2____buffer_84 (VX_pipe_register_6_19)    0.000 3.00e-04 1.94e-02 3.20e-04   0.0
            g_shift_register (VX_shift_register_1_1_1_0_19)    0.000 3.00e-04 1.94e-02 3.20e-04   0.0
          g_tag_store_1__tag_store (VX_dp_ram_1_10) 4.30e-04    0.443  268.734    0.712   0.5
            g_compiled_u_compiled (VX_dp_ram_compiled_10) 4.30e-04    0.443  268.734    0.712   0.5
          g_tag_store_1____buffer_85 (VX_pipe_register_6_20)    0.000 3.00e-04 1.94e-02 3.20e-04   0.0
            g_shift_register (VX_shift_register_1_1_1_0_20)    0.000 3.00e-04 1.94e-02 3.20e-04   0.0
          g_tag_store_1____buffer_84 (VX_pipe_register_6_21)    0.000 3.00e-04 1.94e-02 3.20e-04   0.0
            g_shift_register (VX_shift_register_1_1_1_0_21)    0.000 3.00e-04 1.94e-02 3.20e-04   0.0
          g_tag_store_0__tag_store (VX_dp_ram_1_11) 6.06e-04    0.547  268.735    0.816   0.6
            g_compiled_u_compiled (VX_dp_ram_compiled_11) 6.06e-04    0.547  268.735    0.816   0.6
          g_tag_store_0____buffer_85 (VX_pipe_register_6_22) 2.47e-07 3.01e-04 1.94e-02 3.20e-04   0.0
            g_shift_register (VX_shift_register_1_1_1_0_22) 2.47e-07 3.01e-04 1.94e-02 3.20e-04   0.0
          g_tag_store_0____buffer_84 (VX_pipe_register_6_23) 4.68e-05 3.64e-04 1.96e-02 4.30e-04   0.0
            g_shift_register (VX_shift_register_1_1_1_0_23) 4.68e-05 3.64e-04 1.96e-02 4.30e-04   0.0
        cache_repl (VX_cache_repl_2)   4.93e-02    0.295  239.884    0.584   0.4
          g_enable_g_fifo_fifo_store (VX_sp_ram_3) 4.88e-02    0.295  239.853    0.584   0.4
            g_async_g_bram_async_ram_patch (VX_async_ram_patch_2_4096_1_0_1_1_0_0_0__0_2) 4.88e-02    0.295  239.853    0.584   0.4
              placeholder1 (VX_placeholder_1) 7.62e-04    0.000    0.000 7.62e-04   0.0
        pipe_reg0 (VX_pipe_register_2_2) 1.35e-02 8.18e-02    9.440    0.105   0.1
          g_shift_register (VX_shift_register_606_1_1_0_2) 1.34e-02 8.18e-02    9.240    0.104   0.1
        cache_flush (VX_cache_flush_1) 4.46e-06 1.02e-03    0.501 1.52e-03   0.0
      g_banks_0__bank (VX_cache_bank)     0.481   18.331 1.51e+04   33.912  24.8
        mem_req_queue (VX_fifo_queue_3) 3.97e-02 7.20e-02   76.584    0.188   0.1
          g_depth_n_dp_ram (VX_dp_ram_3_3) 3.14e-02 6.90e-02   75.992    0.176   0.1
            g_async_g_bram_async_ram_patch (VX_async_ram_patch_611_8_1_1_1_1_1_1_0__553242_3) 3.14e-02 6.90e-02   75.985    0.176   0.1
              placeholder1 (VX_placeholder) 1.30e-05    0.000    0.000 1.30e-05   0.0
          pending_size (VX_pending_size_2_3) 4.17e-04 5.78e-04    0.186 1.18e-03   0.0
        core_rsp_queue (VX_elastic_buffer_2_3) 2.38e-02 3.98e-02   24.528 8.81e-02   0.1
          g_ebN_out_buf (VX_pipe_buffer_2_3) 1.22e-02 6.09e-04    1.057 1.39e-02   0.0
          g_ebN_fifo_queue (VX_fifo_queue_162_8_0_0_3) 1.09e-02 3.91e-02   23.450 7.35e-02   0.1
            g_depth_n_dp_ram (VX_dp_ram_4_3) 1.00e-02 3.59e-02   23.088 6.90e-02   0.1
              g_async_g_bram_async_ram_patch (VX_async_ram_patch_162_8_1_1_1_1_1_1_0__298242_3) 1.00e-02 3.59e-02   23.088 6.90e-02   0.1
                placeholder1 (VX_placeholder) 3.58e-05    0.000    0.000 3.58e-05   0.0
            pending_size (VX_pending_size_1_3) 3.80e-04 1.04e-03    0.175 1.60e-03   0.0
        cache_mshr (VX_cache_mshr)     2.81e-02 8.74e-02   68.064    0.183   0.1
          mshr_store (VX_dp_ram_2_3)   1.55e-02 7.66e-02   53.493    0.146   0.1
            g_async_g_bram_async_ram_patch (VX_async_ram_patch_180_16_1_1_1_1_0_0_0__053242_3) 1.38e-02 7.64e-02   53.285    0.143   0.1
              placeholder1 (VX_placeholder_2) 8.23e-04    0.000    0.000 8.23e-04   0.0
          prev_sel (VX_priority_encoder_6) 2.59e-06 2.76e-06 9.75e-02 1.03e-04   0.0
            g_lsb_g_model1_lzc (VX_lzc_6) 2.59e-06 2.76e-06 9.75e-02 1.03e-04   0.0
              g_lzc_find_first (VX_find_first_16_4_0_6) 2.59e-06 2.76e-06 9.75e-02 1.03e-04   0.0
          allocate_sel (VX_priority_encoder_7) 3.37e-07 4.64e-07 6.38e-02 6.46e-05   0.0
            g_lsb_g_model1_lzc (VX_lzc_7) 3.37e-07 4.64e-07 6.38e-02 6.46e-05   0.0
              g_lzc_find_first (VX_find_first_16_4_0_7) 3.37e-07 4.64e-07 6.38e-02 6.46e-05   0.0
        mshr_pending_size (VX_pending_size_5) 2.11e-04 2.49e-03    0.301 3.00e-03   0.0
        u__pop_count_530 (VX_popcount_2_7) 3.65e-05 2.35e-05 9.95e-03 6.99e-05   0.0
          g_popcount3_pc32 (VX_popcount32_7) 3.65e-05 2.35e-05 9.95e-03 6.99e-05   0.0
        cache_data (VX_cache_data_3)      0.221   15.590 1.36e+04   29.399  21.5
          g_data_store_3__data_store (VX_sp_ram_1_12) 5.69e-03    3.764 3.39e+03    7.163   5.2
            g_compiled_u_compiled (VX_sp_ram_compiled_12) 5.57e-03    3.764 3.39e+03    7.163   5.2
          g_data_store_2__data_store (VX_sp_ram_1_13) 4.64e-03    3.764 3.39e+03    7.162   5.2
            g_compiled_u_compiled (VX_sp_ram_compiled_13) 4.64e-03    3.764 3.39e+03    7.162   5.2
          g_data_store_1__data_store (VX_sp_ram_1_14) 3.58e-03    3.931 3.39e+03    7.328   5.4
            g_compiled_u_compiled (VX_sp_ram_compiled_14) 3.58e-03    3.931 3.39e+03    7.328   5.4
          g_data_store_0__data_store (VX_sp_ram_1_15) 1.62e-02    4.117 3.39e+03    7.526   5.5
            g_compiled_u_compiled (VX_sp_ram_compiled_15) 1.61e-02    4.117 3.39e+03    7.526   5.5
        pipe_reg2 (VX_pipe_register_4_3) 2.59e-03 1.32e-02    1.389 1.72e-02   0.0
          g_shift_register (VX_shift_register_626_1_1_0_3) 2.59e-03 1.32e-02    1.389 1.72e-02   0.0
        pipe_reg1 (VX_pipe_register_3_3) 3.98e-02 9.29e-02   10.876    0.144   0.1
          g_shift_register (VX_shift_register_631_1_1_0_3) 3.98e-02 9.29e-02   10.876    0.144   0.1
        way_idx_enc (VX_onehot_encoder_12) 2.76e-08 4.57e-08 1.23e-02 1.23e-05   0.0
        cache_tags (VX_cache_tags_3)   4.67e-03    2.015 1.08e+03    3.096   2.3
          g_tag_store_3__tag_store (VX_dp_ram_1_12) 4.33e-04    0.475  268.735    0.744   0.5
            g_compiled_u_compiled (VX_dp_ram_compiled_12) 4.33e-04    0.475  268.735    0.744   0.5
          g_tag_store_3____buffer_85 (VX_pipe_register_6_24)    0.000 3.00e-04 1.94e-02 3.20e-04   0.0
            g_shift_register (VX_shift_register_1_1_1_0_24)    0.000 3.00e-04 1.94e-02 3.20e-04   0.0
          g_tag_store_3____buffer_84 (VX_pipe_register_6_25)    0.000 3.00e-04 1.94e-02 3.20e-04   0.0
            g_shift_register (VX_shift_register_1_1_1_0_25)    0.000 3.00e-04 1.94e-02 3.20e-04   0.0
          g_tag_store_2__tag_store (VX_dp_ram_1_13) 5.55e-04    0.475  268.733    0.744   0.5
            g_compiled_u_compiled (VX_dp_ram_compiled_13) 5.55e-04    0.475  268.733    0.744   0.5
          g_tag_store_2____buffer_85 (VX_pipe_register_6_26)    0.000 3.00e-04 1.94e-02 3.20e-04   0.0
            g_shift_register (VX_shift_register_1_1_1_0_26)    0.000 3.00e-04 1.94e-02 3.20e-04   0.0
          g_tag_store_2____buffer_84 (VX_pipe_register_6_27)    0.000 3.00e-04 1.94e-02 3.20e-04   0.0
            g_shift_register (VX_shift_register_1_1_1_0_27)    0.000 3.00e-04 1.94e-02 3.20e-04   0.0
          g_tag_store_1__tag_store (VX_dp_ram_1_14) 4.86e-04    0.475  268.735    0.744   0.5
            g_compiled_u_compiled (VX_dp_ram_compiled_14) 4.86e-04    0.475  268.735    0.744   0.5
          g_tag_store_1____buffer_85 (VX_pipe_register_6_28)    0.000 3.00e-04 1.94e-02 3.20e-04   0.0
            g_shift_register (VX_shift_register_1_1_1_0_28)    0.000 3.00e-04 1.94e-02 3.20e-04   0.0
          g_tag_store_1____buffer_84 (VX_pipe_register_6_29) 4.28e-08 3.00e-04 1.94e-02 3.20e-04   0.0
            g_shift_register (VX_shift_register_1_1_1_0_29) 4.28e-08 3.00e-04 1.94e-02 3.20e-04   0.0
          g_tag_store_0__tag_store (VX_dp_ram_1_15) 5.55e-04    0.588  268.736    0.858   0.6
            g_compiled_u_compiled (VX_dp_ram_compiled_15) 5.55e-04    0.588  268.736    0.858   0.6
          g_tag_store_0____buffer_85 (VX_pipe_register_6_30) 1.25e-06 3.02e-04 1.94e-02 3.22e-04   0.0
            g_shift_register (VX_shift_register_1_1_1_0_30) 1.25e-06 3.02e-04 1.94e-02 3.22e-04   0.0
          g_tag_store_0____buffer_84 (VX_pipe_register_6_31) 5.67e-05 3.69e-04 1.97e-02 4.46e-04   0.0
            g_shift_register (VX_shift_register_1_1_1_0_31) 5.67e-05 3.69e-04 1.97e-02 4.46e-04   0.0
        cache_repl (VX_cache_repl_3)   5.18e-02    0.319  239.901    0.610   0.4
          g_enable_g_fifo_fifo_store (VX_sp_ram_4) 5.13e-02    0.319  239.870    0.610   0.4
            g_async_g_bram_async_ram_patch (VX_async_ram_patch_2_4096_1_0_1_1_0_0_0__0_3) 5.13e-02    0.319  239.870    0.610   0.4
              placeholder1 (VX_placeholder_1) 8.11e-04    0.000    0.000 8.11e-04   0.0
        pipe_reg0 (VX_pipe_register_2_3) 1.92e-02 8.87e-02    9.408    0.117   0.1
          g_shift_register (VX_shift_register_606_1_1_0_3) 1.90e-02 8.87e-02    9.277    0.117   0.1
        cache_flush (VX_cache_flush)   5.59e-05 1.33e-03    0.492 1.88e-03   0.0
      core_req_xbar (VX_stream_xbar)   1.92e-02 2.67e-02   46.437 9.24e-02   0.1
        g_multi_inputs_g_multiple_outputs_g_xbar_arbs_3__xbar_arb (VX_stream_arb_1_0) 4.67e-03 6.55e-03   11.466 2.27e-02   0.0
          g_input_select_g_arbiter_g_out_buf_0__out_buf (VX_elastic_buffer_210_2_0_0_0) 1.74e-04 4.31e-03    9.439 1.39e-02   0.0
            g_eb2_out_buf (VX_pipe_buffer_3_0) 2.93e-05 9.21e-06    1.367 1.41e-03   0.0
            g_eb2_stream_buffer (VX_stream_buffer_210_0_0) 1.45e-04 4.30e-03    8.072 1.25e-02   0.0
          g_input_select_g_arbiter_arbiter (VX_generic_arbiter_5) 2.64e-04 1.43e-04    0.173 5.80e-04   0.0
            g_round_robin_rr_arbiter (VX_rr_arbiter_5) 2.64e-04 1.43e-04    0.173 5.80e-04   0.0
              g_model1_onehot_encoder (VX_onehot_encoder_5) 2.25e-04 2.08e-05 2.35e-02 2.70e-04   0.0
        g_multi_inputs_g_multiple_outputs_g_xbar_arbs_2__xbar_arb (VX_stream_arb_1_1) 5.37e-03 6.57e-03   11.507 2.34e-02   0.0
          g_input_select_g_arbiter_g_out_buf_0__out_buf (VX_elastic_buffer_210_2_0_0_1) 2.21e-04 4.29e-03    9.473 1.40e-02   0.0
            g_eb2_out_buf (VX_pipe_buffer_3_1) 7.24e-05 1.01e-05    1.377 1.46e-03   0.0
            g_eb2_stream_buffer (VX_stream_buffer_210_0_1) 1.48e-04 4.28e-03    8.096 1.25e-02   0.0
          g_input_select_g_arbiter_arbiter (VX_generic_arbiter_6) 2.14e-04 1.41e-04    0.171 5.26e-04   0.0
            g_round_robin_rr_arbiter (VX_rr_arbiter_6) 2.14e-04 1.41e-04    0.171 5.26e-04   0.0
              g_model1_onehot_encoder (VX_onehot_encoder_6) 1.74e-04 1.98e-05 2.20e-02 2.16e-04   0.0
        g_multi_inputs_g_multiple_outputs_g_xbar_arbs_1__xbar_arb (VX_stream_arb_1_2) 4.14e-03 6.74e-03   11.531 2.24e-02   0.0
          g_input_select_g_arbiter_g_out_buf_0__out_buf (VX_elastic_buffer_210_2_0_0_2) 1.85e-04 4.51e-03    9.493 1.42e-02   0.0
            g_eb2_out_buf (VX_pipe_buffer_3_2) 2.78e-05 1.28e-05    1.376 1.42e-03   0.0
            g_eb2_stream_buffer (VX_stream_buffer_210_0_2) 1.58e-04 4.49e-03    8.118 1.28e-02   0.0
          g_input_select_g_arbiter_arbiter (VX_generic_arbiter_7) 2.32e-04 1.42e-04    0.171 5.45e-04   0.0
            g_round_robin_rr_arbiter (VX_rr_arbiter_7) 2.32e-04 1.42e-04    0.171 5.45e-04   0.0
              g_model1_onehot_encoder (VX_onehot_encoder_7) 1.93e-04 1.91e-05 2.20e-02 2.34e-04   0.0
        g_multi_inputs_g_multiple_outputs_g_xbar_arbs_0__xbar_arb (VX_stream_arb_1_3) 4.95e-03 6.73e-03   11.623 2.33e-02   0.0
          g_input_select_g_arbiter_g_out_buf_0__out_buf (VX_elastic_buffer_210_2_0_0_3) 4.09e-04 4.50e-03    9.586 1.45e-02   0.0
            g_eb2_out_buf (VX_pipe_buffer_3_3) 1.24e-04 2.03e-05    1.402 1.55e-03   0.0
            g_eb2_stream_buffer (VX_stream_buffer_210_0_3) 2.85e-04 4.48e-03    8.185 1.29e-02   0.0
          g_input_select_g_arbiter_arbiter (VX_generic_arbiter_8) 2.83e-04 1.43e-04    0.173 5.99e-04   0.0
            g_round_robin_rr_arbiter (VX_rr_arbiter_8) 2.83e-04 1.43e-04    0.173 5.99e-04   0.0
              g_model1_onehot_encoder (VX_onehot_encoder_8) 2.44e-04 2.04e-05 2.35e-02 2.88e-04   0.0
        g_multi_inputs_g_multiple_outputs_val_in_transpose (VX_transpose_3) 4.56e-05 3.68e-05 9.87e-02 1.81e-04   0.0
        g_multi_inputs_g_multiple_outputs_g_sel_in_demux_3__sel_in_demux (VX_demux_5) 8.19e-06 1.81e-05 1.73e-02 4.36e-05   0.0
        g_multi_inputs_g_multiple_outputs_g_sel_in_demux_2__sel_in_demux (VX_demux_6) 7.98e-06 1.94e-05 1.79e-02 4.52e-05   0.0
        g_multi_inputs_g_multiple_outputs_g_sel_in_demux_1__sel_in_demux (VX_demux_7) 9.80e-06 1.92e-05 1.74e-02 4.63e-05   0.0
        g_multi_inputs_g_multiple_outputs_g_sel_in_demux_0__sel_in_demux (VX_demux_8) 1.01e-05 1.98e-05 1.78e-02 4.78e-05   0.0
        g_multi_inputs_g_multiple_outputs_rdy_in_transpose (VX_transpose_4) 6.68e-07 1.40e-06 9.80e-02 1.00e-04   0.0
      mem_rsp_xbar (VX_stream_omega)      0.218    0.485  211.602    0.914   0.7
        g_omega_g_switches_1__g_stages_1__xbar_switch (VX_stream_xbar_2_0) 5.32e-02    0.116   52.924    0.222   0.2
          g_multi_inputs_g_multiple_outputs_g_xbar_arbs_1__xbar_arb (VX_stream_arb_3_0) 3.16e-02 5.86e-02   28.778    0.119   0.1
            g_input_select_g_arbiter_g_out_buf_0__out_buf (VX_elastic_buffer_522_2_1_0_0) 2.79e-02 5.67e-02   24.126    0.109   0.1
              g_eb2_out_buf (VX_pipe_buffer_4_0) 3.34e-03 1.16e-03    3.469 7.97e-03   0.0
              g_eb2_stream_buffer (VX_stream_buffer_522_1_0) 2.45e-02 5.56e-02   20.656    0.101   0.1
            g_input_select_g_arbiter_arbiter (VX_generic_arbiter_1_0) 8.46e-07 4.41e-07 2.37e-02 2.50e-05   0.0
              g_round_robin_rr_arbiter (VX_rr_arbiter_1_0) 8.46e-07 4.41e-07 2.37e-02 2.50e-05   0.0
                g_model1_onehot_encoder (VX_onehot_encoder_1_0) 2.08e-07 1.38e-07 9.19e-03 9.53e-06   0.0
          g_multi_inputs_g_multiple_outputs_g_xbar_arbs_0__xbar_arb (VX_stream_arb_3_1) 2.15e-02 5.75e-02   24.104    0.103   0.1
            g_input_select_g_arbiter_g_out_buf_0__out_buf (VX_elastic_buffer_522_2_1_0_1) 2.15e-02 5.75e-02   24.084    0.103   0.1
              g_eb2_out_buf (VX_pipe_buffer_4_1) 1.16e-03 1.09e-03    3.471 5.71e-03   0.0
              g_eb2_stream_buffer (VX_stream_buffer_522_1_1) 2.04e-02 5.64e-02   20.613 9.74e-02   0.1
            g_input_select_g_arbiter_arbiter (VX_generic_arbiter_1_1) 8.93e-07 3.82e-07 1.45e-02 1.58e-05   0.0
              g_round_robin_rr_arbiter (VX_rr_arbiter_1_1) 8.93e-07 3.82e-07 1.45e-02 1.58e-05   0.0
                g_model1_onehot_encoder (VX_onehot_encoder_1_1) 4.86e-07 1.90e-07 7.27e-03 7.95e-06   0.0
          g_multi_inputs_g_multiple_outputs_val_in_transpose (VX_transpose_1_0) 2.05e-07 3.40e-07 1.46e-02 1.51e-05   0.0
          g_multi_inputs_g_multiple_outputs_g_sel_in_demux_1__sel_in_demux (VX_demux_1_0) 5.43e-08 1.48e-07 7.28e-03 7.48e-06   0.0
          g_multi_inputs_g_multiple_outputs_g_sel_in_demux_0__sel_in_demux (VX_demux_1_1) 1.01e-07 1.89e-07 7.27e-03 7.56e-06   0.0
          g_multi_inputs_g_multiple_outputs_rdy_in_transpose (VX_transpose_1_1) 4.54e-05 3.82e-05 1.26e-02 9.61e-05   0.0
        g_omega_g_switches_1__g_stages_0__xbar_switch (VX_stream_xbar_2_1) 4.20e-02    0.119   52.879    0.213   0.2
          g_multi_inputs_g_multiple_outputs_g_xbar_arbs_1__xbar_arb (VX_stream_arb_3_2) 2.12e-02 6.00e-02   28.752    0.110   0.1
            g_input_select_g_arbiter_g_out_buf_0__out_buf (VX_elastic_buffer_522_2_1_0_2) 1.96e-02 5.81e-02   24.098    0.102   0.1
              g_eb2_out_buf (VX_pipe_buffer_4_2) 9.89e-04 1.13e-03    3.472 5.59e-03   0.0
              g_eb2_stream_buffer (VX_stream_buffer_522_1_2) 1.86e-02 5.70e-02   20.626 9.62e-02   0.1
            g_input_select_g_arbiter_arbiter (VX_generic_arbiter_1_2) 8.33e-06 6.11e-07 2.37e-02 3.27e-05   0.0
              g_round_robin_rr_arbiter (VX_rr_arbiter_1_2) 8.33e-06 6.11e-07 2.37e-02 3.27e-05   0.0
                g_model1_onehot_encoder (VX_onehot_encoder_1_2) 4.98e-06 1.94e-07 9.19e-03 1.44e-05   0.0
          g_multi_inputs_g_multiple_outputs_g_xbar_arbs_0__xbar_arb (VX_stream_arb_3_3) 2.07e-02 5.85e-02   24.085    0.103   0.1
            g_input_select_g_arbiter_g_out_buf_0__out_buf (VX_elastic_buffer_522_2_1_0_3) 2.06e-02 5.84e-02   24.067    0.103   0.1
              g_eb2_out_buf (VX_pipe_buffer_4_3) 1.26e-03 1.12e-03    3.471 5.85e-03   0.0
              g_eb2_stream_buffer (VX_stream_buffer_522_1_3) 1.94e-02 5.73e-02   20.595 9.73e-02   0.1
            g_input_select_g_arbiter_arbiter (VX_generic_arbiter_1_3) 2.46e-06 3.68e-07 1.45e-02 1.74e-05   0.0
              g_round_robin_rr_arbiter (VX_rr_arbiter_1_3) 2.46e-06 3.68e-07 1.45e-02 1.74e-05   0.0
                g_model1_onehot_encoder (VX_onehot_encoder_1_3) 6.22e-07 1.83e-07 7.27e-03 8.07e-06   0.0
          g_multi_inputs_g_multiple_outputs_val_in_transpose (VX_transpose_1_2) 3.05e-07 3.76e-07 1.45e-02 1.52e-05   0.0
          g_multi_inputs_g_multiple_outputs_g_sel_in_demux_1__sel_in_demux (VX_demux_1_2) 6.27e-08 1.91e-07 7.27e-03 7.52e-06   0.0
          g_multi_inputs_g_multiple_outputs_g_sel_in_demux_0__sel_in_demux (VX_demux_1_3) 2.03e-07 1.76e-07 7.27e-03 7.65e-06   0.0
          g_multi_inputs_g_multiple_outputs_rdy_in_transpose (VX_transpose_1_3) 8.53e-05 3.77e-05 1.26e-02 1.36e-04   0.0
        g_omega_g_switches_0__g_stages_1__xbar_switch (VX_stream_xbar_2_2) 6.42e-02    0.124   52.897    0.241   0.2
          g_multi_inputs_g_multiple_outputs_g_xbar_arbs_1__xbar_arb (VX_stream_arb_3_4) 2.82e-02 5.94e-02   28.761    0.116   0.1
            g_input_select_g_arbiter_g_out_buf_0__out_buf (VX_elastic_buffer_522_2_1_0_4) 2.42e-02 5.75e-02   24.073    0.106   0.1
              g_eb2_out_buf (VX_pipe_buffer_4_4) 2.22e-03 1.12e-03    3.469 6.81e-03   0.0
              g_eb2_stream_buffer (VX_stream_buffer_522_1_4) 2.20e-02 5.64e-02   20.604 9.90e-02   0.1
            g_input_select_g_arbiter_arbiter (VX_generic_arbiter_1_4) 1.62e-05 7.67e-07 4.11e-02 5.81e-05   0.0
              g_round_robin_rr_arbiter (VX_rr_arbiter_1_4) 1.23e-06 3.05e-07 1.65e-02 1.80e-05   0.0
                g_model1_onehot_encoder (VX_onehot_encoder_1_4) 7.14e-07 1.48e-07 9.19e-03 1.00e-05   0.0
          g_multi_inputs_g_multiple_outputs_g_xbar_arbs_0__xbar_arb (VX_stream_arb_3_5) 3.60e-02 6.47e-02   24.094    0.125   0.1
            g_input_select_g_arbiter_g_out_buf_0__out_buf (VX_elastic_buffer_522_2_1_0_5) 3.60e-02 6.47e-02   24.074    0.125   0.1
              g_eb2_out_buf (VX_pipe_buffer_4_5) 8.00e-03 1.25e-03    3.464 1.27e-02   0.0
              g_eb2_stream_buffer (VX_stream_buffer_522_1_5) 2.80e-02 6.34e-02   20.610    0.112   0.1
            g_input_select_g_arbiter_arbiter (VX_generic_arbiter_1_5) 2.61e-06 5.74e-07 1.45e-02 1.77e-05   0.0
              g_round_robin_rr_arbiter (VX_rr_arbiter_1_5) 2.61e-06 5.74e-07 1.45e-02 1.77e-05   0.0
                g_model1_onehot_encoder (VX_onehot_encoder_1_5) 5.74e-07 2.81e-07 7.27e-03 8.12e-06   0.0
          g_multi_inputs_g_multiple_outputs_val_in_transpose (VX_transpose_1_4) 2.48e-07 4.37e-07 1.45e-02 1.52e-05   0.0
          g_multi_inputs_g_multiple_outputs_g_sel_in_demux_1__sel_in_demux (VX_demux_1_4) 5.59e-08 1.53e-07 7.27e-03 7.48e-06   0.0
          g_multi_inputs_g_multiple_outputs_g_sel_in_demux_0__sel_in_demux (VX_demux_1_5) 2.80e-07 2.86e-07 7.27e-03 7.83e-06   0.0
          g_multi_inputs_g_multiple_outputs_rdy_in_transpose (VX_transpose_1_5) 4.44e-05 4.03e-05 1.26e-02 9.72e-05   0.0
        g_omega_g_switches_0__g_stages_0__xbar_switch (VX_stream_xbar_2_3) 5.81e-02    0.126   52.902    0.237   0.2
          g_multi_inputs_g_multiple_outputs_g_xbar_arbs_1__xbar_arb (VX_stream_arb_3_6) 2.79e-02 5.98e-02   28.768    0.116   0.1
            g_input_select_g_arbiter_g_out_buf_0__out_buf (VX_elastic_buffer_522_2_1_0_6) 2.52e-02 5.79e-02   24.136    0.107   0.1
              g_eb2_out_buf (VX_pipe_buffer_4_6) 4.71e-03 1.14e-03    3.474 9.32e-03   0.0
              g_eb2_stream_buffer (VX_stream_buffer_522_1_6) 2.04e-02 5.67e-02   20.662 9.78e-02   0.1
            g_input_select_g_arbiter_arbiter (VX_generic_arbiter_1_6) 4.02e-06 5.85e-07 2.37e-02 2.83e-05   0.0
              g_round_robin_rr_arbiter (VX_rr_arbiter_1_6) 4.02e-06 5.85e-07 2.37e-02 2.83e-05   0.0
                g_model1_onehot_encoder (VX_onehot_encoder_1_6) 1.63e-06 1.90e-07 9.19e-03 1.10e-05   0.0
          g_multi_inputs_g_multiple_outputs_g_xbar_arbs_0__xbar_arb (VX_stream_arb_3_7) 3.01e-02 6.64e-02   24.092    0.121   0.1
            g_input_select_g_arbiter_g_out_buf_0__out_buf (VX_elastic_buffer_522_2_1_0_7) 3.01e-02 6.64e-02   24.073    0.121   0.1
              g_eb2_out_buf (VX_pipe_buffer_4_7) 4.47e-03 1.27e-03    3.472 9.21e-03   0.0
              g_eb2_stream_buffer (VX_stream_buffer_522_1_7) 2.56e-02 6.51e-02   20.601    0.111   0.1
            g_input_select_g_arbiter_arbiter (VX_generic_arbiter_1_7) 9.70e-07 6.80e-07 1.45e-02 1.62e-05   0.0
              g_round_robin_rr_arbiter (VX_rr_arbiter_1_7) 9.70e-07 6.80e-07 1.45e-02 1.62e-05   0.0
                g_model1_onehot_encoder (VX_onehot_encoder_1_7) 3.80e-07 3.35e-07 7.25e-03 7.97e-06   0.0
          g_multi_inputs_g_multiple_outputs_val_in_transpose (VX_transpose_1_6) 2.45e-07 5.32e-07 1.45e-02 1.53e-05   0.0
          g_multi_inputs_g_multiple_outputs_g_sel_in_demux_1__sel_in_demux (VX_demux_1_6) 6.27e-08 1.93e-07 7.27e-03 7.52e-06   0.0
          g_multi_inputs_g_multiple_outputs_g_sel_in_demux_0__sel_in_demux (VX_demux_1_7) 1.40e-07 3.33e-07 7.25e-03 7.72e-06   0.0
          g_multi_inputs_g_multiple_outputs_rdy_in_transpose (VX_transpose_1_7) 5.27e-05 3.89e-05 1.26e-02 1.04e-04   0.0
      g_mem_rsp_queue_3__mem_rsp_queue (VX_elastic_buffer_517_8_1_0) 3.70e-02    0.118   88.068    0.243   0.2
        g_ebN_out_buf (VX_pipe_buffer_517_00000000_0) 6.39e-03 1.18e-03    3.475 1.10e-02   0.0
        g_ebN_fifo_queue (VX_fifo_queue_517_8_1_0_0) 3.02e-02    0.117   84.573    0.232   0.2
          g_depth_n_dp_ram (VX_dp_ram_0) 1.54e-02 7.88e-02   72.515    0.167   0.1
            g_async_g_bram_async_ram_patch (VX_async_ram_patch_517_8_1_1_1_1_1_1_0__898242_0) 1.54e-02 7.88e-02   72.515    0.167   0.1
              placeholder1 (VX_placeholder) 1.41e-05    0.000    0.000 1.41e-05   0.0
          pending_size (VX_pending_size_1_4) 3.70e-04 1.00e-03    0.202 1.57e-03   0.0
      g_mem_rsp_queue_2__mem_rsp_queue (VX_elastic_buffer_517_8_1_1) 3.61e-02    0.119   88.133    0.243   0.2
        g_ebN_out_buf (VX_pipe_buffer_517_00000000_1) 2.04e-03 1.17e-03    3.476 6.69e-03   0.0
        g_ebN_fifo_queue (VX_fifo_queue_517_8_1_0_1) 3.37e-02    0.117   84.637    0.236   0.2
          g_depth_n_dp_ram (VX_dp_ram_5) 1.53e-02 7.94e-02   72.587    0.167   0.1
            g_async_g_bram_async_ram_patch (VX_async_ram_patch_517_8_1_1_1_1_1_1_0__898242_1) 1.53e-02 7.94e-02   72.587    0.167   0.1
              placeholder1 (VX_placeholder) 1.14e-05    0.000    0.000 1.14e-05   0.0
          pending_size (VX_pending_size_1_5) 3.91e-04 1.02e-03    0.202 1.61e-03   0.0
      g_mem_rsp_queue_1__mem_rsp_queue (VX_elastic_buffer_517_8_1_2) 5.05e-02    0.120   88.337    0.258   0.2
        g_ebN_out_buf (VX_pipe_buffer_517_00000000_2) 9.90e-03 1.19e-03    3.422 1.45e-02   0.0
        g_ebN_fifo_queue (VX_fifo_queue_517_8_1_0_2) 4.04e-02    0.118   84.896    0.244   0.2
          g_depth_n_dp_ram (VX_dp_ram_6) 1.67e-02 7.96e-02   72.855    0.169   0.1
            g_async_g_bram_async_ram_patch (VX_async_ram_patch_517_8_1_1_1_1_1_1_0__898242_2) 1.67e-02 7.96e-02   72.855    0.169   0.1
              placeholder1 (VX_placeholder) 1.42e-05    0.000    0.000 1.42e-05   0.0
          pending_size (VX_pending_size_1_6) 3.87e-04 1.05e-03    0.202 1.64e-03   0.0
      g_mem_rsp_queue_0__mem_rsp_queue (VX_elastic_buffer_517_8_1_3) 3.56e-02    0.126   88.177    0.250   0.2
        g_ebN_out_buf (VX_pipe_buffer_517_00000000_3) 2.66e-03 1.26e-03    3.474 7.40e-03   0.0
        g_ebN_fifo_queue (VX_fifo_queue_517_8_1_0_3) 3.26e-02    0.125   84.684    0.242   0.2
          g_depth_n_dp_ram (VX_dp_ram_7) 1.60e-02 8.34e-02   72.595    0.172   0.1
            g_async_g_bram_async_ram_patch (VX_async_ram_patch_517_8_1_1_1_1_1_1_0__898242_3) 1.60e-02 8.34e-02   72.595    0.172   0.1
              placeholder1 (VX_placeholder) 1.11e-05    0.000    0.000 1.11e-05   0.0
          pending_size (VX_pending_size_1_7) 4.02e-04 1.09e-03    0.202 1.69e-03   0.0
      cache_init (VX_cache_init_h_141_242_787) 2.58e-02 1.49e-02   10.315 5.10e-02   0.0
1
