 
****************************************
Report : area
Design : VX_mem_arb__1dfcf56d7ca7
Version: V-2023.12-SP5-3
Date   : Wed Jul 29 06:31:19 2026
****************************************

Library(s) Used:

    sc9_cmos28lpp_base_rvt_ss_nominal_max_0p900v_125c_sadhm (File: /tool/PDK/Samsung/LN28LPP_202203/PRIMITIVES/RVT/ln28lpp_sc_9t_base_rvt_c130_V1.00d/FE-Common/LIBERTY/sc9_cmos28lpp_base_rvt_ss_nominal_max_0p900v_125c_sadhm.db)

Number of ports:                         2808
Number of nets:                          3789
Number of cells:                         1273
Number of combinational cells:            728
Number of sequential cells:               523
Number of macros/black boxes:               0
Number of buf/inv:                        335
Number of references:                       4

Combinational area:                514.448995
Buf/Inv area:                      152.918999
Noncombinational area:            1100.384972
Macro/Black Box area:                0.000000
Net Interconnect area:      undefined  (No wire load specified)

Total cell area:                  1614.833967
Total area:                 undefined

Core Area:                      3842
Aspect Ratio:                 1.0036
Utilization Ratio:            0.4202


The above information was reported from the logical library. The following are from the physical library:

  Total moveable cell area: 1614.8
  Total fixed cell area: 0.0
  Total physical cell area: 1614.8
 Core area: 0.000, 0.000, 61.880, 62.100

Hierarchical area distribution
------------------------------

                                  Global cell area          Local cell area
                                  ------------------  --------------------------- 
Hierarchical cell                 Absolute   Percent  Combi-    Noncombi-  Black-
                                  Total      Total    national  national   boxes   Design
--------------------------------  ---------  -------  --------  ---------  ------  ----------------------------------------------
VX_mem_arb__1dfcf56d7ca7          1614.8340    100.0    0.0000     0.0000  0.0000  VX_mem_arb__1dfcf56d7ca7
g_bus_out_if_0__g_req_tag_sel_out_bits_insert    3.7440     0.2   3.7440    0.0000 0.0000 VX_bits_insert_5
g_rsp_select_g_rsp_data_in_0__bits_remove    3.7440     0.2   3.7440    0.0000 0.0000 VX_bits_remove_5
g_rsp_select_rsp_switch            828.2430     51.3    2.4570     0.0000  0.0000  VX_stream_switch_6
g_rsp_select_rsp_switch/g_out_buf_0__out_buf  412.8930    25.6   0.0000    0.0000 0.0000 VX_elastic_buffer_43_1
g_rsp_select_rsp_switch/g_out_buf_0__out_buf/g_eb2_out_buf   34.1640     2.1  34.1640    0.0000 0.0000 VX_pipe_buffer_24_1
g_rsp_select_rsp_switch/g_out_buf_0__out_buf/g_eb2_stream_buffer  378.7290    23.5  73.7100  303.2640 0.0000 VX_stream_buffer_71_0_1
g_rsp_select_rsp_switch/g_out_buf_0__out_buf/g_eb2_stream_buffer/clk_gate_g_buffer_data_out_r_reg    1.7550     0.1   0.0000    1.7550 0.0000 SNPS_CLOCK_GATE_HIGH_VX_stream_buffer_71_0_0_1
g_rsp_select_rsp_switch/g_out_buf_1__out_buf  412.8930    25.6   0.0000    0.0000 0.0000 VX_elastic_buffer_43_0
g_rsp_select_rsp_switch/g_out_buf_1__out_buf/g_eb2_out_buf   34.1640     2.1  34.1640    0.0000 0.0000 VX_pipe_buffer_24_0
g_rsp_select_rsp_switch/g_out_buf_1__out_buf/g_eb2_stream_buffer  378.7290    23.5  73.7100  303.2640 0.0000 VX_stream_buffer_71_0_0
g_rsp_select_rsp_switch/g_out_buf_1__out_buf/g_eb2_stream_buffer/clk_gate_g_buffer_data_out_r_reg    1.7550     0.1   0.0000    1.7550 0.0000 SNPS_CLOCK_GATE_HIGH_VX_stream_buffer_71_0_0_0
req_arb                            779.1030     48.2  112.9050     0.0000  0.0000  VX_stream_arb_22
req_arb/g_input_select_g_arbiter_arbiter    2.9250     0.2   0.4680    0.0000 0.0000 VX_generic_arbiter_1
req_arb/g_input_select_g_arbiter_arbiter/g_priority_priority_arbiter    2.4570     0.2   0.4680    0.0000 0.0000 VX_priority_arbiter
req_arb/g_input_select_g_arbiter_arbiter/g_priority_priority_arbiter/g_encoder_grant_sel    1.9890     0.1   1.9890    0.0000 0.0000 VX_priority_encoder_3
req_arb/g_input_select_g_arbiter_g_out_buf_0__out_buf  663.2730    41.1   0.0000    0.0000 0.0000 VX_elastic_buffer_115_2_0_0
req_arb/g_input_select_g_arbiter_g_out_buf_0__out_buf/g_eb2_out_buf   54.7560     3.4  54.7560    0.0000 0.0000 VX_pipe_buffer_47
req_arb/g_input_select_g_arbiter_g_out_buf_0__out_buf/g_eb2_stream_buffer  608.5170    37.7 118.1700  488.5920 0.0000 VX_stream_buffer_115_0
req_arb/g_input_select_g_arbiter_g_out_buf_0__out_buf/g_eb2_stream_buffer/clk_gate_g_buffer_data_out_r_reg    1.7550     0.1   0.0000    1.7550 0.0000 SNPS_CLOCK_GATE_HIGH_VX_stream_buffer_115_0
--------------------------------  ---------  -------  --------  ---------  ------  ----------------------------------------------
Total                                                 514.4490  1100.3850  0.0000

1
