Information: Propagating switching activity (high effort zero delay simulation). (PWR-6)
Warning: Design has unannotated primary inputs. (PWR-414)
Warning: Design has unannotated sequential cell outputs. (PWR-415)
 
****************************************
Report : power
        -hier
        -analysis_effort high
        -verbose
Design : VX_mem_arb__1dfcf56d7ca7
Scenario(s): mode_norm.OC_rvt_ss_0p900v_125c
Version: V-2023.12-SP5-3
Date   : Wed Jul 29 06:31:20 2026
****************************************


Library(s) Used:

    sc9_cmos28lpp_base_rvt_ss_nominal_max_0p900v_125c_sadhm (File: /tool/PDK/Samsung/LN28LPP_202203/PRIMITIVES/RVT/ln28lpp_sc_9t_base_rvt_c130_V1.00d/FE-Common/LIBERTY/sc9_cmos28lpp_base_rvt_ss_nominal_max_0p900v_125c_sadhm.db)


Global Operating Voltage = 0.9  
Power-specific unit information :
    Voltage Units = 1V
    Capacitance Units = 1.000000pf
    Time Units = 1ns
    Dynamic Power Units = 1mW    (derived from V,C,T units)
    Leakage Power Units = 1uW


--------------------------------------------------------------------------------
                                       Switch   Int      Leak     Total
Hierarchy                              Power    Power    Power    Power    %
--------------------------------------------------------------------------------
VX_mem_arb__1dfcf56d7ca7               1.28e-02 6.06e-02   13.290 8.67e-02 100.0
  g_rsp_select_rsp_switch (VX_stream_switch_6) 3.86e-03 2.19e-02    6.760 3.25e-02  37.5
    g_out_buf_1__out_buf (VX_elastic_buffer_43_0) 1.96e-03 1.11e-02    3.368 1.65e-02  19.0
      g_eb2_out_buf (VX_pipe_buffer_24_0) 1.12e-04 1.61e-04    0.489 7.62e-04   0.9
      g_eb2_stream_buffer (VX_stream_buffer_71_0_0) 1.85e-03 1.10e-02    2.880 1.57e-02  18.1
    g_out_buf_0__out_buf (VX_elastic_buffer_43_1) 1.86e-03 1.08e-02    3.370 1.60e-02  18.5
      g_eb2_out_buf (VX_pipe_buffer_24_1) 1.16e-04 1.64e-04    0.489 7.69e-04   0.9
      g_eb2_stream_buffer (VX_stream_buffer_71_0_1) 1.75e-03 1.06e-02    2.881 1.52e-02  17.6
  g_rsp_select_g_rsp_data_in_0__bits_remove (VX_bits_remove_5) 7.89e-05 5.99e-05 5.36e-02 1.92e-04   0.2
  g_bus_out_if_0__g_req_tag_sel_out_bits_insert (VX_bits_insert_5) 2.46e-05 4.04e-05 5.35e-02 1.18e-04   0.1
  req_arb (VX_stream_arb_22)           8.88e-03 3.86e-02    6.423 5.39e-02  62.1
    g_input_select_g_arbiter_g_out_buf_0__out_buf (VX_elastic_buffer_115_2_0_0) 7.07e-03 3.66e-02    5.392 4.91e-02  56.6
      g_eb2_out_buf (VX_pipe_buffer_47) 4.61e-04 6.00e-04    0.785 1.85e-03   2.1
      g_eb2_stream_buffer (VX_stream_buffer_115_0) 6.61e-03 3.60e-02    4.608 4.72e-02  54.4
    g_input_select_g_arbiter_arbiter (VX_generic_arbiter_1) 3.02e-04 4.00e-05 3.35e-02 3.75e-04   0.4
      g_priority_priority_arbiter (VX_priority_arbiter) 2.95e-04 3.25e-05 2.68e-02 3.54e-04   0.4
        g_encoder_grant_sel (VX_priority_encoder_3) 5.10e-05 2.49e-05 2.00e-02 9.59e-05   0.1
1
