Information: Propagating switching activity (high effort zero delay simulation). (PWR-6)
Warning: Design has unannotated primary inputs. (PWR-414)
Warning: Design has unannotated sequential cell outputs. (PWR-415)
 
****************************************
Report : power
        -hier
        -analysis_effort high
        -verbose
Design : VX_lsu_mem_arb__747a324c667b
Scenario(s): mode_norm.OC_rvt_ss_0p900v_125c
Version: V-2023.12-SP5-3
Date   : Tue Jul 21 22:19:04 2026
****************************************


Library(s) Used:

    sc9_cmos28lpp_base_rvt_ss_nominal_max_0p900v_125c_sadhm (File: /tool/PDK/Samsung/LN28LPP_202203/PRIMITIVES/RVT/ln28lpp_sc_9t_base_rvt_c130_V1.00d/FE-Common/LIBERTY/sc9_cmos28lpp_base_rvt_ss_nominal_max_0p900v_125c_sadhm.db)


Global Operating Voltage = 0.9  
Power-specific unit information :
    Voltage Units = 1V
    Capacitance Units = 1.000000pf
    Time Units = 1ns
    Dynamic Power Units = 1mW    (derived from V,C,T units)
    Leakage Power Units = 1uW


--------------------------------------------------------------------------------
                                       Switch   Int      Leak     Total
Hierarchy                              Power    Power    Power    Power    %
--------------------------------------------------------------------------------
VX_lsu_mem_arb__747a324c667b           6.46e-02    0.247   59.711    0.371 100.0
  g_rsp_arb_req_arb (VX_stream_arb_22) 4.20e-02    0.234   48.197    0.324  87.4
    g_passthru_g_out_buf_0__out_buf (VX_elastic_buffer_1042_2_0_0) 4.20e-02    0.234   48.197    0.324  87.4
      g_eb2_out_buf (VX_pipe_buffer_34) 5.98e-03 3.29e-03    6.997 1.63e-02   4.4
      g_eb2_stream_buffer (VX_stream_buffer_1042_0) 3.60e-02    0.231   41.200    0.308  83.0
  req_arb (VX_stream_arb_21)           2.25e-02 1.27e-02   11.514 4.68e-02  12.6
    g_passthru_g_out_buf_0__out_buf (VX_elastic_buffer_1715_0_0_0) 2.25e-02 1.27e-02   11.514 4.68e-02  12.6
1
