Information: Propagating switching activity (high effort zero delay simulation). (PWR-6)
Warning: Design has unannotated primary inputs. (PWR-414)
Warning: Design has unannotated sequential cell outputs. (PWR-415)
 
****************************************
Report : power
        -hier
        -analysis_effort high
        -verbose
Design : VX_stream_xbar__53962e088ce2
Scenario(s): mode_norm.OC_rvt_ss_0p900v_125c
Version: V-2023.12-SP5-3
Date   : Tue Jul 21 08:17:39 2026
****************************************


Library(s) Used:

    sc9_cmos28lpp_base_rvt_ss_nominal_max_0p900v_125c_sadhm (File: /tool/PDK/Samsung/LN28LPP_202203/PRIMITIVES/RVT/ln28lpp_sc_9t_base_rvt_c130_V1.00d/FE-Common/LIBERTY/sc9_cmos28lpp_base_rvt_ss_nominal_max_0p900v_125c_sadhm.db)


Global Operating Voltage = 0.9  
Power-specific unit information :
    Voltage Units = 1V
    Capacitance Units = 1.000000pf
    Time Units = 1ns
    Dynamic Power Units = 1mW    (derived from V,C,T units)
    Leakage Power Units = 1uW


--------------------------------------------------------------------------------
                                       Switch   Int      Leak     Total
Hierarchy                              Power    Power    Power    Power    %
--------------------------------------------------------------------------------
VX_stream_xbar__53962e088ce2           3.21e-02    0.180   96.424    0.309 100.0
  g_single_input_g_out_buf_3__out_buf (VX_elastic_buffer_516_2_0_0_0) 7.92e-03 4.53e-02   24.086 7.73e-02  25.1
    g_eb2_out_buf (VX_pipe_buffer_0)   1.03e-03 6.96e-04    3.463 5.19e-03   1.7
    g_eb2_stream_buffer (VX_stream_buffer_516_0_0) 6.88e-03 4.46e-02   20.623 7.22e-02  23.4
  g_single_input_g_out_buf_2__out_buf (VX_elastic_buffer_516_2_0_0_1) 7.89e-03 4.46e-02   24.098 7.66e-02  24.8
    g_eb2_out_buf (VX_pipe_buffer_67)  1.10e-03 6.91e-04    3.467 5.25e-03   1.7
    g_eb2_stream_buffer (VX_stream_buffer_516_0_1) 6.79e-03 4.39e-02   20.631 7.14e-02  23.1
  g_single_input_g_out_buf_1__out_buf (VX_elastic_buffer_516_2_0_0_2) 8.01e-03 4.46e-02   24.094 7.67e-02  24.9
    g_eb2_out_buf (VX_pipe_buffer_68)  1.18e-03 6.90e-04    3.464 5.33e-03   1.7
    g_eb2_stream_buffer (VX_stream_buffer_516_0_2) 6.83e-03 4.39e-02   20.631 7.14e-02  23.1
  g_single_input_g_out_buf_0__out_buf (VX_elastic_buffer_516_2_0_0_3) 8.25e-03 4.55e-02   24.096 7.79e-02  25.2
    g_eb2_out_buf (VX_pipe_buffer_69)  1.24e-03 7.10e-04    3.465 5.41e-03   1.8
    g_eb2_stream_buffer (VX_stream_buffer_516_0_3) 7.01e-03 4.48e-02   20.630 7.25e-02  23.5
  g_single_input_sel_in_demux (VX_demux) 1.69e-05 3.07e-05 2.16e-02 6.92e-05   0.0
1
