 
****************************************
Report : timing
        -path full
        -delay max
        -nets
        -max_paths 10
        -transition_time
Design : VX_barrel_shifter
Scenario(s): mode_norm.OC_rvt_ss_0p900v_125c
Version: V-2023.12-SP5-3
Date   : Thu May 21 23:23:03 2026
****************************************

 * Some/all delay information is back-annotated.
Wire Load Model Mode: Inactive.

  Startpoint: shift_amount[8]
              (input port clocked by CLK)
  Endpoint: shifted_reg_797_
            (rising edge-triggered flip-flop clocked by CLK)
  Scenario: mode_norm.OC_rvt_ss_0p900v_125c
  Path Group: REGIN
  Path Type: max

Attributes:
    d - dont_touch
    u - dont_use
   mo - map_only
   so - size_only
    i - ideal_net or ideal_network
  inf - infeasible path

  Point                         Fanout     Trans      Incr       Path      Attributes     Voltage
  -----------------------------------------------------------------------------------------------------
  clock CLK (rise edge)                               0.00       0.00                     
  clock network delay (ideal)                         0.00       0.00                     
  input external delay                                0.00       0.00 f                   
  shift_amount[8] (in)                      0.02      0.01       0.01 f                   
  shift_amount[8] (net)           1                   0.00       0.01 f                   
  U16443/Y (BUF_X1P4B_A9TR)                 0.63      0.39 *     0.39 f                   0.90
  n20938 (net)                   95                   0.00       0.39 f                   
  U16674/Y (BUF_X1M_A9TR)                   0.10      0.19 *     0.59 f                   0.90
  n20953 (net)                   14                   0.00       0.59 f                   
  U10560/Y (NOR2_X2B_A9TR)                  0.72      0.45 *     1.03 r                   0.90
  n10602 (net)                   66                   0.00       1.03 r                   
  U17460/Y (BUF_X1M_A9TR)                   0.21      0.23 *     1.27 r                   0.90
  n21032 (net)                   26                   0.00       1.27 r                   
  U10704/Y (AND2_X1M_A9TR)                  0.73      0.47 *     1.74 r                   0.90
  n11118 (net)                   71                   0.00       1.74 r                   
  U18590/Y (BUF_X1M_A9TR)                   0.25      0.26 *     2.00 r                   0.90
  n21092 (net)                   36                   0.00       2.00 r                   
  U12526/Y (AOI22_X0P5M_A9TR)               0.10      0.12 *     2.11 f                   0.90
  n11145 (net)                    2                   0.00       2.11 f                   
  U12591/Y (AOI22_X0P5M_A9TR)               0.13      0.12 *     2.23 r                   0.90
  n11193 (net)                    2                   0.00       2.23 r                   
  U12593/Y (AOI22_X0P7M_A9TR)               0.11      0.11 *     2.34 f                   0.90
  n11155 (net)                    2                   0.00       2.34 f                   
  U12605/Y (AOI22_X0P5M_A9TR)               0.19      0.16 *     2.50 r                   0.90
  n18278 (net)                    2                   0.00       2.50 r                   
  U19823/Y (AOI22_X0P5M_A9TR)               0.14      0.15 *     2.65 f                   0.90
  n18835 (net)                    2                   0.00       2.65 f                   
  U20250/Y (AOI22_X0P5M_A9TR)               0.19      0.17 *     2.82 r                   0.90
  n18898 (net)                    2                   0.00       2.82 r                   
  U20252/Y (AOI22_X0P7M_A9TR)               0.24      0.13 *     2.95 f                   0.90
  n19489 (net)                    2                   0.00       2.95 f                   
  U20253/Y (AOI22_X0P7M_A9TR)               0.30      0.25 *     3.20 r                   0.90
  n797 (net)                      1                   0.00       3.20 r                   
  shifted_reg_797_/D (DFFQ_X0P5M_A9TR)      0.30      0.00 *     3.20 r                   0.90
  data arrival time                                              3.20                     

  clock CLK (rise edge)                              10.00      10.00                     
  clock network delay (ideal)                         0.00      10.00                     
  shifted_reg_797_/CK (DFFQ_X0P5M_A9TR)               0.00      10.00 r                   
  library setup time                                 -0.10       9.90                     
  data required time                                             9.90                     
  -----------------------------------------------------------------------------------------------------
  data required time                                             9.90                     
  data arrival time                                             -3.20                     
  -----------------------------------------------------------------------------------------------------
  slack (MET)                                                    6.70                     


  Startpoint: shift_amount[8]
              (input port clocked by CLK)
  Endpoint: shifted_reg_669_
            (rising edge-triggered flip-flop clocked by CLK)
  Scenario: mode_norm.OC_rvt_ss_0p900v_125c
  Path Group: REGIN
  Path Type: max

Attributes:
    d - dont_touch
    u - dont_use
   mo - map_only
   so - size_only
    i - ideal_net or ideal_network
  inf - infeasible path

  Point                         Fanout     Trans      Incr       Path      Attributes     Voltage
  -----------------------------------------------------------------------------------------------------
  clock CLK (rise edge)                               0.00       0.00                     
  clock network delay (ideal)                         0.00       0.00                     
  input external delay                                0.00       0.00 f                   
  shift_amount[8] (in)                      0.02      0.01       0.01 f                   
  shift_amount[8] (net)           1                   0.00       0.01 f                   
  U16443/Y (BUF_X1P4B_A9TR)                 0.63      0.39 *     0.39 f                   0.90
  n20938 (net)                   95                   0.00       0.39 f                   
  U16674/Y (BUF_X1M_A9TR)                   0.10      0.19 *     0.59 f                   0.90
  n20953 (net)                   14                   0.00       0.59 f                   
  U10560/Y (NOR2_X2B_A9TR)                  0.72      0.45 *     1.03 r                   0.90
  n10602 (net)                   66                   0.00       1.03 r                   
  U17460/Y (BUF_X1M_A9TR)                   0.21      0.23 *     1.27 r                   0.90
  n21032 (net)                   26                   0.00       1.27 r                   
  U10704/Y (AND2_X1M_A9TR)                  0.73      0.47 *     1.74 r                   0.90
  n11118 (net)                   71                   0.00       1.74 r                   
  U18590/Y (BUF_X1M_A9TR)                   0.25      0.26 *     2.00 r                   0.90
  n21092 (net)                   36                   0.00       2.00 r                   
  U12526/Y (AOI22_X0P5M_A9TR)               0.10      0.12 *     2.11 f                   0.90
  n11145 (net)                    2                   0.00       2.11 f                   
  U12591/Y (AOI22_X0P5M_A9TR)               0.13      0.12 *     2.23 r                   0.90
  n11193 (net)                    2                   0.00       2.23 r                   
  U12593/Y (AOI22_X0P7M_A9TR)               0.11      0.11 *     2.34 f                   0.90
  n11155 (net)                    2                   0.00       2.34 f                   
  U12605/Y (AOI22_X0P5M_A9TR)               0.19      0.16 *     2.50 r                   0.90
  n18278 (net)                    2                   0.00       2.50 r                   
  U19823/Y (AOI22_X0P5M_A9TR)               0.14      0.15 *     2.65 f                   0.90
  n18835 (net)                    2                   0.00       2.65 f                   
  U20250/Y (AOI22_X0P5M_A9TR)               0.19      0.17 *     2.82 r                   0.90
  n18898 (net)                    2                   0.00       2.82 r                   
  U20252/Y (AOI22_X0P7M_A9TR)               0.24      0.13 *     2.95 f                   0.90
  n19489 (net)                    2                   0.00       2.95 f                   
  U20687/Y (AOI22_X1M_A9TR)                 0.27      0.25 *     3.19 r                   0.90
  n669 (net)                      1                   0.00       3.19 r                   
  shifted_reg_669_/D (DFFQ_X0P5M_A9TR)      0.27      0.00 *     3.20 r                   0.90
  data arrival time                                              3.20                     

  clock CLK (rise edge)                              10.00      10.00                     
  clock network delay (ideal)                         0.00      10.00                     
  shifted_reg_669_/CK (DFFQ_X0P5M_A9TR)               0.00      10.00 r                   
  library setup time                                 -0.09       9.91                     
  data required time                                             9.91                     
  -----------------------------------------------------------------------------------------------------
  data required time                                             9.91                     
  data arrival time                                             -3.20                     
  -----------------------------------------------------------------------------------------------------
  slack (MET)                                                    6.71                     


  Startpoint: shift_amount[8]
              (input port clocked by CLK)
  Endpoint: shifted_reg_675_
            (rising edge-triggered flip-flop clocked by CLK)
  Scenario: mode_norm.OC_rvt_ss_0p900v_125c
  Path Group: REGIN
  Path Type: max

Attributes:
    d - dont_touch
    u - dont_use
   mo - map_only
   so - size_only
    i - ideal_net or ideal_network
  inf - infeasible path

  Point                         Fanout     Trans      Incr       Path      Attributes     Voltage
  -----------------------------------------------------------------------------------------------------
  clock CLK (rise edge)                               0.00       0.00                     
  clock network delay (ideal)                         0.00       0.00                     
  input external delay                                0.00       0.00 f                   
  shift_amount[8] (in)                      0.02      0.01       0.01 f                   
  shift_amount[8] (net)           1                   0.00       0.01 f                   
  U16443/Y (BUF_X1P4B_A9TR)                 0.63      0.39 *     0.39 f                   0.90
  n20938 (net)                   95                   0.00       0.39 f                   
  U16674/Y (BUF_X1M_A9TR)                   0.10      0.19 *     0.59 f                   0.90
  n20953 (net)                   14                   0.00       0.59 f                   
  U10560/Y (NOR2_X2B_A9TR)                  0.72      0.45 *     1.03 r                   0.90
  n10602 (net)                   66                   0.00       1.03 r                   
  U17460/Y (BUF_X1M_A9TR)                   0.21      0.23 *     1.27 r                   0.90
  n21032 (net)                   26                   0.00       1.27 r                   
  U10704/Y (AND2_X1M_A9TR)                  0.73      0.47 *     1.74 r                   0.90
  n11118 (net)                   71                   0.00       1.74 r                   
  U18590/Y (BUF_X1M_A9TR)                   0.25      0.26 *     2.00 r                   0.90
  n21092 (net)                   36                   0.00       2.00 r                   
  U19620/Y (AOI22_X0P5M_A9TR)               0.26      0.23 *     2.23 f                   0.90
  n18151 (net)                    2                   0.00       2.23 f                   
  U19710/Y (AOI22_X0P5M_A9TR)               0.12      0.14 *     2.37 r                   0.90
  n18274 (net)                    2                   0.00       2.37 r                   
  U19711/Y (AOI22_X0P5M_A9TR)               0.08      0.07 *     2.44 f                   0.90
  n18645 (net)                    2                   0.00       2.44 f                   
  U20115/Y (AOI22_X0P5M_A9TR)               0.18      0.09 *     2.53 r                   0.90
  n18750 (net)                    2                   0.00       2.53 r                   
  U20116/Y (AOI22_X0P5M_A9TR)               0.23      0.12 *     2.65 f                   0.90
  n19051 (net)                    2                   0.00       2.65 f                   
  U20117/Y (AOI22_X0P5M_A9TR)               0.19      0.20 *     2.84 r                   0.90
  n19211 (net)                    2                   0.00       2.84 r                   
  U20529/Y (AOI22_X0P7M_A9TR)               0.24      0.13 *     2.98 f                   0.90
  n19501 (net)                    2                   0.00       2.98 f                   
  U20693/Y (AOI22_X1M_A9TR)                 0.24      0.22 *     3.19 r                   0.90
  n675 (net)                      1                   0.00       3.19 r                   
  shifted_reg_675_/D (DFFQ_X0P5M_A9TR)      0.24      0.00 *     3.20 r                   0.90
  data arrival time                                              3.20                     

  clock CLK (rise edge)                              10.00      10.00                     
  clock network delay (ideal)                         0.00      10.00                     
  shifted_reg_675_/CK (DFFQ_X0P5M_A9TR)               0.00      10.00 r                   
  library setup time                                 -0.09       9.91                     
  data required time                                             9.91                     
  -----------------------------------------------------------------------------------------------------
  data required time                                             9.91                     
  data arrival time                                             -3.20                     
  -----------------------------------------------------------------------------------------------------
  slack (MET)                                                    6.71                     


  Startpoint: shift_amount[8]
              (input port clocked by CLK)
  Endpoint: shifted_reg_551_
            (rising edge-triggered flip-flop clocked by CLK)
  Scenario: mode_norm.OC_rvt_ss_0p900v_125c
  Path Group: REGIN
  Path Type: max

Attributes:
    d - dont_touch
    u - dont_use
   mo - map_only
   so - size_only
    i - ideal_net or ideal_network
  inf - infeasible path

  Point                         Fanout     Trans      Incr       Path      Attributes     Voltage
  -----------------------------------------------------------------------------------------------------
  clock CLK (rise edge)                               0.00       0.00                     
  clock network delay (ideal)                         0.00       0.00                     
  input external delay                                0.00       0.00 f                   
  shift_amount[8] (in)                      0.02      0.01       0.01 f                   
  shift_amount[8] (net)           1                   0.00       0.01 f                   
  U16443/Y (BUF_X1P4B_A9TR)                 0.63      0.39 *     0.39 f                   0.90
  n20938 (net)                   95                   0.00       0.39 f                   
  U16674/Y (BUF_X1M_A9TR)                   0.10      0.19 *     0.59 f                   0.90
  n20953 (net)                   14                   0.00       0.59 f                   
  U10560/Y (NOR2_X2B_A9TR)                  0.72      0.45 *     1.03 r                   0.90
  n10602 (net)                   66                   0.00       1.03 r                   
  U17460/Y (BUF_X1M_A9TR)                   0.21      0.23 *     1.27 r                   0.90
  n21032 (net)                   26                   0.00       1.27 r                   
  U10704/Y (AND2_X1M_A9TR)                  0.73      0.47 *     1.74 r                   0.90
  n11118 (net)                   71                   0.00       1.74 r                   
  U18590/Y (BUF_X1M_A9TR)                   0.25      0.26 *     2.00 r                   0.90
  n21092 (net)                   36                   0.00       2.00 r                   
  U19620/Y (AOI22_X0P5M_A9TR)               0.26      0.23 *     2.23 f                   0.90
  n18151 (net)                    2                   0.00       2.23 f                   
  U19710/Y (AOI22_X0P5M_A9TR)               0.12      0.14 *     2.37 r                   0.90
  n18274 (net)                    2                   0.00       2.37 r                   
  U19815/Y (AOI22_X0P5M_A9TR)               0.08      0.08 *     2.45 f                   0.90
  n18391 (net)                    2                   0.00       2.45 f                   
  U19908/Y (AOI22_X0P5M_A9TR)               0.17      0.10 *     2.55 r                   0.90
  n18662 (net)                    2                   0.00       2.55 r                   
  U20129/Y (AOI22_X0P5M_A9TR)               0.18      0.09 *     2.64 f                   0.90
  n18989 (net)                    2                   0.00       2.64 f                   
  U20130/Y (AOI22_X0P7M_A9TR)               0.19      0.17 *     2.81 r                   0.90
  n19225 (net)                    2                   0.00       2.81 r                   
  U20538/Y (AOI22_X0P5M_A9TR)               0.13      0.13 *     2.94 f                   0.90
  n19509 (net)                    2                   0.00       2.94 f                   
  U20540/Y (AOI22_X1M_A9TR)                 0.31      0.23 *     3.17 r                   0.90
  n551 (net)                      1                   0.00       3.17 r                   
  shifted_reg_551_/D (DFFQ_X0P5M_A9TR)      0.31      0.00 *     3.18 r                   0.90
  data arrival time                                              3.18                     

  clock CLK (rise edge)                              10.00      10.00                     
  clock network delay (ideal)                         0.00      10.00                     
  shifted_reg_551_/CK (DFFQ_X0P5M_A9TR)               0.00      10.00 r                   
  library setup time                                 -0.10       9.90                     
  data required time                                             9.90                     
  -----------------------------------------------------------------------------------------------------
  data required time                                             9.90                     
  data arrival time                                             -3.18                     
  -----------------------------------------------------------------------------------------------------
  slack (MET)                                                    6.72                     


  Startpoint: shift_amount[8]
              (input port clocked by CLK)
  Endpoint: shifted_reg_787_
            (rising edge-triggered flip-flop clocked by CLK)
  Scenario: mode_norm.OC_rvt_ss_0p900v_125c
  Path Group: REGIN
  Path Type: max

Attributes:
    d - dont_touch
    u - dont_use
   mo - map_only
   so - size_only
    i - ideal_net or ideal_network
  inf - infeasible path

  Point                         Fanout     Trans      Incr       Path      Attributes     Voltage
  -----------------------------------------------------------------------------------------------------
  clock CLK (rise edge)                               0.00       0.00                     
  clock network delay (ideal)                         0.00       0.00                     
  input external delay                                0.00       0.00 f                   
  shift_amount[8] (in)                      0.02      0.01       0.01 f                   
  shift_amount[8] (net)           1                   0.00       0.01 f                   
  U16443/Y (BUF_X1P4B_A9TR)                 0.63      0.39 *     0.39 f                   0.90
  n20938 (net)                   95                   0.00       0.39 f                   
  U16674/Y (BUF_X1M_A9TR)                   0.10      0.19 *     0.59 f                   0.90
  n20953 (net)                   14                   0.00       0.59 f                   
  U10560/Y (NOR2_X2B_A9TR)                  0.72      0.45 *     1.03 r                   0.90
  n10602 (net)                   66                   0.00       1.03 r                   
  U17460/Y (BUF_X1M_A9TR)                   0.21      0.23 *     1.27 r                   0.90
  n21032 (net)                   26                   0.00       1.27 r                   
  U10704/Y (AND2_X1M_A9TR)                  0.73      0.47 *     1.74 r                   0.90
  n11118 (net)                   71                   0.00       1.74 r                   
  U18590/Y (BUF_X1M_A9TR)                   0.25      0.26 *     2.00 r                   0.90
  n21092 (net)                   36                   0.00       2.00 r                   
  U12370/Y (AOI22_X0P5M_A9TR)               0.10      0.12 *     2.12 f                   0.90
  n11108 (net)                    2                   0.00       2.12 f                   
  U12513/Y (AOI22_X0P5M_A9TR)               0.20      0.14 *     2.25 r                   0.90
  n11168 (net)                    2                   0.00       2.25 r                   
  U12628/Y (AOI22_X0P5M_A9TR)               0.13      0.14 *     2.39 f                   0.90
  n11249 (net)                    2                   0.00       2.39 f                   
  U12713/Y (AOI22_X0P5M_A9TR)               0.16      0.15 *     2.54 r                   0.90
  n11302 (net)                    2                   0.00       2.54 r                   
  U12714/Y (AOI22_X0P5M_A9TR)               0.09      0.09 *     2.63 f                   0.90
  n19547 (net)                    2                   0.00       2.63 f                   
  U12715/Y (AOI22_X0P5M_A9TR)               0.20      0.15 *     2.78 r                   0.90
  n19086 (net)                    2                   0.00       2.78 r                   
  U12716/Y (AOI22_X0P7M_A9TR)               0.17      0.16 *     2.94 f                   0.90
  n19816 (net)                    2                   0.00       2.94 f                   
  U20867/Y (AOI22_X0P7M_A9TR)               0.29      0.24 *     3.18 r                   0.90
  n787 (net)                      1                   0.00       3.18 r                   
  shifted_reg_787_/D (DFFQ_X0P5M_A9TR)      0.29      0.00 *     3.18 r                   0.90
  data arrival time                                              3.18                     

  clock CLK (rise edge)                              10.00      10.00                     
  clock network delay (ideal)                         0.00      10.00                     
  shifted_reg_787_/CK (DFFQ_X0P5M_A9TR)               0.00      10.00 r                   
  library setup time                                 -0.10       9.90                     
  data required time                                             9.90                     
  -----------------------------------------------------------------------------------------------------
  data required time                                             9.90                     
  data arrival time                                             -3.18                     
  -----------------------------------------------------------------------------------------------------
  slack (MET)                                                    6.73                     


  Startpoint: shift_amount[8]
              (input port clocked by CLK)
  Endpoint: shifted_reg_796_
            (rising edge-triggered flip-flop clocked by CLK)
  Scenario: mode_norm.OC_rvt_ss_0p900v_125c
  Path Group: REGIN
  Path Type: max

Attributes:
    d - dont_touch
    u - dont_use
   mo - map_only
   so - size_only
    i - ideal_net or ideal_network
  inf - infeasible path

  Point                         Fanout     Trans      Incr       Path      Attributes     Voltage
  -----------------------------------------------------------------------------------------------------
  clock CLK (rise edge)                               0.00       0.00                     
  clock network delay (ideal)                         0.00       0.00                     
  input external delay                                0.00       0.00 f                   
  shift_amount[8] (in)                      0.02      0.01       0.01 f                   
  shift_amount[8] (net)           1                   0.00       0.01 f                   
  U16443/Y (BUF_X1P4B_A9TR)                 0.63      0.39 *     0.39 f                   0.90
  n20938 (net)                   95                   0.00       0.39 f                   
  U16674/Y (BUF_X1M_A9TR)                   0.10      0.19 *     0.59 f                   0.90
  n20953 (net)                   14                   0.00       0.59 f                   
  U10560/Y (NOR2_X2B_A9TR)                  0.72      0.45 *     1.03 r                   0.90
  n10602 (net)                   66                   0.00       1.03 r                   
  U17460/Y (BUF_X1M_A9TR)                   0.21      0.23 *     1.27 r                   0.90
  n21032 (net)                   26                   0.00       1.27 r                   
  U10704/Y (AND2_X1M_A9TR)                  0.73      0.47 *     1.74 r                   0.90
  n11118 (net)                   71                   0.00       1.74 r                   
  U18590/Y (BUF_X1M_A9TR)                   0.25      0.26 *     2.00 r                   0.90
  n21092 (net)                   36                   0.00       2.00 r                   
  U11920/Y (AOI22_X0P5M_A9TR)               0.09      0.11 *     2.11 f                   0.90
  n10821 (net)                    2                   0.00       2.11 f                   
  U12018/Y (AOI22_X0P5M_A9TR)               0.14      0.10 *     2.20 r                   0.90
  n10835 (net)                    2                   0.00       2.20 r                   
  U12034/Y (AOI22_X0P5M_A9TR)               0.09      0.10 *     2.30 f                   0.90
  n10873 (net)                    2                   0.00       2.30 f                   
  U12090/Y (AOI22_X0P5M_A9TR)               0.22      0.13 *     2.43 r                   0.90
  n11072 (net)                    2                   0.00       2.43 r                   
  U12461/Y (AOI22_X0P5M_A9TR)               0.21      0.12 *     2.56 f                   0.90
  n11105 (net)                    2                   0.00       2.56 f                   
  U12510/Y (AOI22_X0P5M_A9TR)               0.19      0.15 *     2.71 r                   0.90
  n18904 (net)                    2                   0.00       2.71 r                   
  U12511/Y (AOI22_X0P7M_A9TR)               0.19      0.16 *     2.87 f                   0.90
  n18828 (net)                    2                   0.00       2.87 f                   
  U20245/Y (AOI22_X0P5M_A9TR)               0.36      0.29 *     3.16 r                   0.90
  n796 (net)                      1                   0.00       3.16 r                   
  shifted_reg_796_/D (DFFQ_X0P5M_A9TR)      0.36      0.00 *     3.16 r                   0.90
  data arrival time                                              3.16                     

  clock CLK (rise edge)                              10.00      10.00                     
  clock network delay (ideal)                         0.00      10.00                     
  shifted_reg_796_/CK (DFFQ_X0P5M_A9TR)               0.00      10.00 r                   
  library setup time                                 -0.11       9.89                     
  data required time                                             9.89                     
  -----------------------------------------------------------------------------------------------------
  data required time                                             9.89                     
  data arrival time                                             -3.16                     
  -----------------------------------------------------------------------------------------------------
  slack (MET)                                                    6.73                     


  Startpoint: shift_amount[8]
              (input port clocked by CLK)
  Endpoint: shifted_reg_784_
            (rising edge-triggered flip-flop clocked by CLK)
  Scenario: mode_norm.OC_rvt_ss_0p900v_125c
  Path Group: REGIN
  Path Type: max

Attributes:
    d - dont_touch
    u - dont_use
   mo - map_only
   so - size_only
    i - ideal_net or ideal_network
  inf - infeasible path

  Point                         Fanout     Trans      Incr       Path      Attributes     Voltage
  -----------------------------------------------------------------------------------------------------
  clock CLK (rise edge)                               0.00       0.00                     
  clock network delay (ideal)                         0.00       0.00                     
  input external delay                                0.00       0.00 f                   
  shift_amount[8] (in)                      0.02      0.01       0.01 f                   
  shift_amount[8] (net)           1                   0.00       0.01 f                   
  U16443/Y (BUF_X1P4B_A9TR)                 0.63      0.39 *     0.39 f                   0.90
  n20938 (net)                   95                   0.00       0.39 f                   
  U16674/Y (BUF_X1M_A9TR)                   0.10      0.19 *     0.59 f                   0.90
  n20953 (net)                   14                   0.00       0.59 f                   
  U10560/Y (NOR2_X2B_A9TR)                  0.72      0.45 *     1.03 r                   0.90
  n10602 (net)                   66                   0.00       1.03 r                   
  U17460/Y (BUF_X1M_A9TR)                   0.21      0.23 *     1.27 r                   0.90
  n21032 (net)                   26                   0.00       1.27 r                   
  U10704/Y (AND2_X1M_A9TR)                  0.73      0.47 *     1.74 r                   0.90
  n11118 (net)                   71                   0.00       1.74 r                   
  U18590/Y (BUF_X1M_A9TR)                   0.25      0.26 *     2.00 r                   0.90
  n21092 (net)                   36                   0.00       2.00 r                   
  U12486/Y (AOI22_X0P5M_A9TR)               0.09      0.11 *     2.11 f                   0.90
  n11101 (net)                    2                   0.00       2.11 f                   
  U12506/Y (AOI22_X0P5M_A9TR)               0.20      0.14 *     2.25 r                   0.90
  n11216 (net)                    2                   0.00       2.25 r                   
  U12683/Y (AOI22_X0P5M_A9TR)               0.12      0.13 *     2.38 f                   0.90
  n11244 (net)                    2                   0.00       2.38 f                   
  U12708/Y (AOI22_X0P5M_A9TR)               0.13      0.13 *     2.51 r                   0.90
  n11322 (net)                    2                   0.00       2.51 r                   
  U12709/Y (AOI22_X0P5M_A9TR)               0.19      0.08 *     2.59 f                   0.90
  n19534 (net)                    2                   0.00       2.59 f                   
  U12710/Y (AOI22_X0P5M_A9TR)               0.16      0.15 *     2.74 r                   0.90
  n19112 (net)                    2                   0.00       2.74 r                   
  U12711/Y (AOI22_X1M_A9TR)                 0.23      0.16 *     2.90 f                   0.90
  n19820 (net)                    2                   0.00       2.90 f                   
  U20869/Y (AOI22_X1M_A9TR)                 0.29      0.26 *     3.16 r                   0.90
  n784 (net)                      1                   0.00       3.16 r                   
  shifted_reg_784_/D (DFFQ_X0P5M_A9TR)      0.29      0.00 *     3.16 r                   0.90
  data arrival time                                              3.16                     

  clock CLK (rise edge)                              10.00      10.00                     
  clock network delay (ideal)                         0.00      10.00                     
  shifted_reg_784_/CK (DFFQ_X0P5M_A9TR)               0.00      10.00 r                   
  library setup time                                 -0.10       9.90                     
  data required time                                             9.90                     
  -----------------------------------------------------------------------------------------------------
  data required time                                             9.90                     
  data arrival time                                             -3.16                     
  -----------------------------------------------------------------------------------------------------
  slack (MET)                                                    6.74                     


  Startpoint: shift_amount[8]
              (input port clocked by CLK)
  Endpoint: shifted_reg_549_
            (rising edge-triggered flip-flop clocked by CLK)
  Scenario: mode_norm.OC_rvt_ss_0p900v_125c
  Path Group: REGIN
  Path Type: max

Attributes:
    d - dont_touch
    u - dont_use
   mo - map_only
   so - size_only
    i - ideal_net or ideal_network
  inf - infeasible path

  Point                         Fanout     Trans      Incr       Path      Attributes     Voltage
  -----------------------------------------------------------------------------------------------------
  clock CLK (rise edge)                               0.00       0.00                     
  clock network delay (ideal)                         0.00       0.00                     
  input external delay                                0.00       0.00 f                   
  shift_amount[8] (in)                      0.02      0.01       0.01 f                   
  shift_amount[8] (net)           1                   0.00       0.01 f                   
  U16443/Y (BUF_X1P4B_A9TR)                 0.63      0.39 *     0.39 f                   0.90
  n20938 (net)                   95                   0.00       0.39 f                   
  U16674/Y (BUF_X1M_A9TR)                   0.10      0.19 *     0.59 f                   0.90
  n20953 (net)                   14                   0.00       0.59 f                   
  U10560/Y (NOR2_X2B_A9TR)                  0.72      0.45 *     1.03 r                   0.90
  n10602 (net)                   66                   0.00       1.03 r                   
  U17460/Y (BUF_X1M_A9TR)                   0.21      0.23 *     1.27 r                   0.90
  n21032 (net)                   26                   0.00       1.27 r                   
  U10704/Y (AND2_X1M_A9TR)                  0.73      0.47 *     1.74 r                   0.90
  n11118 (net)                   71                   0.00       1.74 r                   
  U18590/Y (BUF_X1M_A9TR)                   0.25      0.26 *     2.00 r                   0.90
  n21092 (net)                   36                   0.00       2.00 r                   
  U19620/Y (AOI22_X0P5M_A9TR)               0.26      0.23 *     2.23 f                   0.90
  n18151 (net)                    2                   0.00       2.23 f                   
  U19621/Y (AOI22_X0P5M_A9TR)               0.12      0.12 *     2.35 r                   0.90
  n18312 (net)                    2                   0.00       2.35 r                   
  U19851/Y (AOI22_X0P5M_A9TR)               0.07      0.07 *     2.42 f                   0.90
  n18671 (net)                    2                   0.00       2.42 f                   
  U20136/Y (AOI22_X0P5M_A9TR)               0.09      0.08 *     2.49 r                   0.90
  n18724 (net)                    2                   0.00       2.49 r                   
  U20137/Y (AOI22_X0P5M_A9TR)               0.25      0.10 *     2.60 f                   0.90
  n19042 (net)                    2                   0.00       2.60 f                   
  U20138/Y (AOI22_X0P7M_A9TR)               0.21      0.21 *     2.81 r                   0.90
  n19218 (net)                    2                   0.00       2.81 r                   
  U20533/Y (AOI22_X0P5M_A9TR)               0.23      0.13 *     2.94 f                   0.90
  n19505 (net)                    2                   0.00       2.94 f                   
  U20534/Y (AOI22_X1M_A9TR)                 0.25      0.22 *     3.16 r                   0.90
  n549 (net)                      1                   0.00       3.16 r                   
  shifted_reg_549_/D (DFFQ_X0P5M_A9TR)      0.25      0.00 *     3.16 r                   0.90
  data arrival time                                              3.16                     

  clock CLK (rise edge)                              10.00      10.00                     
  clock network delay (ideal)                         0.00      10.00                     
  shifted_reg_549_/CK (DFFQ_X0P5M_A9TR)               0.00      10.00 r                   
  library setup time                                 -0.09       9.91                     
  data required time                                             9.91                     
  -----------------------------------------------------------------------------------------------------
  data required time                                             9.91                     
  data arrival time                                             -3.16                     
  -----------------------------------------------------------------------------------------------------
  slack (MET)                                                    6.75                     


  Startpoint: shift_amount[8]
              (input port clocked by CLK)
  Endpoint: shifted_reg_783_
            (rising edge-triggered flip-flop clocked by CLK)
  Scenario: mode_norm.OC_rvt_ss_0p900v_125c
  Path Group: REGIN
  Path Type: max

Attributes:
    d - dont_touch
    u - dont_use
   mo - map_only
   so - size_only
    i - ideal_net or ideal_network
  inf - infeasible path

  Point                         Fanout     Trans      Incr       Path      Attributes     Voltage
  -----------------------------------------------------------------------------------------------------
  clock CLK (rise edge)                               0.00       0.00                     
  clock network delay (ideal)                         0.00       0.00                     
  input external delay                                0.00       0.00 f                   
  shift_amount[8] (in)                      0.02      0.01       0.01 f                   
  shift_amount[8] (net)           1                   0.00       0.01 f                   
  U16443/Y (BUF_X1P4B_A9TR)                 0.63      0.39 *     0.39 f                   0.90
  n20938 (net)                   95                   0.00       0.39 f                   
  U16674/Y (BUF_X1M_A9TR)                   0.10      0.19 *     0.59 f                   0.90
  n20953 (net)                   14                   0.00       0.59 f                   
  U10560/Y (NOR2_X2B_A9TR)                  0.72      0.45 *     1.03 r                   0.90
  n10602 (net)                   66                   0.00       1.03 r                   
  U17460/Y (BUF_X1M_A9TR)                   0.21      0.23 *     1.27 r                   0.90
  n21032 (net)                   26                   0.00       1.27 r                   
  U10704/Y (AND2_X1M_A9TR)                  0.73      0.47 *     1.74 r                   0.90
  n11118 (net)                   71                   0.00       1.74 r                   
  U18599/Y (BUF_X1M_A9TR)                   0.24      0.26 *     2.00 r                   0.90
  n21095 (net)                   37                   0.00       2.00 r                   
  U10737/Y (AOI22_X0P5M_A9TR)               0.12      0.12 *     2.12 f                   0.90
  n10556 (net)                    2                   0.00       2.12 f                   
  U10765/Y (AOI22_X0P5M_A9TR)               0.17      0.12 *     2.25 r                   0.90
  n10569 (net)                    2                   0.00       2.25 r                   
  U10766/Y (AOI22_X0P5M_A9TR)               0.09      0.08 *     2.33 f                   0.90
  n10591 (net)                    2                   0.00       2.33 f                   
  U10767/Y (AOI22_X0P5M_A9TR)               0.15      0.12 *     2.45 r                   0.90
  n10763 (net)                    2                   0.00       2.45 r                   
  U10768/Y (AOI22_X0P7M_A9TR)               0.13      0.11 *     2.56 f                   0.90
  n11039 (net)                    3                   0.00       2.56 f                   
  U11972/Y (OAI22_X0P7M_A9TR)               0.25      0.19 *     2.76 r                   0.90
  n11138 (net)                    2                   0.00       2.76 r                   
  U12574/Y (AOI22_X1M_A9TR)                 0.24      0.21 *     2.96 f                   0.90
  n18885 (net)                    2                   0.00       2.96 f                   
  U20288/Y (AOI22_X0P5M_A9TR)               0.21      0.20 *     3.16 r                   0.90
  n783 (net)                      1                   0.00       3.16 r                   
  shifted_reg_783_/D (DFFQ_X0P5M_A9TR)      0.21      0.00 *     3.16 r                   0.90
  data arrival time                                              3.16                     

  clock CLK (rise edge)                              10.00      10.00                     
  clock network delay (ideal)                         0.00      10.00                     
  shifted_reg_783_/CK (DFFQ_X0P5M_A9TR)               0.00      10.00 r                   
  library setup time                                 -0.09       9.91                     
  data required time                                             9.91                     
  -----------------------------------------------------------------------------------------------------
  data required time                                             9.91                     
  data arrival time                                             -3.16                     
  -----------------------------------------------------------------------------------------------------
  slack (MET)                                                    6.75                     


  Startpoint: shift_amount[8]
              (input port clocked by CLK)
  Endpoint: shifted_reg_623_
            (rising edge-triggered flip-flop clocked by CLK)
  Scenario: mode_norm.OC_rvt_ss_0p900v_125c
  Path Group: REGIN
  Path Type: max

Attributes:
    d - dont_touch
    u - dont_use
   mo - map_only
   so - size_only
    i - ideal_net or ideal_network
  inf - infeasible path

  Point                         Fanout     Trans      Incr       Path      Attributes     Voltage
  -----------------------------------------------------------------------------------------------------
  clock CLK (rise edge)                               0.00       0.00                     
  clock network delay (ideal)                         0.00       0.00                     
  input external delay                                0.00       0.00 f                   
  shift_amount[8] (in)                      0.02      0.01       0.01 f                   
  shift_amount[8] (net)           1                   0.00       0.01 f                   
  U16443/Y (BUF_X1P4B_A9TR)                 0.63      0.39 *     0.39 f                   0.90
  n20938 (net)                   95                   0.00       0.39 f                   
  U16674/Y (BUF_X1M_A9TR)                   0.10      0.19 *     0.59 f                   0.90
  n20953 (net)                   14                   0.00       0.59 f                   
  U10560/Y (NOR2_X2B_A9TR)                  0.72      0.45 *     1.03 r                   0.90
  n10602 (net)                   66                   0.00       1.03 r                   
  U17460/Y (BUF_X1M_A9TR)                   0.21      0.23 *     1.27 r                   0.90
  n21032 (net)                   26                   0.00       1.27 r                   
  U10704/Y (AND2_X1M_A9TR)                  0.73      0.47 *     1.74 r                   0.90
  n11118 (net)                   71                   0.00       1.74 r                   
  U18590/Y (BUF_X1M_A9TR)                   0.25      0.26 *     2.00 r                   0.90
  n21092 (net)                   36                   0.00       2.00 r                   
  U19620/Y (AOI22_X0P5M_A9TR)               0.26      0.23 *     2.23 f                   0.90
  n18151 (net)                    2                   0.00       2.23 f                   
  U19710/Y (AOI22_X0P5M_A9TR)               0.12      0.14 *     2.37 r                   0.90
  n18274 (net)                    2                   0.00       2.37 r                   
  U19815/Y (AOI22_X0P5M_A9TR)               0.08      0.08 *     2.45 f                   0.90
  n18391 (net)                    2                   0.00       2.45 f                   
  U19816/Y (AOI22_X0P5M_A9TR)               0.17      0.08 *     2.53 r                   0.90
  n18621 (net)                    2                   0.00       2.53 r                   
  U20093/Y (AOI22_X0P5M_A9TR)               0.21      0.11 *     2.64 f                   0.90
  n19059 (net)                    2                   0.00       2.64 f                   
  U20094/Y (AOI22_X0P5M_A9TR)               0.21      0.18 *     2.82 r                   0.90
  n19252 (net)                    2                   0.00       2.82 r                   
  U20095/Y (AOI22_X0P7M_A9TR)               0.13      0.12 *     2.95 f                   0.90
  n19586 (net)                    2                   0.00       2.95 f                   
  U20097/Y (AOI22_X1M_A9TR)                 0.26      0.21 *     3.15 r                   0.90
  n623 (net)                      1                   0.00       3.15 r                   
  shifted_reg_623_/D (DFFQ_X0P5M_A9TR)      0.26      0.00 *     3.15 r                   0.90
  data arrival time                                              3.15                     

  clock CLK (rise edge)                              10.00      10.00                     
  clock network delay (ideal)                         0.00      10.00                     
  shifted_reg_623_/CK (DFFQ_X0P5M_A9TR)               0.00      10.00 r                   
  library setup time                                 -0.09       9.91                     
  data required time                                             9.91                     
  -----------------------------------------------------------------------------------------------------
  data required time                                             9.91                     
  data arrival time                                             -3.15                     
  -----------------------------------------------------------------------------------------------------
  slack (MET)                                                    6.75                     


  Startpoint: shifted_reg_792_
              (rising edge-triggered flip-flop clocked by CLK)
  Endpoint: out[792] (output port clocked by CLK)
  Scenario: mode_norm.OC_rvt_ss_0p900v_125c
  Path Group: REGOUT
  Path Type: max

Attributes:
    d - dont_touch
    u - dont_use
   mo - map_only
   so - size_only
    i - ideal_net or ideal_network
  inf - infeasible path

  Point                          Fanout     Trans      Incr       Path      Attributes     Voltage
  ------------------------------------------------------------------------------------------------------
  clock CLK (rise edge)                                0.00       0.00                     
  clock network delay (ideal)                          0.00       0.00                     
  shifted_reg_792_/CK (DFFQ_X0P5M_A9TR)      0.00      0.00       0.00 r                   0.90
  shifted_reg_792_/Q (DFFQ_X0P5M_A9TR)       0.18      0.19       0.19 r                   0.90
  out[792] (net)                   1                   0.00       0.19 r                   
  out[792] (out)                             0.18      0.00 *     0.19 r                   
  data arrival time                                               0.19                     

  clock CLK (rise edge)                               10.00      10.00                     
  clock network delay (ideal)                          0.00      10.00                     
  output external delay                                0.00      10.00                     
  data required time                                             10.00                     
  ------------------------------------------------------------------------------------------------------
  data required time                                             10.00                     
  data arrival time                                              -0.19                     
  ------------------------------------------------------------------------------------------------------
  slack (MET)                                                     9.81                     


  Startpoint: shifted_reg_770_
              (rising edge-triggered flip-flop clocked by CLK)
  Endpoint: out[770] (output port clocked by CLK)
  Scenario: mode_norm.OC_rvt_ss_0p900v_125c
  Path Group: REGOUT
  Path Type: max

Attributes:
    d - dont_touch
    u - dont_use
   mo - map_only
   so - size_only
    i - ideal_net or ideal_network
  inf - infeasible path

  Point                          Fanout     Trans      Incr       Path      Attributes     Voltage
  ------------------------------------------------------------------------------------------------------
  clock CLK (rise edge)                                0.00       0.00                     
  clock network delay (ideal)                          0.00       0.00                     
  shifted_reg_770_/CK (DFFQ_X0P5M_A9TR)      0.00      0.00       0.00 r                   0.90
  shifted_reg_770_/Q (DFFQ_X0P5M_A9TR)       0.17      0.19       0.19 r                   0.90
  out[770] (net)                   1                   0.00       0.19 r                   
  out[770] (out)                             0.17      0.00 *     0.19 r                   
  data arrival time                                               0.19                     

  clock CLK (rise edge)                               10.00      10.00                     
  clock network delay (ideal)                          0.00      10.00                     
  output external delay                                0.00      10.00                     
  data required time                                             10.00                     
  ------------------------------------------------------------------------------------------------------
  data required time                                             10.00                     
  data arrival time                                              -0.19                     
  ------------------------------------------------------------------------------------------------------
  slack (MET)                                                     9.81                     


  Startpoint: shifted_reg_795_
              (rising edge-triggered flip-flop clocked by CLK)
  Endpoint: out[795] (output port clocked by CLK)
  Scenario: mode_norm.OC_rvt_ss_0p900v_125c
  Path Group: REGOUT
  Path Type: max

Attributes:
    d - dont_touch
    u - dont_use
   mo - map_only
   so - size_only
    i - ideal_net or ideal_network
  inf - infeasible path

  Point                          Fanout     Trans      Incr       Path      Attributes     Voltage
  ------------------------------------------------------------------------------------------------------
  clock CLK (rise edge)                                0.00       0.00                     
  clock network delay (ideal)                          0.00       0.00                     
  shifted_reg_795_/CK (DFFQ_X0P5M_A9TR)      0.00      0.00       0.00 r                   0.90
  shifted_reg_795_/Q (DFFQ_X0P5M_A9TR)       0.17      0.19       0.19 r                   0.90
  out[795] (net)                   1                   0.00       0.19 r                   
  out[795] (out)                             0.17      0.00 *     0.19 r                   
  data arrival time                                               0.19                     

  clock CLK (rise edge)                               10.00      10.00                     
  clock network delay (ideal)                          0.00      10.00                     
  output external delay                                0.00      10.00                     
  data required time                                             10.00                     
  ------------------------------------------------------------------------------------------------------
  data required time                                             10.00                     
  data arrival time                                              -0.19                     
  ------------------------------------------------------------------------------------------------------
  slack (MET)                                                     9.81                     


  Startpoint: shifted_reg_794_
              (rising edge-triggered flip-flop clocked by CLK)
  Endpoint: out[794] (output port clocked by CLK)
  Scenario: mode_norm.OC_rvt_ss_0p900v_125c
  Path Group: REGOUT
  Path Type: max

Attributes:
    d - dont_touch
    u - dont_use
   mo - map_only
   so - size_only
    i - ideal_net or ideal_network
  inf - infeasible path

  Point                          Fanout     Trans      Incr       Path      Attributes     Voltage
  ------------------------------------------------------------------------------------------------------
  clock CLK (rise edge)                                0.00       0.00                     
  clock network delay (ideal)                          0.00       0.00                     
  shifted_reg_794_/CK (DFFQ_X0P5M_A9TR)      0.00      0.00       0.00 r                   0.90
  shifted_reg_794_/Q (DFFQ_X0P5M_A9TR)       0.17      0.19       0.19 r                   0.90
  out[794] (net)                   1                   0.00       0.19 r                   
  out[794] (out)                             0.17      0.00 *     0.19 r                   
  data arrival time                                               0.19                     

  clock CLK (rise edge)                               10.00      10.00                     
  clock network delay (ideal)                          0.00      10.00                     
  output external delay                                0.00      10.00                     
  data required time                                             10.00                     
  ------------------------------------------------------------------------------------------------------
  data required time                                             10.00                     
  data arrival time                                              -0.19                     
  ------------------------------------------------------------------------------------------------------
  slack (MET)                                                     9.81                     


  Startpoint: shifted_reg_793_
              (rising edge-triggered flip-flop clocked by CLK)
  Endpoint: out[793] (output port clocked by CLK)
  Scenario: mode_norm.OC_rvt_ss_0p900v_125c
  Path Group: REGOUT
  Path Type: max

Attributes:
    d - dont_touch
    u - dont_use
   mo - map_only
   so - size_only
    i - ideal_net or ideal_network
  inf - infeasible path

  Point                          Fanout     Trans      Incr       Path      Attributes     Voltage
  ------------------------------------------------------------------------------------------------------
  clock CLK (rise edge)                                0.00       0.00                     
  clock network delay (ideal)                          0.00       0.00                     
  shifted_reg_793_/CK (DFFQ_X0P5M_A9TR)      0.00      0.00       0.00 r                   0.90
  shifted_reg_793_/Q (DFFQ_X0P5M_A9TR)       0.17      0.19       0.19 r                   0.90
  out[793] (net)                   1                   0.00       0.19 r                   
  out[793] (out)                             0.17      0.00 *     0.19 r                   
  data arrival time                                               0.19                     

  clock CLK (rise edge)                               10.00      10.00                     
  clock network delay (ideal)                          0.00      10.00                     
  output external delay                                0.00      10.00                     
  data required time                                             10.00                     
  ------------------------------------------------------------------------------------------------------
  data required time                                             10.00                     
  data arrival time                                              -0.19                     
  ------------------------------------------------------------------------------------------------------
  slack (MET)                                                     9.81                     


  Startpoint: shifted_reg_765_
              (rising edge-triggered flip-flop clocked by CLK)
  Endpoint: out[765] (output port clocked by CLK)
  Scenario: mode_norm.OC_rvt_ss_0p900v_125c
  Path Group: REGOUT
  Path Type: max

Attributes:
    d - dont_touch
    u - dont_use
   mo - map_only
   so - size_only
    i - ideal_net or ideal_network
  inf - infeasible path

  Point                          Fanout     Trans      Incr       Path      Attributes     Voltage
  ------------------------------------------------------------------------------------------------------
  clock CLK (rise edge)                                0.00       0.00                     
  clock network delay (ideal)                          0.00       0.00                     
  shifted_reg_765_/CK (DFFQ_X0P5M_A9TR)      0.00      0.00       0.00 r                   0.90
  shifted_reg_765_/Q (DFFQ_X0P5M_A9TR)       0.16      0.19       0.19 r                   0.90
  out[765] (net)                   1                   0.00       0.19 r                   
  out[765] (out)                             0.16      0.00 *     0.19 r                   
  data arrival time                                               0.19                     

  clock CLK (rise edge)                               10.00      10.00                     
  clock network delay (ideal)                          0.00      10.00                     
  output external delay                                0.00      10.00                     
  data required time                                             10.00                     
  ------------------------------------------------------------------------------------------------------
  data required time                                             10.00                     
  data arrival time                                              -0.19                     
  ------------------------------------------------------------------------------------------------------
  slack (MET)                                                     9.81                     


  Startpoint: shifted_reg_761_
              (rising edge-triggered flip-flop clocked by CLK)
  Endpoint: out[761] (output port clocked by CLK)
  Scenario: mode_norm.OC_rvt_ss_0p900v_125c
  Path Group: REGOUT
  Path Type: max

Attributes:
    d - dont_touch
    u - dont_use
   mo - map_only
   so - size_only
    i - ideal_net or ideal_network
  inf - infeasible path

  Point                          Fanout     Trans      Incr       Path      Attributes     Voltage
  ------------------------------------------------------------------------------------------------------
  clock CLK (rise edge)                                0.00       0.00                     
  clock network delay (ideal)                          0.00       0.00                     
  shifted_reg_761_/CK (DFFQ_X0P5M_A9TR)      0.00      0.00       0.00 r                   0.90
  shifted_reg_761_/Q (DFFQ_X0P5M_A9TR)       0.16      0.18       0.18 r                   0.90
  out[761] (net)                   1                   0.00       0.18 r                   
  out[761] (out)                             0.16      0.00 *     0.18 r                   
  data arrival time                                               0.18                     

  clock CLK (rise edge)                               10.00      10.00                     
  clock network delay (ideal)                          0.00      10.00                     
  output external delay                                0.00      10.00                     
  data required time                                             10.00                     
  ------------------------------------------------------------------------------------------------------
  data required time                                             10.00                     
  data arrival time                                              -0.18                     
  ------------------------------------------------------------------------------------------------------
  slack (MET)                                                     9.82                     


  Startpoint: shifted_reg_772_
              (rising edge-triggered flip-flop clocked by CLK)
  Endpoint: out[772] (output port clocked by CLK)
  Scenario: mode_norm.OC_rvt_ss_0p900v_125c
  Path Group: REGOUT
  Path Type: max

Attributes:
    d - dont_touch
    u - dont_use
   mo - map_only
   so - size_only
    i - ideal_net or ideal_network
  inf - infeasible path

  Point                          Fanout     Trans      Incr       Path      Attributes     Voltage
  ------------------------------------------------------------------------------------------------------
  clock CLK (rise edge)                                0.00       0.00                     
  clock network delay (ideal)                          0.00       0.00                     
  shifted_reg_772_/CK (DFFQ_X0P5M_A9TR)      0.00      0.00       0.00 r                   0.90
  shifted_reg_772_/Q (DFFQ_X0P5M_A9TR)       0.15      0.18       0.18 r                   0.90
  out[772] (net)                   1                   0.00       0.18 r                   
  out[772] (out)                             0.15      0.00 *     0.18 r                   
  data arrival time                                               0.18                     

  clock CLK (rise edge)                               10.00      10.00                     
  clock network delay (ideal)                          0.00      10.00                     
  output external delay                                0.00      10.00                     
  data required time                                             10.00                     
  ------------------------------------------------------------------------------------------------------
  data required time                                             10.00                     
  data arrival time                                              -0.18                     
  ------------------------------------------------------------------------------------------------------
  slack (MET)                                                     9.82                     


  Startpoint: shifted_reg_801_
              (rising edge-triggered flip-flop clocked by CLK)
  Endpoint: out[801] (output port clocked by CLK)
  Scenario: mode_norm.OC_rvt_ss_0p900v_125c
  Path Group: REGOUT
  Path Type: max

Attributes:
    d - dont_touch
    u - dont_use
   mo - map_only
   so - size_only
    i - ideal_net or ideal_network
  inf - infeasible path

  Point                          Fanout     Trans      Incr       Path      Attributes     Voltage
  ------------------------------------------------------------------------------------------------------
  clock CLK (rise edge)                                0.00       0.00                     
  clock network delay (ideal)                          0.00       0.00                     
  shifted_reg_801_/CK (DFFQ_X0P5M_A9TR)      0.00      0.00       0.00 r                   0.90
  shifted_reg_801_/Q (DFFQ_X0P5M_A9TR)       0.14      0.17       0.17 r                   0.90
  out[801] (net)                   1                   0.00       0.17 r                   
  out[801] (out)                             0.14      0.00 *     0.17 r                   
  data arrival time                                               0.17                     

  clock CLK (rise edge)                               10.00      10.00                     
  clock network delay (ideal)                          0.00      10.00                     
  output external delay                                0.00      10.00                     
  data required time                                             10.00                     
  ------------------------------------------------------------------------------------------------------
  data required time                                             10.00                     
  data arrival time                                              -0.17                     
  ------------------------------------------------------------------------------------------------------
  slack (MET)                                                     9.83                     


  Startpoint: shifted_reg_883_
              (rising edge-triggered flip-flop clocked by CLK)
  Endpoint: out[883] (output port clocked by CLK)
  Scenario: mode_norm.OC_rvt_ss_0p900v_125c
  Path Group: REGOUT
  Path Type: max

Attributes:
    d - dont_touch
    u - dont_use
   mo - map_only
   so - size_only
    i - ideal_net or ideal_network
  inf - infeasible path

  Point                          Fanout     Trans      Incr       Path      Attributes     Voltage
  ------------------------------------------------------------------------------------------------------
  clock CLK (rise edge)                                0.00       0.00                     
  clock network delay (ideal)                          0.00       0.00                     
  shifted_reg_883_/CK (DFFQ_X0P5M_A9TR)      0.00      0.00       0.00 r                   0.90
  shifted_reg_883_/Q (DFFQ_X0P5M_A9TR)       0.14      0.17       0.17 r                   0.90
  out[883] (net)                   1                   0.00       0.17 r                   
  out[883] (out)                             0.14      0.00 *     0.17 r                   
  data arrival time                                               0.17                     

  clock CLK (rise edge)                               10.00      10.00                     
  clock network delay (ideal)                          0.00      10.00                     
  output external delay                                0.00      10.00                     
  data required time                                             10.00                     
  ------------------------------------------------------------------------------------------------------
  data required time                                             10.00                     
  data arrival time                                              -0.17                     
  ------------------------------------------------------------------------------------------------------
  slack (MET)                                                     9.83                     


1
