 
****************************************
Report : area
Design : VX_barrel_shifter
Version: V-2023.12-SP5-3
Date   : Thu May 21 23:23:03 2026
****************************************

Library(s) Used:

    sc9_cmos28lpp_base_rvt_ss_nominal_max_0p900v_125c_sadhm (File: /tool/PDK/Samsung/LN28LPP_202203/PRIMITIVES/RVT/ln28lpp_sc_9t_base_rvt_c130_V1.00d/FE-Common/LIBERTY/sc9_cmos28lpp_base_rvt_ss_nominal_max_0p900v_125c_sadhm.db)

Number of ports:                         2068
Number of nets:                         12227
Number of cells:                        11185
Number of combinational cells:          10156
Number of sequential cells:              1026
Number of macros/black boxes:               0
Number of buf/inv:                       1186
Number of references:                      48

Combinational area:               7035.210151
Buf/Inv area:                      481.806004
Noncombinational area:            2160.053945
Macro/Black Box area:                0.000000
Net Interconnect area:      undefined  (No wire load specified)

Total cell area:                  9195.264096
Total area:                 undefined

Core Area:                     15628
Aspect Ratio:                 1.0014
Utilization Ratio:            0.5884


The above information was reported from the logical library. The following are from the physical library:

  Total moveable cell area: 9195.3
  Total fixed cell area: 0.0
  Total physical cell area: 9195.3
 Core area: 0.000, 0.000, 124.930, 125.100

Hierarchical area distribution
------------------------------

                                  Global cell area          Local cell area
                                  ------------------  ---------------------------- 
Hierarchical cell                 Absolute   Percent  Combi-     Noncombi-  Black-
                                  Total      Total    national   national   boxes   Design
--------------------------------  ---------  -------  ---------  ---------  ------  ----------------------------------------
VX_barrel_shifter                 9195.2641    100.0  7035.2102  2156.5439  0.0000  VX_barrel_shifter
clk_gate_shifted_reg                 1.7550      0.0     0.0000     1.7550  0.0000  SNPS_CLOCK_GATE_HIGH_VX_barrel_shifter_0
clk_gate_shifted_reg_0               1.7550      0.0     0.0000     1.7550  0.0000  SNPS_CLOCK_GATE_HIGH_VX_barrel_shifter_1
--------------------------------  ---------  -------  ---------  ---------  ------  ----------------------------------------
Total                                                 7035.2102  2160.0539  0.0000

1
