Information: Propagating switching activity (high effort zero delay simulation). (PWR-6)
Warning: Design has unannotated primary inputs. (PWR-414)
Warning: Design has unannotated sequential cell outputs. (PWR-415)
 
****************************************
Report : power
        -hier
        -analysis_effort high
        -verbose
Design : VX_tcu_unit
Scenario(s): mode_norm.OC_rvt_ss_0p900v_125c
Version: V-2023.12-SP5-3
Date   : Wed May  6 15:29:26 2026
****************************************


Library(s) Used:

    sc9_cmos28lpp_base_rvt_ss_nominal_max_0p900v_125c_sadhm (File: /tool/PDK/Samsung/LN28LPP_202203/PRIMITIVES/RVT/ln28lpp_sc_9t_base_rvt_c130_V1.00d/FE-Common/LIBERTY/sc9_cmos28lpp_base_rvt_ss_nominal_max_0p900v_125c_sadhm.db)


Global Operating Voltage = 0.9  
Power-specific unit information :
    Voltage Units = 1V
    Capacitance Units = 1.000000pf
    Time Units = 1ns
    Dynamic Power Units = 1mW    (derived from V,C,T units)
    Leakage Power Units = 1uW


--------------------------------------------------------------------------------
                                       Switch   Int      Leak     Total
Hierarchy                              Power    Power    Power    Power    %
--------------------------------------------------------------------------------
VX_tcu_unit                               3.781   13.842 1.32e+03   18.941 100.0
  gather_unit (VX_gather_unit_h_112_242_205) 2.32e-02    0.124   14.756    0.162   0.9
    g_out_bufs_0__out_buf (VX_elastic_buffer_1) 2.32e-02    0.124   14.756    0.162   0.9
      g_eb2_out_buf (VX_pipe_buffer_1) 2.85e-03 3.48e-03    2.149 8.47e-03   0.0
      g_eb2_stream_buffer (VX_stream_buffer_595_1) 2.04e-02    0.120   12.608    0.153   0.8
  g_blocks_0__tcu_int (VX_tcu_int_h_612_242_238)    1.313    2.743  387.349    4.443  23.5
    g_i_3__g_j_1__fedp (VX_tcu_fedp_int_0)    0.151    0.287   43.869    0.483   2.5
      pipe_acc (VX_pipe_register_8_0)  2.91e-03 1.13e-02    0.493 1.47e-02   0.1
        g_shift_register (VX_shift_register_32_0_1_0_0) 2.91e-03 1.13e-02    0.493 1.47e-02   0.1
      pipe_c (VX_pipe_register_7_0)    4.97e-03 3.11e-02    1.450 3.75e-02   0.2
        g_shift_register (VX_shift_register_32_0_3_0_0) 4.97e-03 3.11e-02    1.450 3.75e-02   0.2
      g_red_tree_0__g_add_0__pipe_red (VX_pipe_register_6_0) 1.68e-03 6.91e-03    0.301 8.90e-03   0.0
        g_shift_register (VX_shift_register_19_0_1_0_0) 1.68e-03 6.91e-03    0.301 8.90e-03   0.0
      g_prod_1__pipe_sel (VX_pipe_register_6_1) 2.05e-03 6.84e-03    0.294 9.18e-03   0.0
        g_shift_register (VX_shift_register_19_0_1_0_1) 2.05e-03 6.84e-03    0.294 9.18e-03   0.0
      g_prod_0__pipe_sel (VX_pipe_register_6_2) 1.43e-03 6.84e-03    0.294 8.56e-03   0.0
        g_shift_register (VX_shift_register_19_0_1_0_2) 1.43e-03 6.84e-03    0.294 8.56e-03   0.0
      pipe_fmt_s (VX_pipe_register_5_0) 2.15e-04 1.19e-03 5.85e-02 1.46e-03   0.0
        g_shift_register (VX_shift_register_3_0_1_0_0) 2.15e-04 1.19e-03 5.85e-02 1.46e-03   0.0
    g_i_3__g_j_1____buffer_ex (VX_pipe_register_0) 9.86e-03 5.38e-02    2.862 6.65e-02   0.4
      g_shift_register (VX_shift_register_326_0_1_0_0) 8.18e-03 5.33e-02    2.453 6.40e-02   0.3
    g_i_3__g_j_0__fedp (VX_tcu_fedp_int_1)    0.148    0.287   43.866    0.479   2.5
      pipe_acc (VX_pipe_register_8_1)  2.78e-03 1.13e-02    0.492 1.46e-02   0.1
        g_shift_register (VX_shift_register_32_0_1_0_1) 2.78e-03 1.13e-02    0.492 1.46e-02   0.1
      pipe_c (VX_pipe_register_7_1)    4.94e-03 3.11e-02    1.450 3.75e-02   0.2
        g_shift_register (VX_shift_register_32_0_3_0_1) 4.94e-03 3.11e-02    1.450 3.75e-02   0.2
      g_red_tree_0__g_add_0__pipe_red (VX_pipe_register_6_3) 1.56e-03 6.89e-03    0.295 8.75e-03   0.0
        g_shift_register (VX_shift_register_19_0_1_0_3) 1.56e-03 6.89e-03    0.295 8.75e-03   0.0
      g_prod_1__pipe_sel (VX_pipe_register_6_4) 1.62e-03 6.84e-03    0.294 8.76e-03   0.0
        g_shift_register (VX_shift_register_19_0_1_0_4) 1.62e-03 6.84e-03    0.294 8.76e-03   0.0
      g_prod_0__pipe_sel (VX_pipe_register_6_5) 1.36e-03 6.83e-03    0.294 8.49e-03   0.0
        g_shift_register (VX_shift_register_19_0_1_0_5) 1.36e-03 6.83e-03    0.294 8.49e-03   0.0
      pipe_fmt_s (VX_pipe_register_5_1) 2.15e-04 1.19e-03 5.85e-02 1.46e-03   0.0
        g_shift_register (VX_shift_register_3_0_1_0_1) 2.15e-04 1.19e-03 5.85e-02 1.46e-03   0.0
    g_i_3__g_j_0____buffer_ex (VX_pipe_register_9) 1.04e-02 5.38e-02    2.889 6.71e-02   0.4
      g_shift_register (VX_shift_register_326_0_1_0_1) 8.53e-03 5.33e-02    2.453 6.43e-02   0.3
    g_i_2__g_j_1__fedp (VX_tcu_fedp_int_2)    0.152    0.287   43.881    0.484   2.6
      pipe_acc (VX_pipe_register_8_2)  3.00e-03 1.13e-02    0.493 1.48e-02   0.1
        g_shift_register (VX_shift_register_32_0_1_0_2) 3.00e-03 1.13e-02    0.493 1.48e-02   0.1
      pipe_c (VX_pipe_register_7_2)    4.92e-03 3.11e-02    1.450 3.74e-02   0.2
        g_shift_register (VX_shift_register_32_0_3_0_2) 4.92e-03 3.11e-02    1.450 3.74e-02   0.2
      g_red_tree_0__g_add_0__pipe_red (VX_pipe_register_6_6) 2.03e-03 6.90e-03    0.301 9.23e-03   0.0
        g_shift_register (VX_shift_register_19_0_1_0_6) 2.03e-03 6.90e-03    0.301 9.23e-03   0.0
      g_prod_1__pipe_sel (VX_pipe_register_6_7) 1.89e-03 6.83e-03    0.294 9.02e-03   0.0
        g_shift_register (VX_shift_register_19_0_1_0_7) 1.89e-03 6.83e-03    0.294 9.02e-03   0.0
      g_prod_0__pipe_sel (VX_pipe_register_6_8) 1.58e-03 6.83e-03    0.294 8.70e-03   0.0
        g_shift_register (VX_shift_register_19_0_1_0_8) 1.58e-03 6.83e-03    0.294 8.70e-03   0.0
      pipe_fmt_s (VX_pipe_register_5_2) 2.13e-04 1.19e-03 5.85e-02 1.46e-03   0.0
        g_shift_register (VX_shift_register_3_0_1_0_2) 2.13e-04 1.19e-03 5.85e-02 1.46e-03   0.0
    g_i_2__g_j_1____buffer_ex (VX_pipe_register_10) 1.01e-02 5.38e-02    2.882 6.68e-02   0.4
      g_shift_register (VX_shift_register_326_0_1_0_2) 8.24e-03 5.33e-02    2.453 6.40e-02   0.3
    g_i_2__g_j_0__fedp (VX_tcu_fedp_int_3)    0.152    0.287   43.881    0.483   2.6
      pipe_acc (VX_pipe_register_8_3)  3.37e-03 1.13e-02    0.492 1.52e-02   0.1
        g_shift_register (VX_shift_register_32_0_1_0_3) 3.37e-03 1.13e-02    0.492 1.52e-02   0.1
      pipe_c (VX_pipe_register_7_3)    4.69e-03 3.11e-02    1.450 3.72e-02   0.2
        g_shift_register (VX_shift_register_32_0_3_0_3) 4.69e-03 3.11e-02    1.450 3.72e-02   0.2
      g_red_tree_0__g_add_0__pipe_red (VX_pipe_register_6_9) 1.92e-03 6.90e-03    0.301 9.13e-03   0.0
        g_shift_register (VX_shift_register_19_0_1_0_9) 1.92e-03 6.90e-03    0.301 9.13e-03   0.0
      g_prod_1__pipe_sel (VX_pipe_register_6_10) 2.52e-03 6.84e-03    0.294 9.65e-03   0.1
        g_shift_register (VX_shift_register_19_0_1_0_10) 2.52e-03 6.84e-03    0.294 9.65e-03   0.1
      g_prod_0__pipe_sel (VX_pipe_register_6_11) 1.43e-03 6.83e-03    0.294 8.55e-03   0.0
        g_shift_register (VX_shift_register_19_0_1_0_11) 1.43e-03 6.83e-03    0.294 8.55e-03   0.0
      pipe_fmt_s (VX_pipe_register_5_3) 2.14e-04 1.19e-03 5.85e-02 1.46e-03   0.0
        g_shift_register (VX_shift_register_3_0_1_0_3) 2.14e-04 1.19e-03 5.85e-02 1.46e-03   0.0
    g_i_2__g_j_0____buffer_ex (VX_pipe_register_11) 1.00e-02 5.38e-02    2.882 6.67e-02   0.4
      g_shift_register (VX_shift_register_326_0_1_0_3) 8.10e-03 5.33e-02    2.453 6.39e-02   0.3
    g_i_1__g_j_1__fedp (VX_tcu_fedp_int_4)    0.149    0.287   43.872    0.480   2.5
      pipe_acc (VX_pipe_register_8_4)  2.74e-03 1.13e-02    0.493 1.45e-02   0.1
        g_shift_register (VX_shift_register_32_0_1_0_4) 2.74e-03 1.13e-02    0.493 1.45e-02   0.1
      pipe_c (VX_pipe_register_7_4)    4.97e-03 3.11e-02    1.451 3.75e-02   0.2
        g_shift_register (VX_shift_register_32_0_3_0_4) 4.97e-03 3.11e-02    1.451 3.75e-02   0.2
      g_red_tree_0__g_add_0__pipe_red (VX_pipe_register_6_12) 1.57e-03 6.88e-03    0.294 8.74e-03   0.0
        g_shift_register (VX_shift_register_19_0_1_0_12) 1.57e-03 6.88e-03    0.294 8.74e-03   0.0
      g_prod_1__pipe_sel (VX_pipe_register_6_13) 2.11e-03 6.83e-03    0.294 9.23e-03   0.0
        g_shift_register (VX_shift_register_19_0_1_0_13) 2.11e-03 6.83e-03    0.294 9.23e-03   0.0
      g_prod_0__pipe_sel (VX_pipe_register_6_14) 1.45e-03 6.83e-03    0.294 8.58e-03   0.0
        g_shift_register (VX_shift_register_19_0_1_0_14) 1.45e-03 6.83e-03    0.294 8.58e-03   0.0
      pipe_fmt_s (VX_pipe_register_5_4) 2.16e-04 1.19e-03 5.85e-02 1.46e-03   0.0
        g_shift_register (VX_shift_register_3_0_1_0_4) 2.16e-04 1.19e-03 5.85e-02 1.46e-03   0.0
    g_i_1__g_j_1____buffer_ex (VX_pipe_register_12) 1.14e-02 5.38e-02    2.889 6.81e-02   0.4
      g_shift_register (VX_shift_register_326_0_1_0_4) 9.43e-03 5.33e-02    2.453 6.52e-02   0.3
    g_i_1__g_j_0__fedp (VX_tcu_fedp_int_5)    0.150    0.287   43.871    0.481   2.5
      pipe_acc (VX_pipe_register_8_5)  3.03e-03 1.13e-02    0.492 1.49e-02   0.1
        g_shift_register (VX_shift_register_32_0_1_0_5) 3.03e-03 1.13e-02    0.492 1.49e-02   0.1
      pipe_c (VX_pipe_register_7_5)    4.86e-03 3.11e-02    1.450 3.74e-02   0.2
        g_shift_register (VX_shift_register_32_0_3_0_5) 4.86e-03 3.11e-02    1.450 3.74e-02   0.2
      g_red_tree_0__g_add_0__pipe_red (VX_pipe_register_6_15) 1.58e-03 6.88e-03    0.294 8.75e-03   0.0
        g_shift_register (VX_shift_register_19_0_1_0_15) 1.58e-03 6.88e-03    0.294 8.75e-03   0.0
      g_prod_1__pipe_sel (VX_pipe_register_6_16) 1.49e-03 6.82e-03    0.294 8.60e-03   0.0
        g_shift_register (VX_shift_register_19_0_1_0_16) 1.49e-03 6.82e-03    0.294 8.60e-03   0.0
      g_prod_0__pipe_sel (VX_pipe_register_6_17) 1.60e-03 6.83e-03    0.294 8.72e-03   0.0
        g_shift_register (VX_shift_register_19_0_1_0_17) 1.60e-03 6.83e-03    0.294 8.72e-03   0.0
      pipe_fmt_s (VX_pipe_register_5_5) 2.28e-04 1.19e-03 5.85e-02 1.47e-03   0.0
        g_shift_register (VX_shift_register_3_0_1_0_5) 2.28e-04 1.19e-03 5.85e-02 1.47e-03   0.0
    g_i_1__g_j_0____buffer_ex (VX_pipe_register_13) 1.02e-02 5.38e-02    2.882 6.69e-02   0.4
      g_shift_register (VX_shift_register_326_0_1_0_5) 8.38e-03 5.33e-02    2.453 6.42e-02   0.3
    g_i_0__g_j_1__fedp (VX_tcu_fedp_int_6)    0.153    0.287   43.891    0.483   2.6
      pipe_acc (VX_pipe_register_8_6)  2.74e-03 1.13e-02    0.492 1.46e-02   0.1
        g_shift_register (VX_shift_register_32_0_1_0_6) 2.74e-03 1.13e-02    0.492 1.46e-02   0.1
      pipe_c (VX_pipe_register_7_6)    4.78e-03 3.11e-02    1.450 3.73e-02   0.2
        g_shift_register (VX_shift_register_32_0_3_0_6) 4.78e-03 3.11e-02    1.450 3.73e-02   0.2
      g_red_tree_0__g_add_0__pipe_red (VX_pipe_register_6_18) 2.39e-03 6.91e-03    0.301 9.60e-03   0.1
        g_shift_register (VX_shift_register_19_0_1_0_18) 2.39e-03 6.91e-03    0.301 9.60e-03   0.1
      g_prod_1__pipe_sel (VX_pipe_register_6_19) 1.57e-03 6.83e-03    0.294 8.69e-03   0.0
        g_shift_register (VX_shift_register_19_0_1_0_19) 1.57e-03 6.83e-03    0.294 8.69e-03   0.0
      g_prod_0__pipe_sel (VX_pipe_register_6_20) 1.39e-03 6.83e-03    0.294 8.52e-03   0.0
        g_shift_register (VX_shift_register_19_0_1_0_20) 1.39e-03 6.83e-03    0.294 8.52e-03   0.0
      pipe_fmt_s (VX_pipe_register_5_6) 2.13e-04 1.19e-03 5.85e-02 1.46e-03   0.0
        g_shift_register (VX_shift_register_3_0_1_0_6) 2.13e-04 1.19e-03 5.85e-02 1.46e-03   0.0
    g_i_0__g_j_1____buffer_ex (VX_pipe_register_14) 1.04e-02 5.38e-02    2.882 6.71e-02   0.4
      g_shift_register (VX_shift_register_326_0_1_0_6) 8.53e-03 5.33e-02    2.453 6.43e-02   0.3
    g_i_0__g_j_0__fedp (VX_tcu_fedp_int_7)    0.150    0.287   43.882    0.481   2.5
      pipe_acc (VX_pipe_register_8_7)  2.47e-03 1.13e-02    0.492 1.43e-02   0.1
        g_shift_register (VX_shift_register_32_0_1_0_7) 2.47e-03 1.13e-02    0.492 1.43e-02   0.1
      pipe_c (VX_pipe_register_7_7)    4.77e-03 3.11e-02    1.450 3.73e-02   0.2
        g_shift_register (VX_shift_register_32_0_3_0_7) 4.77e-03 3.11e-02    1.450 3.73e-02   0.2
      g_red_tree_0__g_add_0__pipe_red (VX_pipe_register_6_21) 2.13e-03 6.90e-03    0.301 9.33e-03   0.0
        g_shift_register (VX_shift_register_19_0_1_0_21) 2.13e-03 6.90e-03    0.301 9.33e-03   0.0
      g_prod_1__pipe_sel (VX_pipe_register_6_22) 1.91e-03 6.82e-03    0.294 9.02e-03   0.0
        g_shift_register (VX_shift_register_19_0_1_0_22) 1.91e-03 6.82e-03    0.294 9.02e-03   0.0
      g_prod_0__pipe_sel (VX_pipe_register_6_23) 1.40e-03 6.82e-03    0.294 8.51e-03   0.0
        g_shift_register (VX_shift_register_19_0_1_0_23) 1.40e-03 6.82e-03    0.294 8.51e-03   0.0
      pipe_fmt_s (VX_pipe_register_5_7) 2.16e-04 1.19e-03 5.85e-02 1.46e-03   0.0
        g_shift_register (VX_shift_register_3_0_1_0_7) 2.16e-04 1.19e-03 5.85e-02 1.46e-03   0.0
    g_i_0__g_j_0____buffer_ex (VX_pipe_register_15) 1.12e-02 5.38e-02    2.875 6.79e-02   0.4
      g_shift_register (VX_shift_register_326_0_1_0_7) 9.39e-03 5.33e-02    2.453 6.52e-02   0.3
    mdata_queue (VX_fifo_queue_1)      3.50e-04 1.06e-02   11.640 2.26e-02   0.1
      g_depth_n_dp_ram (VX_dp_ram_1)   4.95e-06 6.63e-03    9.794 1.64e-02   0.1
      pending_size (VX_pending_size_1) 3.45e-04 2.05e-03    0.187 2.58e-03   0.0
  g_blocks_0__tcu_fp (VX_tcu_fp_h_946_242_506)    2.255   10.400  846.050   13.501  71.3
    g_i_3__g_j_1__fedp (VX_tcu_fedp_dw_0)    0.268    1.239   92.787    1.600   8.4
      pipe_acc (VX_pipe_register_3_0)  1.87e-02    0.122    5.252    0.146   0.8
        g_shift_register (VX_shift_register_32_0_11_0_0) 1.87e-02    0.122    5.252    0.146   0.8
      pipe_c (VX_pipe_register_4_0)    4.20e-02    0.319   14.860    0.376   2.0
        g_shift_register (VX_shift_register_32_0_31_0_0) 4.20e-02    0.319   14.860    0.376   2.0
      g_red_tree_1__g_add_0__pipe_red (VX_pipe_register_3_1) 1.66e-02    0.115    5.187    0.137   0.7
        g_shift_register (VX_shift_register_32_0_11_0_1) 1.66e-02    0.115    5.187    0.137   0.7
      g_red_tree_0__g_add_1__pipe_red (VX_pipe_register_3_2) 1.67e-02    0.117    5.197    0.139   0.7
        g_shift_register (VX_shift_register_32_0_11_0_2) 1.67e-02    0.117    5.197    0.139   0.7
      g_red_tree_0__g_add_0__pipe_red (VX_pipe_register_3_3) 1.68e-02    0.115    5.193    0.137   0.7
        g_shift_register (VX_shift_register_32_0_11_0_3) 1.68e-02    0.115    5.193    0.137   0.7
      g_prod_3__pipe_mult (VX_pipe_register_2_0) 1.13e-02 8.16e-02    3.772 9.66e-02   0.5
        g_shift_register (VX_shift_register_32_0_8_0_0) 1.13e-02 8.16e-02    3.772 9.66e-02   0.5
      g_prod_2__pipe_mult (VX_pipe_register_2_1) 1.15e-02 8.00e-02    3.769 9.53e-02   0.5
        g_shift_register (VX_shift_register_32_0_8_0_1) 1.15e-02 8.00e-02    3.769 9.53e-02   0.5
      g_prod_1__pipe_mult (VX_pipe_register_2_2) 1.20e-02 8.13e-02    3.772 9.70e-02   0.5
        g_shift_register (VX_shift_register_32_0_8_0_2) 1.20e-02 8.13e-02    3.772 9.70e-02   0.5
      g_prod_0__pipe_mult (VX_pipe_register_2_3) 1.09e-02 8.00e-02    3.768 9.46e-02   0.5
        g_shift_register (VX_shift_register_32_0_8_0_3) 1.09e-02 8.00e-02    3.768 9.46e-02   0.5
      g_cvt_3__pipe_cvt (VX_pipe_register_1_0) 2.74e-03 1.29e-02    0.608 1.63e-02   0.1
        g_shift_register (VX_shift_register_64_0_1_0_0) 2.69e-03 1.29e-02    0.602 1.62e-02   0.1
      g_cvt_3__cvt_col_bf16 (bf16_to_fp32_dw_0) 7.27e-05 1.55e-04    0.107 3.35e-04   0.0
      g_cvt_3__cvt_row_bf16 (bf16_to_fp32_dw_1) 4.80e-05 1.09e-04    0.107 2.65e-04   0.0
      g_cvt_3__cvt_col_fp16 (fp16_to_fp32_dw_0) 7.22e-04 5.42e-04    0.317 1.58e-03   0.0
      g_cvt_3__cvt_row_fp16 (fp16_to_fp32_dw_1) 5.69e-04 4.02e-04    0.317 1.29e-03   0.0
      g_cvt_2__pipe_cvt (VX_pipe_register_1_1) 2.71e-03 1.29e-02    0.608 1.62e-02   0.1
        g_shift_register (VX_shift_register_64_0_1_0_1) 2.66e-03 1.29e-02    0.602 1.62e-02   0.1
      g_cvt_2__cvt_col_bf16 (bf16_to_fp32_dw_2) 7.12e-05 1.55e-04    0.107 3.33e-04   0.0
      g_cvt_2__cvt_row_bf16 (bf16_to_fp32_dw_3) 5.32e-05 1.10e-04    0.107 2.71e-04   0.0
      g_cvt_2__cvt_col_fp16 (fp16_to_fp32_dw_2) 6.90e-04 5.35e-04    0.317 1.54e-03   0.0
      g_cvt_2__cvt_row_fp16 (fp16_to_fp32_dw_3) 5.43e-04 4.10e-04    0.317 1.27e-03   0.0
      g_cvt_1__pipe_cvt (VX_pipe_register_1_2) 2.75e-03 1.29e-02    0.621 1.63e-02   0.1
        g_shift_register (VX_shift_register_64_0_1_0_2) 2.58e-03 1.29e-02    0.602 1.61e-02   0.1
      g_cvt_1__cvt_col_bf16 (bf16_to_fp32_dw_4) 7.32e-05 1.55e-04    0.107 3.36e-04   0.0
      g_cvt_1__cvt_row_bf16 (bf16_to_fp32_dw_5) 5.28e-05 1.12e-04    0.107 2.72e-04   0.0
      g_cvt_1__cvt_col_fp16 (fp16_to_fp32_dw_4) 7.00e-04 5.41e-04    0.317 1.56e-03   0.0
      g_cvt_1__cvt_row_fp16 (fp16_to_fp32_dw_5) 5.64e-04 4.07e-04    0.317 1.29e-03   0.0
      g_cvt_0__pipe_cvt (VX_pipe_register_1_3) 2.67e-03 1.29e-02    0.608 1.62e-02   0.1
        g_shift_register (VX_shift_register_64_0_1_0_3) 2.62e-03 1.29e-02    0.602 1.61e-02   0.1
      g_cvt_0__cvt_col_bf16 (bf16_to_fp32_dw_6) 7.14e-05 1.55e-04    0.107 3.34e-04   0.0
      g_cvt_0__cvt_row_bf16 (bf16_to_fp32_dw_7) 4.92e-05 1.11e-04    0.107 2.67e-04   0.0
      g_cvt_0__cvt_col_fp16 (fp16_to_fp32_dw_6) 6.83e-04 5.36e-04    0.317 1.54e-03   0.0
      g_cvt_0__cvt_row_fp16 (fp16_to_fp32_dw_7) 5.46e-04 4.04e-04    0.317 1.27e-03   0.0
    g_i_3__g_j_1____buffer_ex (VX_pipe_register_16) 9.67e-03 5.33e-02    2.453 6.55e-02   0.3
      g_shift_register (VX_shift_register_326_0_1_0_8) 9.67e-03 5.33e-02    2.453 6.55e-02   0.3
    g_i_3__g_j_0__fedp (VX_tcu_fedp_dw_1)    0.268    1.236   92.754    1.597   8.4
      pipe_acc (VX_pipe_register_3_4)  1.96e-02    0.122    5.253    0.147   0.8
        g_shift_register (VX_shift_register_32_0_11_0_4) 1.96e-02    0.122    5.253    0.147   0.8
      pipe_c (VX_pipe_register_4_1)    4.37e-02    0.319   14.859    0.378   2.0
        g_shift_register (VX_shift_register_32_0_31_0_1) 4.37e-02    0.319   14.859    0.378   2.0
      g_red_tree_1__g_add_0__pipe_red (VX_pipe_register_3_5) 1.58e-02    0.114    5.186    0.135   0.7
        g_shift_register (VX_shift_register_32_0_11_0_5) 1.58e-02    0.114    5.186    0.135   0.7
      g_red_tree_0__g_add_1__pipe_red (VX_pipe_register_3_6) 1.68e-02    0.116    5.195    0.138   0.7
        g_shift_register (VX_shift_register_32_0_11_0_6) 1.68e-02    0.116    5.195    0.138   0.7
      g_red_tree_0__g_add_0__pipe_red (VX_pipe_register_3_7) 1.78e-02    0.116    5.193    0.139   0.7
        g_shift_register (VX_shift_register_32_0_11_0_7) 1.78e-02    0.116    5.193    0.139   0.7
      g_prod_3__pipe_mult (VX_pipe_register_2_4) 1.14e-02 8.15e-02    3.772 9.67e-02   0.5
        g_shift_register (VX_shift_register_32_0_8_0_4) 1.14e-02 8.15e-02    3.772 9.67e-02   0.5
      g_prod_2__pipe_mult (VX_pipe_register_2_5) 1.16e-02 8.01e-02    3.769 9.54e-02   0.5
        g_shift_register (VX_shift_register_32_0_8_0_5) 1.16e-02 8.01e-02    3.769 9.54e-02   0.5
      g_prod_1__pipe_mult (VX_pipe_register_2_6) 1.24e-02 8.13e-02    3.771 9.74e-02   0.5
        g_shift_register (VX_shift_register_32_0_8_0_6) 1.24e-02 8.13e-02    3.771 9.74e-02   0.5
      g_prod_0__pipe_mult (VX_pipe_register_2_7) 1.11e-02 8.00e-02    3.768 9.49e-02   0.5
        g_shift_register (VX_shift_register_32_0_8_0_7) 1.11e-02 8.00e-02    3.768 9.49e-02   0.5
      g_cvt_3__pipe_cvt (VX_pipe_register_1_4) 2.72e-03 1.29e-02    0.608 1.62e-02   0.1
        g_shift_register (VX_shift_register_64_0_1_0_4) 2.65e-03 1.29e-02    0.602 1.62e-02   0.1
      g_cvt_3__cvt_col_bf16 (bf16_to_fp32_dw_8) 7.88e-05 1.56e-04    0.107 3.42e-04   0.0
      g_cvt_3__cvt_row_bf16 (bf16_to_fp32_dw_9) 4.42e-05 1.09e-04    0.107 2.61e-04   0.0
      g_cvt_3__cvt_col_fp16 (fp16_to_fp32_dw_8) 7.22e-04 5.44e-04    0.317 1.58e-03   0.0
      g_cvt_3__cvt_row_fp16 (fp16_to_fp32_dw_9) 5.44e-04 4.03e-04    0.317 1.26e-03   0.0
      g_cvt_2__pipe_cvt (VX_pipe_register_1_5) 2.76e-03 1.29e-02    0.602 1.63e-02   0.1
        g_shift_register (VX_shift_register_64_0_1_0_5) 2.76e-03 1.29e-02    0.602 1.63e-02   0.1
      g_cvt_2__cvt_col_bf16 (bf16_to_fp32_dw_10) 8.20e-05 1.56e-04    0.107 3.46e-04   0.0
      g_cvt_2__cvt_row_bf16 (bf16_to_fp32_dw_11) 6.46e-05 1.10e-04    0.107 2.82e-04   0.0
      g_cvt_2__cvt_col_fp16 (fp16_to_fp32_dw_10) 7.55e-04 5.40e-04    0.317 1.61e-03   0.0
      g_cvt_2__cvt_row_fp16 (fp16_to_fp32_dw_11) 5.41e-04 4.08e-04    0.317 1.27e-03   0.0
      g_cvt_1__pipe_cvt (VX_pipe_register_1_6) 2.74e-03 1.29e-02    0.614 1.63e-02   0.1
        g_shift_register (VX_shift_register_64_0_1_0_6) 2.67e-03 1.29e-02    0.602 1.62e-02   0.1
      g_cvt_1__cvt_col_bf16 (bf16_to_fp32_dw_12) 7.76e-05 1.55e-04    0.107 3.40e-04   0.0
      g_cvt_1__cvt_row_bf16 (bf16_to_fp32_dw_13) 5.70e-05 1.10e-04    0.107 2.74e-04   0.0
      g_cvt_1__cvt_col_fp16 (fp16_to_fp32_dw_12) 7.23e-04 5.40e-04    0.317 1.58e-03   0.0
      g_cvt_1__cvt_row_fp16 (fp16_to_fp32_dw_13) 5.52e-04 4.07e-04    0.317 1.28e-03   0.0
      g_cvt_0__pipe_cvt (VX_pipe_register_1_7) 2.68e-03 1.29e-02    0.614 1.62e-02   0.1
        g_shift_register (VX_shift_register_64_0_1_0_7) 2.59e-03 1.29e-02    0.602 1.61e-02   0.1
      g_cvt_0__cvt_col_bf16 (bf16_to_fp32_dw_14) 7.43e-05 1.56e-04    0.107 3.38e-04   0.0
      g_cvt_0__cvt_row_bf16 (bf16_to_fp32_dw_15) 4.55e-05 1.10e-04    0.107 2.63e-04   0.0
      g_cvt_0__cvt_col_fp16 (fp16_to_fp32_dw_14) 7.34e-04 5.44e-04    0.317 1.59e-03   0.0
      g_cvt_0__cvt_row_fp16 (fp16_to_fp32_dw_15) 5.46e-04 4.01e-04    0.317 1.26e-03   0.0
    g_i_3__g_j_0____buffer_ex (VX_pipe_register_17) 9.35e-03 5.33e-02    2.453 6.52e-02   0.3
      g_shift_register (VX_shift_register_326_0_1_0_9) 9.35e-03 5.33e-02    2.453 6.52e-02   0.3
    g_i_2__g_j_1__fedp (VX_tcu_fedp_dw_2)    0.267    1.237   92.700    1.597   8.4
      pipe_acc (VX_pipe_register_3_8)  1.90e-02    0.122    5.252    0.146   0.8
        g_shift_register (VX_shift_register_32_0_11_0_8) 1.90e-02    0.122    5.252    0.146   0.8
      pipe_c (VX_pipe_register_4_2)    4.22e-02    0.319   14.860    0.376   2.0
        g_shift_register (VX_shift_register_32_0_31_0_2) 4.22e-02    0.319   14.860    0.376   2.0
      g_red_tree_1__g_add_0__pipe_red (VX_pipe_register_3_9) 1.67e-02    0.114    5.186    0.136   0.7
        g_shift_register (VX_shift_register_32_0_11_0_9) 1.67e-02    0.114    5.186    0.136   0.7
      g_red_tree_0__g_add_1__pipe_red (VX_pipe_register_3_10) 1.67e-02    0.116    5.195    0.138   0.7
        g_shift_register (VX_shift_register_32_0_11_0_10) 1.67e-02    0.116    5.195    0.138   0.7
      g_red_tree_0__g_add_0__pipe_red (VX_pipe_register_3_11) 1.73e-02    0.115    5.192    0.138   0.7
        g_shift_register (VX_shift_register_32_0_11_0_11) 1.73e-02    0.115    5.192    0.138   0.7
      g_prod_3__pipe_mult (VX_pipe_register_2_8) 1.15e-02 8.16e-02    3.772 9.69e-02   0.5
        g_shift_register (VX_shift_register_32_0_8_0_8) 1.15e-02 8.16e-02    3.772 9.69e-02   0.5
      g_prod_2__pipe_mult (VX_pipe_register_2_9) 1.11e-02 8.01e-02    3.769 9.49e-02   0.5
        g_shift_register (VX_shift_register_32_0_8_0_9) 1.11e-02 8.01e-02    3.769 9.49e-02   0.5
      g_prod_1__pipe_mult (VX_pipe_register_2_10) 1.20e-02 8.13e-02    3.772 9.70e-02   0.5
        g_shift_register (VX_shift_register_32_0_8_0_10) 1.20e-02 8.13e-02    3.772 9.70e-02   0.5
      g_prod_0__pipe_mult (VX_pipe_register_2_11) 1.09e-02 8.00e-02    3.768 9.46e-02   0.5
        g_shift_register (VX_shift_register_32_0_8_0_11) 1.09e-02 8.00e-02    3.768 9.46e-02   0.5
      g_cvt_3__pipe_cvt (VX_pipe_register_1_8) 2.78e-03 1.29e-02    0.602 1.63e-02   0.1
        g_shift_register (VX_shift_register_64_0_1_0_8) 2.78e-03 1.29e-02    0.602 1.63e-02   0.1
      g_cvt_3__cvt_col_bf16 (bf16_to_fp32_dw_16) 7.48e-05 1.55e-04    0.107 3.37e-04   0.0
      g_cvt_3__cvt_row_bf16 (bf16_to_fp32_dw_17) 5.23e-05 1.09e-04    0.107 2.69e-04   0.0
      g_cvt_3__cvt_col_fp16 (fp16_to_fp32_dw_16) 7.44e-04 5.40e-04    0.317 1.60e-03   0.0
      g_cvt_3__cvt_row_fp16 (fp16_to_fp32_dw_17) 5.82e-04 4.10e-04    0.319 1.31e-03   0.0
      g_cvt_2__pipe_cvt (VX_pipe_register_1_9) 2.79e-03 1.29e-02    0.602 1.63e-02   0.1
        g_shift_register (VX_shift_register_64_0_1_0_9) 2.79e-03 1.29e-02    0.602 1.63e-02   0.1
      g_cvt_2__cvt_col_bf16 (bf16_to_fp32_dw_18) 7.45e-05 1.56e-04    0.107 3.38e-04   0.0
      g_cvt_2__cvt_row_bf16 (bf16_to_fp32_dw_19) 5.09e-05 1.10e-04    0.107 2.69e-04   0.0
      g_cvt_2__cvt_col_fp16 (fp16_to_fp32_dw_18) 8.61e-04 5.45e-04    0.319 1.72e-03   0.0
      g_cvt_2__cvt_row_fp16 (fp16_to_fp32_dw_19) 5.75e-04 4.14e-04    0.317 1.31e-03   0.0
      g_cvt_1__pipe_cvt (VX_pipe_register_1_10) 2.74e-03 1.29e-02    0.627 1.63e-02   0.1
        g_shift_register (VX_shift_register_64_0_1_0_10) 2.60e-03 1.29e-02    0.602 1.61e-02   0.1
      g_cvt_1__cvt_col_bf16 (bf16_to_fp32_dw_20) 7.24e-05 1.55e-04    0.107 3.34e-04   0.0
      g_cvt_1__cvt_row_bf16 (bf16_to_fp32_dw_21) 5.31e-05 1.11e-04    0.107 2.71e-04   0.0
      g_cvt_1__cvt_col_fp16 (fp16_to_fp32_dw_20) 7.22e-04 5.40e-04    0.317 1.58e-03   0.0
      g_cvt_1__cvt_row_fp16 (fp16_to_fp32_dw_21) 5.92e-04 4.12e-04    0.317 1.32e-03   0.0
      g_cvt_0__pipe_cvt (VX_pipe_register_1_11) 2.71e-03 1.29e-02    0.608 1.63e-02   0.1
        g_shift_register (VX_shift_register_64_0_1_0_11) 2.65e-03 1.29e-02    0.602 1.62e-02   0.1
      g_cvt_0__cvt_col_bf16 (bf16_to_fp32_dw_22) 7.70e-05 1.55e-04    0.107 3.40e-04   0.0
      g_cvt_0__cvt_row_bf16 (bf16_to_fp32_dw_23) 4.64e-05 1.11e-04    0.107 2.64e-04   0.0
      g_cvt_0__cvt_col_fp16 (fp16_to_fp32_dw_22) 7.12e-04 5.35e-04    0.317 1.56e-03   0.0
      g_cvt_0__cvt_row_fp16 (fp16_to_fp32_dw_23) 5.37e-04 4.08e-04    0.317 1.26e-03   0.0
    g_i_2__g_j_1____buffer_ex (VX_pipe_register_18) 1.03e-02 5.33e-02    2.453 6.60e-02   0.3
      g_shift_register (VX_shift_register_326_0_1_0_10) 1.03e-02 5.33e-02    2.453 6.60e-02   0.3
    g_i_2__g_j_0__fedp (VX_tcu_fedp_dw_3)    0.271    1.237   92.803    1.601   8.5
      pipe_acc (VX_pipe_register_3_12) 2.17e-02    0.122    5.252    0.149   0.8
        g_shift_register (VX_shift_register_32_0_11_0_12) 2.17e-02    0.122    5.252    0.149   0.8
      pipe_c (VX_pipe_register_4_3)    4.23e-02    0.319   14.859    0.376   2.0
        g_shift_register (VX_shift_register_32_0_31_0_3) 4.23e-02    0.319   14.859    0.376   2.0
      g_red_tree_1__g_add_0__pipe_red (VX_pipe_register_3_13) 1.60e-02    0.114    5.186    0.135   0.7
        g_shift_register (VX_shift_register_32_0_11_0_13) 1.60e-02    0.114    5.186    0.135   0.7
      g_red_tree_0__g_add_1__pipe_red (VX_pipe_register_3_14) 1.67e-02    0.116    5.194    0.138   0.7
        g_shift_register (VX_shift_register_32_0_11_0_14) 1.67e-02    0.116    5.194    0.138   0.7
      g_red_tree_0__g_add_0__pipe_red (VX_pipe_register_3_15) 1.72e-02    0.116    5.193    0.138   0.7
        g_shift_register (VX_shift_register_32_0_11_0_15) 1.72e-02    0.116    5.193    0.138   0.7
      g_prod_3__pipe_mult (VX_pipe_register_2_12) 1.14e-02 8.15e-02    3.772 9.67e-02   0.5
        g_shift_register (VX_shift_register_32_0_8_0_12) 1.14e-02 8.15e-02    3.772 9.67e-02   0.5
      g_prod_2__pipe_mult (VX_pipe_register_2_13) 1.12e-02 8.00e-02    3.769 9.50e-02   0.5
        g_shift_register (VX_shift_register_32_0_8_0_13) 1.12e-02 8.00e-02    3.769 9.50e-02   0.5
      g_prod_1__pipe_mult (VX_pipe_register_2_14) 1.19e-02 8.13e-02    3.772 9.70e-02   0.5
        g_shift_register (VX_shift_register_32_0_8_0_14) 1.19e-02 8.13e-02    3.772 9.70e-02   0.5
      g_prod_0__pipe_mult (VX_pipe_register_2_15) 1.09e-02 8.01e-02    3.768 9.48e-02   0.5
        g_shift_register (VX_shift_register_32_0_8_0_15) 1.09e-02 8.01e-02    3.768 9.48e-02   0.5
      g_cvt_3__pipe_cvt (VX_pipe_register_1_12) 2.74e-03 1.29e-02    0.602 1.63e-02   0.1
        g_shift_register (VX_shift_register_64_0_1_0_12) 2.74e-03 1.29e-02    0.602 1.63e-02   0.1
      g_cvt_3__cvt_col_bf16 (bf16_to_fp32_dw_24) 7.69e-05 1.57e-04    0.107 3.41e-04   0.0
      g_cvt_3__cvt_row_bf16 (bf16_to_fp32_dw_25) 4.81e-05 1.10e-04    0.107 2.65e-04   0.0
      g_cvt_3__cvt_col_fp16 (fp16_to_fp32_dw_24) 7.89e-04 5.45e-04    0.319 1.65e-03   0.0
      g_cvt_3__cvt_row_fp16 (fp16_to_fp32_dw_25) 5.45e-04 4.09e-04    0.317 1.27e-03   0.0
      g_cvt_2__pipe_cvt (VX_pipe_register_1_13) 2.78e-03 1.29e-02    0.608 1.63e-02   0.1
        g_shift_register (VX_shift_register_64_0_1_0_13) 2.77e-03 1.29e-02    0.602 1.63e-02   0.1
      g_cvt_2__cvt_col_bf16 (bf16_to_fp32_dw_26) 8.55e-05 1.60e-04    0.107 3.53e-04   0.0
      g_cvt_2__cvt_row_bf16 (bf16_to_fp32_dw_27) 6.15e-05 1.11e-04    0.107 2.79e-04   0.0
      g_cvt_2__cvt_col_fp16 (fp16_to_fp32_dw_26) 7.79e-04 5.45e-04    0.317 1.64e-03   0.0
      g_cvt_2__cvt_row_fp16 (fp16_to_fp32_dw_27) 5.41e-04 4.13e-04    0.317 1.27e-03   0.0
      g_cvt_1__pipe_cvt (VX_pipe_register_1_14) 2.81e-03 1.29e-02    0.608 1.64e-02   0.1
        g_shift_register (VX_shift_register_64_0_1_0_14) 2.79e-03 1.29e-02    0.602 1.63e-02   0.1
      g_cvt_1__cvt_col_bf16 (bf16_to_fp32_dw_28) 7.87e-05 1.55e-04    0.107 3.41e-04   0.0
      g_cvt_1__cvt_row_bf16 (bf16_to_fp32_dw_29) 5.20e-05 1.10e-04    0.107 2.69e-04   0.0
      g_cvt_1__cvt_col_fp16 (fp16_to_fp32_dw_28) 7.59e-04 5.40e-04    0.317 1.62e-03   0.0
      g_cvt_1__cvt_row_fp16 (fp16_to_fp32_dw_29) 5.34e-04 4.09e-04    0.317 1.26e-03   0.0
      g_cvt_0__pipe_cvt (VX_pipe_register_1_15) 2.70e-03 1.29e-02    0.602 1.62e-02   0.1
        g_shift_register (VX_shift_register_64_0_1_0_15) 2.70e-03 1.29e-02    0.602 1.62e-02   0.1
      g_cvt_0__cvt_col_bf16 (bf16_to_fp32_dw_30) 8.55e-05 1.57e-04    0.107 3.50e-04   0.0
      g_cvt_0__cvt_row_bf16 (bf16_to_fp32_dw_31) 4.78e-05 1.11e-04    0.107 2.66e-04   0.0
      g_cvt_0__cvt_col_fp16 (fp16_to_fp32_dw_30) 7.75e-04 5.47e-04    0.319 1.64e-03   0.0
      g_cvt_0__cvt_row_fp16 (fp16_to_fp32_dw_31) 5.42e-04 4.09e-04    0.317 1.27e-03   0.0
    g_i_2__g_j_0____buffer_ex (VX_pipe_register_19) 1.05e-02 5.34e-02    2.453 6.63e-02   0.3
      g_shift_register (VX_shift_register_326_0_1_0_11) 1.05e-02 5.34e-02    2.453 6.63e-02   0.3
    g_i_1__g_j_1__fedp (VX_tcu_fedp_dw_4)    0.268    1.235   92.769    1.596   8.4
      pipe_acc (VX_pipe_register_3_16) 1.79e-02    0.122    5.253    0.145   0.8
        g_shift_register (VX_shift_register_32_0_11_0_16) 1.79e-02    0.122    5.253    0.145   0.8
      pipe_c (VX_pipe_register_4_4)    4.32e-02    0.319   14.862    0.377   2.0
        g_shift_register (VX_shift_register_32_0_31_0_4) 4.32e-02    0.319   14.862    0.377   2.0
      g_red_tree_1__g_add_0__pipe_red (VX_pipe_register_3_17) 1.73e-02    0.114    5.185    0.136   0.7
        g_shift_register (VX_shift_register_32_0_11_0_17) 1.73e-02    0.114    5.185    0.136   0.7
      g_red_tree_0__g_add_1__pipe_red (VX_pipe_register_3_18) 1.86e-02    0.116    5.196    0.140   0.7
        g_shift_register (VX_shift_register_32_0_11_0_18) 1.86e-02    0.116    5.196    0.140   0.7
      g_red_tree_0__g_add_0__pipe_red (VX_pipe_register_3_19) 1.61e-02    0.115    5.192    0.136   0.7
        g_shift_register (VX_shift_register_32_0_11_0_19) 1.61e-02    0.115    5.192    0.136   0.7
      g_prod_3__pipe_mult (VX_pipe_register_2_16) 1.23e-02 8.15e-02    3.772 9.76e-02   0.5
        g_shift_register (VX_shift_register_32_0_8_0_16) 1.23e-02 8.15e-02    3.772 9.76e-02   0.5
      g_prod_2__pipe_mult (VX_pipe_register_2_17) 1.18e-02 8.01e-02    3.769 9.57e-02   0.5
        g_shift_register (VX_shift_register_32_0_8_0_17) 1.18e-02 8.01e-02    3.769 9.57e-02   0.5
      g_prod_1__pipe_mult (VX_pipe_register_2_18) 1.14e-02 8.12e-02    3.771 9.64e-02   0.5
        g_shift_register (VX_shift_register_32_0_8_0_18) 1.14e-02 8.12e-02    3.771 9.64e-02   0.5
      g_prod_0__pipe_mult (VX_pipe_register_2_19) 1.12e-02 8.00e-02    3.768 9.50e-02   0.5
        g_shift_register (VX_shift_register_32_0_8_0_19) 1.12e-02 8.00e-02    3.768 9.50e-02   0.5
      g_cvt_3__pipe_cvt (VX_pipe_register_1_16) 2.75e-03 1.29e-02    0.608 1.63e-02   0.1
        g_shift_register (VX_shift_register_64_0_1_0_16) 2.69e-03 1.29e-02    0.602 1.62e-02   0.1
      g_cvt_3__cvt_col_bf16 (bf16_to_fp32_dw_32) 8.39e-05 1.56e-04    0.107 3.47e-04   0.0
      g_cvt_3__cvt_row_bf16 (bf16_to_fp32_dw_33) 7.39e-05 1.10e-04    0.107 2.91e-04   0.0
      g_cvt_3__cvt_col_fp16 (fp16_to_fp32_dw_32) 7.72e-04 5.42e-04    0.319 1.63e-03   0.0
      g_cvt_3__cvt_row_fp16 (fp16_to_fp32_dw_33) 6.53e-04 4.10e-04    0.320 1.38e-03   0.0
      g_cvt_2__pipe_cvt (VX_pipe_register_1_17) 2.73e-03 1.29e-02    0.602 1.63e-02   0.1
        g_shift_register (VX_shift_register_64_0_1_0_17) 2.73e-03 1.29e-02    0.602 1.63e-02   0.1
      g_cvt_2__cvt_col_bf16 (bf16_to_fp32_dw_34) 6.54e-05 1.55e-04    0.107 3.27e-04   0.0
      g_cvt_2__cvt_row_bf16 (bf16_to_fp32_dw_35) 5.45e-05 1.11e-04    0.107 2.73e-04   0.0
      g_cvt_2__cvt_col_fp16 (fp16_to_fp32_dw_34) 7.55e-04 5.37e-04    0.317 1.61e-03   0.0
      g_cvt_2__cvt_row_fp16 (fp16_to_fp32_dw_35) 5.57e-04 4.12e-04    0.317 1.29e-03   0.0
      g_cvt_1__pipe_cvt (VX_pipe_register_1_18) 2.75e-03 1.29e-02    0.614 1.63e-02   0.1
        g_shift_register (VX_shift_register_64_0_1_0_18) 2.68e-03 1.29e-02    0.602 1.62e-02   0.1
      g_cvt_1__cvt_col_bf16 (bf16_to_fp32_dw_36) 6.90e-05 1.55e-04    0.107 3.31e-04   0.0
      g_cvt_1__cvt_row_bf16 (bf16_to_fp32_dw_37) 6.66e-05 1.11e-04    0.107 2.85e-04   0.0
      g_cvt_1__cvt_col_fp16 (fp16_to_fp32_dw_36) 6.99e-04 5.42e-04    0.317 1.56e-03   0.0
      g_cvt_1__cvt_row_fp16 (fp16_to_fp32_dw_37) 6.22e-04 4.11e-04    0.319 1.35e-03   0.0
      g_cvt_0__pipe_cvt (VX_pipe_register_1_19) 2.67e-03 1.29e-02    0.614 1.62e-02   0.1
        g_shift_register (VX_shift_register_64_0_1_0_19) 2.56e-03 1.29e-02    0.602 1.61e-02   0.1
      g_cvt_0__cvt_col_bf16 (bf16_to_fp32_dw_38) 6.11e-05 1.55e-04    0.107 3.24e-04   0.0
      g_cvt_0__cvt_row_bf16 (bf16_to_fp32_dw_39) 4.96e-05 1.10e-04    0.107 2.67e-04   0.0
      g_cvt_0__cvt_col_fp16 (fp16_to_fp32_dw_38) 7.06e-04 5.37e-04    0.317 1.56e-03   0.0
      g_cvt_0__cvt_row_fp16 (fp16_to_fp32_dw_39) 6.17e-04 4.15e-04    0.324 1.36e-03   0.0
    g_i_1__g_j_1____buffer_ex (VX_pipe_register_20) 1.00e-02 5.33e-02    2.453 6.58e-02   0.3
      g_shift_register (VX_shift_register_326_0_1_0_12) 1.00e-02 5.33e-02    2.453 6.58e-02   0.3
    g_i_1__g_j_0__fedp (VX_tcu_fedp_dw_5)    0.271    1.239   92.668    1.603   8.5
      pipe_acc (VX_pipe_register_3_20) 1.75e-02    0.123    5.252    0.145   0.8
        g_shift_register (VX_shift_register_32_0_11_0_20) 1.75e-02    0.123    5.252    0.145   0.8
      pipe_c (VX_pipe_register_4_5)    4.33e-02    0.319   14.858    0.377   2.0
        g_shift_register (VX_shift_register_32_0_31_0_5) 4.33e-02    0.319   14.858    0.377   2.0
      g_red_tree_1__g_add_0__pipe_red (VX_pipe_register_3_21) 1.78e-02    0.115    5.189    0.138   0.7
        g_shift_register (VX_shift_register_32_0_11_0_21) 1.78e-02    0.115    5.189    0.138   0.7
      g_red_tree_0__g_add_1__pipe_red (VX_pipe_register_3_22) 1.87e-02    0.117    5.197    0.141   0.7
        g_shift_register (VX_shift_register_32_0_11_0_22) 1.87e-02    0.117    5.197    0.141   0.7
      g_red_tree_0__g_add_0__pipe_red (VX_pipe_register_3_23) 1.70e-02    0.115    5.193    0.137   0.7
        g_shift_register (VX_shift_register_32_0_11_0_23) 1.70e-02    0.115    5.193    0.137   0.7
      g_prod_3__pipe_mult (VX_pipe_register_2_20) 1.25e-02 8.15e-02    3.772 9.78e-02   0.5
        g_shift_register (VX_shift_register_32_0_8_0_20) 1.25e-02 8.15e-02    3.772 9.78e-02   0.5
      g_prod_2__pipe_mult (VX_pipe_register_2_21) 1.18e-02 8.01e-02    3.769 9.56e-02   0.5
        g_shift_register (VX_shift_register_32_0_8_0_21) 1.18e-02 8.01e-02    3.769 9.56e-02   0.5
      g_prod_1__pipe_mult (VX_pipe_register_2_22) 1.27e-02 8.13e-02    3.772 9.78e-02   0.5
        g_shift_register (VX_shift_register_32_0_8_0_22) 1.27e-02 8.13e-02    3.772 9.78e-02   0.5
      g_prod_0__pipe_mult (VX_pipe_register_2_23) 1.14e-02 8.01e-02    3.768 9.52e-02   0.5
        g_shift_register (VX_shift_register_32_0_8_0_23) 1.14e-02 8.01e-02    3.768 9.52e-02   0.5
      g_cvt_3__pipe_cvt (VX_pipe_register_1_20) 2.72e-03 1.29e-02    0.602 1.62e-02   0.1
        g_shift_register (VX_shift_register_64_0_1_0_20) 2.72e-03 1.29e-02    0.602 1.62e-02   0.1
      g_cvt_3__cvt_col_bf16 (bf16_to_fp32_dw_40) 7.54e-05 1.56e-04    0.107 3.39e-04   0.0
      g_cvt_3__cvt_row_bf16 (bf16_to_fp32_dw_41) 5.26e-05 1.10e-04    0.107 2.70e-04   0.0
      g_cvt_3__cvt_col_fp16 (fp16_to_fp32_dw_40) 7.20e-04 5.42e-04    0.317 1.58e-03   0.0
      g_cvt_3__cvt_row_fp16 (fp16_to_fp32_dw_41) 5.75e-04 4.09e-04    0.317 1.30e-03   0.0
      g_cvt_2__pipe_cvt (VX_pipe_register_1_21) 2.72e-03 1.29e-02    0.608 1.63e-02   0.1
        g_shift_register (VX_shift_register_64_0_1_0_21) 2.70e-03 1.29e-02    0.602 1.62e-02   0.1
      g_cvt_2__cvt_col_bf16 (bf16_to_fp32_dw_42) 7.03e-05 1.56e-04    0.107 3.33e-04   0.0
      g_cvt_2__cvt_row_bf16 (bf16_to_fp32_dw_43) 4.52e-05 1.11e-04    0.107 2.63e-04   0.0
      g_cvt_2__cvt_col_fp16 (fp16_to_fp32_dw_42) 7.07e-04 5.42e-04    0.317 1.57e-03   0.0
      g_cvt_2__cvt_row_fp16 (fp16_to_fp32_dw_43) 5.48e-04 4.08e-04    0.317 1.27e-03   0.0
      g_cvt_1__pipe_cvt (VX_pipe_register_1_22) 2.75e-03 1.29e-02    0.602 1.63e-02   0.1
        g_shift_register (VX_shift_register_64_0_1_0_22) 2.75e-03 1.29e-02    0.602 1.63e-02   0.1
      g_cvt_1__cvt_col_bf16 (bf16_to_fp32_dw_44) 7.54e-05 1.55e-04    0.107 3.38e-04   0.0
      g_cvt_1__cvt_row_bf16 (bf16_to_fp32_dw_45) 5.39e-05 1.10e-04    0.107 2.71e-04   0.0
      g_cvt_1__cvt_col_fp16 (fp16_to_fp32_dw_44) 7.19e-04 5.38e-04    0.317 1.57e-03   0.0
      g_cvt_1__cvt_row_fp16 (fp16_to_fp32_dw_45) 5.59e-04 4.06e-04    0.317 1.28e-03   0.0
      g_cvt_0__pipe_cvt (VX_pipe_register_1_23) 2.67e-03 1.29e-02    0.602 1.62e-02   0.1
        g_shift_register (VX_shift_register_64_0_1_0_23) 2.67e-03 1.29e-02    0.602 1.62e-02   0.1
      g_cvt_0__cvt_col_bf16 (bf16_to_fp32_dw_46) 8.48e-05 1.57e-04    0.107 3.49e-04   0.0
      g_cvt_0__cvt_row_bf16 (bf16_to_fp32_dw_47) 5.64e-05 1.10e-04    0.107 2.73e-04   0.0
      g_cvt_0__cvt_col_fp16 (fp16_to_fp32_dw_46) 7.06e-04 5.43e-04    0.317 1.57e-03   0.0
      g_cvt_0__cvt_row_fp16 (fp16_to_fp32_dw_47) 5.45e-04 4.09e-04    0.317 1.27e-03   0.0
    g_i_1__g_j_0____buffer_ex (VX_pipe_register_21) 9.61e-03 5.34e-02    2.453 6.54e-02   0.3
      g_shift_register (VX_shift_register_326_0_1_0_13) 9.61e-03 5.34e-02    2.453 6.54e-02   0.3
    g_i_0__g_j_1__fedp (VX_tcu_fedp_dw_6)    0.266    1.234   92.731    1.593   8.4
      pipe_acc (VX_pipe_register_3_24) 1.97e-02    0.122    5.251    0.147   0.8
        g_shift_register (VX_shift_register_32_0_11_0_24) 1.97e-02    0.122    5.251    0.147   0.8
      pipe_c (VX_pipe_register_4_6)    4.29e-02    0.319   14.860    0.377   2.0
        g_shift_register (VX_shift_register_32_0_31_0_6) 4.29e-02    0.319   14.860    0.377   2.0
      g_red_tree_1__g_add_0__pipe_red (VX_pipe_register_3_25) 1.69e-02    0.114    5.186    0.136   0.7
        g_shift_register (VX_shift_register_32_0_11_0_25) 1.69e-02    0.114    5.186    0.136   0.7
      g_red_tree_0__g_add_1__pipe_red (VX_pipe_register_3_26) 1.67e-02    0.116    5.195    0.138   0.7
        g_shift_register (VX_shift_register_32_0_11_0_26) 1.67e-02    0.116    5.195    0.138   0.7
      g_red_tree_0__g_add_0__pipe_red (VX_pipe_register_3_27) 1.70e-02    0.115    5.191    0.137   0.7
        g_shift_register (VX_shift_register_32_0_11_0_27) 1.70e-02    0.115    5.191    0.137   0.7
      g_prod_3__pipe_mult (VX_pipe_register_2_24) 1.21e-02 8.15e-02    3.772 9.74e-02   0.5
        g_shift_register (VX_shift_register_32_0_8_0_24) 1.21e-02 8.15e-02    3.772 9.74e-02   0.5
      g_prod_2__pipe_mult (VX_pipe_register_2_25) 1.11e-02 8.01e-02    3.769 9.50e-02   0.5
        g_shift_register (VX_shift_register_32_0_8_0_25) 1.11e-02 8.01e-02    3.769 9.50e-02   0.5
      g_prod_1__pipe_mult (VX_pipe_register_2_26) 1.14e-02 8.12e-02    3.771 9.64e-02   0.5
        g_shift_register (VX_shift_register_32_0_8_0_26) 1.14e-02 8.12e-02    3.771 9.64e-02   0.5
      g_prod_0__pipe_mult (VX_pipe_register_2_27) 1.13e-02 8.01e-02    3.768 9.52e-02   0.5
        g_shift_register (VX_shift_register_32_0_8_0_27) 1.13e-02 8.01e-02    3.768 9.52e-02   0.5
      g_cvt_3__pipe_cvt (VX_pipe_register_1_24) 2.74e-03 1.29e-02    0.614 1.63e-02   0.1
        g_shift_register (VX_shift_register_64_0_1_0_24) 2.63e-03 1.29e-02    0.602 1.62e-02   0.1
      g_cvt_3__cvt_col_bf16 (bf16_to_fp32_dw_48) 7.36e-05 1.55e-04    0.107 3.36e-04   0.0
      g_cvt_3__cvt_row_bf16 (bf16_to_fp32_dw_49) 5.81e-05 1.11e-04    0.107 2.76e-04   0.0
      g_cvt_3__cvt_col_fp16 (fp16_to_fp32_dw_48) 6.98e-04 5.42e-04    0.317 1.56e-03   0.0
      g_cvt_3__cvt_row_fp16 (fp16_to_fp32_dw_49) 5.91e-04 4.15e-04    0.317 1.32e-03   0.0
      g_cvt_2__pipe_cvt (VX_pipe_register_1_25) 2.78e-03 1.29e-02    0.602 1.63e-02   0.1
        g_shift_register (VX_shift_register_64_0_1_0_25) 2.78e-03 1.29e-02    0.602 1.63e-02   0.1
      g_cvt_2__cvt_col_bf16 (bf16_to_fp32_dw_50) 7.22e-05 1.55e-04    0.107 3.34e-04   0.0
      g_cvt_2__cvt_row_bf16 (bf16_to_fp32_dw_51) 5.38e-05 1.10e-04    0.107 2.71e-04   0.0
      g_cvt_2__cvt_col_fp16 (fp16_to_fp32_dw_50) 7.05e-04 5.38e-04    0.317 1.56e-03   0.0
      g_cvt_2__cvt_row_fp16 (fp16_to_fp32_dw_51) 5.59e-04 4.04e-04    0.317 1.28e-03   0.0
      g_cvt_1__pipe_cvt (VX_pipe_register_1_26) 2.75e-03 1.29e-02    0.602 1.63e-02   0.1
        g_shift_register (VX_shift_register_64_0_1_0_26) 2.75e-03 1.29e-02    0.602 1.63e-02   0.1
      g_cvt_1__cvt_col_bf16 (bf16_to_fp32_dw_52) 6.48e-05 1.55e-04    0.107 3.27e-04   0.0
      g_cvt_1__cvt_row_bf16 (bf16_to_fp32_dw_53) 5.27e-05 1.10e-04    0.107 2.70e-04   0.0
      g_cvt_1__cvt_col_fp16 (fp16_to_fp32_dw_52) 6.97e-04 5.42e-04    0.317 1.56e-03   0.0
      g_cvt_1__cvt_row_fp16 (fp16_to_fp32_dw_53) 5.56e-04 4.05e-04    0.317 1.28e-03   0.0
      g_cvt_0__pipe_cvt (VX_pipe_register_1_27) 2.74e-03 1.29e-02    0.602 1.63e-02   0.1
        g_shift_register (VX_shift_register_64_0_1_0_27) 2.74e-03 1.29e-02    0.602 1.63e-02   0.1
      g_cvt_0__cvt_col_bf16 (bf16_to_fp32_dw_54) 7.25e-05 1.55e-04    0.107 3.35e-04   0.0
      g_cvt_0__cvt_row_bf16 (bf16_to_fp32_dw_55) 5.43e-05 1.10e-04    0.107 2.72e-04   0.0
      g_cvt_0__cvt_col_fp16 (fp16_to_fp32_dw_54) 7.05e-04 5.36e-04    0.317 1.56e-03   0.0
      g_cvt_0__cvt_row_fp16 (fp16_to_fp32_dw_55) 5.58e-04 4.16e-04    0.317 1.29e-03   0.0
    g_i_0__g_j_1____buffer_ex (VX_pipe_register_22) 9.59e-03 5.33e-02    2.453 6.54e-02   0.3
      g_shift_register (VX_shift_register_326_0_1_0_14) 9.59e-03 5.33e-02    2.453 6.54e-02   0.3
    g_i_0__g_j_0__fedp (VX_tcu_fedp_dw_7)    0.269    1.236   92.817    1.598   8.4
      pipe_acc (VX_pipe_register_3_28) 1.96e-02    0.122    5.253    0.146   0.8
        g_shift_register (VX_shift_register_32_0_11_0_28) 1.96e-02    0.122    5.253    0.146   0.8
      pipe_c (VX_pipe_register_4_7)    4.29e-02    0.319   14.859    0.377   2.0
        g_shift_register (VX_shift_register_32_0_31_0_7) 4.29e-02    0.319   14.859    0.377   2.0
      g_red_tree_1__g_add_0__pipe_red (VX_pipe_register_3_29) 1.62e-02    0.114    5.186    0.135   0.7
        g_shift_register (VX_shift_register_32_0_11_0_29) 1.62e-02    0.114    5.186    0.135   0.7
      g_red_tree_0__g_add_1__pipe_red (VX_pipe_register_3_30) 1.67e-02    0.116    5.195    0.138   0.7
        g_shift_register (VX_shift_register_32_0_11_0_30) 1.67e-02    0.116    5.195    0.138   0.7
      g_red_tree_0__g_add_0__pipe_red (VX_pipe_register_3_31) 1.78e-02    0.115    5.192    0.138   0.7
        g_shift_register (VX_shift_register_32_0_11_0_31) 1.78e-02    0.115    5.192    0.138   0.7
      g_prod_3__pipe_mult (VX_pipe_register_2_28) 1.23e-02 8.16e-02    3.772 9.76e-02   0.5
        g_shift_register (VX_shift_register_32_0_8_0_28) 1.23e-02 8.16e-02    3.772 9.76e-02   0.5
      g_prod_2__pipe_mult (VX_pipe_register_2_29) 1.11e-02 8.01e-02    3.769 9.49e-02   0.5
        g_shift_register (VX_shift_register_32_0_8_0_29) 1.11e-02 8.01e-02    3.769 9.49e-02   0.5
      g_prod_1__pipe_mult (VX_pipe_register_2_30) 1.17e-02 8.12e-02    3.771 9.67e-02   0.5
        g_shift_register (VX_shift_register_32_0_8_0_30) 1.17e-02 8.12e-02    3.771 9.67e-02   0.5
      g_prod_0__pipe_mult (VX_pipe_register_2_31) 1.15e-02 8.01e-02    3.768 9.53e-02   0.5
        g_shift_register (VX_shift_register_32_0_8_0_31) 1.15e-02 8.01e-02    3.768 9.53e-02   0.5
      g_cvt_3__pipe_cvt (VX_pipe_register_1_28) 2.72e-03 1.29e-02    0.621 1.63e-02   0.1
        g_shift_register (VX_shift_register_64_0_1_0_28) 2.57e-03 1.29e-02    0.602 1.61e-02   0.1
      g_cvt_3__cvt_col_bf16 (bf16_to_fp32_dw_56) 7.24e-05 1.56e-04    0.107 3.36e-04   0.0
      g_cvt_3__cvt_row_bf16 (bf16_to_fp32_dw_57) 4.59e-05 1.10e-04    0.107 2.63e-04   0.0
      g_cvt_3__cvt_col_fp16 (fp16_to_fp32_dw_56) 7.25e-04 5.40e-04    0.317 1.58e-03   0.0
      g_cvt_3__cvt_row_fp16 (fp16_to_fp32_dw_57) 5.66e-04 4.17e-04    0.317 1.30e-03   0.0
      g_cvt_2__pipe_cvt (VX_pipe_register_1_29) 2.73e-03 1.29e-02    0.602 1.63e-02   0.1
        g_shift_register (VX_shift_register_64_0_1_0_29) 2.73e-03 1.29e-02    0.602 1.63e-02   0.1
      g_cvt_2__cvt_col_bf16 (bf16_to_fp32_dw_58) 6.76e-05 1.56e-04    0.107 3.31e-04   0.0
      g_cvt_2__cvt_row_bf16 (bf16_to_fp32_dw_59) 4.61e-05 1.10e-04    0.107 2.63e-04   0.0
      g_cvt_2__cvt_col_fp16 (fp16_to_fp32_dw_58) 7.20e-04 5.41e-04    0.317 1.58e-03   0.0
      g_cvt_2__cvt_row_fp16 (fp16_to_fp32_dw_59) 5.44e-04 4.03e-04    0.317 1.26e-03   0.0
      g_cvt_1__pipe_cvt (VX_pipe_register_1_30) 2.72e-03 1.29e-02    0.614 1.63e-02   0.1
        g_shift_register (VX_shift_register_64_0_1_0_30) 2.62e-03 1.29e-02    0.602 1.61e-02   0.1
      g_cvt_1__cvt_col_bf16 (bf16_to_fp32_dw_60) 7.53e-05 1.55e-04    0.107 3.37e-04   0.0
      g_cvt_1__cvt_row_bf16 (bf16_to_fp32_dw_61) 4.62e-05 1.10e-04    0.107 2.63e-04   0.0
      g_cvt_1__cvt_col_fp16 (fp16_to_fp32_dw_60) 7.29e-04 5.41e-04    0.317 1.59e-03   0.0
      g_cvt_1__cvt_row_fp16 (fp16_to_fp32_dw_61) 5.65e-04 4.05e-04    0.317 1.29e-03   0.0
      g_cvt_0__pipe_cvt (VX_pipe_register_1_31) 2.69e-03 1.29e-02    0.608 1.62e-02   0.1
        g_shift_register (VX_shift_register_64_0_1_0_31) 2.64e-03 1.29e-02    0.602 1.62e-02   0.1
      g_cvt_0__cvt_col_bf16 (bf16_to_fp32_dw_62) 7.05e-05 1.56e-04    0.107 3.34e-04   0.0
      g_cvt_0__cvt_row_bf16 (bf16_to_fp32_dw_63) 5.22e-05 1.10e-04    0.107 2.70e-04   0.0
      g_cvt_0__cvt_col_fp16 (fp16_to_fp32_dw_62) 6.99e-04 5.41e-04    0.317 1.56e-03   0.0
      g_cvt_0__cvt_row_fp16 (fp16_to_fp32_dw_63) 5.54e-04 4.16e-04    0.317 1.29e-03   0.0
    g_i_0__g_j_0____buffer_ex (VX_pipe_register_23) 9.44e-03 5.33e-02    2.453 6.52e-02   0.3
      g_shift_register (VX_shift_register_326_0_1_0_15) 9.44e-03 5.33e-02    2.453 6.52e-02   0.3
    mdata_queue (VX_fifo_queue)        1.20e-03 6.47e-02   82.025    0.148   0.8
      g_depth_n_dp_ram (VX_dp_ram)     1.01e-05 5.76e-02   79.923    0.138   0.7
      pending_size (VX_pending_size)   4.95e-04 2.96e-03    0.290 3.74e-03   0.0
  g_blocks_0__pe_switch (VX_pe_switch_h_786_242_253) 8.76e-02    0.143   29.790    0.261   1.4
    rsp_arb (VX_stream_arb)            3.04e-02    0.131   17.925    0.180   0.9
      g_input_select_g_arbiter_g_out_buf_0__out_buf (VX_elastic_buffer_596_2_1_0) 2.58e-02    0.126   14.723    0.166   0.9
        g_eb2_out_buf (VX_pipe_buffer_2) 4.58e-03 3.49e-03    2.149 1.02e-02   0.1
        g_eb2_stream_buffer (VX_stream_buffer_596_1) 2.12e-02    0.122   12.574    0.156   0.8
      g_input_select_g_arbiter_arbiter (VX_generic_arbiter) 1.16e-07 6.08e-04 8.37e-02 6.92e-04   0.0
        g_round_robin_rr_arbiter (VX_rr_arbiter) 1.16e-07 6.08e-04 7.75e-02 6.86e-04   0.0
          g_model1_onehot_encoder (VX_onehot_encoder)    0.000    0.000 1.23e-02 1.23e-05   0.0
    req_switch (VX_stream_switch)      5.63e-02 1.22e-02   11.825 8.02e-02   0.4
      g_out_buf_1__out_buf (VX_elastic_buffer_2_0) 1.87e-02 5.94e-03    5.666 3.03e-02   0.2
      g_out_buf_0__out_buf (VX_elastic_buffer_2_1) 3.76e-02 6.20e-03    6.131 4.99e-02   0.3
  dispatch_unit (VX_dispatch_unit_h_114_242_507)    0.103    0.431   39.023    0.572   3.0
    g_blocks_0__buf_out (VX_elastic_buffer)    0.103    0.431   39.023    0.572   3.0
      g_eb2_out_buf (VX_pipe_buffer)   3.00e-02 6.05e-03    5.673 4.17e-02   0.2
      g_eb2_stream_buffer (VX_stream_buffer_1692_1) 7.26e-02    0.425   33.351    0.531   2.8
1
