Information: Propagating switching activity (high effort zero delay simulation). (PWR-6)
Warning: Design has unannotated primary inputs. (PWR-414)
Warning: Design has unannotated sequential cell outputs. (PWR-415)
 
****************************************
Report : power
        -hier
        -analysis_effort high
        -verbose
Design : VX_lmem_dma_misal__65e39e1029d5
Scenario(s): mode_norm.OC_rvt_ss_0p900v_125c
Version: V-2023.12-SP5-3
Date   : Tue Jul 21 21:56:32 2026
****************************************


Library(s) Used:

    sc9_cmos28lpp_base_rvt_ss_nominal_max_0p900v_125c_sadhm (File: /tool/PDK/Samsung/LN28LPP_202203/PRIMITIVES/RVT/ln28lpp_sc_9t_base_rvt_c130_V1.00d/FE-Common/LIBERTY/sc9_cmos28lpp_base_rvt_ss_nominal_max_0p900v_125c_sadhm.db)


Global Operating Voltage = 0.9  
Power-specific unit information :
    Voltage Units = 1V
    Capacitance Units = 1.000000pf
    Time Units = 1ns
    Dynamic Power Units = 1mW    (derived from V,C,T units)
    Leakage Power Units = 1uW


--------------------------------------------------------------------------------
                                       Switch   Int      Leak     Total
Hierarchy                              Power    Power    Power    Power    %
--------------------------------------------------------------------------------
VX_lmem_dma_misal__65e39e1029d5        2.44e-02    0.155  236.992    0.416 100.0
  dma_core (VX_dma_unit_h_578_242_728) 2.40e-02    0.153  233.736    0.410  98.7
    g_aligned_u_impl (VX_dma_unit_align_h_786_242_359) 2.40e-02    0.153  233.736    0.410  98.7
      response_payload_ram (VX_dp_ram_19) 1.09e-02 9.94e-02   77.744    0.188  45.2
        g_compiled_u_compiled (VX_dp_ram_compiled_4) 1.09e-02 9.94e-02   77.744    0.188  45.2
      lmem_req_buf (VX_elastic_buffer_51_0) 4.16e-03 2.98e-02    4.220 3.82e-02   9.2
        g_eb2_out_buf (VX_pipe_buffer_57_0) 4.94e-05 2.66e-05    0.596 6.72e-04   0.2
        g_eb2_stream_buffer (VX_stream_buffer_102_1_0) 4.11e-03 2.98e-02    3.624 3.75e-02   9.0
      dcache_req_buf (VX_elastic_buffer_51_1) 3.69e-06 6.18e-04 6.62e-02 6.88e-04   0.2
        g_eb2_out_buf (VX_pipe_buffer_57_1) 3.31e-06 7.48e-06 6.71e-03 1.75e-05   0.0
        g_eb2_stream_buffer (VX_stream_buffer_102_1_1) 3.71e-07 6.11e-04 5.95e-02 6.71e-04   0.2
      mul_dst_d2 (VX_mul_u32_pipe_0)   2.51e-07 1.21e-03 9.27e-02 1.31e-03   0.3
      mul_src_d2 (VX_mul_u32_pipe_1)   1.51e-07 1.21e-03 9.27e-02 1.31e-03   0.3
      mul_dst_d1 (VX_mul_u32_pipe_2)   8.41e-05 1.70e-03   17.196 1.90e-02   4.6
      mul_src_d1 (VX_mul_u32_pipe_3)   1.72e-04 1.80e-03   31.316 3.33e-02   8.0
      mul_dst_d0 (VX_mul_u32_pipe_4)   9.42e-05 1.70e-03   17.265 1.91e-02   4.6
      mul_src_d0 (VX_mul_u32_pipe_5)   1.69e-04 1.78e-03   31.142 3.31e-02   8.0
1
