Copyright 1986-2022 Xilinx, Inc. All Rights Reserved. Copyright 2022-2025 Advanced Micro Devices, Inc. All Rights Reserved.
---------------------------------------------------------------------------------------------------------------------------------------------
| Tool Version : Vivado v.2025.1 (lin64) Build 6140274 Wed May 21 22:58:25 MDT 2025
| Date         : Wed Sep 30 18:05:17 2026
| Host         : fpga running 64-bit Ubuntu 24.04.4 LTS
| Command      : report_utilization -file hier_utilization.rpt -hierarchical -hierarchical_percentages
| Design       : level0_wrapper
| Device       : xcu55c-fsvh2892-2L-e
| Speed File   : -2L
| Design State : Physopt postRoute
---------------------------------------------------------------------------------------------------------------------------------------------
|                                                                          Instance                                                                         |                                                Module                                                |  PR Attribute  | Total PPLOCs |   Total LUTs   |   Logic LUTs   |    LUTRAMs   |     SRLs     |       FFs      |    RAMB36    |   RAMB18  |   URAM   |  DSP Blocks  |
| level0_wrapper                                                                                                                                            |                                                                                                (top) |              - |          261 | 869782(66.72%) | 832990(63.90%) | 12230(2.04%) | 24562(4.09%) | 851608(32.66%) | 1295(64.24%) | 57(1.41%) | 0(0.00%) | 3112(34.49%) |
