Information: Propagating switching activity (high effort zero delay simulation). (PWR-6)
Warning: Design has unannotated primary inputs. (PWR-414)
Warning: Design has unannotated sequential cell outputs. (PWR-415)
 
****************************************
Report : power
        -hier
        -analysis_effort high
        -verbose
Design : VX_tmem_switch__3988e0b8de7a
Scenario(s): mode_norm.OC_rvt_ss_0p900v_125c
Version: V-2023.12-SP5-3
Date   : Wed Jul 22 22:50:58 2026
****************************************


Library(s) Used:

    sc9_cmos28lpp_base_rvt_ss_nominal_max_0p900v_125c_sadhm (File: /tool/PDK/Samsung/LN28LPP_202203/PRIMITIVES/RVT/ln28lpp_sc_9t_base_rvt_c130_V1.00d/FE-Common/LIBERTY/sc9_cmos28lpp_base_rvt_ss_nominal_max_0p900v_125c_sadhm.db)


Global Operating Voltage = 0.9  
Power-specific unit information :
    Voltage Units = 1V
    Capacitance Units = 1.000000pf
    Time Units = 1ns
    Dynamic Power Units = 1mW    (derived from V,C,T units)
    Leakage Power Units = 1uW


--------------------------------------------------------------------------------
                                       Switch   Int      Leak     Total
Hierarchy                              Power    Power    Power    Power    %
--------------------------------------------------------------------------------
VX_tmem_switch__3988e0b8de7a              0.156 5.46e-02   29.087    0.239 100.0
  rsp_arb (VX_stream_arb_28)           7.09e-02 4.16e-02   11.579    0.124  51.8
    g_input_select_g_arbiter_g_out_buf_0__out_buf (VX_elastic_buffer_525_0_0_0) 2.86e-02 1.46e-02    3.494 4.67e-02  19.5
    g_input_select_g_arbiter_arbiter (VX_generic_arbiter_7) 1.14e-03 2.13e-03    0.375 3.64e-03   1.5
      g_round_robin_rr_arbiter (VX_rr_arbiter_2) 1.14e-03 2.13e-03    0.375 3.64e-03   1.5
        g_model1_onehot_encoder (VX_onehot_encoder_2) 3.72e-04 1.13e-04 4.65e-02 5.32e-04   0.2
1
