 
****************************************
Report : area
Design : VX_barrel_shifter
Version: V-2023.12-SP5-3
Date   : Thu May 21 21:51:35 2026
****************************************

Library(s) Used:

    sc9_cmos28lpp_base_rvt_ss_nominal_max_0p900v_125c_sadhm (File: /tool/PDK/Samsung/LN28LPP_202203/PRIMITIVES/RVT/ln28lpp_sc_9t_base_rvt_c130_V1.00d/FE-Common/LIBERTY/sc9_cmos28lpp_base_rvt_ss_nominal_max_0p900v_125c_sadhm.db)

Number of ports:                          526
Number of nets:                          3317
Number of cells:                         3048
Number of combinational cells:           2789
Number of sequential cells:               257
Number of macros/black boxes:               0
Number of buf/inv:                        246
Number of references:                      47

Combinational area:               1740.726020
Buf/Inv area:                       91.143002
Noncombinational area:             540.890986
Macro/Black Box area:                0.000000
Net Interconnect area:      undefined  (No wire load specified)

Total cell area:                  2281.617006
Total area:                 undefined

Core Area:                      3972
Aspect Ratio:                 0.9992
Utilization Ratio:            0.5744


The above information was reported from the logical library. The following are from the physical library:

  Total moveable cell area: 2281.6
  Total fixed cell area: 0.0
  Total physical cell area: 2281.6
 Core area: 0.000, 0.000, 63.050, 63.000

Hierarchical area distribution
------------------------------

                                  Global cell area          Local cell area
                                  ------------------  ---------------------------- 
Hierarchical cell                 Absolute   Percent  Combi-     Noncombi-  Black-
                                  Total      Total    national   national   boxes   Design
--------------------------------  ---------  -------  ---------  ---------  ------  --------------------------------------
VX_barrel_shifter                 2281.6170    100.0  1740.7260   539.1360  0.0000  VX_barrel_shifter
clk_gate_shifted_reg                 1.7550      0.1     0.0000     1.7550  0.0000  SNPS_CLOCK_GATE_HIGH_VX_barrel_shifter
--------------------------------  ---------  -------  ---------  ---------  ------  --------------------------------------
Total                                                 1740.7260   540.8910  0.0000

1
