 
****************************************
Report : area
Design : VX_mem_arb__612946b93ae6
Version: V-2023.12-SP5-3
Date   : Tue Jul 21 22:52:44 2026
****************************************

Library(s) Used:

    sc9_cmos28lpp_base_rvt_ss_nominal_max_0p900v_125c_sadhm (File: /tool/PDK/Samsung/LN28LPP_202203/PRIMITIVES/RVT/ln28lpp_sc_9t_base_rvt_c130_V1.00d/FE-Common/LIBERTY/sc9_cmos28lpp_base_rvt_ss_nominal_max_0p900v_125c_sadhm.db)

Number of ports:                        25376
Number of nets:                         30704
Number of cells:                         8685
Number of combinational cells:           6186
Number of sequential cells:              2474
Number of macros/black boxes:               0
Number of buf/inv:                       3691
Number of references:                       6

Combinational area:               4032.287957
Buf/Inv area:                     1706.093984
Noncombinational area:            5208.839868
Macro/Black Box area:                0.000000
Net Interconnect area:      undefined  (No wire load specified)

Total cell area:                  9241.127825
Total area:                 undefined

Core Area:                     29854
Aspect Ratio:                 1.0002
Utilization Ratio:            0.3095


The above information was reported from the logical library. The following are from the physical library:

  Total moveable cell area: 9241.1
  Total fixed cell area: 0.0
  Total physical cell area: 9241.1
 Core area: 0.000, 0.000, 172.770, 172.800

Hierarchical area distribution
------------------------------

                                  Global cell area          Local cell area
                                  ------------------  ---------------------------- 
Hierarchical cell                 Absolute   Percent  Combi-     Noncombi-  Black-
                                  Total      Total    national   national   boxes   Design
--------------------------------  ---------  -------  ---------  ---------  ------  -----------------------------------------------
VX_mem_arb__612946b93ae6          9241.1278    100.0     0.0000     0.0000  0.0000  VX_mem_arb__612946b93ae6
g_bus_out_if_0__g_req_tag_sel_out_bits_insert    3.7440     0.0    3.7440    0.0000 0.0000 VX_bits_insert_1_1
g_bus_out_if_1__g_req_tag_sel_out_bits_insert    3.7440     0.0    3.7440    0.0000 0.0000 VX_bits_insert_1_0
g_rsp_select_g_rsp_data_in_0__bits_remove    3.7440     0.0    3.7440    0.0000 0.0000 VX_bits_remove_1_1
g_rsp_select_g_rsp_data_in_1__bits_remove    3.7440     0.0    3.7440    0.0000 0.0000 VX_bits_remove_1_0
g_rsp_select_rsp_switch            980.2260     10.6     4.9140     0.0000  0.0000  VX_stream_switch_3
g_rsp_select_rsp_switch/g_out_buf_0__out_buf  243.8280     2.6  243.8280    0.0000 0.0000 VX_elastic_buffer_11_3
g_rsp_select_rsp_switch/g_out_buf_1__out_buf  243.8280     2.6  243.8280    0.0000 0.0000 VX_elastic_buffer_11_2
g_rsp_select_rsp_switch/g_out_buf_2__out_buf  243.8280     2.6  243.8280    0.0000 0.0000 VX_elastic_buffer_11_1
g_rsp_select_rsp_switch/g_out_buf_3__out_buf  243.8280     2.6  243.8280    0.0000 0.0000 VX_elastic_buffer_11_0
req_arb                           8245.9258     89.2  1224.6390     0.0000  0.0000  VX_stream_arb_8
req_arb/g_input_select_g_arbiter_arbiter   11.2320     0.1    0.0000    0.0000 0.0000 VX_generic_arbiter
req_arb/g_input_select_g_arbiter_arbiter/g_round_robin_rr_arbiter   11.2320     0.1    5.9670    4.2120 0.0000 VX_rr_arbiter
req_arb/g_input_select_g_arbiter_arbiter/g_round_robin_rr_arbiter/g_model1_onehot_encoder    1.0530     0.0    1.0530    0.0000 0.0000 VX_onehot_encoder_1
req_arb/g_input_select_g_arbiter_g_out_buf_0__out_buf 3504.6179    37.9    0.0000    0.0000 0.0000 VX_elastic_buffer_616_2_0_0_1
req_arb/g_input_select_g_arbiter_g_out_buf_0__out_buf/g_eb2_out_buf  289.2240     3.1  289.2240    0.0000 0.0000 VX_pipe_buffer_18_1
req_arb/g_input_select_g_arbiter_g_out_buf_0__out_buf/g_eb2_stream_buffer 3215.3939    34.8  613.0800 2598.8039 0.0000 VX_stream_buffer_616_0_1
req_arb/g_input_select_g_arbiter_g_out_buf_0__out_buf/g_eb2_stream_buffer/clk_gate_g_buffer_buffer_r_reg    1.7550     0.0    0.0000    1.7550 0.0000 SNPS_CLOCK_GATE_HIGH_VX_stream_buffer_616_0_0_2
req_arb/g_input_select_g_arbiter_g_out_buf_0__out_buf/g_eb2_stream_buffer/clk_gate_g_buffer_data_out_r_reg    1.7550     0.0    0.0000    1.7550 0.0000 SNPS_CLOCK_GATE_HIGH_VX_stream_buffer_616_0_0_3
req_arb/g_input_select_g_arbiter_g_out_buf_1__out_buf 3505.4369    37.9    0.0000    0.0000 0.0000 VX_elastic_buffer_616_2_0_0_0
req_arb/g_input_select_g_arbiter_g_out_buf_1__out_buf/g_eb2_out_buf  289.2240     3.1  289.2240    0.0000 0.0000 VX_pipe_buffer_18_0
req_arb/g_input_select_g_arbiter_g_out_buf_1__out_buf/g_eb2_stream_buffer 3216.2129    34.8  613.8990 2598.8039 0.0000 VX_stream_buffer_616_0_0
req_arb/g_input_select_g_arbiter_g_out_buf_1__out_buf/g_eb2_stream_buffer/clk_gate_g_buffer_buffer_r_reg    1.7550     0.0    0.0000    1.7550 0.0000 SNPS_CLOCK_GATE_HIGH_VX_stream_buffer_616_0_0_1
req_arb/g_input_select_g_arbiter_g_out_buf_1__out_buf/g_eb2_stream_buffer/clk_gate_g_buffer_data_out_r_reg    1.7550     0.0    0.0000    1.7550 0.0000 SNPS_CLOCK_GATE_HIGH_VX_stream_buffer_616_0_0_0
--------------------------------  ---------  -------  ---------  ---------  ------  -----------------------------------------------
Total                                                 4032.2880  5208.8399  0.0000

1
