Information: Propagating switching activity (high effort zero delay simulation). (PWR-6)
Warning: Design has unannotated primary inputs. (PWR-414)
Warning: Design has unannotated sequential cell outputs. (PWR-415)
 
****************************************
Report : power
        -hier
        -analysis_effort high
        -verbose
Design : VX_mem_arb__612946b93ae6
Scenario(s): mode_norm.OC_rvt_ss_0p900v_125c
Version: V-2023.12-SP5-3
Date   : Tue Jul 21 22:52:47 2026
****************************************


Library(s) Used:

    sc9_cmos28lpp_base_rvt_ss_nominal_max_0p900v_125c_sadhm (File: /tool/PDK/Samsung/LN28LPP_202203/PRIMITIVES/RVT/ln28lpp_sc_9t_base_rvt_c130_V1.00d/FE-Common/LIBERTY/sc9_cmos28lpp_base_rvt_ss_nominal_max_0p900v_125c_sadhm.db)


Global Operating Voltage = 0.9  
Power-specific unit information :
    Voltage Units = 1V
    Capacitance Units = 1.000000pf
    Time Units = 1ns
    Dynamic Power Units = 1mW    (derived from V,C,T units)
    Leakage Power Units = 1uW


--------------------------------------------------------------------------------
                                       Switch   Int      Leak     Total
Hierarchy                              Power    Power    Power    Power    %
--------------------------------------------------------------------------------
VX_mem_arb__612946b93ae6                  0.159    0.334   82.525    0.575 100.0
  g_rsp_select_rsp_switch (VX_stream_switch_3) 2.16e-02 1.54e-02   14.018 5.10e-02   8.9
    g_out_buf_3__out_buf (VX_elastic_buffer_11_0) 6.43e-03 3.85e-03    3.494 1.38e-02   2.4
    g_out_buf_2__out_buf (VX_elastic_buffer_11_1) 5.07e-03 3.82e-03    3.494 1.24e-02   2.2
    g_out_buf_1__out_buf (VX_elastic_buffer_11_2) 5.06e-03 3.84e-03    3.494 1.24e-02   2.2
    g_out_buf_0__out_buf (VX_elastic_buffer_11_3) 4.94e-03 3.82e-03    3.494 1.23e-02   2.1
  g_rsp_select_g_rsp_data_in_1__bits_remove (VX_bits_remove_1_0) 5.30e-05 5.84e-05 5.36e-02 1.65e-04   0.0
  g_rsp_select_g_rsp_data_in_0__bits_remove (VX_bits_remove_1_1) 5.02e-05 5.96e-05 5.36e-02 1.64e-04   0.0
  g_bus_out_if_1__g_req_tag_sel_out_bits_insert (VX_bits_insert_1_0) 3.11e-04 6.94e-05 5.36e-02 4.34e-04   0.1
  g_bus_out_if_0__g_req_tag_sel_out_bits_insert (VX_bits_insert_1_1) 1.47e-04 6.87e-05 5.36e-02 2.69e-04   0.0
  req_arb (VX_stream_arb_8)               0.137    0.318   68.293    0.523  91.0
    g_input_select_g_arbiter_g_out_buf_1__out_buf (VX_elastic_buffer_616_2_0_0_0) 4.17e-02    0.134   28.618    0.204  35.6
      g_eb2_out_buf (VX_pipe_buffer_18_0) 1.77e-02 5.03e-03    4.143 2.69e-02   4.7
      g_eb2_stream_buffer (VX_stream_buffer_616_0_0) 2.40e-02    0.129   24.475    0.178  30.9
    g_input_select_g_arbiter_g_out_buf_0__out_buf (VX_elastic_buffer_616_2_0_0_1) 3.90e-02    0.132   28.627    0.199  34.6
      g_eb2_out_buf (VX_pipe_buffer_18_1) 1.50e-02 4.98e-03    4.143 2.41e-02   4.2
      g_eb2_stream_buffer (VX_stream_buffer_616_0_1) 2.40e-02    0.127   24.484    0.175  30.4
    g_input_select_g_arbiter_arbiter (VX_generic_arbiter) 4.88e-04 9.13e-04 8.57e-02 1.49e-03   0.3
      g_round_robin_rr_arbiter (VX_rr_arbiter) 4.88e-04 9.13e-04 8.57e-02 1.49e-03   0.3
        g_model1_onehot_encoder (VX_onehot_encoder_1) 2.65e-05 7.17e-05 1.20e-02 1.10e-04   0.0
1
