 
****************************************
Report : timing
        -path full
        -delay max
        -nets
        -max_paths 10
        -transition_time
Design : VX_mem_arb__cec63d53a804
Scenario(s): mode_norm.OC_rvt_ss_0p900v_125c
Version: V-2023.12-SP5-3
Date   : Tue Jul 21 07:33:11 2026
****************************************

 * Some/all delay information is back-annotated.
Wire Load Model Mode: Inactive.

  Startpoint: bus_out_if_0__rsp_data[275]
              (input port clocked by CLK)
  Endpoint: bus_in_if_0__rsp_data[275]
            (output port clocked by CLK)
  Scenario: mode_norm.OC_rvt_ss_0p900v_125c
  Path Group: FEEDTHROUGH
  Path Type: max

Attributes:
    d - dont_touch
    u - dont_use
   mo - map_only
   so - size_only
    i - ideal_net or ideal_network
  inf - infeasible path

  Point                                                                                    Fanout     Trans      Incr       Path      Attributes     Voltage
  ----------------------------------------------------------------------------------------------------------------------------------------------------------------
  clock CLK (rise edge)                                                                                          0.00       0.00                     
  clock network delay (ideal)                                                                                    0.00       0.00                     
  input external delay                                                                                           0.00       0.00 r                   
  bus_out_if_0__rsp_data[275] (in)                                                                     0.29      0.15       0.15 r                   
  bus_out_if_0__rsp_data[275] (net)                                                          1                   0.00       0.15 r                   
  g_rsp_arb_req_arb/data_in[275] (VX_stream_arb_7)                                                               0.00       0.15 r                   
  g_rsp_arb_req_arb/data_in[275] (net)                                                                           0.00       0.15 r                   
  g_rsp_arb_req_arb/g_passthru_g_out_buf_0__out_buf/data_in[275] (VX_elastic_buffer_519_0_0_0_3)                 0.00       0.15 r                   
  g_rsp_arb_req_arb/g_passthru_g_out_buf_0__out_buf/data_in[275] (net)                                           0.00       0.15 r                   
  g_rsp_arb_req_arb/g_passthru_g_out_buf_0__out_buf/U89/Y (BUF_X1M_A9TR)                               0.09      0.14 *     0.29 r                   0.90
  g_rsp_arb_req_arb/g_passthru_g_out_buf_0__out_buf/data_out[275] (net)                      1                   0.00       0.29 r                   
  g_rsp_arb_req_arb/g_passthru_g_out_buf_0__out_buf/data_out[275] (VX_elastic_buffer_519_0_0_0_3)                0.00       0.29 r                   
  g_rsp_arb_req_arb/data_out[275] (net)                                                                          0.00       0.29 r                   
  g_rsp_arb_req_arb/data_out[275] (VX_stream_arb_7)                                                              0.00       0.29 r                   
  bus_in_if_0__rsp_data[275] (net)                                                                               0.00       0.29 r                   
  bus_in_if_0__rsp_data[275] (out)                                                                     0.09      0.00 *     0.29 r                   
  data arrival time                                                                                                         0.29                     

  clock CLK (rise edge)                                                                                          9.90       9.90                     
  clock network delay (ideal)                                                                                    0.00       9.90                     
  output external delay                                                                                          0.00       9.90                     
  data required time                                                                                                        9.90                     
  ----------------------------------------------------------------------------------------------------------------------------------------------------------------
  data required time                                                                                                        9.90                     
  data arrival time                                                                                                        -0.29                     
  ----------------------------------------------------------------------------------------------------------------------------------------------------------------
  slack (MET)                                                                                                               9.61                     


  Startpoint: bus_out_if_0__rsp_data[413]
              (input port clocked by CLK)
  Endpoint: bus_in_if_0__rsp_data[413]
            (output port clocked by CLK)
  Scenario: mode_norm.OC_rvt_ss_0p900v_125c
  Path Group: FEEDTHROUGH
  Path Type: max

Attributes:
    d - dont_touch
    u - dont_use
   mo - map_only
   so - size_only
    i - ideal_net or ideal_network
  inf - infeasible path

  Point                                                                                    Fanout     Trans      Incr       Path      Attributes     Voltage
  ----------------------------------------------------------------------------------------------------------------------------------------------------------------
  clock CLK (rise edge)                                                                                          0.00       0.00                     
  clock network delay (ideal)                                                                                    0.00       0.00                     
  input external delay                                                                                           0.00       0.00 r                   
  bus_out_if_0__rsp_data[413] (in)                                                                     0.28      0.15       0.15 r                   
  bus_out_if_0__rsp_data[413] (net)                                                          1                   0.00       0.15 r                   
  g_rsp_arb_req_arb/data_in[413] (VX_stream_arb_7)                                                               0.00       0.15 r                   
  g_rsp_arb_req_arb/data_in[413] (net)                                                                           0.00       0.15 r                   
  g_rsp_arb_req_arb/g_passthru_g_out_buf_0__out_buf/data_in[413] (VX_elastic_buffer_519_0_0_0_3)                 0.00       0.15 r                   
  g_rsp_arb_req_arb/g_passthru_g_out_buf_0__out_buf/data_in[413] (net)                                           0.00       0.15 r                   
  g_rsp_arb_req_arb/g_passthru_g_out_buf_0__out_buf/U39/Y (BUF_X1M_A9TR)                               0.10      0.14 *     0.29 r                   0.90
  g_rsp_arb_req_arb/g_passthru_g_out_buf_0__out_buf/data_out[413] (net)                      1                   0.00       0.29 r                   
  g_rsp_arb_req_arb/g_passthru_g_out_buf_0__out_buf/data_out[413] (VX_elastic_buffer_519_0_0_0_3)                0.00       0.29 r                   
  g_rsp_arb_req_arb/data_out[413] (net)                                                                          0.00       0.29 r                   
  g_rsp_arb_req_arb/data_out[413] (VX_stream_arb_7)                                                              0.00       0.29 r                   
  bus_in_if_0__rsp_data[413] (net)                                                                               0.00       0.29 r                   
  bus_in_if_0__rsp_data[413] (out)                                                                     0.10      0.00 *     0.29 r                   
  data arrival time                                                                                                         0.29                     

  clock CLK (rise edge)                                                                                          9.90       9.90                     
  clock network delay (ideal)                                                                                    0.00       9.90                     
  output external delay                                                                                          0.00       9.90                     
  data required time                                                                                                        9.90                     
  ----------------------------------------------------------------------------------------------------------------------------------------------------------------
  data required time                                                                                                        9.90                     
  data arrival time                                                                                                        -0.29                     
  ----------------------------------------------------------------------------------------------------------------------------------------------------------------
  slack (MET)                                                                                                               9.61                     


  Startpoint: bus_out_if_0__rsp_data[304]
              (input port clocked by CLK)
  Endpoint: bus_in_if_0__rsp_data[304]
            (output port clocked by CLK)
  Scenario: mode_norm.OC_rvt_ss_0p900v_125c
  Path Group: FEEDTHROUGH
  Path Type: max

Attributes:
    d - dont_touch
    u - dont_use
   mo - map_only
   so - size_only
    i - ideal_net or ideal_network
  inf - infeasible path

  Point                                                                                    Fanout     Trans      Incr       Path      Attributes     Voltage
  ----------------------------------------------------------------------------------------------------------------------------------------------------------------
  clock CLK (rise edge)                                                                                          0.00       0.00                     
  clock network delay (ideal)                                                                                    0.00       0.00                     
  input external delay                                                                                           0.00       0.00 r                   
  bus_out_if_0__rsp_data[304] (in)                                                                     0.28      0.15       0.15 r                   
  bus_out_if_0__rsp_data[304] (net)                                                          1                   0.00       0.15 r                   
  g_rsp_arb_req_arb/data_in[304] (VX_stream_arb_7)                                                               0.00       0.15 r                   
  g_rsp_arb_req_arb/data_in[304] (net)                                                                           0.00       0.15 r                   
  g_rsp_arb_req_arb/g_passthru_g_out_buf_0__out_buf/data_in[304] (VX_elastic_buffer_519_0_0_0_3)                 0.00       0.15 r                   
  g_rsp_arb_req_arb/g_passthru_g_out_buf_0__out_buf/data_in[304] (net)                                           0.00       0.15 r                   
  g_rsp_arb_req_arb/g_passthru_g_out_buf_0__out_buf/U77/Y (BUF_X1M_A9TR)                               0.09      0.13 *     0.28 r                   0.90
  g_rsp_arb_req_arb/g_passthru_g_out_buf_0__out_buf/data_out[304] (net)                      1                   0.00       0.28 r                   
  g_rsp_arb_req_arb/g_passthru_g_out_buf_0__out_buf/data_out[304] (VX_elastic_buffer_519_0_0_0_3)                0.00       0.28 r                   
  g_rsp_arb_req_arb/data_out[304] (net)                                                                          0.00       0.28 r                   
  g_rsp_arb_req_arb/data_out[304] (VX_stream_arb_7)                                                              0.00       0.28 r                   
  bus_in_if_0__rsp_data[304] (net)                                                                               0.00       0.28 r                   
  bus_in_if_0__rsp_data[304] (out)                                                                     0.09      0.00 *     0.29 r                   
  data arrival time                                                                                                         0.29                     

  clock CLK (rise edge)                                                                                          9.90       9.90                     
  clock network delay (ideal)                                                                                    0.00       9.90                     
  output external delay                                                                                          0.00       9.90                     
  data required time                                                                                                        9.90                     
  ----------------------------------------------------------------------------------------------------------------------------------------------------------------
  data required time                                                                                                        9.90                     
  data arrival time                                                                                                        -0.29                     
  ----------------------------------------------------------------------------------------------------------------------------------------------------------------
  slack (MET)                                                                                                               9.61                     


  Startpoint: bus_out_if_0__rsp_data[131]
              (input port clocked by CLK)
  Endpoint: bus_in_if_0__rsp_data[131]
            (output port clocked by CLK)
  Scenario: mode_norm.OC_rvt_ss_0p900v_125c
  Path Group: FEEDTHROUGH
  Path Type: max

Attributes:
    d - dont_touch
    u - dont_use
   mo - map_only
   so - size_only
    i - ideal_net or ideal_network
  inf - infeasible path

  Point                                                                                    Fanout     Trans      Incr       Path      Attributes     Voltage
  ----------------------------------------------------------------------------------------------------------------------------------------------------------------
  clock CLK (rise edge)                                                                                          0.00       0.00                     
  clock network delay (ideal)                                                                                    0.00       0.00                     
  input external delay                                                                                           0.00       0.00 r                   
  bus_out_if_0__rsp_data[131] (in)                                                                     0.28      0.15       0.15 r                   
  bus_out_if_0__rsp_data[131] (net)                                                          1                   0.00       0.15 r                   
  g_rsp_arb_req_arb/data_in[131] (VX_stream_arb_7)                                                               0.00       0.15 r                   
  g_rsp_arb_req_arb/data_in[131] (net)                                                                           0.00       0.15 r                   
  g_rsp_arb_req_arb/g_passthru_g_out_buf_0__out_buf/data_in[131] (VX_elastic_buffer_519_0_0_0_3)                 0.00       0.15 r                   
  g_rsp_arb_req_arb/g_passthru_g_out_buf_0__out_buf/data_in[131] (net)                                           0.00       0.15 r                   
  g_rsp_arb_req_arb/g_passthru_g_out_buf_0__out_buf/U147/Y (BUF_X1M_A9TR)                              0.09      0.13 *     0.28 r                   0.90
  g_rsp_arb_req_arb/g_passthru_g_out_buf_0__out_buf/data_out[131] (net)                      1                   0.00       0.28 r                   
  g_rsp_arb_req_arb/g_passthru_g_out_buf_0__out_buf/data_out[131] (VX_elastic_buffer_519_0_0_0_3)                0.00       0.28 r                   
  g_rsp_arb_req_arb/data_out[131] (net)                                                                          0.00       0.28 r                   
  g_rsp_arb_req_arb/data_out[131] (VX_stream_arb_7)                                                              0.00       0.28 r                   
  bus_in_if_0__rsp_data[131] (net)                                                                               0.00       0.28 r                   
  bus_in_if_0__rsp_data[131] (out)                                                                     0.09      0.00 *     0.28 r                   
  data arrival time                                                                                                         0.28                     

  clock CLK (rise edge)                                                                                          9.90       9.90                     
  clock network delay (ideal)                                                                                    0.00       9.90                     
  output external delay                                                                                          0.00       9.90                     
  data required time                                                                                                        9.90                     
  ----------------------------------------------------------------------------------------------------------------------------------------------------------------
  data required time                                                                                                        9.90                     
  data arrival time                                                                                                        -0.28                     
  ----------------------------------------------------------------------------------------------------------------------------------------------------------------
  slack (MET)                                                                                                               9.62                     


  Startpoint: bus_out_if_0__rsp_data[217]
              (input port clocked by CLK)
  Endpoint: bus_in_if_0__rsp_data[217]
            (output port clocked by CLK)
  Scenario: mode_norm.OC_rvt_ss_0p900v_125c
  Path Group: FEEDTHROUGH
  Path Type: max

Attributes:
    d - dont_touch
    u - dont_use
   mo - map_only
   so - size_only
    i - ideal_net or ideal_network
  inf - infeasible path

  Point                                                                                    Fanout     Trans      Incr       Path      Attributes     Voltage
  ----------------------------------------------------------------------------------------------------------------------------------------------------------------
  clock CLK (rise edge)                                                                                          0.00       0.00                     
  clock network delay (ideal)                                                                                    0.00       0.00                     
  input external delay                                                                                           0.00       0.00 r                   
  bus_out_if_0__rsp_data[217] (in)                                                                     0.28      0.15       0.15 r                   
  bus_out_if_0__rsp_data[217] (net)                                                          1                   0.00       0.15 r                   
  g_rsp_arb_req_arb/data_in[217] (VX_stream_arb_7)                                                               0.00       0.15 r                   
  g_rsp_arb_req_arb/data_in[217] (net)                                                                           0.00       0.15 r                   
  g_rsp_arb_req_arb/g_passthru_g_out_buf_0__out_buf/data_in[217] (VX_elastic_buffer_519_0_0_0_3)                 0.00       0.15 r                   
  g_rsp_arb_req_arb/g_passthru_g_out_buf_0__out_buf/data_in[217] (net)                                           0.00       0.15 r                   
  g_rsp_arb_req_arb/g_passthru_g_out_buf_0__out_buf/U121/Y (BUF_X1M_A9TR)                              0.09      0.13 *     0.28 r                   0.90
  g_rsp_arb_req_arb/g_passthru_g_out_buf_0__out_buf/data_out[217] (net)                      1                   0.00       0.28 r                   
  g_rsp_arb_req_arb/g_passthru_g_out_buf_0__out_buf/data_out[217] (VX_elastic_buffer_519_0_0_0_3)                0.00       0.28 r                   
  g_rsp_arb_req_arb/data_out[217] (net)                                                                          0.00       0.28 r                   
  g_rsp_arb_req_arb/data_out[217] (VX_stream_arb_7)                                                              0.00       0.28 r                   
  bus_in_if_0__rsp_data[217] (net)                                                                               0.00       0.28 r                   
  bus_in_if_0__rsp_data[217] (out)                                                                     0.09      0.00 *     0.28 r                   
  data arrival time                                                                                                         0.28                     

  clock CLK (rise edge)                                                                                          9.90       9.90                     
  clock network delay (ideal)                                                                                    0.00       9.90                     
  output external delay                                                                                          0.00       9.90                     
  data required time                                                                                                        9.90                     
  ----------------------------------------------------------------------------------------------------------------------------------------------------------------
  data required time                                                                                                        9.90                     
  data arrival time                                                                                                        -0.28                     
  ----------------------------------------------------------------------------------------------------------------------------------------------------------------
  slack (MET)                                                                                                               9.62                     


  Startpoint: bus_out_if_0__rsp_data[348]
              (input port clocked by CLK)
  Endpoint: bus_in_if_0__rsp_data[348]
            (output port clocked by CLK)
  Scenario: mode_norm.OC_rvt_ss_0p900v_125c
  Path Group: FEEDTHROUGH
  Path Type: max

Attributes:
    d - dont_touch
    u - dont_use
   mo - map_only
   so - size_only
    i - ideal_net or ideal_network
  inf - infeasible path

  Point                                                                                    Fanout     Trans      Incr       Path      Attributes     Voltage
  ----------------------------------------------------------------------------------------------------------------------------------------------------------------
  clock CLK (rise edge)                                                                                          0.00       0.00                     
  clock network delay (ideal)                                                                                    0.00       0.00                     
  input external delay                                                                                           0.00       0.00 r                   
  bus_out_if_0__rsp_data[348] (in)                                                                     0.28      0.15       0.15 r                   
  bus_out_if_0__rsp_data[348] (net)                                                          1                   0.00       0.15 r                   
  g_rsp_arb_req_arb/data_in[348] (VX_stream_arb_7)                                                               0.00       0.15 r                   
  g_rsp_arb_req_arb/data_in[348] (net)                                                                           0.00       0.15 r                   
  g_rsp_arb_req_arb/g_passthru_g_out_buf_0__out_buf/data_in[348] (VX_elastic_buffer_519_0_0_0_3)                 0.00       0.15 r                   
  g_rsp_arb_req_arb/g_passthru_g_out_buf_0__out_buf/data_in[348] (net)                                           0.00       0.15 r                   
  g_rsp_arb_req_arb/g_passthru_g_out_buf_0__out_buf/U64/Y (BUF_X1M_A9TR)                               0.09      0.13 *     0.28 r                   0.90
  g_rsp_arb_req_arb/g_passthru_g_out_buf_0__out_buf/data_out[348] (net)                      1                   0.00       0.28 r                   
  g_rsp_arb_req_arb/g_passthru_g_out_buf_0__out_buf/data_out[348] (VX_elastic_buffer_519_0_0_0_3)                0.00       0.28 r                   
  g_rsp_arb_req_arb/data_out[348] (net)                                                                          0.00       0.28 r                   
  g_rsp_arb_req_arb/data_out[348] (VX_stream_arb_7)                                                              0.00       0.28 r                   
  bus_in_if_0__rsp_data[348] (net)                                                                               0.00       0.28 r                   
  bus_in_if_0__rsp_data[348] (out)                                                                     0.09      0.00 *     0.28 r                   
  data arrival time                                                                                                         0.28                     

  clock CLK (rise edge)                                                                                          9.90       9.90                     
  clock network delay (ideal)                                                                                    0.00       9.90                     
  output external delay                                                                                          0.00       9.90                     
  data required time                                                                                                        9.90                     
  ----------------------------------------------------------------------------------------------------------------------------------------------------------------
  data required time                                                                                                        9.90                     
  data arrival time                                                                                                        -0.28                     
  ----------------------------------------------------------------------------------------------------------------------------------------------------------------
  slack (MET)                                                                                                               9.62                     


  Startpoint: bus_out_if_0__rsp_data[258]
              (input port clocked by CLK)
  Endpoint: bus_in_if_0__rsp_data[258]
            (output port clocked by CLK)
  Scenario: mode_norm.OC_rvt_ss_0p900v_125c
  Path Group: FEEDTHROUGH
  Path Type: max

Attributes:
    d - dont_touch
    u - dont_use
   mo - map_only
   so - size_only
    i - ideal_net or ideal_network
  inf - infeasible path

  Point                                                                                    Fanout     Trans      Incr       Path      Attributes     Voltage
  ----------------------------------------------------------------------------------------------------------------------------------------------------------------
  clock CLK (rise edge)                                                                                          0.00       0.00                     
  clock network delay (ideal)                                                                                    0.00       0.00                     
  input external delay                                                                                           0.00       0.00 r                   
  bus_out_if_0__rsp_data[258] (in)                                                                     0.28      0.15       0.15 r                   
  bus_out_if_0__rsp_data[258] (net)                                                          1                   0.00       0.15 r                   
  g_rsp_arb_req_arb/data_in[258] (VX_stream_arb_7)                                                               0.00       0.15 r                   
  g_rsp_arb_req_arb/data_in[258] (net)                                                                           0.00       0.15 r                   
  g_rsp_arb_req_arb/g_passthru_g_out_buf_0__out_buf/data_in[258] (VX_elastic_buffer_519_0_0_0_3)                 0.00       0.15 r                   
  g_rsp_arb_req_arb/g_passthru_g_out_buf_0__out_buf/data_in[258] (net)                                           0.00       0.15 r                   
  g_rsp_arb_req_arb/g_passthru_g_out_buf_0__out_buf/U101/Y (BUF_X1M_A9TR)                              0.09      0.13 *     0.28 r                   0.90
  g_rsp_arb_req_arb/g_passthru_g_out_buf_0__out_buf/data_out[258] (net)                      1                   0.00       0.28 r                   
  g_rsp_arb_req_arb/g_passthru_g_out_buf_0__out_buf/data_out[258] (VX_elastic_buffer_519_0_0_0_3)                0.00       0.28 r                   
  g_rsp_arb_req_arb/data_out[258] (net)                                                                          0.00       0.28 r                   
  g_rsp_arb_req_arb/data_out[258] (VX_stream_arb_7)                                                              0.00       0.28 r                   
  bus_in_if_0__rsp_data[258] (net)                                                                               0.00       0.28 r                   
  bus_in_if_0__rsp_data[258] (out)                                                                     0.09      0.00 *     0.28 r                   
  data arrival time                                                                                                         0.28                     

  clock CLK (rise edge)                                                                                          9.90       9.90                     
  clock network delay (ideal)                                                                                    0.00       9.90                     
  output external delay                                                                                          0.00       9.90                     
  data required time                                                                                                        9.90                     
  ----------------------------------------------------------------------------------------------------------------------------------------------------------------
  data required time                                                                                                        9.90                     
  data arrival time                                                                                                        -0.28                     
  ----------------------------------------------------------------------------------------------------------------------------------------------------------------
  slack (MET)                                                                                                               9.62                     


  Startpoint: bus_out_if_0__rsp_data[83]
              (input port clocked by CLK)
  Endpoint: bus_in_if_0__rsp_data[83]
            (output port clocked by CLK)
  Scenario: mode_norm.OC_rvt_ss_0p900v_125c
  Path Group: FEEDTHROUGH
  Path Type: max

Attributes:
    d - dont_touch
    u - dont_use
   mo - map_only
   so - size_only
    i - ideal_net or ideal_network
  inf - infeasible path

  Point                                                                                   Fanout     Trans      Incr       Path      Attributes     Voltage
  ---------------------------------------------------------------------------------------------------------------------------------------------------------------
  clock CLK (rise edge)                                                                                         0.00       0.00                     
  clock network delay (ideal)                                                                                   0.00       0.00                     
  input external delay                                                                                          0.00       0.00 r                   
  bus_out_if_0__rsp_data[83] (in)                                                                     0.27      0.15       0.15 r                   
  bus_out_if_0__rsp_data[83] (net)                                                          1                   0.00       0.15 r                   
  g_rsp_arb_req_arb/data_in[83] (VX_stream_arb_7)                                                               0.00       0.15 r                   
  g_rsp_arb_req_arb/data_in[83] (net)                                                                           0.00       0.15 r                   
  g_rsp_arb_req_arb/g_passthru_g_out_buf_0__out_buf/data_in[83] (VX_elastic_buffer_519_0_0_0_3)                 0.00       0.15 r                   
  g_rsp_arb_req_arb/g_passthru_g_out_buf_0__out_buf/data_in[83] (net)                                           0.00       0.15 r                   
  g_rsp_arb_req_arb/g_passthru_g_out_buf_0__out_buf/U165/Y (BUF_X1M_A9TR)                             0.08      0.13 *     0.28 r                   0.90
  g_rsp_arb_req_arb/g_passthru_g_out_buf_0__out_buf/data_out[83] (net)                      1                   0.00       0.28 r                   
  g_rsp_arb_req_arb/g_passthru_g_out_buf_0__out_buf/data_out[83] (VX_elastic_buffer_519_0_0_0_3)                0.00       0.28 r                   
  g_rsp_arb_req_arb/data_out[83] (net)                                                                          0.00       0.28 r                   
  g_rsp_arb_req_arb/data_out[83] (VX_stream_arb_7)                                                              0.00       0.28 r                   
  bus_in_if_0__rsp_data[83] (net)                                                                               0.00       0.28 r                   
  bus_in_if_0__rsp_data[83] (out)                                                                     0.08      0.00 *     0.28 r                   
  data arrival time                                                                                                        0.28                     

  clock CLK (rise edge)                                                                                         9.90       9.90                     
  clock network delay (ideal)                                                                                   0.00       9.90                     
  output external delay                                                                                         0.00       9.90                     
  data required time                                                                                                       9.90                     
  ---------------------------------------------------------------------------------------------------------------------------------------------------------------
  data required time                                                                                                       9.90                     
  data arrival time                                                                                                       -0.28                     
  ---------------------------------------------------------------------------------------------------------------------------------------------------------------
  slack (MET)                                                                                                              9.62                     


  Startpoint: bus_out_if_0__rsp_data[372]
              (input port clocked by CLK)
  Endpoint: bus_in_if_0__rsp_data[372]
            (output port clocked by CLK)
  Scenario: mode_norm.OC_rvt_ss_0p900v_125c
  Path Group: FEEDTHROUGH
  Path Type: max

Attributes:
    d - dont_touch
    u - dont_use
   mo - map_only
   so - size_only
    i - ideal_net or ideal_network
  inf - infeasible path

  Point                                                                                    Fanout     Trans      Incr       Path      Attributes     Voltage
  ----------------------------------------------------------------------------------------------------------------------------------------------------------------
  clock CLK (rise edge)                                                                                          0.00       0.00                     
  clock network delay (ideal)                                                                                    0.00       0.00                     
  input external delay                                                                                           0.00       0.00 r                   
  bus_out_if_0__rsp_data[372] (in)                                                                     0.27      0.14       0.14 r                   
  bus_out_if_0__rsp_data[372] (net)                                                          1                   0.00       0.14 r                   
  g_rsp_arb_req_arb/data_in[372] (VX_stream_arb_7)                                                               0.00       0.14 r                   
  g_rsp_arb_req_arb/data_in[372] (net)                                                                           0.00       0.14 r                   
  g_rsp_arb_req_arb/g_passthru_g_out_buf_0__out_buf/data_in[372] (VX_elastic_buffer_519_0_0_0_3)                 0.00       0.14 r                   
  g_rsp_arb_req_arb/g_passthru_g_out_buf_0__out_buf/data_in[372] (net)                                           0.00       0.14 r                   
  g_rsp_arb_req_arb/g_passthru_g_out_buf_0__out_buf/U61/Y (BUF_X1M_A9TR)                               0.09      0.13 *     0.27 r                   0.90
  g_rsp_arb_req_arb/g_passthru_g_out_buf_0__out_buf/data_out[372] (net)                      1                   0.00       0.27 r                   
  g_rsp_arb_req_arb/g_passthru_g_out_buf_0__out_buf/data_out[372] (VX_elastic_buffer_519_0_0_0_3)                0.00       0.27 r                   
  g_rsp_arb_req_arb/data_out[372] (net)                                                                          0.00       0.27 r                   
  g_rsp_arb_req_arb/data_out[372] (VX_stream_arb_7)                                                              0.00       0.27 r                   
  bus_in_if_0__rsp_data[372] (net)                                                                               0.00       0.27 r                   
  bus_in_if_0__rsp_data[372] (out)                                                                     0.09      0.00 *     0.28 r                   
  data arrival time                                                                                                         0.28                     

  clock CLK (rise edge)                                                                                          9.90       9.90                     
  clock network delay (ideal)                                                                                    0.00       9.90                     
  output external delay                                                                                          0.00       9.90                     
  data required time                                                                                                        9.90                     
  ----------------------------------------------------------------------------------------------------------------------------------------------------------------
  data required time                                                                                                        9.90                     
  data arrival time                                                                                                        -0.28                     
  ----------------------------------------------------------------------------------------------------------------------------------------------------------------
  slack (MET)                                                                                                               9.62                     


  Startpoint: bus_out_if_0__rsp_data[167]
              (input port clocked by CLK)
  Endpoint: bus_in_if_0__rsp_data[167]
            (output port clocked by CLK)
  Scenario: mode_norm.OC_rvt_ss_0p900v_125c
  Path Group: FEEDTHROUGH
  Path Type: max

Attributes:
    d - dont_touch
    u - dont_use
   mo - map_only
   so - size_only
    i - ideal_net or ideal_network
  inf - infeasible path

  Point                                                                                    Fanout     Trans      Incr       Path      Attributes     Voltage
  ----------------------------------------------------------------------------------------------------------------------------------------------------------------
  clock CLK (rise edge)                                                                                          0.00       0.00                     
  clock network delay (ideal)                                                                                    0.00       0.00                     
  input external delay                                                                                           0.00       0.00 r                   
  bus_out_if_0__rsp_data[167] (in)                                                                     0.27      0.14       0.14 r                   
  bus_out_if_0__rsp_data[167] (net)                                                          1                   0.00       0.14 r                   
  g_rsp_arb_req_arb/data_in[167] (VX_stream_arb_7)                                                               0.00       0.14 r                   
  g_rsp_arb_req_arb/data_in[167] (net)                                                                           0.00       0.14 r                   
  g_rsp_arb_req_arb/g_passthru_g_out_buf_0__out_buf/data_in[167] (VX_elastic_buffer_519_0_0_0_3)                 0.00       0.14 r                   
  g_rsp_arb_req_arb/g_passthru_g_out_buf_0__out_buf/data_in[167] (net)                                           0.00       0.14 r                   
  g_rsp_arb_req_arb/g_passthru_g_out_buf_0__out_buf/U132/Y (BUF_X1M_A9TR)                              0.09      0.13 *     0.27 r                   0.90
  g_rsp_arb_req_arb/g_passthru_g_out_buf_0__out_buf/data_out[167] (net)                      1                   0.00       0.27 r                   
  g_rsp_arb_req_arb/g_passthru_g_out_buf_0__out_buf/data_out[167] (VX_elastic_buffer_519_0_0_0_3)                0.00       0.27 r                   
  g_rsp_arb_req_arb/data_out[167] (net)                                                                          0.00       0.27 r                   
  g_rsp_arb_req_arb/data_out[167] (VX_stream_arb_7)                                                              0.00       0.27 r                   
  bus_in_if_0__rsp_data[167] (net)                                                                               0.00       0.27 r                   
  bus_in_if_0__rsp_data[167] (out)                                                                     0.09      0.00 *     0.27 r                   
  data arrival time                                                                                                         0.27                     

  clock CLK (rise edge)                                                                                          9.90       9.90                     
  clock network delay (ideal)                                                                                    0.00       9.90                     
  output external delay                                                                                          0.00       9.90                     
  data required time                                                                                                        9.90                     
  ----------------------------------------------------------------------------------------------------------------------------------------------------------------
  data required time                                                                                                        9.90                     
  data arrival time                                                                                                        -0.27                     
  ----------------------------------------------------------------------------------------------------------------------------------------------------------------
  slack (MET)                                                                                                               9.63                     


1
