 
****************************************
Report : area
Design : VX_lsu_mem_arb__c9cd99c441ca
Version: V-2023.12-SP5-3
Date   : Tue Jul 21 22:12:28 2026
****************************************

Library(s) Used:

    sc9_cmos28lpp_base_rvt_ss_nominal_max_0p900v_125c_sadhm (File: /tool/PDK/Samsung/LN28LPP_202203/PRIMITIVES/RVT/ln28lpp_sc_9t_base_rvt_c130_V1.00d/FE-Common/LIBERTY/sc9_cmos28lpp_base_rvt_ss_nominal_max_0p900v_125c_sadhm.db)

Number of ports:                        20770
Number of nets:                         24035
Number of cells:                         6041
Number of combinational cells:           3942
Number of sequential cells:              2089
Number of macros/black boxes:               0
Number of buf/inv:                       2895
Number of references:                       2

Combinational area:               2325.491975
Buf/Inv area:                     1346.903986
Noncombinational area:            4398.380889
Macro/Black Box area:                0.000000
Net Interconnect area:      undefined  (No wire load specified)

Total cell area:                  6723.872864
Total area:                 undefined

Core Area:                     23094
Aspect Ratio:                 1.0017
Utilization Ratio:            0.2911


The above information was reported from the logical library. The following are from the physical library:

  Total moveable cell area: 6723.9
  Total fixed cell area: 0.0
  Total physical cell area: 6723.9
 Core area: 0.000, 0.000, 151.840, 152.100

Hierarchical area distribution
------------------------------

                                  Global cell area          Local cell area
                                  ------------------  ---------------------------- 
Hierarchical cell                 Absolute   Percent  Combi-     Noncombi-  Black-
                                  Total      Total    national   national   boxes   Design
--------------------------------  ---------  -------  ---------  ---------  ------  ----------------------------------------------
VX_lsu_mem_arb__c9cd99c441ca      6723.8729    100.0     0.0000     0.0000  0.0000  VX_lsu_mem_arb__c9cd99c441ca
g_rsp_arb_req_arb                 5920.3169     88.0     0.0000     0.0000  0.0000  VX_stream_arb_22
g_rsp_arb_req_arb/g_passthru_g_out_buf_0__out_buf 5920.3169    88.0    0.0000    0.0000 0.0000 VX_elastic_buffer_1042_2_0_0
g_rsp_arb_req_arb/g_passthru_g_out_buf_0__out_buf/g_eb2_out_buf  488.5920     7.3  488.5920    0.0000 0.0000 VX_pipe_buffer_34
g_rsp_arb_req_arb/g_passthru_g_out_buf_0__out_buf/g_eb2_stream_buffer 5431.7249    80.8 1033.3440 4393.1159 0.0000 VX_stream_buffer_1042_0
g_rsp_arb_req_arb/g_passthru_g_out_buf_0__out_buf/g_eb2_stream_buffer/clk_gate_g_buffer_buffer_r_reg    1.7550     0.0    0.0000    1.7550 0.0000 SNPS_CLOCK_GATE_HIGH_VX_stream_buffer_1042_0_1
g_rsp_arb_req_arb/g_passthru_g_out_buf_0__out_buf/g_eb2_stream_buffer/clk_gate_g_buffer_data_out_r_reg    1.7550     0.0    0.0000    1.7550 0.0000 SNPS_CLOCK_GATE_HIGH_VX_stream_buffer_1042_0_0
g_rsp_arb_req_arb/g_passthru_g_out_buf_0__out_buf/g_eb2_stream_buffer/clk_gate_g_buffer_data_out_r_reg_0    1.7550     0.0    0.0000    1.7550 0.0000 SNPS_CLOCK_GATE_HIGH_VX_stream_buffer_1042_0_2
req_arb                            803.5560     12.0     0.0000     0.0000  0.0000  VX_stream_arb_21
req_arb/g_passthru_g_out_buf_0__out_buf  803.5560    12.0  803.5560    0.0000 0.0000 VX_elastic_buffer_1715_0_0_0
--------------------------------  ---------  -------  ---------  ---------  ------  ----------------------------------------------
Total                                                 2325.4920  4398.3809  0.0000

1
