 
****************************************
Report : timing
        -path full
        -delay max
        -nets
        -max_paths 10
        -transition_time
Design : VX_barrel_shifter
Scenario(s): mode_norm.OC_rvt_ss_0p900v_125c
Version: V-2023.12-SP5-3
Date   : Thu May 21 21:50:54 2026
****************************************

 * Some/all delay information is back-annotated.
Wire Load Model Mode: Inactive.

  Startpoint: shift_amount[6]
              (input port clocked by CLK)
  Endpoint: shifted_reg_4_
            (rising edge-triggered flip-flop clocked by CLK)
  Scenario: mode_norm.OC_rvt_ss_0p900v_125c
  Path Group: REGIN
  Path Type: max

Attributes:
    d - dont_touch
    u - dont_use
   mo - map_only
   so - size_only
    i - ideal_net or ideal_network
  inf - infeasible path

  Point                        Fanout     Trans      Incr       Path      Attributes     Voltage
  ----------------------------------------------------------------------------------------------------
  clock CLK (rise edge)                              0.00       0.00                     
  clock network delay (ideal)                        0.00       0.00                     
  input external delay                               0.00       0.00 r                   
  shift_amount[6] (in)                     0.76      0.41       0.41 r                   
  shift_amount[6] (net)         40                   0.00       0.41 r                   
  U926/Y (BUF_X1M_A9TR)                    0.27      0.27 *     0.68 r                   0.90
  n2048 (net)                   27                   0.00       0.68 r                   
  U927/Y (NOR2_X0P5B_A9TR)                 0.34      0.31 *     0.99 f                   0.90
  n921 (net)                    27                   0.00       0.99 f                   
  U1204/Y (BUF_X1M_A9TR)                   0.14      0.19 *     1.18 f                   0.90
  n2121 (net)                   26                   0.00       1.18 f                   
  U1754/Y (NAND2_X0P5M_A9TR)               0.22      0.18 *     1.36 r                   0.90
  n1786 (net)                   12                   0.00       1.36 r                   
  U1822/Y (OAI22_X0P5M_A9TR)               0.09      0.11 *     1.47 f                   0.90
  n1505 (net)                    1                   0.00       1.47 f                   
  U1830/Y (AOI211_X1M_A9TR)                0.13      0.11 *     1.57 r                   0.90
  n1523 (net)                    1                   0.00       1.57 r                   
  U1844/Y (OAI211_X0P7M_A9TR)              0.10      0.10 *     1.67 f                   0.90
  n4 (net)                       1                   0.00       1.67 f                   
  shifted_reg_4_/D (DFFQ_X0P5M_A9TR)       0.10      0.00 *     1.67 f                   0.90
  data arrival time                                             1.67                     

  clock CLK (rise edge)                             10.00      10.00                     
  clock network delay (ideal)                        0.00      10.00                     
  shifted_reg_4_/CK (DFFQ_X0P5M_A9TR)                0.00      10.00 r                   
  library setup time                                -0.07       9.93                     
  data required time                                            9.93                     
  ----------------------------------------------------------------------------------------------------
  data required time                                            9.93                     
  data arrival time                                            -1.67                     
  ----------------------------------------------------------------------------------------------------
  slack (MET)                                                   8.26                     


  Startpoint: shift_amount[6]
              (input port clocked by CLK)
  Endpoint: shifted_reg_5_
            (rising edge-triggered flip-flop clocked by CLK)
  Scenario: mode_norm.OC_rvt_ss_0p900v_125c
  Path Group: REGIN
  Path Type: max

Attributes:
    d - dont_touch
    u - dont_use
   mo - map_only
   so - size_only
    i - ideal_net or ideal_network
  inf - infeasible path

  Point                        Fanout     Trans      Incr       Path      Attributes     Voltage
  ----------------------------------------------------------------------------------------------------
  clock CLK (rise edge)                              0.00       0.00                     
  clock network delay (ideal)                        0.00       0.00                     
  input external delay                               0.00       0.00 r                   
  shift_amount[6] (in)                     0.76      0.41       0.41 r                   
  shift_amount[6] (net)         40                   0.00       0.41 r                   
  U926/Y (BUF_X1M_A9TR)                    0.27      0.27 *     0.68 r                   0.90
  n2048 (net)                   27                   0.00       0.68 r                   
  U927/Y (NOR2_X0P5B_A9TR)                 0.34      0.31 *     0.99 f                   0.90
  n921 (net)                    27                   0.00       0.99 f                   
  U1204/Y (BUF_X1M_A9TR)                   0.14      0.19 *     1.18 f                   0.90
  n2121 (net)                   26                   0.00       1.18 f                   
  U1754/Y (NAND2_X0P5M_A9TR)               0.22      0.18 *     1.36 r                   0.90
  n1786 (net)                   12                   0.00       1.36 r                   
  U1760/Y (OAI22_X0P5M_A9TR)               0.08      0.10 *     1.46 f                   0.90
  n1452 (net)                    1                   0.00       1.46 f                   
  U1770/Y (AOI211_X1M_A9TR)                0.13      0.11 *     1.57 r                   0.90
  n1469 (net)                    1                   0.00       1.57 r                   
  U1784/Y (OAI211_X0P7M_A9TR)              0.10      0.10 *     1.66 f                   0.90
  n5 (net)                       1                   0.00       1.66 f                   
  shifted_reg_5_/D (DFFQ_X0P5M_A9TR)       0.10      0.00 *     1.66 f                   0.90
  data arrival time                                             1.66                     

  clock CLK (rise edge)                             10.00      10.00                     
  clock network delay (ideal)                        0.00      10.00                     
  shifted_reg_5_/CK (DFFQ_X0P5M_A9TR)                0.00      10.00 r                   
  library setup time                                -0.07       9.93                     
  data required time                                            9.93                     
  ----------------------------------------------------------------------------------------------------
  data required time                                            9.93                     
  data arrival time                                            -1.66                     
  ----------------------------------------------------------------------------------------------------
  slack (MET)                                                   8.27                     


  Startpoint: shift_amount[6]
              (input port clocked by CLK)
  Endpoint: shifted_reg_11_
            (rising edge-triggered flip-flop clocked by CLK)
  Scenario: mode_norm.OC_rvt_ss_0p900v_125c
  Path Group: REGIN
  Path Type: max

Attributes:
    d - dont_touch
    u - dont_use
   mo - map_only
   so - size_only
    i - ideal_net or ideal_network
  inf - infeasible path

  Point                        Fanout     Trans      Incr       Path      Attributes     Voltage
  ----------------------------------------------------------------------------------------------------
  clock CLK (rise edge)                              0.00       0.00                     
  clock network delay (ideal)                        0.00       0.00                     
  input external delay                               0.00       0.00 r                   
  shift_amount[6] (in)                     0.76      0.41       0.41 r                   
  shift_amount[6] (net)         40                   0.00       0.41 r                   
  U926/Y (BUF_X1M_A9TR)                    0.27      0.27 *     0.68 r                   0.90
  n2048 (net)                   27                   0.00       0.68 r                   
  U927/Y (NOR2_X0P5B_A9TR)                 0.34      0.31 *     0.99 f                   0.90
  n921 (net)                    27                   0.00       0.99 f                   
  U1204/Y (BUF_X1M_A9TR)                   0.14      0.19 *     1.18 f                   0.90
  n2121 (net)                   26                   0.00       1.18 f                   
  U1759/Y (NAND2_X0P5M_A9TR)               0.22      0.18 *     1.35 r                   0.90
  n1788 (net)                   12                   0.00       1.35 r                   
  U1972/Y (OAI22_X0P5M_A9TR)               0.09      0.11 *     1.46 f                   0.90
  n1688 (net)                    1                   0.00       1.46 f                   
  U1974/Y (AOI211_X1M_A9TR)                0.16      0.13 *     1.59 r                   0.90
  n1691 (net)                    1                   0.00       1.59 r                   
  U1976/Y (OAI211_X0P5M_A9TR)              0.06      0.07 *     1.66 f                   0.90
  n11 (net)                      1                   0.00       1.66 f                   
  shifted_reg_11_/D (DFFQ_X0P5M_A9TR)      0.06      0.00 *     1.66 f                   0.90
  data arrival time                                             1.66                     

  clock CLK (rise edge)                             10.00      10.00                     
  clock network delay (ideal)                        0.00      10.00                     
  shifted_reg_11_/CK (DFFQ_X0P5M_A9TR)               0.00      10.00 r                   
  library setup time                                -0.05       9.95                     
  data required time                                            9.95                     
  ----------------------------------------------------------------------------------------------------
  data required time                                            9.95                     
  data arrival time                                            -1.66                     
  ----------------------------------------------------------------------------------------------------
  slack (MET)                                                   8.29                     


  Startpoint: shift_amount[6]
              (input port clocked by CLK)
  Endpoint: shifted_reg_9_
            (rising edge-triggered flip-flop clocked by CLK)
  Scenario: mode_norm.OC_rvt_ss_0p900v_125c
  Path Group: REGIN
  Path Type: max

Attributes:
    d - dont_touch
    u - dont_use
   mo - map_only
   so - size_only
    i - ideal_net or ideal_network
  inf - infeasible path

  Point                        Fanout     Trans      Incr       Path      Attributes     Voltage
  ----------------------------------------------------------------------------------------------------
  clock CLK (rise edge)                              0.00       0.00                     
  clock network delay (ideal)                        0.00       0.00                     
  input external delay                               0.00       0.00 r                   
  shift_amount[6] (in)                     0.76      0.41       0.41 r                   
  shift_amount[6] (net)         40                   0.00       0.41 r                   
  U926/Y (BUF_X1M_A9TR)                    0.27      0.27 *     0.68 r                   0.90
  n2048 (net)                   27                   0.00       0.68 r                   
  U927/Y (NOR2_X0P5B_A9TR)                 0.34      0.31 *     0.99 f                   0.90
  n921 (net)                    27                   0.00       0.99 f                   
  U1204/Y (BUF_X1M_A9TR)                   0.14      0.19 *     1.18 f                   0.90
  n2121 (net)                   26                   0.00       1.18 f                   
  U1754/Y (NAND2_X0P5M_A9TR)               0.22      0.18 *     1.36 r                   0.90
  n1786 (net)                   12                   0.00       1.36 r                   
  U1954/Y (OAI22_X0P5M_A9TR)               0.08      0.10 *     1.46 f                   0.90
  n1664 (net)                    1                   0.00       1.46 f                   
  U1956/Y (AOI211_X0P7M_A9TR)              0.15      0.12 *     1.58 r                   0.90
  n1674 (net)                    1                   0.00       1.58 r                   
  U1964/Y (OAI211_X0P5M_A9TR)              0.05      0.07 *     1.64 f                   0.90
  n9 (net)                       1                   0.00       1.64 f                   
  shifted_reg_9_/D (DFFQ_X0P5M_A9TR)       0.05      0.00 *     1.64 f                   0.90
  data arrival time                                             1.64                     

  clock CLK (rise edge)                             10.00      10.00                     
  clock network delay (ideal)                        0.00      10.00                     
  shifted_reg_9_/CK (DFFQ_X0P5M_A9TR)                0.00      10.00 r                   
  library setup time                                -0.05       9.95                     
  data required time                                            9.95                     
  ----------------------------------------------------------------------------------------------------
  data required time                                            9.95                     
  data arrival time                                            -1.64                     
  ----------------------------------------------------------------------------------------------------
  slack (MET)                                                   8.31                     


  Startpoint: shift_amount[6]
              (input port clocked by CLK)
  Endpoint: shifted_reg_6_
            (rising edge-triggered flip-flop clocked by CLK)
  Scenario: mode_norm.OC_rvt_ss_0p900v_125c
  Path Group: REGIN
  Path Type: max

Attributes:
    d - dont_touch
    u - dont_use
   mo - map_only
   so - size_only
    i - ideal_net or ideal_network
  inf - infeasible path

  Point                        Fanout     Trans      Incr       Path      Attributes     Voltage
  ----------------------------------------------------------------------------------------------------
  clock CLK (rise edge)                              0.00       0.00                     
  clock network delay (ideal)                        0.00       0.00                     
  input external delay                               0.00       0.00 r                   
  shift_amount[6] (in)                     0.76      0.41       0.41 r                   
  shift_amount[6] (net)         40                   0.00       0.41 r                   
  U926/Y (BUF_X1M_A9TR)                    0.27      0.27 *     0.68 r                   0.90
  n2048 (net)                   27                   0.00       0.68 r                   
  U927/Y (NOR2_X0P5B_A9TR)                 0.34      0.31 *     0.99 f                   0.90
  n921 (net)                    27                   0.00       0.99 f                   
  U1204/Y (BUF_X1M_A9TR)                   0.14      0.19 *     1.18 f                   0.90
  n2121 (net)                   26                   0.00       1.18 f                   
  U1759/Y (NAND2_X0P5M_A9TR)               0.22      0.18 *     1.35 r                   0.90
  n1788 (net)                   12                   0.00       1.35 r                   
  U2035/Y (OAI22_X0P5M_A9TR)               0.08      0.10 *     1.46 f                   0.90
  n1795 (net)                    1                   0.00       1.46 f                   
  U2037/Y (AOI211_X0P7M_A9TR)              0.14      0.11 *     1.57 r                   0.90
  n1813 (net)                    1                   0.00       1.57 r                   
  U2045/Y (OAI211_X0P5M_A9TR)              0.06      0.06 *     1.63 f                   0.90
  n6 (net)                       1                   0.00       1.63 f                   
  shifted_reg_6_/D (DFFQ_X0P5M_A9TR)       0.06      0.00 *     1.63 f                   0.90
  data arrival time                                             1.63                     

  clock CLK (rise edge)                             10.00      10.00                     
  clock network delay (ideal)                        0.00      10.00                     
  shifted_reg_6_/CK (DFFQ_X0P5M_A9TR)                0.00      10.00 r                   
  library setup time                                -0.05       9.95                     
  data required time                                            9.95                     
  ----------------------------------------------------------------------------------------------------
  data required time                                            9.95                     
  data arrival time                                            -1.63                     
  ----------------------------------------------------------------------------------------------------
  slack (MET)                                                   8.31                     


  Startpoint: shift_amount[6]
              (input port clocked by CLK)
  Endpoint: shifted_reg_13_
            (rising edge-triggered flip-flop clocked by CLK)
  Scenario: mode_norm.OC_rvt_ss_0p900v_125c
  Path Group: REGIN
  Path Type: max

Attributes:
    d - dont_touch
    u - dont_use
   mo - map_only
   so - size_only
    i - ideal_net or ideal_network
  inf - infeasible path

  Point                        Fanout     Trans      Incr       Path      Attributes     Voltage
  ----------------------------------------------------------------------------------------------------
  clock CLK (rise edge)                              0.00       0.00                     
  clock network delay (ideal)                        0.00       0.00                     
  input external delay                               0.00       0.00 r                   
  shift_amount[6] (in)                     0.76      0.41       0.41 r                   
  shift_amount[6] (net)         40                   0.00       0.41 r                   
  U926/Y (BUF_X1M_A9TR)                    0.27      0.27 *     0.68 r                   0.90
  n2048 (net)                   27                   0.00       0.68 r                   
  U927/Y (NOR2_X0P5B_A9TR)                 0.34      0.31 *     0.99 f                   0.90
  n921 (net)                    27                   0.00       0.99 f                   
  U1204/Y (BUF_X1M_A9TR)                   0.14      0.19 *     1.18 f                   0.90
  n2121 (net)                   26                   0.00       1.18 f                   
  U1754/Y (NAND2_X0P5M_A9TR)               0.22      0.18 *     1.36 r                   0.90
  n1786 (net)                   12                   0.00       1.36 r                   
  U2018/Y (OAI22_X0P5M_A9TR)               0.08      0.10 *     1.46 f                   0.90
  n1755 (net)                    1                   0.00       1.46 f                   
  U2020/Y (AOI211_X0P7M_A9TR)              0.14      0.11 *     1.57 r                   0.90
  n1758 (net)                    1                   0.00       1.57 r                   
  U2022/Y (OAI211_X0P5M_A9TR)              0.06      0.06 *     1.63 f                   0.90
  n13 (net)                      1                   0.00       1.63 f                   
  shifted_reg_13_/D (DFFQ_X0P5M_A9TR)      0.06      0.00 *     1.63 f                   0.90
  data arrival time                                             1.63                     

  clock CLK (rise edge)                             10.00      10.00                     
  clock network delay (ideal)                        0.00      10.00                     
  shifted_reg_13_/CK (DFFQ_X0P5M_A9TR)               0.00      10.00 r                   
  library setup time                                -0.05       9.95                     
  data required time                                            9.95                     
  ----------------------------------------------------------------------------------------------------
  data required time                                            9.95                     
  data arrival time                                            -1.63                     
  ----------------------------------------------------------------------------------------------------
  slack (MET)                                                   8.31                     


  Startpoint: shift_amount[6]
              (input port clocked by CLK)
  Endpoint: shifted_reg_10_
            (rising edge-triggered flip-flop clocked by CLK)
  Scenario: mode_norm.OC_rvt_ss_0p900v_125c
  Path Group: REGIN
  Path Type: max

Attributes:
    d - dont_touch
    u - dont_use
   mo - map_only
   so - size_only
    i - ideal_net or ideal_network
  inf - infeasible path

  Point                        Fanout     Trans      Incr       Path      Attributes     Voltage
  ----------------------------------------------------------------------------------------------------
  clock CLK (rise edge)                              0.00       0.00                     
  clock network delay (ideal)                        0.00       0.00                     
  input external delay                               0.00       0.00 r                   
  shift_amount[6] (in)                     0.76      0.41       0.41 r                   
  shift_amount[6] (net)         40                   0.00       0.41 r                   
  U926/Y (BUF_X1M_A9TR)                    0.27      0.27 *     0.68 r                   0.90
  n2048 (net)                   27                   0.00       0.68 r                   
  U927/Y (NOR2_X0P5B_A9TR)                 0.34      0.31 *     0.99 f                   0.90
  n921 (net)                    27                   0.00       0.99 f                   
  U1204/Y (BUF_X1M_A9TR)                   0.14      0.19 *     1.18 f                   0.90
  n2121 (net)                   26                   0.00       1.18 f                   
  U1759/Y (NAND2_X0P5M_A9TR)               0.22      0.18 *     1.35 r                   0.90
  n1788 (net)                   12                   0.00       1.35 r                   
  U1978/Y (OAI22_X0P5M_A9TR)               0.09      0.11 *     1.46 f                   0.90
  n1694 (net)                    1                   0.00       1.46 f                   
  U1980/Y (AOI211_X1M_A9TR)                0.13      0.11 *     1.57 r                   0.90
  n1697 (net)                    1                   0.00       1.57 r                   
  U1982/Y (OAI211_X0P5M_A9TR)              0.06      0.06 *     1.63 f                   0.90
  n10 (net)                      1                   0.00       1.63 f                   
  shifted_reg_10_/D (DFFQ_X0P5M_A9TR)      0.06      0.00 *     1.63 f                   0.90
  data arrival time                                             1.63                     

  clock CLK (rise edge)                             10.00      10.00                     
  clock network delay (ideal)                        0.00      10.00                     
  shifted_reg_10_/CK (DFFQ_X0P5M_A9TR)               0.00      10.00 r                   
  library setup time                                -0.06       9.94                     
  data required time                                            9.94                     
  ----------------------------------------------------------------------------------------------------
  data required time                                            9.94                     
  data arrival time                                            -1.63                     
  ----------------------------------------------------------------------------------------------------
  slack (MET)                                                   8.31                     


  Startpoint: shift_amount[6]
              (input port clocked by CLK)
  Endpoint: shifted_reg_12_
            (rising edge-triggered flip-flop clocked by CLK)
  Scenario: mode_norm.OC_rvt_ss_0p900v_125c
  Path Group: REGIN
  Path Type: max

Attributes:
    d - dont_touch
    u - dont_use
   mo - map_only
   so - size_only
    i - ideal_net or ideal_network
  inf - infeasible path

  Point                        Fanout     Trans      Incr       Path      Attributes     Voltage
  ----------------------------------------------------------------------------------------------------
  clock CLK (rise edge)                              0.00       0.00                     
  clock network delay (ideal)                        0.00       0.00                     
  input external delay                               0.00       0.00 r                   
  shift_amount[6] (in)                     0.76      0.41       0.41 r                   
  shift_amount[6] (net)         40                   0.00       0.41 r                   
  U926/Y (BUF_X1M_A9TR)                    0.27      0.27 *     0.68 r                   0.90
  n2048 (net)                   27                   0.00       0.68 r                   
  U927/Y (NOR2_X0P5B_A9TR)                 0.34      0.31 *     0.99 f                   0.90
  n921 (net)                    27                   0.00       0.99 f                   
  U1204/Y (BUF_X1M_A9TR)                   0.14      0.19 *     1.18 f                   0.90
  n2121 (net)                   26                   0.00       1.18 f                   
  U1754/Y (NAND2_X0P5M_A9TR)               0.22      0.18 *     1.36 r                   0.90
  n1786 (net)                   12                   0.00       1.36 r                   
  U1914/Y (OAI22_X0P5M_A9TR)               0.08      0.10 *     1.46 f                   0.90
  n1611 (net)                    1                   0.00       1.46 f                   
  U1916/Y (AOI211_X1M_A9TR)                0.12      0.10 *     1.56 r                   0.90
  n1618 (net)                    1                   0.00       1.56 r                   
  U1924/Y (OAI211_X0P5M_A9TR)              0.06      0.06 *     1.63 f                   0.90
  n12 (net)                      1                   0.00       1.63 f                   
  shifted_reg_12_/D (DFFQ_X0P5M_A9TR)      0.06      0.00 *     1.63 f                   0.90
  data arrival time                                             1.63                     

  clock CLK (rise edge)                             10.00      10.00                     
  clock network delay (ideal)                        0.00      10.00                     
  shifted_reg_12_/CK (DFFQ_X0P5M_A9TR)               0.00      10.00 r                   
  library setup time                                -0.05       9.95                     
  data required time                                            9.95                     
  ----------------------------------------------------------------------------------------------------
  data required time                                            9.95                     
  data arrival time                                            -1.63                     
  ----------------------------------------------------------------------------------------------------
  slack (MET)                                                   8.32                     


  Startpoint: shift_amount[6]
              (input port clocked by CLK)
  Endpoint: shifted_reg_14_
            (rising edge-triggered flip-flop clocked by CLK)
  Scenario: mode_norm.OC_rvt_ss_0p900v_125c
  Path Group: REGIN
  Path Type: max

Attributes:
    d - dont_touch
    u - dont_use
   mo - map_only
   so - size_only
    i - ideal_net or ideal_network
  inf - infeasible path

  Point                        Fanout     Trans      Incr       Path      Attributes     Voltage
  ----------------------------------------------------------------------------------------------------
  clock CLK (rise edge)                              0.00       0.00                     
  clock network delay (ideal)                        0.00       0.00                     
  input external delay                               0.00       0.00 r                   
  shift_amount[6] (in)                     0.76      0.41       0.41 r                   
  shift_amount[6] (net)         40                   0.00       0.41 r                   
  U926/Y (BUF_X1M_A9TR)                    0.27      0.27 *     0.68 r                   0.90
  n2048 (net)                   27                   0.00       0.68 r                   
  U927/Y (NOR2_X0P5B_A9TR)                 0.34      0.31 *     0.99 f                   0.90
  n921 (net)                    27                   0.00       0.99 f                   
  U1204/Y (BUF_X1M_A9TR)                   0.14      0.19 *     1.18 f                   0.90
  n2121 (net)                   26                   0.00       1.18 f                   
  U1759/Y (NAND2_X0P5M_A9TR)               0.22      0.18 *     1.35 r                   0.90
  n1788 (net)                   12                   0.00       1.35 r                   
  U2012/Y (OAI22_X0P5M_A9TR)               0.08      0.10 *     1.46 f                   0.90
  n1744 (net)                    1                   0.00       1.46 f                   
  U2014/Y (AOI211_X1M_A9TR)                0.13      0.11 *     1.56 r                   0.90
  n1747 (net)                    1                   0.00       1.56 r                   
  U2016/Y (OAI211_X0P5M_A9TR)              0.06      0.06 *     1.62 f                   0.90
  n14 (net)                      1                   0.00       1.62 f                   
  shifted_reg_14_/D (DFFQ_X0P5M_A9TR)      0.06      0.00 *     1.62 f                   0.90
  data arrival time                                             1.62                     

  clock CLK (rise edge)                             10.00      10.00                     
  clock network delay (ideal)                        0.00      10.00                     
  shifted_reg_14_/CK (DFFQ_X0P5M_A9TR)               0.00      10.00 r                   
  library setup time                                -0.05       9.95                     
  data required time                                            9.95                     
  ----------------------------------------------------------------------------------------------------
  data required time                                            9.95                     
  data arrival time                                            -1.62                     
  ----------------------------------------------------------------------------------------------------
  slack (MET)                                                   8.32                     


  Startpoint: shift_amount[6]
              (input port clocked by CLK)
  Endpoint: shifted_reg_7_
            (rising edge-triggered flip-flop clocked by CLK)
  Scenario: mode_norm.OC_rvt_ss_0p900v_125c
  Path Group: REGIN
  Path Type: max

Attributes:
    d - dont_touch
    u - dont_use
   mo - map_only
   so - size_only
    i - ideal_net or ideal_network
  inf - infeasible path

  Point                        Fanout     Trans      Incr       Path      Attributes     Voltage
  ----------------------------------------------------------------------------------------------------
  clock CLK (rise edge)                              0.00       0.00                     
  clock network delay (ideal)                        0.00       0.00                     
  input external delay                               0.00       0.00 r                   
  shift_amount[6] (in)                     0.76      0.41       0.41 r                   
  shift_amount[6] (net)         40                   0.00       0.41 r                   
  U926/Y (BUF_X1M_A9TR)                    0.27      0.27 *     0.68 r                   0.90
  n2048 (net)                   27                   0.00       0.68 r                   
  U927/Y (NOR2_X0P5B_A9TR)                 0.34      0.31 *     0.99 f                   0.90
  n921 (net)                    27                   0.00       0.99 f                   
  U1204/Y (BUF_X1M_A9TR)                   0.14      0.19 *     1.18 f                   0.90
  n2121 (net)                   26                   0.00       1.18 f                   
  U1759/Y (NAND2_X0P5M_A9TR)               0.22      0.18 *     1.35 r                   0.90
  n1788 (net)                   12                   0.00       1.35 r                   
  U1899/Y (OAI22_X0P5M_A9TR)               0.08      0.10 *     1.45 f                   0.90
  n1591 (net)                    1                   0.00       1.45 f                   
  U1901/Y (AOI211_X0P7M_A9TR)              0.12      0.10 *     1.55 r                   0.90
  n1605 (net)                    1                   0.00       1.55 r                   
  U1909/Y (OAI211_X0P5M_A9TR)              0.06      0.06 *     1.61 f                   0.90
  n7 (net)                       1                   0.00       1.61 f                   
  shifted_reg_7_/D (DFFQ_X0P5M_A9TR)       0.06      0.00 *     1.61 f                   0.90
  data arrival time                                             1.61                     

  clock CLK (rise edge)                             10.00      10.00                     
  clock network delay (ideal)                        0.00      10.00                     
  shifted_reg_7_/CK (DFFQ_X0P5M_A9TR)                0.00      10.00 r                   
  library setup time                                -0.06       9.94                     
  data required time                                            9.94                     
  ----------------------------------------------------------------------------------------------------
  data required time                                            9.94                     
  data arrival time                                            -1.61                     
  ----------------------------------------------------------------------------------------------------
  slack (MET)                                                   8.33                     


  Startpoint: shifted_reg_0_
              (rising edge-triggered flip-flop clocked by CLK)
  Endpoint: out[0] (output port clocked by CLK)
  Scenario: mode_norm.OC_rvt_ss_0p900v_125c
  Path Group: REGOUT
  Path Type: max

Attributes:
    d - dont_touch
    u - dont_use
   mo - map_only
   so - size_only
    i - ideal_net or ideal_network
  inf - infeasible path

  Point                        Fanout     Trans      Incr       Path      Attributes     Voltage
  ----------------------------------------------------------------------------------------------------
  clock CLK (rise edge)                              0.00       0.00                     
  clock network delay (ideal)                        0.00       0.00                     
  shifted_reg_0_/CK (DFFQ_X0P5M_A9TR)      0.00      0.00       0.00 r                   0.90
  shifted_reg_0_/Q (DFFQ_X0P5M_A9TR)       0.07      0.13       0.13 r                   0.90
  out[0] (net)                   1                   0.00       0.13 r                   
  out[0] (out)                             0.07      0.00 *     0.13 r                   
  data arrival time                                             0.13                     

  clock CLK (rise edge)                             10.00      10.00                     
  clock network delay (ideal)                        0.00      10.00                     
  output external delay                              0.00      10.00                     
  data required time                                           10.00                     
  ----------------------------------------------------------------------------------------------------
  data required time                                           10.00                     
  data arrival time                                            -0.13                     
  ----------------------------------------------------------------------------------------------------
  slack (MET)                                                   9.87                     


  Startpoint: shifted_reg_80_
              (rising edge-triggered flip-flop clocked by CLK)
  Endpoint: out[80] (output port clocked by CLK)
  Scenario: mode_norm.OC_rvt_ss_0p900v_125c
  Path Group: REGOUT
  Path Type: max

Attributes:
    d - dont_touch
    u - dont_use
   mo - map_only
   so - size_only
    i - ideal_net or ideal_network
  inf - infeasible path

  Point                         Fanout     Trans      Incr       Path      Attributes     Voltage
  -----------------------------------------------------------------------------------------------------
  clock CLK (rise edge)                               0.00       0.00                     
  clock network delay (ideal)                         0.00       0.00                     
  shifted_reg_80_/CK (DFFQ_X0P5M_A9TR)      0.00      0.00       0.00 r                   0.90
  shifted_reg_80_/Q (DFFQ_X0P5M_A9TR)       0.07      0.13       0.13 r                   0.90
  out[80] (net)                   1                   0.00       0.13 r                   
  out[80] (out)                             0.07      0.00 *     0.13 r                   
  data arrival time                                              0.13                     

  clock CLK (rise edge)                              10.00      10.00                     
  clock network delay (ideal)                         0.00      10.00                     
  output external delay                               0.00      10.00                     
  data required time                                            10.00                     
  -----------------------------------------------------------------------------------------------------
  data required time                                            10.00                     
  data arrival time                                             -0.13                     
  -----------------------------------------------------------------------------------------------------
  slack (MET)                                                    9.87                     


  Startpoint: shifted_reg_16_
              (rising edge-triggered flip-flop clocked by CLK)
  Endpoint: out[16] (output port clocked by CLK)
  Scenario: mode_norm.OC_rvt_ss_0p900v_125c
  Path Group: REGOUT
  Path Type: max

Attributes:
    d - dont_touch
    u - dont_use
   mo - map_only
   so - size_only
    i - ideal_net or ideal_network
  inf - infeasible path

  Point                         Fanout     Trans      Incr       Path      Attributes     Voltage
  -----------------------------------------------------------------------------------------------------
  clock CLK (rise edge)                               0.00       0.00                     
  clock network delay (ideal)                         0.00       0.00                     
  shifted_reg_16_/CK (DFFQ_X0P5M_A9TR)      0.00      0.00       0.00 r                   0.90
  shifted_reg_16_/Q (DFFQ_X0P5M_A9TR)       0.06      0.13       0.13 r                   0.90
  out[16] (net)                   1                   0.00       0.13 r                   
  out[16] (out)                             0.06      0.00 *     0.13 r                   
  data arrival time                                              0.13                     

  clock CLK (rise edge)                              10.00      10.00                     
  clock network delay (ideal)                         0.00      10.00                     
  output external delay                               0.00      10.00                     
  data required time                                            10.00                     
  -----------------------------------------------------------------------------------------------------
  data required time                                            10.00                     
  data arrival time                                             -0.13                     
  -----------------------------------------------------------------------------------------------------
  slack (MET)                                                    9.87                     


  Startpoint: shifted_reg_20_
              (rising edge-triggered flip-flop clocked by CLK)
  Endpoint: out[20] (output port clocked by CLK)
  Scenario: mode_norm.OC_rvt_ss_0p900v_125c
  Path Group: REGOUT
  Path Type: max

Attributes:
    d - dont_touch
    u - dont_use
   mo - map_only
   so - size_only
    i - ideal_net or ideal_network
  inf - infeasible path

  Point                         Fanout     Trans      Incr       Path      Attributes     Voltage
  -----------------------------------------------------------------------------------------------------
  clock CLK (rise edge)                               0.00       0.00                     
  clock network delay (ideal)                         0.00       0.00                     
  shifted_reg_20_/CK (DFFQ_X0P5M_A9TR)      0.00      0.00       0.00 r                   0.90
  shifted_reg_20_/Q (DFFQ_X0P5M_A9TR)       0.06      0.13       0.13 r                   0.90
  out[20] (net)                   1                   0.00       0.13 r                   
  out[20] (out)                             0.06      0.00 *     0.13 r                   
  data arrival time                                              0.13                     

  clock CLK (rise edge)                              10.00      10.00                     
  clock network delay (ideal)                         0.00      10.00                     
  output external delay                               0.00      10.00                     
  data required time                                            10.00                     
  -----------------------------------------------------------------------------------------------------
  data required time                                            10.00                     
  data arrival time                                             -0.13                     
  -----------------------------------------------------------------------------------------------------
  slack (MET)                                                    9.87                     


  Startpoint: shifted_reg_48_
              (rising edge-triggered flip-flop clocked by CLK)
  Endpoint: out[48] (output port clocked by CLK)
  Scenario: mode_norm.OC_rvt_ss_0p900v_125c
  Path Group: REGOUT
  Path Type: max

Attributes:
    d - dont_touch
    u - dont_use
   mo - map_only
   so - size_only
    i - ideal_net or ideal_network
  inf - infeasible path

  Point                         Fanout     Trans      Incr       Path      Attributes     Voltage
  -----------------------------------------------------------------------------------------------------
  clock CLK (rise edge)                               0.00       0.00                     
  clock network delay (ideal)                         0.00       0.00                     
  shifted_reg_48_/CK (DFFQ_X0P5M_A9TR)      0.00      0.00       0.00 r                   0.90
  shifted_reg_48_/Q (DFFQ_X0P5M_A9TR)       0.06      0.13       0.13 r                   0.90
  out[48] (net)                   1                   0.00       0.13 r                   
  out[48] (out)                             0.06      0.00 *     0.13 r                   
  data arrival time                                              0.13                     

  clock CLK (rise edge)                              10.00      10.00                     
  clock network delay (ideal)                         0.00      10.00                     
  output external delay                               0.00      10.00                     
  data required time                                            10.00                     
  -----------------------------------------------------------------------------------------------------
  data required time                                            10.00                     
  data arrival time                                             -0.13                     
  -----------------------------------------------------------------------------------------------------
  slack (MET)                                                    9.87                     


  Startpoint: shifted_reg_32_
              (rising edge-triggered flip-flop clocked by CLK)
  Endpoint: out[32] (output port clocked by CLK)
  Scenario: mode_norm.OC_rvt_ss_0p900v_125c
  Path Group: REGOUT
  Path Type: max

Attributes:
    d - dont_touch
    u - dont_use
   mo - map_only
   so - size_only
    i - ideal_net or ideal_network
  inf - infeasible path

  Point                         Fanout     Trans      Incr       Path      Attributes     Voltage
  -----------------------------------------------------------------------------------------------------
  clock CLK (rise edge)                               0.00       0.00                     
  clock network delay (ideal)                         0.00       0.00                     
  shifted_reg_32_/CK (DFFQ_X0P5M_A9TR)      0.00      0.00       0.00 r                   0.90
  shifted_reg_32_/Q (DFFQ_X0P5M_A9TR)       0.06      0.13       0.13 r                   0.90
  out[32] (net)                   1                   0.00       0.13 r                   
  out[32] (out)                             0.06      0.00 *     0.13 r                   
  data arrival time                                              0.13                     

  clock CLK (rise edge)                              10.00      10.00                     
  clock network delay (ideal)                         0.00      10.00                     
  output external delay                               0.00      10.00                     
  data required time                                            10.00                     
  -----------------------------------------------------------------------------------------------------
  data required time                                            10.00                     
  data arrival time                                             -0.13                     
  -----------------------------------------------------------------------------------------------------
  slack (MET)                                                    9.87                     


  Startpoint: shifted_reg_81_
              (rising edge-triggered flip-flop clocked by CLK)
  Endpoint: out[81] (output port clocked by CLK)
  Scenario: mode_norm.OC_rvt_ss_0p900v_125c
  Path Group: REGOUT
  Path Type: max

Attributes:
    d - dont_touch
    u - dont_use
   mo - map_only
   so - size_only
    i - ideal_net or ideal_network
  inf - infeasible path

  Point                         Fanout     Trans      Incr       Path      Attributes     Voltage
  -----------------------------------------------------------------------------------------------------
  clock CLK (rise edge)                               0.00       0.00                     
  clock network delay (ideal)                         0.00       0.00                     
  shifted_reg_81_/CK (DFFQ_X0P5M_A9TR)      0.00      0.00       0.00 r                   0.90
  shifted_reg_81_/Q (DFFQ_X0P5M_A9TR)       0.06      0.12       0.12 r                   0.90
  out[81] (net)                   1                   0.00       0.12 r                   
  out[81] (out)                             0.06      0.00 *     0.12 r                   
  data arrival time                                              0.12                     

  clock CLK (rise edge)                              10.00      10.00                     
  clock network delay (ideal)                         0.00      10.00                     
  output external delay                               0.00      10.00                     
  data required time                                            10.00                     
  -----------------------------------------------------------------------------------------------------
  data required time                                            10.00                     
  data arrival time                                             -0.12                     
  -----------------------------------------------------------------------------------------------------
  slack (MET)                                                    9.88                     


  Startpoint: shifted_reg_17_
              (rising edge-triggered flip-flop clocked by CLK)
  Endpoint: out[17] (output port clocked by CLK)
  Scenario: mode_norm.OC_rvt_ss_0p900v_125c
  Path Group: REGOUT
  Path Type: max

Attributes:
    d - dont_touch
    u - dont_use
   mo - map_only
   so - size_only
    i - ideal_net or ideal_network
  inf - infeasible path

  Point                         Fanout     Trans      Incr       Path      Attributes     Voltage
  -----------------------------------------------------------------------------------------------------
  clock CLK (rise edge)                               0.00       0.00                     
  clock network delay (ideal)                         0.00       0.00                     
  shifted_reg_17_/CK (DFFQ_X0P5M_A9TR)      0.00      0.00       0.00 r                   0.90
  shifted_reg_17_/Q (DFFQ_X0P5M_A9TR)       0.06      0.12       0.12 r                   0.90
  out[17] (net)                   1                   0.00       0.12 r                   
  out[17] (out)                             0.06      0.00 *     0.12 r                   
  data arrival time                                              0.12                     

  clock CLK (rise edge)                              10.00      10.00                     
  clock network delay (ideal)                         0.00      10.00                     
  output external delay                               0.00      10.00                     
  data required time                                            10.00                     
  -----------------------------------------------------------------------------------------------------
  data required time                                            10.00                     
  data arrival time                                             -0.12                     
  -----------------------------------------------------------------------------------------------------
  slack (MET)                                                    9.88                     


  Startpoint: shifted_reg_9_
              (rising edge-triggered flip-flop clocked by CLK)
  Endpoint: out[9] (output port clocked by CLK)
  Scenario: mode_norm.OC_rvt_ss_0p900v_125c
  Path Group: REGOUT
  Path Type: max

Attributes:
    d - dont_touch
    u - dont_use
   mo - map_only
   so - size_only
    i - ideal_net or ideal_network
  inf - infeasible path

  Point                        Fanout     Trans      Incr       Path      Attributes     Voltage
  ----------------------------------------------------------------------------------------------------
  clock CLK (rise edge)                              0.00       0.00                     
  clock network delay (ideal)                        0.00       0.00                     
  shifted_reg_9_/CK (DFFQ_X0P5M_A9TR)      0.00      0.00       0.00 r                   0.90
  shifted_reg_9_/Q (DFFQ_X0P5M_A9TR)       0.05      0.12       0.12 r                   0.90
  out[9] (net)                   1                   0.00       0.12 r                   
  out[9] (out)                             0.05      0.00 *     0.12 r                   
  data arrival time                                             0.12                     

  clock CLK (rise edge)                             10.00      10.00                     
  clock network delay (ideal)                        0.00      10.00                     
  output external delay                              0.00      10.00                     
  data required time                                           10.00                     
  ----------------------------------------------------------------------------------------------------
  data required time                                           10.00                     
  data arrival time                                            -0.12                     
  ----------------------------------------------------------------------------------------------------
  slack (MET)                                                   9.88                     


  Startpoint: shifted_reg_46_
              (rising edge-triggered flip-flop clocked by CLK)
  Endpoint: out[46] (output port clocked by CLK)
  Scenario: mode_norm.OC_rvt_ss_0p900v_125c
  Path Group: REGOUT
  Path Type: max

Attributes:
    d - dont_touch
    u - dont_use
   mo - map_only
   so - size_only
    i - ideal_net or ideal_network
  inf - infeasible path

  Point                         Fanout     Trans      Incr       Path      Attributes     Voltage
  -----------------------------------------------------------------------------------------------------
  clock CLK (rise edge)                               0.00       0.00                     
  clock network delay (ideal)                         0.00       0.00                     
  shifted_reg_46_/CK (DFFQ_X0P5M_A9TR)      0.00      0.00       0.00 r                   0.90
  shifted_reg_46_/Q (DFFQ_X0P5M_A9TR)       0.05      0.12       0.12 r                   0.90
  out[46] (net)                   1                   0.00       0.12 r                   
  out[46] (out)                             0.05      0.00 *     0.12 r                   
  data arrival time                                              0.12                     

  clock CLK (rise edge)                              10.00      10.00                     
  clock network delay (ideal)                         0.00      10.00                     
  output external delay                               0.00      10.00                     
  data required time                                            10.00                     
  -----------------------------------------------------------------------------------------------------
  data required time                                            10.00                     
  data arrival time                                             -0.12                     
  -----------------------------------------------------------------------------------------------------
  slack (MET)                                                    9.88                     


1
