 
****************************************
Report : area
Design : VX_barrel_shifter
Version: V-2023.12-SP5-3
Date   : Thu May 21 21:50:54 2026
****************************************

Library(s) Used:

    sc9_cmos28lpp_base_rvt_ss_nominal_max_0p900v_125c_sadhm (File: /tool/PDK/Samsung/LN28LPP_202203/PRIMITIVES/RVT/ln28lpp_sc_9t_base_rvt_c130_V1.00d/FE-Common/LIBERTY/sc9_cmos28lpp_base_rvt_ss_nominal_max_0p900v_125c_sadhm.db)

Number of ports:                          269
Number of nets:                          1460
Number of cells:                         1320
Number of combinational cells:           1189
Number of sequential cells:               129
Number of macros/black boxes:               0
Number of buf/inv:                        107
Number of references:                      32

Combinational area:                733.473012
Buf/Inv area:                       38.493001
Noncombinational area:             271.322993
Macro/Black Box area:                0.000000
Net Interconnect area:      undefined  (No wire load specified)

Total cell area:                  1004.796005
Total area:                 undefined

Core Area:                      1765
Aspect Ratio:                 1.0137
Utilization Ratio:            0.5692


The above information was reported from the logical library. The following are from the physical library:

  Total moveable cell area: 1004.8
  Total fixed cell area: 0.0
  Total physical cell area: 1004.8
 Core area: 0.000, 0.000, 41.730, 42.300

Hierarchical area distribution
------------------------------

                                  Global cell area          Local cell area
                                  ------------------  --------------------------- 
Hierarchical cell                 Absolute   Percent  Combi-    Noncombi-  Black-
                                  Total      Total    national  national   boxes   Design
--------------------------------  ---------  -------  --------  ---------  ------  --------------------------------------
VX_barrel_shifter                 1004.7960    100.0  733.4730   269.5680  0.0000  VX_barrel_shifter
clk_gate_shifted_reg                 1.7550      0.2    0.0000     1.7550  0.0000  SNPS_CLOCK_GATE_HIGH_VX_barrel_shifter
--------------------------------  ---------  -------  --------  ---------  ------  --------------------------------------
Total                                                 733.4730   271.3230  0.0000

1
