Information: Propagating switching activity (high effort zero delay simulation). (PWR-6)
Warning: Design has unannotated primary inputs. (PWR-414)
Warning: Design has unannotated sequential cell outputs. (PWR-415)
Warning: Design has unannotated black box outputs. (PWR-428)
 
****************************************
Report : power
        -hier
        -analysis_effort high
        -verbose
Design : VX_axi_adapter
Scenario(s): mode_norm.OC_rvt_ss_0p900v_125c
Version: V-2023.12-SP5-3
Date   : Tue May 12 00:08:52 2026
****************************************


Library(s) Used:

    sc9_cmos28lpp_base_rvt_ss_nominal_max_0p900v_125c_sadhm (File: /tool/PDK/Samsung/LN28LPP_202203/PRIMITIVES/RVT/ln28lpp_sc_9t_base_rvt_c130_V1.00d/FE-Common/LIBERTY/sc9_cmos28lpp_base_rvt_ss_nominal_max_0p900v_125c_sadhm.db)


Global Operating Voltage = 0.9  
Power-specific unit information :
    Voltage Units = 1V
    Capacitance Units = 1.000000pf
    Time Units = 1ns
    Dynamic Power Units = 1mW    (derived from V,C,T units)
    Leakage Power Units = 1uW


--------------------------------------------------------------------------------
                                       Switch   Int      Leak     Total
Hierarchy                              Power    Power    Power    Power    %
--------------------------------------------------------------------------------
VX_axi_adapter                            7.107    4.764 1.48e+03   13.346 100.0
  rsp_xbar (VX_stream_xbar_1)             5.081    4.397 1.20e+03   10.678  80.0
    g_multi_inputs_g_multiple_outputs_g_xbar_arbs_7__xbar_arb (VX_stream_arb_1_0)    0.652    0.546  150.223    1.348  10.1
      g_input_select_g_fanout_fanout_join_arb (VX_stream_arb_3_0)    0.170 2.94e-02   10.175    0.210   1.6
        g_input_select_g_arbiter_g_out_buf_0__out_buf (VX_elastic_buffer_521_0_0_0_0) 1.95e-02 9.78e-03    3.472 3.28e-02   0.2
        g_input_select_g_arbiter_arbiter (VX_generic_arbiter_1_0) 4.94e-04 1.15e-03    0.176 1.82e-03   0.0
          g_round_robin_rr_arbiter (VX_rr_arbiter_1_0) 4.94e-04 1.15e-03    0.176 1.82e-03   0.0
            g_model1_onehot_encoder (VX_onehot_encoder_1_0) 1.13e-04 4.98e-05 1.85e-02 1.81e-04   0.0
      g_input_select_g_fanout_g_slice_arbs_3__fanout_slice_arb (VX_stream_arb_2_0)    0.120    0.122   35.081    0.278   2.1
        g_input_select_g_arbiter_g_out_buf_0__out_buf (VX_elastic_buffer_519_2_1_0_0) 4.39e-02    0.105   23.931    0.173   1.3
          g_eb2_out_buf (VX_pipe_buffer_0) 1.23e-02 2.55e-03    3.471 1.83e-02   0.1
          g_eb2_stream_buffer (VX_stream_buffer_519_1_0) 3.16e-02    0.102   20.460    0.154   1.2
        g_input_select_g_arbiter_arbiter (VX_generic_arbiter_0) 1.31e-03 4.95e-04    0.365 2.17e-03   0.0
          g_round_robin_rr_arbiter (VX_rr_arbiter_0) 1.31e-03 4.95e-04    0.365 2.17e-03   0.0
            g_model1_onehot_encoder (VX_onehot_encoder_0) 1.03e-03 6.73e-05 5.19e-02 1.15e-03   0.0
      g_input_select_g_fanout_g_slice_arbs_2__fanout_slice_arb (VX_stream_arb_2_1)    0.108    0.124   34.962    0.267   2.0
        g_input_select_g_arbiter_g_out_buf_0__out_buf (VX_elastic_buffer_519_2_1_0_1) 3.53e-02    0.107   23.940    0.166   1.2
          g_eb2_out_buf (VX_pipe_buffer_1) 2.50e-03 2.59e-03    3.472 8.56e-03   0.1
          g_eb2_stream_buffer (VX_stream_buffer_519_1_1) 3.29e-02    0.104   20.467    0.157   1.2
        g_input_select_g_arbiter_arbiter (VX_generic_arbiter_2) 1.51e-03 5.02e-04    0.366 2.38e-03   0.0
          g_round_robin_rr_arbiter (VX_rr_arbiter_2) 1.51e-03 5.02e-04    0.366 2.38e-03   0.0
            g_model1_onehot_encoder (VX_onehot_encoder_2) 1.23e-03 6.78e-05 5.20e-02 1.35e-03   0.0
      g_input_select_g_fanout_g_slice_arbs_1__fanout_slice_arb (VX_stream_arb_2_2)    0.111    0.129   34.918    0.275   2.1
        g_input_select_g_arbiter_g_out_buf_0__out_buf (VX_elastic_buffer_519_2_1_0_2) 4.20e-02    0.112   23.947    0.178   1.3
          g_eb2_out_buf (VX_pipe_buffer_2) 6.80e-03 2.68e-03    3.472 1.29e-02   0.1
          g_eb2_stream_buffer (VX_stream_buffer_519_1_2) 3.52e-02    0.109   20.475    0.165   1.2
        g_input_select_g_arbiter_arbiter (VX_generic_arbiter_3) 1.44e-03 5.01e-04    0.366 2.30e-03   0.0
          g_round_robin_rr_arbiter (VX_rr_arbiter_3) 1.44e-03 5.01e-04    0.366 2.30e-03   0.0
            g_model1_onehot_encoder (VX_onehot_encoder_3) 1.14e-03 6.70e-05 5.20e-02 1.26e-03   0.0
      g_input_select_g_fanout_g_slice_arbs_0__fanout_slice_arb (VX_stream_arb_2_3)    0.142    0.141   35.086    0.319   2.4
        g_input_select_g_arbiter_g_out_buf_0__out_buf (VX_elastic_buffer_519_2_1_0_3) 6.63e-02    0.124   24.023    0.214   1.6
          g_eb2_out_buf (VX_pipe_buffer_3) 1.10e-02 3.05e-03    3.471 1.75e-02   0.1
          g_eb2_stream_buffer (VX_stream_buffer_519_1_3) 5.54e-02    0.121   20.552    0.196   1.5
        g_input_select_g_arbiter_arbiter (VX_generic_arbiter_4) 1.17e-03 5.23e-04    0.363 2.06e-03   0.0
          g_round_robin_rr_arbiter (VX_rr_arbiter_4) 1.17e-03 5.23e-04    0.363 2.06e-03   0.0
            g_model1_onehot_encoder (VX_onehot_encoder_4) 8.40e-04 6.26e-05 4.73e-02 9.50e-04   0.0
    g_multi_inputs_g_multiple_outputs_g_xbar_arbs_6__xbar_arb (VX_stream_arb_1_1)    0.611    0.549  148.959    1.308   9.8
      g_input_select_g_fanout_fanout_join_arb (VX_stream_arb_3_1)    0.189 3.00e-02   10.885    0.230   1.7
        g_input_select_g_arbiter_g_out_buf_0__out_buf (VX_elastic_buffer_521_0_0_0_1) 2.44e-02 9.65e-03    3.473 3.75e-02   0.3
        g_input_select_g_arbiter_arbiter (VX_generic_arbiter_1_1) 4.79e-04 1.16e-03    0.176 1.82e-03   0.0
          g_round_robin_rr_arbiter (VX_rr_arbiter_1_1) 4.79e-04 1.16e-03    0.176 1.82e-03   0.0
            g_model1_onehot_encoder (VX_onehot_encoder_1_1) 1.03e-04 4.94e-05 1.85e-02 1.71e-04   0.0
      g_input_select_g_fanout_g_slice_arbs_3__fanout_slice_arb (VX_stream_arb_2_4)    0.114    0.122   34.844    0.271   2.0
        g_input_select_g_arbiter_g_out_buf_0__out_buf (VX_elastic_buffer_519_2_1_0_4) 4.72e-02    0.105   23.913    0.176   1.3
          g_eb2_out_buf (VX_pipe_buffer_4) 1.37e-02 2.53e-03    3.473 1.97e-02   0.1
          g_eb2_stream_buffer (VX_stream_buffer_519_1_4) 3.34e-02    0.102   20.440    0.156   1.2
        g_input_select_g_arbiter_arbiter (VX_generic_arbiter_5) 1.28e-03 4.89e-04    0.368 2.13e-03   0.0
          g_round_robin_rr_arbiter (VX_rr_arbiter_5) 1.28e-03 4.89e-04    0.368 2.13e-03   0.0
            g_model1_onehot_encoder (VX_onehot_encoder_5) 9.93e-04 6.75e-05 5.18e-02 1.11e-03   0.0
      g_input_select_g_fanout_g_slice_arbs_2__fanout_slice_arb (VX_stream_arb_2_5)    0.100    0.124   34.845    0.259   1.9
        g_input_select_g_arbiter_g_out_buf_0__out_buf (VX_elastic_buffer_519_2_1_0_5) 3.12e-02    0.106   23.861    0.161   1.2
          g_eb2_out_buf (VX_pipe_buffer_5) 1.96e-03 2.57e-03    3.473 8.00e-03   0.1
          g_eb2_stream_buffer (VX_stream_buffer_519_1_5) 2.92e-02    0.104   20.388    0.153   1.1
        g_input_select_g_arbiter_arbiter (VX_generic_arbiter_6) 1.51e-03 4.95e-04    0.366 2.37e-03   0.0
          g_round_robin_rr_arbiter (VX_rr_arbiter_6) 1.51e-03 4.95e-04    0.366 2.37e-03   0.0
            g_model1_onehot_encoder (VX_onehot_encoder_6) 1.22e-03 6.93e-05 5.21e-02 1.35e-03   0.0
      g_input_select_g_fanout_g_slice_arbs_1__fanout_slice_arb (VX_stream_arb_2_6)    0.106    0.133   34.396    0.273   2.0
        g_input_select_g_arbiter_g_out_buf_0__out_buf (VX_elastic_buffer_519_2_1_0_6) 4.73e-02    0.117   23.921    0.188   1.4
          g_eb2_out_buf (VX_pipe_buffer_6) 1.18e-02 2.75e-03    3.471 1.80e-02   0.1
          g_eb2_stream_buffer (VX_stream_buffer_519_1_6) 3.55e-02    0.114   20.450    0.170   1.3
        g_input_select_g_arbiter_arbiter (VX_generic_arbiter_7) 1.14e-03 4.93e-04    0.362 2.00e-03   0.0
          g_round_robin_rr_arbiter (VX_rr_arbiter_7) 1.14e-03 4.93e-04    0.362 2.00e-03   0.0
            g_model1_onehot_encoder (VX_onehot_encoder_7) 8.54e-04 6.16e-05 4.94e-02 9.65e-04   0.0
      g_input_select_g_fanout_g_slice_arbs_0__fanout_slice_arb (VX_stream_arb_2_7)    0.102    0.140   33.989    0.275   2.1
        g_input_select_g_arbiter_g_out_buf_0__out_buf (VX_elastic_buffer_519_2_1_0_7) 5.34e-02    0.123   23.914    0.201   1.5
          g_eb2_out_buf (VX_pipe_buffer_7) 1.33e-02 2.97e-03    3.472 1.97e-02   0.1
          g_eb2_stream_buffer (VX_stream_buffer_519_1_7) 4.01e-02    0.120   20.441    0.181   1.4
        g_input_select_g_arbiter_arbiter (VX_generic_arbiter_8) 1.61e-03 5.61e-04    0.375 2.55e-03   0.0
          g_round_robin_rr_arbiter (VX_rr_arbiter_8) 1.04e-03 5.33e-04    0.363 1.94e-03   0.0
            g_model1_onehot_encoder (VX_onehot_encoder_8) 6.10e-04 5.60e-05 4.30e-02 7.09e-04   0.0
    g_multi_inputs_g_multiple_outputs_g_xbar_arbs_5__xbar_arb (VX_stream_arb_1_2)    0.629    0.550  149.124    1.328   9.9
      g_input_select_g_fanout_fanout_join_arb (VX_stream_arb_3_2)    0.188 2.92e-02   10.372    0.228   1.7
        g_input_select_g_arbiter_g_out_buf_0__out_buf (VX_elastic_buffer_521_0_0_0_2) 2.54e-02 9.87e-03    3.473 3.88e-02   0.3
        g_input_select_g_arbiter_arbiter (VX_generic_arbiter_1_2) 4.67e-04 1.14e-03    0.175 1.78e-03   0.0
          g_round_robin_rr_arbiter (VX_rr_arbiter_1_2) 4.67e-04 1.14e-03    0.175 1.78e-03   0.0
            g_model1_onehot_encoder (VX_onehot_encoder_1_2) 9.00e-05 4.76e-05 1.73e-02 1.55e-04   0.0
      g_input_select_g_fanout_g_slice_arbs_3__fanout_slice_arb (VX_stream_arb_2_8) 8.81e-02    0.122   33.751    0.244   1.8
        g_input_select_g_arbiter_g_out_buf_0__out_buf (VX_elastic_buffer_519_2_1_0_8) 4.77e-02    0.106   23.947    0.178   1.3
          g_eb2_out_buf (VX_pipe_buffer_8) 8.25e-03 2.65e-03    3.472 1.44e-02   0.1
          g_eb2_stream_buffer (VX_stream_buffer_519_1_8) 3.95e-02    0.104   20.475    0.164   1.2
        g_input_select_g_arbiter_arbiter (VX_generic_arbiter_9) 1.20e-03 4.87e-04    0.368 2.05e-03   0.0
          g_round_robin_rr_arbiter (VX_rr_arbiter_9) 1.20e-03 4.87e-04    0.368 2.05e-03   0.0
            g_model1_onehot_encoder (VX_onehot_encoder_9) 9.17e-04 6.68e-05 5.34e-02 1.04e-03   0.0
      g_input_select_g_fanout_g_slice_arbs_2__fanout_slice_arb (VX_stream_arb_2_9) 9.90e-02    0.130   34.893    0.264   2.0
        g_input_select_g_arbiter_g_out_buf_0__out_buf (VX_elastic_buffer_519_2_1_0_9) 3.28e-02    0.113   23.921    0.170   1.3
          g_eb2_out_buf (VX_pipe_buffer_9) 2.39e-03 2.57e-03    3.473 8.43e-03   0.1
          g_eb2_stream_buffer (VX_stream_buffer_519_1_9) 3.04e-02    0.110   20.448    0.161   1.2
        g_input_select_g_arbiter_arbiter (VX_generic_arbiter_10) 1.12e-03 4.89e-04    0.365 1.97e-03   0.0
          g_round_robin_rr_arbiter (VX_rr_arbiter_10) 1.12e-03 4.89e-04    0.365 1.97e-03   0.0
            g_model1_onehot_encoder (VX_onehot_encoder_10) 8.26e-04 6.21e-05 4.93e-02 9.37e-04   0.0
      g_input_select_g_fanout_g_slice_arbs_1__fanout_slice_arb (VX_stream_arb_2_10)    0.120    0.127   34.943    0.281   2.1
        g_input_select_g_arbiter_g_out_buf_0__out_buf (VX_elastic_buffer_519_2_1_0_10) 5.39e-02    0.109   23.935    0.187   1.4
          g_eb2_out_buf (VX_pipe_buffer_10) 1.22e-02 2.81e-03    3.472 1.85e-02   0.1
          g_eb2_stream_buffer (VX_stream_buffer_519_1_10) 4.17e-02    0.107   20.462    0.169   1.3
        g_input_select_g_arbiter_arbiter (VX_generic_arbiter_11) 1.41e-03 5.06e-04    0.367 2.28e-03   0.0
          g_round_robin_rr_arbiter (VX_rr_arbiter_11) 1.41e-03 5.06e-04    0.367 2.28e-03   0.0
            g_model1_onehot_encoder (VX_onehot_encoder_11) 1.11e-03 6.72e-05 5.20e-02 1.22e-03   0.0
      g_input_select_g_fanout_g_slice_arbs_0__fanout_slice_arb (VX_stream_arb_2_11)    0.134    0.141   35.164    0.310   2.3
        g_input_select_g_arbiter_g_out_buf_0__out_buf (VX_elastic_buffer_519_2_1_0_11) 5.57e-02    0.124   24.005    0.203   1.5
          g_eb2_out_buf (VX_pipe_buffer_11) 4.74e-03 2.94e-03    3.473 1.12e-02   0.1
          g_eb2_stream_buffer (VX_stream_buffer_519_1_11) 5.10e-02    0.121   20.532    0.192   1.4
        g_input_select_g_arbiter_arbiter (VX_generic_arbiter_12) 1.30e-03 5.34e-04    0.372 2.21e-03   0.0
          g_round_robin_rr_arbiter (VX_rr_arbiter_12) 1.01e-03 5.19e-04    0.365 1.89e-03   0.0
            g_model1_onehot_encoder (VX_onehot_encoder_12) 5.90e-04 5.58e-05 4.30e-02 6.89e-04   0.0
    g_multi_inputs_g_multiple_outputs_g_xbar_arbs_4__xbar_arb (VX_stream_arb_1_3)    0.615    0.534  149.089    1.299   9.7
      g_input_select_g_fanout_fanout_join_arb (VX_stream_arb_3_3)    0.191 2.88e-02   10.753    0.230   1.7
        g_input_select_g_arbiter_g_out_buf_0__out_buf (VX_elastic_buffer_521_0_0_0_3) 2.37e-02 9.64e-03    3.472 3.68e-02   0.3
        g_input_select_g_arbiter_arbiter (VX_generic_arbiter_1_3) 4.67e-04 1.15e-03    0.175 1.79e-03   0.0
          g_round_robin_rr_arbiter (VX_rr_arbiter_1_3) 4.67e-04 1.15e-03    0.175 1.79e-03   0.0
            g_model1_onehot_encoder (VX_onehot_encoder_1_3) 9.70e-05 4.63e-05 1.73e-02 1.61e-04   0.0
      g_input_select_g_fanout_g_slice_arbs_3__fanout_slice_arb (VX_stream_arb_2_12) 8.32e-02    0.116   33.500    0.233   1.7
        g_input_select_g_arbiter_g_out_buf_0__out_buf (VX_elastic_buffer_519_2_1_0_12) 4.49e-02    0.100   23.906    0.169   1.3
          g_eb2_out_buf (VX_pipe_buffer_12) 7.39e-03 2.51e-03    3.471 1.34e-02   0.1
          g_eb2_stream_buffer (VX_stream_buffer_519_1_12) 3.75e-02 9.78e-02   20.434    0.156   1.2
        g_input_select_g_arbiter_arbiter (VX_generic_arbiter_13) 1.15e-03 4.79e-04    0.368 1.99e-03   0.0
          g_round_robin_rr_arbiter (VX_rr_arbiter_13) 1.15e-03 4.79e-04    0.368 1.99e-03   0.0
            g_model1_onehot_encoder (VX_onehot_encoder_13) 8.72e-04 6.61e-05 5.19e-02 9.90e-04   0.0
      g_input_select_g_fanout_g_slice_arbs_2__fanout_slice_arb (VX_stream_arb_2_13) 9.37e-02    0.121   34.858    0.250   1.9
        g_input_select_g_arbiter_g_out_buf_0__out_buf (VX_elastic_buffer_519_2_1_0_13) 3.16e-02    0.104   23.921    0.160   1.2
          g_eb2_out_buf (VX_pipe_buffer_13) 2.43e-03 2.51e-03    3.472 8.41e-03   0.1
          g_eb2_stream_buffer (VX_stream_buffer_519_1_13) 2.92e-02    0.102   20.449    0.151   1.1
        g_input_select_g_arbiter_arbiter (VX_generic_arbiter_14) 1.45e-03 4.92e-04    0.369 2.31e-03   0.0
          g_round_robin_rr_arbiter (VX_rr_arbiter_14) 1.45e-03 4.92e-04    0.369 2.31e-03   0.0
            g_model1_onehot_encoder (VX_onehot_encoder_14) 1.16e-03 6.66e-05 5.33e-02 1.28e-03   0.0
      g_input_select_g_fanout_g_slice_arbs_1__fanout_slice_arb (VX_stream_arb_2_14)    0.118    0.131   34.813    0.283   2.1
        g_input_select_g_arbiter_g_out_buf_0__out_buf (VX_elastic_buffer_519_2_1_0_14) 4.90e-02    0.113   23.934    0.186   1.4
          g_eb2_out_buf (VX_pipe_buffer_14) 1.01e-02 2.70e-03    3.473 1.63e-02   0.1
          g_eb2_stream_buffer (VX_stream_buffer_519_1_14) 3.88e-02    0.111   20.461    0.170   1.3
        g_input_select_g_arbiter_arbiter (VX_generic_arbiter_15) 1.08e-03 4.89e-04    0.363 1.93e-03   0.0
          g_round_robin_rr_arbiter (VX_rr_arbiter_15) 1.08e-03 4.89e-04    0.363 1.93e-03   0.0
            g_model1_onehot_encoder (VX_onehot_encoder_15) 7.92e-04 6.26e-05 4.93e-02 9.04e-04   0.0
      g_input_select_g_fanout_g_slice_arbs_0__fanout_slice_arb (VX_stream_arb_2_15)    0.130    0.138   35.165    0.302   2.3
        g_input_select_g_arbiter_g_out_buf_0__out_buf (VX_elastic_buffer_519_2_1_0_15) 4.84e-02    0.120   23.914    0.192   1.4
          g_eb2_out_buf (VX_pipe_buffer_15) 5.03e-03 2.85e-03    3.472 1.14e-02   0.1
          g_eb2_stream_buffer (VX_stream_buffer_519_1_15) 4.34e-02    0.117   20.443    0.181   1.4
        g_input_select_g_arbiter_arbiter (VX_generic_arbiter_16) 1.33e-03 5.37e-04    0.372 2.24e-03   0.0
          g_round_robin_rr_arbiter (VX_rr_arbiter_16) 1.04e-03 5.22e-04    0.366 1.93e-03   0.0
            g_model1_onehot_encoder (VX_onehot_encoder_16) 5.86e-04 5.60e-05 4.30e-02 6.85e-04   0.0
    g_multi_inputs_g_multiple_outputs_g_xbar_arbs_3__xbar_arb (VX_stream_arb_1_4)    0.622    0.546  149.457    1.318   9.9
      g_input_select_g_fanout_fanout_join_arb (VX_stream_arb_3_4)    0.157 2.85e-02    9.984    0.196   1.5
        g_input_select_g_arbiter_g_out_buf_0__out_buf (VX_elastic_buffer_521_0_0_0_4) 1.41e-02 9.58e-03    3.474 2.72e-02   0.2
        g_input_select_g_arbiter_arbiter (VX_generic_arbiter_1_4) 5.29e-04 1.15e-03    0.176 1.86e-03   0.0
          g_round_robin_rr_arbiter (VX_rr_arbiter_1_4) 5.29e-04 1.15e-03    0.176 1.86e-03   0.0
            g_model1_onehot_encoder (VX_onehot_encoder_1_4) 1.47e-04 4.92e-05 1.85e-02 2.15e-04   0.0
      g_input_select_g_fanout_g_slice_arbs_3__fanout_slice_arb (VX_stream_arb_2_16)    0.126    0.123   35.113    0.284   2.1
        g_input_select_g_arbiter_g_out_buf_0__out_buf (VX_elastic_buffer_519_2_1_0_16) 4.86e-02    0.105   23.981    0.178   1.3
          g_eb2_out_buf (VX_pipe_buffer_16) 1.59e-02 2.53e-03    3.474 2.19e-02   0.2
          g_eb2_stream_buffer (VX_stream_buffer_519_1_16) 3.27e-02    0.103   20.507    0.156   1.2
        g_input_select_g_arbiter_arbiter (VX_generic_arbiter_17) 1.18e-03 4.84e-04    0.365 2.03e-03   0.0
          g_round_robin_rr_arbiter (VX_rr_arbiter_17) 1.18e-03 4.84e-04    0.365 2.03e-03   0.0
            g_model1_onehot_encoder (VX_onehot_encoder_17) 9.05e-04 6.54e-05 5.19e-02 1.02e-03   0.0
      g_input_select_g_fanout_g_slice_arbs_2__fanout_slice_arb (VX_stream_arb_2_17) 9.11e-02    0.125   34.444    0.251   1.9
        g_input_select_g_arbiter_g_out_buf_0__out_buf (VX_elastic_buffer_519_2_1_0_17) 3.44e-02    0.108   23.915    0.167   1.2
          g_eb2_out_buf (VX_pipe_buffer_17) 2.63e-03 2.58e-03    3.473 8.68e-03   0.1
          g_eb2_stream_buffer (VX_stream_buffer_519_1_17) 3.17e-02    0.106   20.442    0.158   1.2
        g_input_select_g_arbiter_arbiter (VX_generic_arbiter_18) 1.44e-03 5.05e-04    0.368 2.32e-03   0.0
          g_round_robin_rr_arbiter (VX_rr_arbiter_18) 1.44e-03 5.05e-04    0.368 2.32e-03   0.0
            g_model1_onehot_encoder (VX_onehot_encoder_18) 1.15e-03 6.71e-05 5.19e-02 1.27e-03   0.0
      g_input_select_g_fanout_g_slice_arbs_1__fanout_slice_arb (VX_stream_arb_2_18)    0.115    0.128   34.876    0.277   2.1
        g_input_select_g_arbiter_g_out_buf_0__out_buf (VX_elastic_buffer_519_2_1_0_18) 4.00e-02    0.111   23.905    0.175   1.3
          g_eb2_out_buf (VX_pipe_buffer_18) 5.97e-03 2.71e-03    3.473 1.22e-02   0.1
          g_eb2_stream_buffer (VX_stream_buffer_519_1_18) 3.40e-02    0.108   20.432    0.162   1.2
        g_input_select_g_arbiter_arbiter (VX_generic_arbiter_19) 1.47e-03 4.98e-04    0.370 2.34e-03   0.0
          g_round_robin_rr_arbiter (VX_rr_arbiter_19) 1.47e-03 4.98e-04    0.370 2.34e-03   0.0
            g_model1_onehot_encoder (VX_onehot_encoder_19) 1.18e-03 6.74e-05 5.20e-02 1.30e-03   0.0
      g_input_select_g_fanout_g_slice_arbs_0__fanout_slice_arb (VX_stream_arb_2_19)    0.133    0.142   35.039    0.310   2.3
        g_input_select_g_arbiter_g_out_buf_0__out_buf (VX_elastic_buffer_519_2_1_0_19) 6.43e-02    0.124   23.981    0.213   1.6
          g_eb2_out_buf (VX_pipe_buffer_19) 1.12e-02 3.03e-03    3.474 1.77e-02   0.1
          g_eb2_stream_buffer (VX_stream_buffer_519_1_19) 5.31e-02    0.121   20.508    0.195   1.5
        g_input_select_g_arbiter_arbiter (VX_generic_arbiter_20) 1.70e-03 5.40e-04    0.374 2.61e-03   0.0
          g_round_robin_rr_arbiter (VX_rr_arbiter_20) 1.10e-03 5.12e-04    0.361 1.97e-03   0.0
            g_model1_onehot_encoder (VX_onehot_encoder_20) 7.75e-04 6.01e-05 4.60e-02 8.81e-04   0.0
    g_multi_inputs_g_multiple_outputs_g_xbar_arbs_2__xbar_arb (VX_stream_arb_1_5)    0.618    0.549  149.718    1.317   9.9
      g_input_select_g_fanout_fanout_join_arb (VX_stream_arb_3_5)    0.172 2.96e-02   10.335    0.212   1.6
        g_input_select_g_arbiter_g_out_buf_0__out_buf (VX_elastic_buffer_521_0_0_0_5) 1.88e-02 9.85e-03    3.474 3.21e-02   0.2
        g_input_select_g_arbiter_arbiter (VX_generic_arbiter_1_5) 4.68e-04 1.15e-03    0.175 1.79e-03   0.0
          g_round_robin_rr_arbiter (VX_rr_arbiter_1_5) 4.68e-04 1.15e-03    0.175 1.79e-03   0.0
            g_model1_onehot_encoder (VX_onehot_encoder_1_5) 8.47e-05 4.82e-05 1.73e-02 1.50e-04   0.0
      g_input_select_g_fanout_g_slice_arbs_3__fanout_slice_arb (VX_stream_arb_2_20)    0.115    0.125   35.197    0.274   2.1
        g_input_select_g_arbiter_g_out_buf_0__out_buf (VX_elastic_buffer_519_2_1_0_20) 3.94e-02    0.107   23.935    0.171   1.3
          g_eb2_out_buf (VX_pipe_buffer_20) 1.03e-02 2.55e-03    3.473 1.64e-02   0.1
          g_eb2_stream_buffer (VX_stream_buffer_519_1_20) 2.91e-02    0.105   20.462    0.154   1.2
        g_input_select_g_arbiter_arbiter (VX_generic_arbiter_21) 1.17e-03 4.81e-04    0.364 2.02e-03   0.0
          g_round_robin_rr_arbiter (VX_rr_arbiter_21) 1.17e-03 4.81e-04    0.364 2.02e-03   0.0
            g_model1_onehot_encoder (VX_onehot_encoder_21) 9.00e-04 6.54e-05 5.20e-02 1.02e-03   0.0
      g_input_select_g_fanout_g_slice_arbs_2__fanout_slice_arb (VX_stream_arb_2_21)    0.108    0.125   35.061    0.268   2.0
        g_input_select_g_arbiter_g_out_buf_0__out_buf (VX_elastic_buffer_519_2_1_0_21) 3.40e-02    0.107   23.941    0.165   1.2
          g_eb2_out_buf (VX_pipe_buffer_21) 2.88e-03 2.57e-03    3.474 8.92e-03   0.1
          g_eb2_stream_buffer (VX_stream_buffer_519_1_21) 3.11e-02    0.105   20.467    0.156   1.2
        g_input_select_g_arbiter_arbiter (VX_generic_arbiter_22) 1.51e-03 5.12e-04    0.367 2.39e-03   0.0
          g_round_robin_rr_arbiter (VX_rr_arbiter_22) 1.51e-03 5.12e-04    0.367 2.39e-03   0.0
            g_model1_onehot_encoder (VX_onehot_encoder_22) 1.21e-03 6.95e-05 5.34e-02 1.33e-03   0.0
      g_input_select_g_fanout_g_slice_arbs_1__fanout_slice_arb (VX_stream_arb_2_22) 8.77e-02    0.128   34.235    0.250   1.9
        g_input_select_g_arbiter_g_out_buf_0__out_buf (VX_elastic_buffer_519_2_1_0_22) 3.78e-02    0.111   23.962    0.173   1.3
          g_eb2_out_buf (VX_pipe_buffer_22) 4.04e-03 2.74e-03    3.473 1.03e-02   0.1
          g_eb2_stream_buffer (VX_stream_buffer_519_1_22) 3.38e-02    0.109   20.488    0.163   1.2
        g_input_select_g_arbiter_arbiter (VX_generic_arbiter_23) 1.38e-03 5.14e-04    0.368 2.27e-03   0.0
          g_round_robin_rr_arbiter (VX_rr_arbiter_23) 1.38e-03 5.14e-04    0.368 2.27e-03   0.0
            g_model1_onehot_encoder (VX_onehot_encoder_23) 1.08e-03 6.64e-05 5.19e-02 1.20e-03   0.0
      g_input_select_g_fanout_g_slice_arbs_0__fanout_slice_arb (VX_stream_arb_2_23)    0.137    0.141   34.889    0.313   2.3
        g_input_select_g_arbiter_g_out_buf_0__out_buf (VX_elastic_buffer_519_2_1_0_23) 6.65e-02    0.124   24.014    0.214   1.6
          g_eb2_out_buf (VX_pipe_buffer_23) 1.24e-02 3.07e-03    3.474 1.89e-02   0.1
          g_eb2_stream_buffer (VX_stream_buffer_519_1_23) 5.41e-02    0.121   20.540    0.195   1.5
        g_input_select_g_arbiter_arbiter (VX_generic_arbiter_24) 1.64e-03 5.54e-04    0.375 2.56e-03   0.0
          g_round_robin_rr_arbiter (VX_rr_arbiter_24) 1.14e-03 5.25e-04    0.362 2.03e-03   0.0
            g_model1_onehot_encoder (VX_onehot_encoder_24) 8.25e-04 6.05e-05 4.59e-02 9.31e-04   0.0
    g_multi_inputs_g_multiple_outputs_g_xbar_arbs_1__xbar_arb (VX_stream_arb_1_6)    0.626    0.557  148.117    1.331  10.0
      g_input_select_g_fanout_fanout_join_arb (VX_stream_arb_3_6)    0.178 2.91e-02    9.734    0.216   1.6
        g_input_select_g_arbiter_g_out_buf_0__out_buf (VX_elastic_buffer_521_0_0_0_6) 4.24e-02 1.00e-02    3.474 5.59e-02   0.4
        g_input_select_g_arbiter_arbiter (VX_generic_arbiter_1_6) 5.03e-04 1.17e-03    0.175 1.85e-03   0.0
          g_round_robin_rr_arbiter (VX_rr_arbiter_1_6) 5.03e-04 1.17e-03    0.175 1.85e-03   0.0
            g_model1_onehot_encoder (VX_onehot_encoder_1_6) 1.15e-04 4.87e-05 1.73e-02 1.81e-04   0.0
      g_input_select_g_fanout_g_slice_arbs_3__fanout_slice_arb (VX_stream_arb_2_24)    0.101    0.125   34.239    0.260   1.9
        g_input_select_g_arbiter_g_out_buf_0__out_buf (VX_elastic_buffer_519_2_1_0_24) 5.12e-02    0.108   23.929    0.183   1.4
          g_eb2_out_buf (VX_pipe_buffer_24) 1.36e-02 2.71e-03    3.473 1.98e-02   0.1
          g_eb2_stream_buffer (VX_stream_buffer_519_1_24) 3.76e-02    0.106   20.456    0.164   1.2
        g_input_select_g_arbiter_arbiter (VX_generic_arbiter_25) 1.21e-03 4.86e-04    0.369 2.06e-03   0.0
          g_round_robin_rr_arbiter (VX_rr_arbiter_25) 1.21e-03 4.86e-04    0.369 2.06e-03   0.0
            g_model1_onehot_encoder (VX_onehot_encoder_25) 9.19e-04 6.64e-05 5.34e-02 1.04e-03   0.0
      g_input_select_g_fanout_g_slice_arbs_2__fanout_slice_arb (VX_stream_arb_2_25) 7.49e-02    0.126   33.878    0.235   1.8
        g_input_select_g_arbiter_g_out_buf_0__out_buf (VX_elastic_buffer_519_2_1_0_25) 3.29e-02    0.110   23.930    0.167   1.3
          g_eb2_out_buf (VX_pipe_buffer_25) 2.35e-03 2.70e-03    3.474 8.53e-03   0.1
          g_eb2_stream_buffer (VX_stream_buffer_519_1_25) 3.05e-02    0.107   20.456    0.158   1.2
        g_input_select_g_arbiter_arbiter (VX_generic_arbiter_26) 1.45e-03 5.01e-04    0.368 2.32e-03   0.0
          g_round_robin_rr_arbiter (VX_rr_arbiter_26) 1.45e-03 5.01e-04    0.368 2.32e-03   0.0
            g_model1_onehot_encoder (VX_onehot_encoder_26) 1.15e-03 6.69e-05 5.19e-02 1.27e-03   0.0
      g_input_select_g_fanout_g_slice_arbs_1__fanout_slice_arb (VX_stream_arb_2_26)    0.134    0.131   35.094    0.300   2.3
        g_input_select_g_arbiter_g_out_buf_0__out_buf (VX_elastic_buffer_519_2_1_0_26) 5.68e-02    0.114   23.896    0.195   1.5
          g_eb2_out_buf (VX_pipe_buffer_26) 1.32e-02 2.91e-03    3.473 1.96e-02   0.1
          g_eb2_stream_buffer (VX_stream_buffer_519_1_26) 4.36e-02    0.112   20.423    0.176   1.3
        g_input_select_g_arbiter_arbiter (VX_generic_arbiter_27) 1.38e-03 5.09e-04    0.370 2.26e-03   0.0
          g_round_robin_rr_arbiter (VX_rr_arbiter_27) 1.38e-03 5.09e-04    0.370 2.26e-03   0.0
            g_model1_onehot_encoder (VX_onehot_encoder_27) 1.08e-03 6.65e-05 5.35e-02 1.20e-03   0.0
      g_input_select_g_fanout_g_slice_arbs_0__fanout_slice_arb (VX_stream_arb_2_27)    0.139    0.145   35.172    0.320   2.4
        g_input_select_g_arbiter_g_out_buf_0__out_buf (VX_elastic_buffer_519_2_1_0_27) 5.60e-02    0.128   23.984    0.208   1.6
          g_eb2_out_buf (VX_pipe_buffer_27) 3.52e-03 3.02e-03    3.473 1.00e-02   0.1
          g_eb2_stream_buffer (VX_stream_buffer_519_1_27) 5.24e-02    0.125   20.510    0.198   1.5
        g_input_select_g_arbiter_arbiter (VX_generic_arbiter_28) 1.34e-03 5.40e-04    0.369 2.25e-03   0.0
          g_round_robin_rr_arbiter (VX_rr_arbiter_28) 1.06e-03 5.26e-04    0.363 1.95e-03   0.0
            g_model1_onehot_encoder (VX_onehot_encoder_28) 7.22e-04 6.05e-05 4.59e-02 8.28e-04   0.0
    g_multi_inputs_g_multiple_outputs_g_xbar_arbs_0__xbar_arb (VX_stream_arb_1_7)    0.640    0.559  147.806    1.347  10.1
      g_input_select_g_fanout_fanout_join_arb (VX_stream_arb_3_7)    0.173 2.92e-02    9.661    0.212   1.6
        g_input_select_g_arbiter_g_out_buf_0__out_buf (VX_elastic_buffer_521_0_0_0_7) 4.55e-02 1.01e-02    3.474 5.91e-02   0.4
        g_input_select_g_arbiter_arbiter (VX_generic_arbiter_1_7) 4.66e-04 1.14e-03    0.175 1.78e-03   0.0
          g_round_robin_rr_arbiter (VX_rr_arbiter_1_7) 4.66e-04 1.14e-03    0.175 1.78e-03   0.0
            g_model1_onehot_encoder (VX_onehot_encoder_1_7) 8.57e-05 4.83e-05 1.73e-02 1.51e-04   0.0
      g_input_select_g_fanout_g_slice_arbs_3__fanout_slice_arb (VX_stream_arb_2_28) 9.47e-02    0.122   33.862    0.251   1.9
        g_input_select_g_arbiter_g_out_buf_0__out_buf (VX_elastic_buffer_519_2_1_0_28) 5.29e-02    0.106   23.946    0.183   1.4
          g_eb2_out_buf (VX_pipe_buffer_28) 1.32e-02 2.75e-03    3.473 1.94e-02   0.1
          g_eb2_stream_buffer (VX_stream_buffer_519_1_28) 3.97e-02    0.103   20.472    0.164   1.2
        g_input_select_g_arbiter_arbiter (VX_generic_arbiter_29) 1.23e-03 4.99e-04    0.370 2.10e-03   0.0
          g_round_robin_rr_arbiter (VX_rr_arbiter_29) 1.23e-03 4.99e-04    0.370 2.10e-03   0.0
            g_model1_onehot_encoder (VX_onehot_encoder_29) 9.30e-04 6.58e-05 5.34e-02 1.05e-03   0.0
      g_input_select_g_fanout_g_slice_arbs_2__fanout_slice_arb (VX_stream_arb_2_29) 7.72e-02    0.131   33.959    0.242   1.8
        g_input_select_g_arbiter_g_out_buf_0__out_buf (VX_elastic_buffer_519_2_1_0_29) 3.38e-02    0.115   23.914    0.172   1.3
          g_eb2_out_buf (VX_pipe_buffer_29) 2.34e-03 2.67e-03    3.473 8.48e-03   0.1
          g_eb2_stream_buffer (VX_stream_buffer_519_1_29) 3.15e-02    0.112   20.441    0.164   1.2
        g_input_select_g_arbiter_arbiter (VX_generic_arbiter_30) 1.13e-03 5.10e-04    0.367 2.00e-03   0.0
          g_round_robin_rr_arbiter (VX_rr_arbiter_30) 1.13e-03 5.10e-04    0.367 2.00e-03   0.0
            g_model1_onehot_encoder (VX_onehot_encoder_30) 8.19e-04 6.25e-05 5.07e-02 9.32e-04   0.0
      g_input_select_g_fanout_g_slice_arbs_1__fanout_slice_arb (VX_stream_arb_2_30)    0.149    0.132   35.070    0.316   2.4
        g_input_select_g_arbiter_g_out_buf_0__out_buf (VX_elastic_buffer_519_2_1_0_30) 5.60e-02    0.115   23.915    0.195   1.5
          g_eb2_out_buf (VX_pipe_buffer_30) 1.48e-02 2.91e-03    3.474 2.11e-02   0.2
          g_eb2_stream_buffer (VX_stream_buffer_519_1_30) 4.13e-02    0.112   20.440    0.174   1.3
        g_input_select_g_arbiter_arbiter (VX_generic_arbiter_31) 1.38e-03 5.17e-04    0.367 2.26e-03   0.0
          g_round_robin_rr_arbiter (VX_rr_arbiter_31) 1.38e-03 5.17e-04    0.367 2.26e-03   0.0
            g_model1_onehot_encoder (VX_onehot_encoder_31) 1.08e-03 6.78e-05 5.20e-02 1.20e-03   0.0
      g_input_select_g_fanout_g_slice_arbs_0__fanout_slice_arb (VX_stream_arb_2_31)    0.146    0.144   35.254    0.326   2.4
        g_input_select_g_arbiter_g_out_buf_0__out_buf (VX_elastic_buffer_519_2_1_0_31) 5.16e-02    0.126   23.947    0.202   1.5
          g_eb2_out_buf (VX_pipe_buffer_31) 4.06e-03 3.06e-03    3.474 1.06e-02   0.1
          g_eb2_stream_buffer (VX_stream_buffer_519_1_31) 4.76e-02    0.123   20.473    0.191   1.4
        g_input_select_g_arbiter_arbiter (VX_generic_arbiter_32) 1.10e-03 5.30e-04    0.362 1.99e-03   0.0
          g_round_robin_rr_arbiter (VX_rr_arbiter_32) 1.10e-03 5.30e-04    0.362 1.99e-03   0.0
            g_model1_onehot_encoder (VX_onehot_encoder_32) 7.65e-04 6.12e-05 4.59e-02 8.72e-04   0.0
    g_multi_inputs_g_multiple_outputs_val_in_transpose (VX_transpose_0) 1.32e-03 8.62e-04    1.587 3.77e-03   0.0
    g_multi_inputs_g_multiple_outputs_g_sel_in_demux_31__sel_in_demux (VX_demux_1_0) 8.95e-05 3.49e-05 2.41e-02 1.48e-04   0.0
    g_multi_inputs_g_multiple_outputs_g_sel_in_demux_30__sel_in_demux (VX_demux_1_1) 8.79e-05 3.50e-05 2.41e-02 1.47e-04   0.0
    g_multi_inputs_g_multiple_outputs_g_sel_in_demux_29__sel_in_demux (VX_demux_1_2) 8.76e-05 3.51e-05 2.42e-02 1.47e-04   0.0
    g_multi_inputs_g_multiple_outputs_g_sel_in_demux_28__sel_in_demux (VX_demux_1_3) 7.69e-05 3.51e-05 2.41e-02 1.36e-04   0.0
    g_multi_inputs_g_multiple_outputs_g_sel_in_demux_27__sel_in_demux (VX_demux_1_4) 7.74e-05 3.47e-05 2.41e-02 1.36e-04   0.0
    g_multi_inputs_g_multiple_outputs_g_sel_in_demux_26__sel_in_demux (VX_demux_1_5) 7.27e-05 3.44e-05 2.41e-02 1.31e-04   0.0
    g_multi_inputs_g_multiple_outputs_g_sel_in_demux_25__sel_in_demux (VX_demux_1_6) 7.09e-05 3.42e-05 2.41e-02 1.29e-04   0.0
    g_multi_inputs_g_multiple_outputs_g_sel_in_demux_24__sel_in_demux (VX_demux_1_7) 7.53e-05 3.40e-05 2.42e-02 1.34e-04   0.0
    g_multi_inputs_g_multiple_outputs_g_sel_in_demux_23__sel_in_demux (VX_demux_1_8) 1.07e-04 3.39e-05 2.41e-02 1.65e-04   0.0
    g_multi_inputs_g_multiple_outputs_g_sel_in_demux_22__sel_in_demux (VX_demux_1_9) 1.05e-04 3.47e-05 2.55e-02 1.66e-04   0.0
    g_multi_inputs_g_multiple_outputs_g_sel_in_demux_21__sel_in_demux (VX_demux_1_10) 1.11e-04 3.49e-05 2.55e-02 1.72e-04   0.0
    g_multi_inputs_g_multiple_outputs_g_sel_in_demux_20__sel_in_demux (VX_demux_1_11) 1.16e-04 3.53e-05 2.56e-02 1.77e-04   0.0
    g_multi_inputs_g_multiple_outputs_g_sel_in_demux_19__sel_in_demux (VX_demux_1_12) 1.24e-04 3.52e-05 2.55e-02 1.84e-04   0.0
    g_multi_inputs_g_multiple_outputs_g_sel_in_demux_18__sel_in_demux (VX_demux_1_13) 1.16e-04 3.49e-05 2.55e-02 1.77e-04   0.0
    g_multi_inputs_g_multiple_outputs_g_sel_in_demux_17__sel_in_demux (VX_demux_1_14) 1.23e-04 3.51e-05 2.55e-02 1.83e-04   0.0
    g_multi_inputs_g_multiple_outputs_g_sel_in_demux_16__sel_in_demux (VX_demux_1_15) 1.14e-04 3.54e-05 2.55e-02 1.75e-04   0.0
    g_multi_inputs_g_multiple_outputs_g_sel_in_demux_15__sel_in_demux (VX_demux_1_16) 6.30e-05 3.36e-05 2.41e-02 1.21e-04   0.0
    g_multi_inputs_g_multiple_outputs_g_sel_in_demux_14__sel_in_demux (VX_demux_1_17) 6.20e-05 3.53e-05 2.41e-02 1.21e-04   0.0
    g_multi_inputs_g_multiple_outputs_g_sel_in_demux_13__sel_in_demux (VX_demux_1_18) 6.27e-05 3.39e-05 2.41e-02 1.21e-04   0.0
    g_multi_inputs_g_multiple_outputs_g_sel_in_demux_12__sel_in_demux (VX_demux_1_19) 6.90e-05 3.52e-05 2.41e-02 1.28e-04   0.0
    g_multi_inputs_g_multiple_outputs_g_sel_in_demux_11__sel_in_demux (VX_demux_1_20) 6.37e-05 3.37e-05 2.41e-02 1.22e-04   0.0
    g_multi_inputs_g_multiple_outputs_g_sel_in_demux_10__sel_in_demux (VX_demux_1_21) 6.76e-05 3.37e-05 2.41e-02 1.25e-04   0.0
    g_multi_inputs_g_multiple_outputs_g_sel_in_demux_9__sel_in_demux (VX_demux_1_22) 7.10e-05 3.41e-05 2.41e-02 1.29e-04   0.0
    g_multi_inputs_g_multiple_outputs_g_sel_in_demux_8__sel_in_demux (VX_demux_1_23) 6.86e-05 3.40e-05 2.40e-02 1.27e-04   0.0
    g_multi_inputs_g_multiple_outputs_g_sel_in_demux_7__sel_in_demux (VX_demux_1_24) 8.08e-05 3.41e-05 2.41e-02 1.39e-04   0.0
    g_multi_inputs_g_multiple_outputs_g_sel_in_demux_6__sel_in_demux (VX_demux_1_25) 7.28e-05 3.41e-05 2.41e-02 1.31e-04   0.0
    g_multi_inputs_g_multiple_outputs_g_sel_in_demux_5__sel_in_demux (VX_demux_1_26) 8.07e-05 3.39e-05 2.41e-02 1.39e-04   0.0
    g_multi_inputs_g_multiple_outputs_g_sel_in_demux_4__sel_in_demux (VX_demux_1_27) 9.21e-05 3.38e-05 2.41e-02 1.50e-04   0.0
    g_multi_inputs_g_multiple_outputs_g_sel_in_demux_3__sel_in_demux (VX_demux_1_28) 9.07e-05 3.40e-05 2.41e-02 1.49e-04   0.0
    g_multi_inputs_g_multiple_outputs_g_sel_in_demux_2__sel_in_demux (VX_demux_1_29) 9.29e-05 3.43e-05 2.41e-02 1.51e-04   0.0
    g_multi_inputs_g_multiple_outputs_g_sel_in_demux_1__sel_in_demux (VX_demux_1_30) 9.70e-05 3.51e-05 2.55e-02 1.58e-04   0.0
    g_multi_inputs_g_multiple_outputs_g_sel_in_demux_0__sel_in_demux (VX_demux_1_31) 9.11e-05 3.40e-05 2.41e-02 1.49e-04   0.0
    g_multi_inputs_g_multiple_outputs_rdy_in_transpose (VX_transpose_1_0) 2.58e-04 5.36e-04    1.573 2.37e-03   0.0
  g_axi_reqs_0__axi_write_ack (VX_axi_write_ack_31) 5.30e-05 6.61e-04 5.97e-02 7.74e-04   0.0
  req_xbar (VX_stream_xbar)               0.720    0.222  156.952    1.099   8.2
    g_multi_inputs_g_multiple_outputs_g_xbar_arbs_31__xbar_arb (VX_stream_arb_0) 5.40e-03 5.65e-03    4.321 1.54e-02   0.1
      g_input_select_g_arbiter_g_out_buf_0__out_buf (VX_elastic_buffer_622_0_0_0_0) 3.20e-03 5.44e-03    4.140 1.28e-02   0.1
    g_multi_inputs_g_multiple_outputs_g_xbar_arbs_30__xbar_arb (VX_stream_arb_4) 5.47e-03 5.66e-03    4.321 1.54e-02   0.1
      g_input_select_g_arbiter_g_out_buf_0__out_buf (VX_elastic_buffer_622_0_0_0_1) 3.27e-03 5.45e-03    4.140 1.29e-02   0.1
    g_multi_inputs_g_multiple_outputs_g_xbar_arbs_29__xbar_arb (VX_stream_arb_5) 5.35e-03 5.64e-03    4.321 1.53e-02   0.1
      g_input_select_g_arbiter_g_out_buf_0__out_buf (VX_elastic_buffer_622_0_0_0_2) 3.17e-03 5.44e-03    4.140 1.27e-02   0.1
    g_multi_inputs_g_multiple_outputs_g_xbar_arbs_28__xbar_arb (VX_stream_arb_6) 5.33e-03 5.64e-03    4.321 1.53e-02   0.1
      g_input_select_g_arbiter_g_out_buf_0__out_buf (VX_elastic_buffer_622_0_0_0_3) 3.16e-03 5.44e-03    4.140 1.27e-02   0.1
    g_multi_inputs_g_multiple_outputs_g_xbar_arbs_27__xbar_arb (VX_stream_arb_7) 5.49e-03 5.65e-03    4.321 1.55e-02   0.1
      g_input_select_g_arbiter_g_out_buf_0__out_buf (VX_elastic_buffer_622_0_0_0_4) 3.32e-03 5.45e-03    4.140 1.29e-02   0.1
    g_multi_inputs_g_multiple_outputs_g_xbar_arbs_26__xbar_arb (VX_stream_arb_8) 6.39e-03 5.66e-03    4.321 1.64e-02   0.1
      g_input_select_g_arbiter_g_out_buf_0__out_buf (VX_elastic_buffer_622_0_0_0_5) 4.24e-03 5.45e-03    4.140 1.38e-02   0.1
    g_multi_inputs_g_multiple_outputs_g_xbar_arbs_25__xbar_arb (VX_stream_arb_9) 5.33e-03 5.65e-03    4.321 1.53e-02   0.1
      g_input_select_g_arbiter_g_out_buf_0__out_buf (VX_elastic_buffer_622_0_0_0_6) 3.18e-03 5.45e-03    4.140 1.28e-02   0.1
    g_multi_inputs_g_multiple_outputs_g_xbar_arbs_24__xbar_arb (VX_stream_arb_10) 5.31e-03 5.65e-03    4.321 1.53e-02   0.1
      g_input_select_g_arbiter_g_out_buf_0__out_buf (VX_elastic_buffer_622_0_0_0_7) 3.17e-03 5.44e-03    4.140 1.28e-02   0.1
    g_multi_inputs_g_multiple_outputs_g_xbar_arbs_23__xbar_arb (VX_stream_arb_11) 5.29e-03 5.64e-03    4.321 1.52e-02   0.1
      g_input_select_g_arbiter_g_out_buf_0__out_buf (VX_elastic_buffer_622_0_0_0_8) 3.15e-03 5.44e-03    4.140 1.27e-02   0.1
    g_multi_inputs_g_multiple_outputs_g_xbar_arbs_22__xbar_arb (VX_stream_arb_12) 5.27e-03 5.64e-03    4.321 1.52e-02   0.1
      g_input_select_g_arbiter_g_out_buf_0__out_buf (VX_elastic_buffer_622_0_0_0_9) 3.15e-03 5.43e-03    4.140 1.27e-02   0.1
    g_multi_inputs_g_multiple_outputs_g_xbar_arbs_21__xbar_arb (VX_stream_arb_13) 5.27e-03 5.63e-03    4.321 1.52e-02   0.1
      g_input_select_g_arbiter_g_out_buf_0__out_buf (VX_elastic_buffer_622_0_0_0_10) 3.16e-03 5.43e-03    4.140 1.27e-02   0.1
    g_multi_inputs_g_multiple_outputs_g_xbar_arbs_20__xbar_arb (VX_stream_arb_14) 5.24e-03 5.65e-03    4.321 1.52e-02   0.1
      g_input_select_g_arbiter_g_out_buf_0__out_buf (VX_elastic_buffer_622_0_0_0_11) 3.14e-03 5.44e-03    4.140 1.27e-02   0.1
    g_multi_inputs_g_multiple_outputs_g_xbar_arbs_19__xbar_arb (VX_stream_arb_15) 5.39e-03 5.67e-03    4.328 1.54e-02   0.1
      g_input_select_g_arbiter_g_out_buf_0__out_buf (VX_elastic_buffer_622_0_0_0_12) 3.10e-03 5.46e-03    4.140 1.27e-02   0.1
    g_multi_inputs_g_multiple_outputs_g_xbar_arbs_18__xbar_arb (VX_stream_arb_16) 5.15e-03 5.67e-03    4.328 1.51e-02   0.1
      g_input_select_g_arbiter_g_out_buf_0__out_buf (VX_elastic_buffer_622_0_0_0_13) 3.15e-03 5.46e-03    4.140 1.27e-02   0.1
    g_multi_inputs_g_multiple_outputs_g_xbar_arbs_17__xbar_arb (VX_stream_arb_17) 5.02e-03 5.67e-03    4.328 1.50e-02   0.1
      g_input_select_g_arbiter_g_out_buf_0__out_buf (VX_elastic_buffer_622_0_0_0_14) 2.99e-03 5.46e-03    4.140 1.26e-02   0.1
    g_multi_inputs_g_multiple_outputs_g_xbar_arbs_16__xbar_arb (VX_stream_arb_18) 5.13e-03 5.66e-03    4.328 1.51e-02   0.1
      g_input_select_g_arbiter_g_out_buf_0__out_buf (VX_elastic_buffer_622_0_0_0_15) 3.15e-03 5.45e-03    4.140 1.27e-02   0.1
    g_multi_inputs_g_multiple_outputs_g_xbar_arbs_15__xbar_arb (VX_stream_arb_19) 5.00e-03 5.66e-03    4.328 1.50e-02   0.1
      g_input_select_g_arbiter_g_out_buf_0__out_buf (VX_elastic_buffer_622_0_0_0_16) 3.02e-03 5.45e-03    4.140 1.26e-02   0.1
    g_multi_inputs_g_multiple_outputs_g_xbar_arbs_14__xbar_arb (VX_stream_arb_20) 5.00e-03 5.66e-03    4.328 1.50e-02   0.1
      g_input_select_g_arbiter_g_out_buf_0__out_buf (VX_elastic_buffer_622_0_0_0_17) 3.03e-03 5.45e-03    4.140 1.26e-02   0.1
    g_multi_inputs_g_multiple_outputs_g_xbar_arbs_13__xbar_arb (VX_stream_arb_21) 5.00e-03 5.66e-03    4.328 1.50e-02   0.1
      g_input_select_g_arbiter_g_out_buf_0__out_buf (VX_elastic_buffer_622_0_0_0_18) 3.03e-03 5.45e-03    4.140 1.26e-02   0.1
    g_multi_inputs_g_multiple_outputs_g_xbar_arbs_12__xbar_arb (VX_stream_arb_22) 5.10e-03 5.65e-03    4.321 1.51e-02   0.1
      g_input_select_g_arbiter_g_out_buf_0__out_buf (VX_elastic_buffer_622_0_0_0_19) 3.14e-03 5.45e-03    4.140 1.27e-02   0.1
    g_multi_inputs_g_multiple_outputs_g_xbar_arbs_11__xbar_arb (VX_stream_arb_23) 4.98e-03 5.66e-03    4.328 1.50e-02   0.1
      g_input_select_g_arbiter_g_out_buf_0__out_buf (VX_elastic_buffer_622_0_0_0_20) 3.02e-03 5.45e-03    4.140 1.26e-02   0.1
    g_multi_inputs_g_multiple_outputs_g_xbar_arbs_10__xbar_arb (VX_stream_arb_24) 4.98e-03 5.66e-03    4.328 1.50e-02   0.1
      g_input_select_g_arbiter_g_out_buf_0__out_buf (VX_elastic_buffer_622_0_0_0_21) 3.02e-03 5.45e-03    4.140 1.26e-02   0.1
    g_multi_inputs_g_multiple_outputs_g_xbar_arbs_9__xbar_arb (VX_stream_arb_25) 4.96e-03 5.66e-03    4.328 1.50e-02   0.1
      g_input_select_g_arbiter_g_out_buf_0__out_buf (VX_elastic_buffer_622_0_0_0_22) 3.02e-03 5.45e-03    4.140 1.26e-02   0.1
    g_multi_inputs_g_multiple_outputs_g_xbar_arbs_8__xbar_arb (VX_stream_arb_26) 4.95e-03 5.66e-03    4.328 1.49e-02   0.1
      g_input_select_g_arbiter_g_out_buf_0__out_buf (VX_elastic_buffer_622_0_0_0_23) 2.98e-03 5.45e-03    4.140 1.26e-02   0.1
    g_multi_inputs_g_multiple_outputs_g_xbar_arbs_7__xbar_arb (VX_stream_arb_27) 4.95e-03 5.66e-03    4.328 1.49e-02   0.1
      g_input_select_g_arbiter_g_out_buf_0__out_buf (VX_elastic_buffer_622_0_0_0_24) 3.02e-03 5.45e-03    4.140 1.26e-02   0.1
    g_multi_inputs_g_multiple_outputs_g_xbar_arbs_6__xbar_arb (VX_stream_arb_28) 5.10e-03 5.66e-03    4.328 1.51e-02   0.1
      g_input_select_g_arbiter_g_out_buf_0__out_buf (VX_elastic_buffer_622_0_0_0_25) 3.10e-03 5.45e-03    4.140 1.27e-02   0.1
    g_multi_inputs_g_multiple_outputs_g_xbar_arbs_5__xbar_arb (VX_stream_arb_29) 5.41e-03 5.62e-03    4.334 1.54e-02   0.1
      g_input_select_g_arbiter_g_out_buf_0__out_buf (VX_elastic_buffer_622_0_0_0_26) 3.04e-03 5.40e-03    4.140 1.26e-02   0.1
    g_multi_inputs_g_multiple_outputs_g_xbar_arbs_4__xbar_arb (VX_stream_arb_30) 5.40e-03 5.62e-03    4.334 1.54e-02   0.1
      g_input_select_g_arbiter_g_out_buf_0__out_buf (VX_elastic_buffer_622_0_0_0_27) 3.04e-03 5.40e-03    4.140 1.26e-02   0.1
    g_multi_inputs_g_multiple_outputs_g_xbar_arbs_3__xbar_arb (VX_stream_arb_31) 5.40e-03 5.62e-03    4.334 1.54e-02   0.1
      g_input_select_g_arbiter_g_out_buf_0__out_buf (VX_elastic_buffer_622_0_0_0_28) 3.04e-03 5.40e-03    4.140 1.26e-02   0.1
    g_multi_inputs_g_multiple_outputs_g_xbar_arbs_2__xbar_arb (VX_stream_arb_32) 5.45e-03 5.62e-03    4.334 1.54e-02   0.1
      g_input_select_g_arbiter_g_out_buf_0__out_buf (VX_elastic_buffer_622_0_0_0_29) 3.10e-03 5.40e-03    4.140 1.26e-02   0.1
    g_multi_inputs_g_multiple_outputs_g_xbar_arbs_1__xbar_arb (VX_stream_arb_33) 1.39e-02 5.64e-03    4.334 2.38e-02   0.2
      g_input_select_g_arbiter_g_out_buf_0__out_buf (VX_elastic_buffer_622_0_0_0_30) 1.15e-02 5.42e-03    4.140 2.11e-02   0.2
    g_multi_inputs_g_multiple_outputs_g_xbar_arbs_0__xbar_arb (VX_stream_arb_34)    0.272 3.77e-02   14.027    0.324   2.4
      g_input_select_g_arbiter_g_out_buf_0__out_buf (VX_elastic_buffer_622_0_0_0_31)    0.218 1.39e-02    4.181    0.236   1.8
      g_input_select_g_arbiter_arbiter (VX_generic_arbiter_64) 1.38e-03 1.52e-03    0.363 3.26e-03   0.0
        g_round_robin_rr_arbiter (VX_rr_arbiter_64) 1.38e-03 1.52e-03    0.363 3.26e-03   0.0
          g_model1_onehot_encoder (VX_onehot_encoder_64) 8.17e-04 8.11e-05 4.69e-02 9.45e-04   0.0
    g_multi_inputs_g_multiple_outputs_val_in_transpose (VX_transpose_1_1) 6.48e-05 5.99e-05 5.36e-02 1.78e-04   0.0
    g_multi_inputs_g_multiple_outputs_g_sel_in_demux_7__sel_in_demux (VX_demux_0) 3.40e-06 7.09e-06 6.69e-03 1.72e-05   0.0
    g_multi_inputs_g_multiple_outputs_g_sel_in_demux_6__sel_in_demux (VX_demux_2) 4.18e-06 7.31e-06 6.69e-03 1.82e-05   0.0
    g_multi_inputs_g_multiple_outputs_g_sel_in_demux_5__sel_in_demux (VX_demux_3) 4.43e-06 7.02e-06 6.71e-03 1.82e-05   0.0
    g_multi_inputs_g_multiple_outputs_g_sel_in_demux_4__sel_in_demux (VX_demux_4) 3.34e-06 7.10e-06 6.69e-03 1.71e-05   0.0
    g_multi_inputs_g_multiple_outputs_g_sel_in_demux_3__sel_in_demux (VX_demux_5) 7.00e-06 7.29e-06 6.70e-03 2.10e-05   0.0
    g_multi_inputs_g_multiple_outputs_g_sel_in_demux_2__sel_in_demux (VX_demux_6) 5.02e-06 7.17e-06 6.71e-03 1.89e-05   0.0
    g_multi_inputs_g_multiple_outputs_g_sel_in_demux_1__sel_in_demux (VX_demux_7) 3.92e-06 7.21e-06 6.71e-03 1.78e-05   0.0
    g_multi_inputs_g_multiple_outputs_g_sel_in_demux_0__sel_in_demux (VX_demux_8) 4.14e-06 7.29e-06 6.71e-03 1.81e-05   0.0
    g_multi_inputs_g_multiple_outputs_rdy_in_transpose (VX_transpose_2) 6.75e-05 4.91e-05 4.94e-02 1.66e-04   0.0
  g_tag_buf_7__g_enabled_tag_buf (VX_index_buffer_0) 5.31e-03 9.58e-03    6.192 2.11e-02   0.2
    data_table (VX_dp_ram_0)           2.64e-03 6.29e-03    5.409 1.43e-02   0.1
      g_async_g_bram_async_ram_patch (VX_async_ram_patch_16_16_1_1_1_0_0_1_0__0000_0) 2.64e-03 6.29e-03    5.409 1.43e-02   0.1
        g_async_ram_placeholder2 (VX_placeholder_1) 9.72e-05    0.000    0.000 9.72e-05   0.0
        placeholder1 (VX_placeholder)  1.90e-05    0.000    0.000 1.90e-05   0.0
    allocator (VX_allocator_0)         6.45e-04 3.17e-03    0.676 4.49e-03   0.0
      free_slots_sel (VX_priority_encoder_0) 3.82e-06 4.62e-06 6.50e-02 7.35e-05   0.0
        g_lsb_g_model1_lzc (VX_lzc_0)  3.82e-06 4.62e-06 6.50e-02 7.35e-05   0.0
          g_lzc_find_first (VX_find_first_16_4_0_0) 3.82e-06 4.62e-06 6.50e-02 7.35e-05   0.0
  g_tag_buf_6__g_enabled_tag_buf (VX_index_buffer_1) 6.14e-03 9.64e-03    6.207 2.20e-02   0.2
    data_table (VX_dp_ram_1)           2.57e-03 6.30e-03    5.416 1.43e-02   0.1
      g_async_g_bram_async_ram_patch (VX_async_ram_patch_16_16_1_1_1_0_0_1_0__0000_1) 2.57e-03 6.30e-03    5.416 1.43e-02   0.1
        g_async_ram_placeholder2 (VX_placeholder_1) 8.48e-05    0.000    0.000 8.48e-05   0.0
        placeholder1 (VX_placeholder)  1.43e-05    0.000    0.000 1.43e-05   0.0
    allocator (VX_allocator_1)         6.33e-04 3.19e-03    0.676 4.50e-03   0.0
      free_slots_sel (VX_priority_encoder_1) 4.04e-06 4.94e-06 6.49e-02 7.39e-05   0.0
        g_lsb_g_model1_lzc (VX_lzc_1)  4.04e-06 4.94e-06 6.49e-02 7.39e-05   0.0
          g_lzc_find_first (VX_find_first_16_4_0_1) 4.04e-06 4.94e-06 6.49e-02 7.39e-05   0.0
  g_tag_buf_5__g_enabled_tag_buf (VX_index_buffer_2) 4.94e-03 9.55e-03    6.207 2.07e-02   0.2
    data_table (VX_dp_ram_2)           2.61e-03 6.32e-03    5.424 1.43e-02   0.1
      g_async_g_bram_async_ram_patch (VX_async_ram_patch_16_16_1_1_1_0_0_1_0__0000_2) 2.61e-03 6.32e-03    5.424 1.43e-02   0.1
        g_async_ram_placeholder2 (VX_placeholder_1) 8.88e-05    0.000    0.000 8.88e-05   0.0
        placeholder1 (VX_placeholder)  1.48e-05    0.000    0.000 1.48e-05   0.0
    allocator (VX_allocator_2)         6.18e-04 3.11e-03    0.676 4.41e-03   0.0
      free_slots_sel (VX_priority_encoder_2) 4.26e-06 5.03e-06 6.51e-02 7.44e-05   0.0
        g_lsb_g_model1_lzc (VX_lzc_2)  4.26e-06 5.03e-06 6.51e-02 7.44e-05   0.0
          g_lzc_find_first (VX_find_first_16_4_0_2) 4.26e-06 5.03e-06 6.51e-02 7.44e-05   0.0
  g_tag_buf_4__g_enabled_tag_buf (VX_index_buffer_3) 5.20e-03 9.52e-03    6.199 2.09e-02   0.2
    data_table (VX_dp_ram_3)           2.59e-03 6.32e-03    5.415 1.43e-02   0.1
      g_async_g_bram_async_ram_patch (VX_async_ram_patch_16_16_1_1_1_0_0_1_0__0000_3) 2.59e-03 6.32e-03    5.415 1.43e-02   0.1
        g_async_ram_placeholder2 (VX_placeholder_1) 9.35e-05    0.000    0.000 9.35e-05   0.0
        placeholder1 (VX_placeholder)  1.36e-05    0.000    0.000 1.36e-05   0.0
    allocator (VX_allocator_3)         6.07e-04 3.08e-03    0.677 4.36e-03   0.0
      free_slots_sel (VX_priority_encoder_3) 4.48e-06 5.31e-06 6.52e-02 7.50e-05   0.0
        g_lsb_g_model1_lzc (VX_lzc_3)  4.48e-06 5.31e-06 6.52e-02 7.50e-05   0.0
          g_lzc_find_first (VX_find_first_16_4_0_3) 4.48e-06 5.31e-06 6.52e-02 7.50e-05   0.0
  g_tag_buf_3__g_enabled_tag_buf (VX_index_buffer_4) 6.04e-03 9.79e-03    6.223 2.20e-02   0.2
    data_table (VX_dp_ram_4)           2.98e-03 6.46e-03    5.439 1.49e-02   0.1
      g_async_g_bram_async_ram_patch (VX_async_ram_patch_16_16_1_1_1_0_0_1_0__0000_4) 2.98e-03 6.46e-03    5.439 1.49e-02   0.1
        g_async_ram_placeholder2 (VX_placeholder_1) 8.91e-05    0.000    0.000 8.91e-05   0.0
        placeholder1 (VX_placeholder)  1.42e-05    0.000    0.000 1.42e-05   0.0
    allocator (VX_allocator_4)         6.49e-04 3.20e-03    0.676 4.53e-03   0.0
      free_slots_sel (VX_priority_encoder_4) 4.45e-06 5.33e-06 6.50e-02 7.48e-05   0.0
        g_lsb_g_model1_lzc (VX_lzc_4)  4.45e-06 5.33e-06 6.50e-02 7.48e-05   0.0
          g_lzc_find_first (VX_find_first_16_4_0_4) 4.45e-06 5.33e-06 6.50e-02 7.48e-05   0.0
  g_tag_buf_2__g_enabled_tag_buf (VX_index_buffer_5) 4.81e-03 9.80e-03    6.204 2.08e-02   0.2
    data_table (VX_dp_ram_5)           2.49e-03 6.40e-03    5.420 1.43e-02   0.1
      g_async_g_bram_async_ram_patch (VX_async_ram_patch_16_16_1_1_1_0_0_1_0__0000_5) 2.49e-03 6.40e-03    5.420 1.43e-02   0.1
        g_async_ram_placeholder2 (VX_placeholder_1) 8.95e-05    0.000    0.000 8.95e-05   0.0
        placeholder1 (VX_placeholder)  1.33e-05    0.000    0.000 1.33e-05   0.0
    allocator (VX_allocator_5)         6.71e-04 3.28e-03    0.676 4.62e-03   0.0
      free_slots_sel (VX_priority_encoder_5) 5.02e-06 5.93e-06 6.53e-02 7.62e-05   0.0
        g_lsb_g_model1_lzc (VX_lzc_5)  5.02e-06 5.93e-06 6.53e-02 7.62e-05   0.0
          g_lzc_find_first (VX_find_first_16_4_0_5) 5.02e-06 5.93e-06 6.53e-02 7.62e-05   0.0
  g_tag_buf_1__g_enabled_tag_buf (VX_index_buffer_6) 5.21e-03 9.85e-03    6.179 2.12e-02   0.2
    data_table (VX_dp_ram_6)           2.70e-03 6.41e-03    5.396 1.45e-02   0.1
      g_async_g_bram_async_ram_patch (VX_async_ram_patch_16_16_1_1_1_0_0_1_0__0000_6) 2.70e-03 6.41e-03    5.396 1.45e-02   0.1
        g_async_ram_placeholder2 (VX_placeholder_1) 9.21e-05    0.000    0.000 9.21e-05   0.0
        placeholder1 (VX_placeholder)  1.33e-05    0.000    0.000 1.33e-05   0.0
    allocator (VX_allocator_6)         6.73e-04 3.32e-03    0.676 4.67e-03   0.0
      free_slots_sel (VX_priority_encoder_6) 5.09e-06 6.23e-06 6.52e-02 7.65e-05   0.0
        g_lsb_g_model1_lzc (VX_lzc_6)  5.09e-06 6.23e-06 6.52e-02 7.65e-05   0.0
          g_lzc_find_first (VX_find_first_16_4_0_6) 5.09e-06 6.23e-06 6.52e-02 7.65e-05   0.0
  g_tag_buf_0__g_enabled_tag_buf (VX_index_buffer_7) 5.08e-03 9.90e-03    6.222 2.12e-02   0.2
    data_table (VX_dp_ram_7)           2.60e-03 6.43e-03    5.438 1.45e-02   0.1
      g_async_g_bram_async_ram_patch (VX_async_ram_patch_16_16_1_1_1_0_0_1_0__0000_7) 2.60e-03 6.43e-03    5.438 1.45e-02   0.1
        g_async_ram_placeholder2 (VX_placeholder_1) 9.46e-05    0.000    0.000 9.46e-05   0.0
        placeholder1 (VX_placeholder)  1.31e-05    0.000    0.000 1.31e-05   0.0
    allocator (VX_allocator_7)         7.00e-04 3.35e-03    0.676 4.73e-03   0.0
      free_slots_sel (VX_priority_encoder_7) 5.87e-06 6.91e-06 6.53e-02 7.81e-05   0.0
        g_lsb_g_model1_lzc (VX_lzc_7)  5.87e-06 6.91e-06 6.53e-02 7.81e-05   0.0
          g_lzc_find_first (VX_find_first_16_4_0_7) 5.87e-06 6.91e-06 6.53e-02 7.81e-05   0.0
1
