 
****************************************
Report : area
Design : VX_lmem_switch__43f3561ab233
Version: V-2023.12-SP5-3
Date   : Thu Jul 23 20:31:04 2026
****************************************

Library(s) Used:

    sc9_cmos28lpp_base_rvt_ss_nominal_max_0p900v_125c_sadhm (File: /tool/PDK/Samsung/LN28LPP_202203/PRIMITIVES/RVT/ln28lpp_sc_9t_base_rvt_c130_V1.00d/FE-Common/LIBERTY/sc9_cmos28lpp_base_rvt_ss_nominal_max_0p900v_125c_sadhm.db)

Number of ports:                       143980
Number of nets:                        151146
Number of cells:                        23036
Number of combinational cells:          10612
Number of sequential cells:             12382
Number of macros/black boxes:               0
Number of buf/inv:                       3709
Number of references:                      27

Combinational area:               6085.287057
Buf/Inv area:                     1735.928981
Noncombinational area:           26071.226339
Macro/Black Box area:                0.000000
Net Interconnect area:      undefined  (No wire load specified)

Total cell area:                 32156.513397
Total area:                 undefined

Core Area:                     68977
Aspect Ratio:                 1.0013
Utilization Ratio:            0.4662


The above information was reported from the logical library. The following are from the physical library:

  Total moveable cell area: 32156.5
  Total fixed cell area: 0.0
  Total physical cell area: 32156.5
 Core area: 0.000, 0.000, 262.470, 262.800

Hierarchical area distribution
------------------------------

                                  Global cell area            Local cell area
                                  -------------------  ----------------------------- 
Hierarchical cell                 Absolute    Percent  Combi-     Noncombi-   Black-
                                  Total       Total    national   national    boxes   Design
--------------------------------  ----------  -------  ---------  ----------  ------  ------------------------------------------------------
VX_lmem_switch__43f3561ab233      32156.5134    100.0   436.0590      0.0000  0.0000  VX_lmem_switch__43f3561ab233
req_dma_buf                        7228.4938     22.5     0.0000      0.0000  0.0000  VX_elastic_buffer_13_0
req_dma_buf/g_eb1_pipe_buffer      7228.4938     22.5     0.5850      0.0000  0.0000  VX_pipe_buffer_19_0
req_dma_buf/g_eb1_pipe_buffer/g_register_g_pipe_regs_0__pipe_register  7227.9088    22.5    0.0000     0.0000 0.0000 VX_pipe_register_27_0
req_dma_buf/g_eb1_pipe_buffer/g_register_g_pipe_regs_0__pipe_register/g_shift_register  7227.9088    22.5    1.5210  7219.3678 0.0000 VX_shift_register_3428_1_1_0_0
req_dma_buf/g_eb1_pipe_buffer/g_register_g_pipe_regs_0__pipe_register/g_shift_register/clk_gate_g_shift_pipe_reg_0_     1.7550     0.0    0.0000     1.7550 0.0000 SNPS_CLOCK_GATE_HIGH_VX_shift_register_3428_1_1_0_0_0
req_dma_buf/g_eb1_pipe_buffer/g_register_g_pipe_regs_0__pipe_register/g_shift_register/clk_gate_g_shift_pipe_reg_0__0     1.7550     0.0    0.0000     1.7550 0.0000 SNPS_CLOCK_GATE_HIGH_VX_shift_register_3428_1_1_0_0_3
req_dma_buf/g_eb1_pipe_buffer/g_register_g_pipe_regs_0__pipe_register/g_shift_register/clk_gate_g_shift_pipe_reg_0__1     1.7550     0.0    0.0000     1.7550 0.0000 SNPS_CLOCK_GATE_HIGH_VX_shift_register_3428_1_1_0_0_2
req_dma_buf/g_eb1_pipe_buffer/g_register_g_pipe_regs_0__pipe_register/g_shift_register/clk_gate_g_shift_pipe_reg_0__2     1.7550     0.0    0.0000     1.7550 0.0000 SNPS_CLOCK_GATE_HIGH_VX_shift_register_3428_1_1_0_0_1
req_gemm_buf                       7228.4938     22.5     0.0000      0.0000  0.0000  VX_elastic_buffer_13_1
req_gemm_buf/g_eb1_pipe_buffer     7228.4938     22.5     0.5850      0.0000  0.0000  VX_pipe_buffer_19_1
req_gemm_buf/g_eb1_pipe_buffer/g_register_g_pipe_regs_0__pipe_register  7227.9088    22.5    0.0000     0.0000 0.0000 VX_pipe_register_27_1
req_gemm_buf/g_eb1_pipe_buffer/g_register_g_pipe_regs_0__pipe_register/g_shift_register  7227.9088    22.5    1.5210  7219.3678 0.0000 VX_shift_register_3428_1_1_0_1
req_gemm_buf/g_eb1_pipe_buffer/g_register_g_pipe_regs_0__pipe_register/g_shift_register/clk_gate_g_shift_pipe_reg_0_     1.7550     0.0    0.0000     1.7550 0.0000 SNPS_CLOCK_GATE_HIGH_VX_shift_register_3428_1_1_0_0_7
req_gemm_buf/g_eb1_pipe_buffer/g_register_g_pipe_regs_0__pipe_register/g_shift_register/clk_gate_g_shift_pipe_reg_0__0     1.7550     0.0    0.0000     1.7550 0.0000 SNPS_CLOCK_GATE_HIGH_VX_shift_register_3428_1_1_0_0_6
req_gemm_buf/g_eb1_pipe_buffer/g_register_g_pipe_regs_0__pipe_register/g_shift_register/clk_gate_g_shift_pipe_reg_0__1     1.7550     0.0    0.0000     1.7550 0.0000 SNPS_CLOCK_GATE_HIGH_VX_shift_register_3428_1_1_0_0_5
req_gemm_buf/g_eb1_pipe_buffer/g_register_g_pipe_regs_0__pipe_register/g_shift_register/clk_gate_g_shift_pipe_reg_0__2     1.7550     0.0    0.0000     1.7550 0.0000 SNPS_CLOCK_GATE_HIGH_VX_shift_register_3428_1_1_0_0_4
req_global_buf                     1604.7720      5.0  1604.7720      0.0000  0.0000  VX_elastic_buffer_12
req_local_buf                      7228.4938     22.5     0.0000      0.0000  0.0000  VX_elastic_buffer_13_2
req_local_buf/g_eb1_pipe_buffer    7228.4938     22.5     0.5850      0.0000  0.0000  VX_pipe_buffer_19_2
req_local_buf/g_eb1_pipe_buffer/g_register_g_pipe_regs_0__pipe_register  7227.9088    22.5    0.0000     0.0000 0.0000 VX_pipe_register_27_2
req_local_buf/g_eb1_pipe_buffer/g_register_g_pipe_regs_0__pipe_register/g_shift_register  7227.9088    22.5    1.5210  7219.3678 0.0000 VX_shift_register_3428_1_1_0_2
req_local_buf/g_eb1_pipe_buffer/g_register_g_pipe_regs_0__pipe_register/g_shift_register/clk_gate_g_shift_pipe_reg_0_     1.7550     0.0    0.0000     1.7550 0.0000 SNPS_CLOCK_GATE_HIGH_VX_shift_register_3428_1_1_0_0_11
req_local_buf/g_eb1_pipe_buffer/g_register_g_pipe_regs_0__pipe_register/g_shift_register/clk_gate_g_shift_pipe_reg_0__0     1.7550     0.0    0.0000     1.7550 0.0000 SNPS_CLOCK_GATE_HIGH_VX_shift_register_3428_1_1_0_0_10
req_local_buf/g_eb1_pipe_buffer/g_register_g_pipe_regs_0__pipe_register/g_shift_register/clk_gate_g_shift_pipe_reg_0__1     1.7550     0.0    0.0000     1.7550 0.0000 SNPS_CLOCK_GATE_HIGH_VX_shift_register_3428_1_1_0_0_9
req_local_buf/g_eb1_pipe_buffer/g_register_g_pipe_regs_0__pipe_register/g_shift_register/clk_gate_g_shift_pipe_reg_0__2     1.7550     0.0    0.0000     1.7550 0.0000 SNPS_CLOCK_GATE_HIGH_VX_shift_register_3428_1_1_0_0_8
rsp_arb                            8430.2010     26.2  4031.1181      0.0000  0.0000  VX_stream_arb_13
rsp_arb/g_input_select_g_arbiter_arbiter     4.9140     0.0    0.0000     0.0000 0.0000 VX_generic_arbiter_2
rsp_arb/g_input_select_g_arbiter_arbiter/g_priority_priority_arbiter     4.9140     0.0    0.0000     0.0000 0.0000 VX_priority_arbiter_1
rsp_arb/g_input_select_g_arbiter_arbiter/g_priority_priority_arbiter/g_encoder_grant_sel     4.9140     0.0    2.9250     0.0000 0.0000 VX_priority_encoder_1
rsp_arb/g_input_select_g_arbiter_arbiter/g_priority_priority_arbiter/g_encoder_grant_sel/g_lsb_g_model1_lzc     1.9890     0.0    0.0000     0.0000 0.0000 VX_lzc_1
rsp_arb/g_input_select_g_arbiter_arbiter/g_priority_priority_arbiter/g_encoder_grant_sel/g_lsb_g_model1_lzc/g_lzc_find_first     1.9890     0.0    1.9890     0.0000 0.0000 VX_find_first_4_2_0
rsp_arb/g_input_select_g_arbiter_g_out_buf_0__out_buf  4394.1689    13.7    0.0000     0.0000 0.0000 VX_elastic_buffer_2084_1_1_0
rsp_arb/g_input_select_g_arbiter_g_out_buf_0__out_buf/g_eb1_pipe_buffer  4394.1689    13.7    0.5850     0.0000 0.0000 VX_pipe_buffer_31
rsp_arb/g_input_select_g_arbiter_g_out_buf_0__out_buf/g_eb1_pipe_buffer/g_register_g_pipe_regs_0__pipe_register  4393.5839    13.7    0.0000     0.0000 0.0000 VX_pipe_register_33
rsp_arb/g_input_select_g_arbiter_g_out_buf_0__out_buf/g_eb1_pipe_buffer/g_register_g_pipe_regs_0__pipe_register/g_shift_register  4393.5839    13.7    1.5210  4386.7979 0.0000 VX_shift_register_2085_1_1_0
rsp_arb/g_input_select_g_arbiter_g_out_buf_0__out_buf/g_eb1_pipe_buffer/g_register_g_pipe_regs_0__pipe_register/g_shift_register/clk_gate_g_shift_pipe_reg_0_     1.7550     0.0    0.0000     1.7550 0.0000 SNPS_CLOCK_GATE_HIGH_VX_shift_register_2085_1_1_0_0
rsp_arb/g_input_select_g_arbiter_g_out_buf_0__out_buf/g_eb1_pipe_buffer/g_register_g_pipe_regs_0__pipe_register/g_shift_register/clk_gate_g_shift_pipe_reg_0__0     1.7550     0.0    0.0000     1.7550 0.0000 SNPS_CLOCK_GATE_HIGH_VX_shift_register_2085_1_1_0_2
rsp_arb/g_input_select_g_arbiter_g_out_buf_0__out_buf/g_eb1_pipe_buffer/g_register_g_pipe_regs_0__pipe_register/g_shift_register/clk_gate_g_shift_pipe_reg_0__1     1.7550     0.0    0.0000     1.7550 0.0000 SNPS_CLOCK_GATE_HIGH_VX_shift_register_2085_1_1_0_1
--------------------------------  ----------  -------  ---------  ----------  ------  ------------------------------------------------------
Total                                                  6085.2871  26071.2263  0.0000

1
