 
****************************************
Report : area
Design : VX_mem_arb__be18569efc29
Version: V-2023.12-SP5-3
Date   : Tue Jul 21 22:58:31 2026
****************************************

Library(s) Used:

    sc9_cmos28lpp_base_rvt_ss_nominal_max_0p900v_125c_sadhm (File: /tool/PDK/Samsung/LN28LPP_202203/PRIMITIVES/RVT/ln28lpp_sc_9t_base_rvt_c130_V1.00d/FE-Common/LIBERTY/sc9_cmos28lpp_base_rvt_ss_nominal_max_0p900v_125c_sadhm.db)

Number of ports:                         2888
Number of nets:                          3892
Number of cells:                         1305
Number of combinational cells:            742
Number of sequential cells:               538
Number of macros/black boxes:               0
Number of buf/inv:                        341
Number of references:                       4

Combinational area:                523.925994
Buf/Inv area:                      155.960999
Noncombinational area:            1130.921972
Macro/Black Box area:                0.000000
Net Interconnect area:      undefined  (No wire load specified)

Total cell area:                  1654.847966
Total area:                 undefined

Core Area:                      3955
Aspect Ratio:                 1.0033
Utilization Ratio:            0.4183


The above information was reported from the logical library. The following are from the physical library:

  Total moveable cell area: 1654.8
  Total fixed cell area: 0.0
  Total physical cell area: 1654.8
 Core area: 0.000, 0.000, 62.790, 63.000

Hierarchical area distribution
------------------------------

                                  Global cell area          Local cell area
                                  ------------------  --------------------------- 
Hierarchical cell                 Absolute   Percent  Combi-    Noncombi-  Black-
                                  Total      Total    national  national   boxes   Design
--------------------------------  ---------  -------  --------  ---------  ------  ----------------------------------------------
VX_mem_arb__be18569efc29          1654.8480    100.0    0.0000     0.0000  0.0000  VX_mem_arb__be18569efc29
g_bus_out_if_0__g_req_tag_sel_out_bits_insert    4.6800     0.3   4.6800    0.0000 0.0000 VX_bits_insert_2
g_rsp_select_g_rsp_data_in_0__bits_remove    4.6800     0.3   4.6800    0.0000 0.0000 VX_bits_remove_2
g_rsp_select_rsp_switch            853.5150     51.6    2.4570     0.0000  0.0000  VX_stream_switch_4
g_rsp_select_rsp_switch/g_out_buf_0__out_buf  424.7100    25.7   0.0000    0.0000 0.0000 VX_elastic_buffer_31_1
g_rsp_select_rsp_switch/g_out_buf_0__out_buf/g_eb2_out_buf   35.1000     2.1  35.1000    0.0000 0.0000 VX_pipe_buffer_37_1
g_rsp_select_rsp_switch/g_out_buf_0__out_buf/g_eb2_stream_buffer  389.6100    23.5  74.4120  311.6880 0.0000 VX_stream_buffer_73_1_1
g_rsp_select_rsp_switch/g_out_buf_0__out_buf/g_eb2_stream_buffer/clk_gate_g_buffer_buffer_r_reg    1.7550     0.1   0.0000    1.7550 0.0000 SNPS_CLOCK_GATE_HIGH_VX_stream_buffer_73_1_0_3
g_rsp_select_rsp_switch/g_out_buf_0__out_buf/g_eb2_stream_buffer/clk_gate_g_buffer_data_out_r_reg    1.7550     0.1   0.0000    1.7550 0.0000 SNPS_CLOCK_GATE_HIGH_VX_stream_buffer_73_1_0_2
g_rsp_select_rsp_switch/g_out_buf_1__out_buf  426.3480    25.8   0.0000    0.0000 0.0000 VX_elastic_buffer_31_0
g_rsp_select_rsp_switch/g_out_buf_1__out_buf/g_eb2_out_buf   35.1000     2.1  35.1000    0.0000 0.0000 VX_pipe_buffer_37_0
g_rsp_select_rsp_switch/g_out_buf_1__out_buf/g_eb2_stream_buffer  391.2480    23.6  76.0500  311.6880 0.0000 VX_stream_buffer_73_1_0
g_rsp_select_rsp_switch/g_out_buf_1__out_buf/g_eb2_stream_buffer/clk_gate_g_buffer_buffer_r_reg    1.7550     0.1   0.0000    1.7550 0.0000 SNPS_CLOCK_GATE_HIGH_VX_stream_buffer_73_1_0_0
g_rsp_select_rsp_switch/g_out_buf_1__out_buf/g_eb2_stream_buffer/clk_gate_g_buffer_data_out_r_reg    1.7550     0.1   0.0000    1.7550 0.0000 SNPS_CLOCK_GATE_HIGH_VX_stream_buffer_73_1_0_1
req_arb                            791.9730     47.9  113.8410     0.0000  0.0000  VX_stream_arb_23
req_arb/g_input_select_g_arbiter_arbiter    3.0420     0.2   0.4680    0.0000 0.0000 VX_generic_arbiter_1
req_arb/g_input_select_g_arbiter_arbiter/g_priority_priority_arbiter    2.5740     0.2   0.5850    0.0000 0.0000 VX_priority_arbiter
req_arb/g_input_select_g_arbiter_arbiter/g_priority_priority_arbiter/g_encoder_grant_sel    1.9890     0.1   1.9890    0.0000 0.0000 VX_priority_encoder_3
req_arb/g_input_select_g_arbiter_g_out_buf_0__out_buf  675.0900    40.8   0.0000    0.0000 0.0000 VX_elastic_buffer_117_2_1_0
req_arb/g_input_select_g_arbiter_g_out_buf_0__out_buf/g_eb2_out_buf   55.6920     3.4  55.6920    0.0000 0.0000 VX_pipe_buffer_36
req_arb/g_input_select_g_arbiter_g_out_buf_0__out_buf/g_eb2_stream_buffer  619.3980    37.4 118.8720  497.0160 0.0000 VX_stream_buffer_117_1
req_arb/g_input_select_g_arbiter_g_out_buf_0__out_buf/g_eb2_stream_buffer/clk_gate_g_buffer_buffer_r_reg    1.7550     0.1   0.0000    1.7550 0.0000 SNPS_CLOCK_GATE_HIGH_VX_stream_buffer_117_1_0
req_arb/g_input_select_g_arbiter_g_out_buf_0__out_buf/g_eb2_stream_buffer/clk_gate_g_buffer_data_out_r_reg    1.7550     0.1   0.0000    1.7550 0.0000 SNPS_CLOCK_GATE_HIGH_VX_stream_buffer_117_1_1
--------------------------------  ---------  -------  --------  ---------  ------  ----------------------------------------------
Total                                                 523.9260  1130.9220  0.0000

1
