 
****************************************
Report : area
Design : VX_stream_xbar__7722f302abbd
Version: V-2023.12-SP5-3
Date   : Tue Jul 21 08:09:49 2026
****************************************

Library(s) Used:

    sc9_cmos28lpp_base_rvt_ss_nominal_max_0p900v_125c_sadhm (File: /tool/PDK/Samsung/LN28LPP_202203/PRIMITIVES/RVT/ln28lpp_sc_9t_base_rvt_c130_V1.00d/FE-Common/LIBERTY/sc9_cmos28lpp_base_rvt_ss_nominal_max_0p900v_125c_sadhm.db)

Number of ports:                         9958
Number of nets:                         13878
Number of cells:                         4570
Number of combinational cells:           3309
Number of sequential cells:              1245
Number of macros/black boxes:               0
Number of buf/inv:                        793
Number of references:                      17

Combinational area:               2129.751014
Buf/Inv area:                      364.220997
Noncombinational area:            2620.916934
Macro/Black Box area:                0.000000
Net Interconnect area:      undefined  (No wire load specified)

Total cell area:                  4750.667948
Total area:                 undefined

Core Area:                     11047
Aspect Ratio:                 1.0037
Utilization Ratio:            0.4300


The above information was reported from the logical library. The following are from the physical library:

  Total moveable cell area: 4750.7
  Total fixed cell area: 0.0
  Total physical cell area: 4750.7
 Core area: 0.000, 0.000, 104.910, 105.300

Hierarchical area distribution
------------------------------

                                  Global cell area          Local cell area
                                  ------------------  ---------------------------- 
Hierarchical cell                 Absolute   Percent  Combi-     Noncombi-  Black-
                                  Total      Total    national   national   boxes   Design
--------------------------------  ---------  -------  ---------  ---------  ------  ---------------------------------------------
VX_stream_xbar__7722f302abbd      4750.6679    100.0    18.9540     6.3180  0.0000  VX_stream_xbar__7722f302abbd
g_multi_inputs_g_one_output_xbar_arb 4715.3339    99.3 1190.4750    0.0000  0.0000  VX_stream_arb
g_multi_inputs_g_one_output_xbar_arb/g_input_select_g_arbiter_arbiter   25.3890     0.5    0.0000    0.0000 0.0000 VX_generic_arbiter
g_multi_inputs_g_one_output_xbar_arb/g_input_select_g_arbiter_arbiter/g_round_robin_rr_arbiter   25.3890     0.5   13.3380    8.4240 0.0000 VX_rr_arbiter
g_multi_inputs_g_one_output_xbar_arb/g_input_select_g_arbiter_arbiter/g_round_robin_rr_arbiter/clk_gate_g_model1_reqs_mask_reg    1.7550     0.0    0.0000    1.7550 0.0000 SNPS_CLOCK_GATE_HIGH_VX_rr_arbiter_1
g_multi_inputs_g_one_output_xbar_arb/g_input_select_g_arbiter_arbiter/g_round_robin_rr_arbiter/g_model1_onehot_encoder    1.8720     0.0    1.8720    0.0000 0.0000 VX_onehot_encoder_1
g_multi_inputs_g_one_output_xbar_arb/g_input_select_g_arbiter_g_out_buf_0__out_buf 3499.4699    73.7    0.0000    0.0000 0.0000 VX_elastic_buffer_615_2_0_0
g_multi_inputs_g_one_output_xbar_arb/g_input_select_g_arbiter_g_out_buf_0__out_buf/g_eb2_out_buf  288.7560     6.1  288.7560    0.0000 0.0000 VX_pipe_buffer_1
g_multi_inputs_g_one_output_xbar_arb/g_input_select_g_arbiter_g_out_buf_0__out_buf/g_eb2_stream_buffer 3210.7139    67.6  612.6120 2594.5919 0.0000 VX_stream_buffer_615_0
g_multi_inputs_g_one_output_xbar_arb/g_input_select_g_arbiter_g_out_buf_0__out_buf/g_eb2_stream_buffer/clk_gate_g_buffer_buffer_r_reg    1.7550     0.0    0.0000    1.7550 0.0000 SNPS_CLOCK_GATE_HIGH_VX_stream_buffer_615_0_1
g_multi_inputs_g_one_output_xbar_arb/g_input_select_g_arbiter_g_out_buf_0__out_buf/g_eb2_stream_buffer/clk_gate_g_buffer_data_out_r_reg    1.7550     0.0    0.0000    1.7550 0.0000 SNPS_CLOCK_GATE_HIGH_VX_stream_buffer_615_0_0
genblk2_u_buffer_ex                  8.0730      0.2     0.0000     0.0000  0.0000  VX_pipe_register
genblk2_u_buffer_ex/g_shift_register    8.0730     0.2    1.7550    6.3180  0.0000  VX_shift_register_4_4_1_0
genblk3_u_pop_count_ex               1.9890      0.0     0.0000     0.0000  0.0000  VX_popcount
genblk3_u_pop_count_ex/g_popcount6_pc63    1.9890     0.0    1.9890    0.0000 0.0000 VX_popcount63
--------------------------------  ---------  -------  ---------  ---------  ------  ---------------------------------------------
Total                                                 2129.7510  2620.9169  0.0000

1
