Information: Propagating switching activity (high effort zero delay simulation). (PWR-6)
Warning: Design has unannotated primary inputs. (PWR-414)
Warning: Design has unannotated sequential cell outputs. (PWR-415)
 
****************************************
Report : power
        -hier
        -analysis_effort high
        -verbose
Design : VX_stream_xbar__7722f302abbd
Scenario(s): mode_norm.OC_rvt_ss_0p900v_125c
Version: V-2023.12-SP5-3
Date   : Tue Jul 21 08:09:52 2026
****************************************


Library(s) Used:

    sc9_cmos28lpp_base_rvt_ss_nominal_max_0p900v_125c_sadhm (File: /tool/PDK/Samsung/LN28LPP_202203/PRIMITIVES/RVT/ln28lpp_sc_9t_base_rvt_c130_V1.00d/FE-Common/LIBERTY/sc9_cmos28lpp_base_rvt_ss_nominal_max_0p900v_125c_sadhm.db)


Global Operating Voltage = 0.9  
Power-specific unit information :
    Voltage Units = 1V
    Capacitance Units = 1.000000pf
    Time Units = 1ns
    Dynamic Power Units = 1mW    (derived from V,C,T units)
    Leakage Power Units = 1uW


--------------------------------------------------------------------------------
                                       Switch   Int      Leak     Total
Hierarchy                              Power    Power    Power    Power    %
--------------------------------------------------------------------------------
VX_stream_xbar__7722f302abbd           9.85e-02    0.223   34.074    0.355 100.0
  genblk3_u_pop_count_ex (VX_popcount) 7.03e-06 3.21e-05 2.63e-02 6.54e-05   0.0
    g_popcount6_pc63 (VX_popcount63)   7.03e-06 3.21e-05 2.63e-02 6.54e-05   0.0
  genblk2_u_buffer_ex (VX_pipe_register) 2.82e-05 9.76e-04 5.57e-02 1.06e-03   0.3
    g_shift_register (VX_shift_register_4_4_1_0) 2.82e-05 9.76e-04 5.57e-02 1.06e-03   0.3
  g_multi_inputs_g_one_output_xbar_arb (VX_stream_arb) 9.83e-02    0.220   33.850    0.352  99.2
    g_input_select_g_arbiter_g_out_buf_0__out_buf (VX_elastic_buffer_615_2_0_0) 5.09e-02    0.198   28.348    0.277  78.1
      g_eb2_out_buf (VX_pipe_buffer_1) 1.37e-02 9.18e-03    4.137 2.70e-02   7.6
      g_eb2_stream_buffer (VX_stream_buffer_615_0) 3.72e-02    0.189   24.210    0.250  70.5
    g_input_select_g_arbiter_arbiter (VX_generic_arbiter) 5.64e-04 9.64e-04    0.172 1.70e-03   0.5
      g_round_robin_rr_arbiter (VX_rr_arbiter) 5.64e-04 9.64e-04    0.172 1.70e-03   0.5
        g_model1_onehot_encoder (VX_onehot_encoder_1) 2.54e-04 8.72e-05 1.77e-02 3.59e-04   0.1
1
