Information: Propagating switching activity (high effort zero delay simulation). (PWR-6)
Warning: Design has unannotated primary inputs. (PWR-414)
Warning: Design has unannotated sequential cell outputs. (PWR-415)
Warning: Design has unannotated black box outputs. (PWR-428)
 
****************************************
Report : power
        -hier
        -analysis_effort high
        -verbose
Design : VX_dma_node__8489a5a2cbc5
Scenario(s): mode_norm.OC_rvt_ss_0p900v_125c
Version: V-2023.12-SP5-3
Date   : Tue Jul 21 21:32:46 2026
****************************************


Library(s) Used:

    sc9_cmos28lpp_base_rvt_ss_nominal_max_0p900v_125c_sadhm (File: /tool/PDK/Samsung/LN28LPP_202203/PRIMITIVES/RVT/ln28lpp_sc_9t_base_rvt_c130_V1.00d/FE-Common/LIBERTY/sc9_cmos28lpp_base_rvt_ss_nominal_max_0p900v_125c_sadhm.db)
    USERLIB_ss_0p900v_0p900v_125c (File: /home/data/memory_compiler/28LPP/genSEC/cmos28lpp_rf2_hd_8x64m1/cmos28lpp_rf2_hd_8x64m1_ss_0p900v_0p900v_125c.db)
    USERLIB_ss_0p900v_0p900v_125c (File: /home/data/memory_compiler/28LPP/genSEC/cmos28lpp_rf2_hd_8x160m1/cmos28lpp_rf2_hd_8x160m1_ss_0p900v_0p900v_125c.db)


Global Operating Voltage = 0.9  
Power-specific unit information :
    Voltage Units = 1V
    Capacitance Units = 1.000000pf
    Time Units = 1ns
    Dynamic Power Units = 1mW    (derived from V,C,T units)
    Leakage Power Units = 1uW


--------------------------------------------------------------------------------
                                       Switch   Int      Leak     Total
Hierarchy                              Power    Power    Power    Power    %
--------------------------------------------------------------------------------
VX_dma_node__8489a5a2cbc5                 0.425    3.468 1.01e+03    4.903 100.0
  g_split_lmem_lanes_lmem_lane_split (VX_mem_bus_split_h_81_242_70) 7.17e-02    0.660  259.604    0.991  20.2
    g_masked_response_rsp_context_queue (VX_fifo_queue_1) 4.27e-05 2.91e-03    3.463 6.41e-03   0.1
      g_depth_n_dp_ram (VX_dp_ram_10)  1.62e-05 7.90e-04    2.687 3.49e-03   0.1
      pending_size (VX_pending_size_4_16) 1.17e-05 1.33e-04    0.213 3.58e-04   0.0
    g_lane_rsp_15__rsp_skid (VX_elastic_buffer_18_0) 5.49e-05 8.83e-03   11.055 1.99e-02   0.4
      g_ebN_out_buf (VX_pipe_buffer_24_0)    0.000    0.000    0.406 4.06e-04   0.0
      g_ebN_fifo_queue (VX_fifo_queue_68_8_1_0_0) 5.33e-05 8.83e-03   10.631 1.95e-02   0.4
        g_depth_n_dp_ram (VX_dp_ram_18_0) 4.27e-05 6.78e-03    8.861 1.57e-02   0.3
        pending_size (VX_pending_size_4_0) 6.32e-06 1.21e-04    0.207 3.34e-04   0.0
    g_lane_rsp_14__rsp_skid (VX_elastic_buffer_18_1) 5.00e-05 8.69e-03   11.055 1.98e-02   0.4
      g_ebN_out_buf (VX_pipe_buffer_24_1)    0.000    0.000    0.406 4.06e-04   0.0
      g_ebN_fifo_queue (VX_fifo_queue_68_8_1_0_1) 4.90e-05 8.69e-03   10.632 1.94e-02   0.4
        g_depth_n_dp_ram (VX_dp_ram_18_1) 3.77e-05 6.63e-03    8.865 1.55e-02   0.3
        pending_size (VX_pending_size_4_1) 7.25e-06 1.26e-04    0.213 3.46e-04   0.0
    g_lane_rsp_13__rsp_skid (VX_elastic_buffer_18_2) 3.68e-05 8.57e-03   11.050 1.97e-02   0.4
      g_ebN_out_buf (VX_pipe_buffer_24_2)    0.000    0.000    0.406 4.06e-04   0.0
      g_ebN_fifo_queue (VX_fifo_queue_68_8_1_0_2) 3.55e-05 8.56e-03   10.627 1.92e-02   0.4
        g_depth_n_dp_ram (VX_dp_ram_18_2) 2.62e-05 6.52e-03    8.872 1.54e-02   0.3
        pending_size (VX_pending_size_4_2) 6.13e-06 1.19e-04    0.207 3.32e-04   0.0
    g_lane_rsp_12__rsp_skid (VX_elastic_buffer_18_3) 5.80e-05 8.65e-03   11.135 1.98e-02   0.4
      g_ebN_out_buf (VX_pipe_buffer_24_3)    0.000    0.000    0.406 4.06e-04   0.0
      g_ebN_fifo_queue (VX_fifo_queue_68_8_1_0_3) 5.53e-05 8.65e-03   10.710 1.94e-02   0.4
        g_depth_n_dp_ram (VX_dp_ram_18_3) 4.50e-05 6.59e-03    8.943 1.56e-02   0.3
        pending_size (VX_pending_size_4_3) 6.47e-06 1.23e-04    0.207 3.36e-04   0.0
    g_lane_rsp_11__rsp_skid (VX_elastic_buffer_18_4) 6.91e-05 9.07e-03   11.083 2.02e-02   0.4
      g_ebN_out_buf (VX_pipe_buffer_24_4)    0.000    0.000    0.406 4.06e-04   0.0
      g_ebN_fifo_queue (VX_fifo_queue_68_8_1_0_4) 6.72e-05 9.07e-03   10.660 1.98e-02   0.4
        g_depth_n_dp_ram (VX_dp_ram_18_4) 5.52e-05 7.02e-03    8.893 1.60e-02   0.3
        pending_size (VX_pending_size_4_4) 6.73e-06 1.24e-04    0.207 3.37e-04   0.0
    g_lane_rsp_10__rsp_skid (VX_elastic_buffer_18_5) 4.98e-05 8.60e-03   11.047 1.97e-02   0.4
      g_ebN_out_buf (VX_pipe_buffer_24_5)    0.000    0.000    0.406 4.06e-04   0.0
      g_ebN_fifo_queue (VX_fifo_queue_68_8_1_0_5) 4.87e-05 8.60e-03   10.623 1.93e-02   0.4
        g_depth_n_dp_ram (VX_dp_ram_18_5) 3.89e-05 6.55e-03    8.856 1.54e-02   0.3
        pending_size (VX_pending_size_4_5) 5.90e-06 1.19e-04    0.207 3.32e-04   0.0
    g_lane_rsp_9__rsp_skid (VX_elastic_buffer_18_6) 6.16e-05 8.59e-03   11.041 1.97e-02   0.4
      g_ebN_out_buf (VX_pipe_buffer_24_6)    0.000    0.000    0.406 4.06e-04   0.0
      g_ebN_fifo_queue (VX_fifo_queue_68_8_1_0_6) 6.02e-05 8.59e-03   10.617 1.93e-02   0.4
        g_depth_n_dp_ram (VX_dp_ram_18_6) 4.96e-05 6.54e-03    8.857 1.54e-02   0.3
        pending_size (VX_pending_size_4_6) 5.60e-06 1.15e-04    0.207 3.28e-04   0.0
    g_lane_rsp_8__rsp_skid (VX_elastic_buffer_18_7) 6.25e-05 8.60e-03   11.076 1.97e-02   0.4
      g_ebN_out_buf (VX_pipe_buffer_24_7)    0.000    0.000    0.406 4.06e-04   0.0
      g_ebN_fifo_queue (VX_fifo_queue_68_8_1_0_7) 6.08e-05 8.60e-03   10.653 1.93e-02   0.4
        g_depth_n_dp_ram (VX_dp_ram_18_7) 4.97e-05 6.55e-03    8.886 1.55e-02   0.3
        pending_size (VX_pending_size_4_7) 6.36e-06 1.22e-04    0.207 3.35e-04   0.0
    g_lane_rsp_7__rsp_skid (VX_elastic_buffer_18_8) 4.79e-05 8.94e-03   11.032 2.00e-02   0.4
      g_ebN_out_buf (VX_pipe_buffer_24_8)    0.000    0.000    0.406 4.06e-04   0.0
      g_ebN_fifo_queue (VX_fifo_queue_68_8_1_0_8) 4.70e-05 8.94e-03   10.608 1.96e-02   0.4
        g_depth_n_dp_ram (VX_dp_ram_18_8) 3.62e-05 6.89e-03    8.848 1.58e-02   0.3
        pending_size (VX_pending_size_4_8) 6.74e-06 1.24e-04    0.207 3.37e-04   0.0
    g_lane_rsp_6__rsp_skid (VX_elastic_buffer_18_9) 5.59e-05 8.69e-03   11.047 1.98e-02   0.4
      g_ebN_out_buf (VX_pipe_buffer_24_9)    0.000    0.000    0.406 4.06e-04   0.0
      g_ebN_fifo_queue (VX_fifo_queue_68_8_1_0_9) 5.47e-05 8.69e-03   10.623 1.94e-02   0.4
        g_depth_n_dp_ram (VX_dp_ram_18_9) 4.40e-05 6.63e-03    8.856 1.55e-02   0.3
        pending_size (VX_pending_size_4_9) 6.36e-06 1.22e-04    0.207 3.35e-04   0.0
    g_lane_rsp_5__rsp_skid (VX_elastic_buffer_18_10) 7.02e-05 8.65e-03   11.046 1.98e-02   0.4
      g_ebN_out_buf (VX_pipe_buffer_24_10)    0.000    0.000    0.406 4.06e-04   0.0
      g_ebN_fifo_queue (VX_fifo_queue_68_8_1_0_10) 6.86e-05 8.65e-03   10.620 1.93e-02   0.4
        g_depth_n_dp_ram (VX_dp_ram_18_10) 5.66e-05 6.59e-03    8.845 1.55e-02   0.3
        pending_size (VX_pending_size_4_10) 6.94e-06 1.25e-04    0.207 3.39e-04   0.0
    g_lane_rsp_4__rsp_skid (VX_elastic_buffer_18_11) 2.80e-05 8.43e-03   11.052 1.95e-02   0.4
      g_ebN_out_buf (VX_pipe_buffer_24_11)    0.000    0.000    0.406 4.06e-04   0.0
      g_ebN_fifo_queue (VX_fifo_queue_68_8_1_0_11) 2.72e-05 8.42e-03   10.629 1.91e-02   0.4
        g_depth_n_dp_ram (VX_dp_ram_18_11) 1.79e-05 6.37e-03    8.883 1.53e-02   0.3
        pending_size (VX_pending_size_4_11) 6.79e-06 1.25e-04    0.207 3.38e-04   0.0
    g_lane_rsp_3__rsp_skid (VX_elastic_buffer_18_12) 6.38e-05 8.59e-03   11.070 1.97e-02   0.4
      g_ebN_out_buf (VX_pipe_buffer_24_12)    0.000    0.000    0.406 4.06e-04   0.0
      g_ebN_fifo_queue (VX_fifo_queue_68_8_1_0_12) 6.18e-05 8.59e-03   10.645 1.93e-02   0.4
        g_depth_n_dp_ram (VX_dp_ram_18_12) 5.11e-05 6.54e-03    8.870 1.55e-02   0.3
        pending_size (VX_pending_size_4_12) 6.02e-06 1.19e-04    0.207 3.32e-04   0.0
    g_lane_rsp_2__rsp_skid (VX_elastic_buffer_18_13) 5.79e-05 8.62e-03   11.192 1.99e-02   0.4
      g_ebN_out_buf (VX_pipe_buffer_24_13)    0.000    0.000    0.406 4.06e-04   0.0
      g_ebN_fifo_queue (VX_fifo_queue_68_8_1_0_13) 5.51e-05 8.61e-03   10.767 1.94e-02   0.4
        g_depth_n_dp_ram (VX_dp_ram_18_13) 4.49e-05 6.57e-03    8.907 1.55e-02   0.3
        pending_size (VX_pending_size_4_13) 5.96e-06 1.18e-04    0.207 3.31e-04   0.0
    g_lane_rsp_1__rsp_skid (VX_elastic_buffer_18_14) 5.62e-05 8.55e-03   11.133 1.97e-02   0.4
      g_ebN_out_buf (VX_pipe_buffer_24_14)    0.000    0.000    0.406 4.06e-04   0.0
      g_ebN_fifo_queue (VX_fifo_queue_68_8_1_0_14) 5.49e-05 8.55e-03   10.707 1.93e-02   0.4
        g_depth_n_dp_ram (VX_dp_ram_18_14) 4.43e-05 6.50e-03    8.939 1.55e-02   0.3
        pending_size (VX_pending_size_4_14) 6.41e-06 1.21e-04    0.207 3.34e-04   0.0
    g_lane_rsp_0__rsp_skid (VX_elastic_buffer_18_15) 8.92e-05 8.94e-03   11.046 2.01e-02   0.4
      g_ebN_out_buf (VX_pipe_buffer_24_15)    0.000    0.000    0.406 4.06e-04   0.0
      g_ebN_fifo_queue (VX_fifo_queue_68_8_1_0_15) 8.76e-05 8.94e-03   10.622 1.97e-02   0.4
        g_depth_n_dp_ram (VX_dp_ram_18_15) 7.51e-05 6.89e-03    8.840 1.58e-02   0.3
        pending_size (VX_pending_size_4_15) 6.45e-06 1.22e-04    0.207 3.35e-04   0.0
    g_lane_req_15__req_skid (VX_elastic_buffer_17_0) 4.43e-03 3.24e-02    4.618 4.15e-02   0.8
      g_eb2_out_buf (VX_pipe_buffer_23_0) 1.07e-05 7.56e-06    0.651 6.69e-04   0.0
      g_eb2_stream_buffer (VX_stream_buffer_111_1_0) 4.42e-03 3.24e-02    3.966 4.08e-02   0.8
    g_lane_req_14__req_skid (VX_elastic_buffer_17_1) 4.42e-03 3.24e-02    4.598 4.14e-02   0.8
      g_eb2_out_buf (VX_pipe_buffer_23_1) 9.26e-06 7.55e-06    0.651 6.68e-04   0.0
      g_eb2_stream_buffer (VX_stream_buffer_111_1_1) 4.41e-03 3.24e-02    3.947 4.07e-02   0.8
    g_lane_req_13__req_skid (VX_elastic_buffer_17_2) 4.43e-03 3.24e-02    4.609 4.15e-02   0.8
      g_eb2_out_buf (VX_pipe_buffer_23_2) 1.03e-05 7.55e-06    0.651 6.69e-04   0.0
      g_eb2_stream_buffer (VX_stream_buffer_111_1_2) 4.42e-03 3.24e-02    3.958 4.08e-02   0.8
    g_lane_req_12__req_skid (VX_elastic_buffer_17_3) 4.42e-03 3.23e-02    4.611 4.14e-02   0.8
      g_eb2_out_buf (VX_pipe_buffer_23_3) 8.41e-06 7.53e-06    0.651 6.67e-04   0.0
      g_eb2_stream_buffer (VX_stream_buffer_111_1_3) 4.41e-03 3.23e-02    3.960 4.07e-02   0.8
    g_lane_req_11__req_skid (VX_elastic_buffer_17_4) 4.42e-03 3.24e-02    4.603 4.14e-02   0.8
      g_eb2_out_buf (VX_pipe_buffer_23_4) 8.12e-06 7.58e-06    0.651 6.67e-04   0.0
      g_eb2_stream_buffer (VX_stream_buffer_111_1_4) 4.41e-03 3.24e-02    3.952 4.07e-02   0.8
    g_lane_req_10__req_skid (VX_elastic_buffer_17_5) 4.41e-03 3.23e-02    4.625 4.14e-02   0.8
      g_eb2_out_buf (VX_pipe_buffer_23_5) 6.33e-06 7.58e-06    0.651 6.65e-04   0.0
      g_eb2_stream_buffer (VX_stream_buffer_111_1_5) 4.41e-03 3.23e-02    3.974 4.07e-02   0.8
    g_lane_req_9__req_skid (VX_elastic_buffer_17_6) 4.41e-03 3.23e-02    4.602 4.14e-02   0.8
      g_eb2_out_buf (VX_pipe_buffer_23_6) 7.22e-06 7.51e-06    0.651 6.66e-04   0.0
      g_eb2_stream_buffer (VX_stream_buffer_111_1_6) 4.41e-03 3.23e-02    3.951 4.07e-02   0.8
    g_lane_req_8__req_skid (VX_elastic_buffer_17_7) 4.42e-03 3.24e-02    4.614 4.14e-02   0.8
      g_eb2_out_buf (VX_pipe_buffer_23_7) 1.35e-05 7.58e-06    0.651 6.72e-04   0.0
      g_eb2_stream_buffer (VX_stream_buffer_111_1_7) 4.41e-03 3.23e-02    3.963 4.07e-02   0.8
    g_lane_req_7__req_skid (VX_elastic_buffer_17_8) 4.43e-03 3.23e-02    4.581 4.14e-02   0.8
      g_eb2_out_buf (VX_pipe_buffer_23_8) 2.21e-05 7.69e-06    0.651 6.81e-04   0.0
      g_eb2_stream_buffer (VX_stream_buffer_111_1_8) 4.41e-03 3.23e-02    3.929 4.07e-02   0.8
    g_lane_req_6__req_skid (VX_elastic_buffer_17_9) 4.43e-03 3.24e-02    4.621 4.14e-02   0.8
      g_eb2_out_buf (VX_pipe_buffer_23_9) 2.00e-05 7.67e-06    0.651 6.79e-04   0.0
      g_eb2_stream_buffer (VX_stream_buffer_111_1_9) 4.41e-03 3.24e-02    3.970 4.08e-02   0.8
    g_lane_req_5__req_skid (VX_elastic_buffer_17_10) 4.42e-03 3.24e-02    4.588 4.14e-02   0.8
      g_eb2_out_buf (VX_pipe_buffer_23_10) 4.87e-06 7.49e-06    0.651 6.64e-04   0.0
      g_eb2_stream_buffer (VX_stream_buffer_111_1_10) 4.41e-03 3.24e-02    3.937 4.07e-02   0.8
    g_lane_req_4__req_skid (VX_elastic_buffer_17_11) 4.41e-03 3.23e-02    4.616 4.13e-02   0.8
      g_eb2_out_buf (VX_pipe_buffer_23_11) 4.78e-06 7.47e-06    0.651 6.63e-04   0.0
      g_eb2_stream_buffer (VX_stream_buffer_111_1_11) 4.40e-03 3.23e-02    3.965 4.07e-02   0.8
    g_lane_req_3__req_skid (VX_elastic_buffer_17_12) 4.41e-03 3.23e-02    4.604 4.13e-02   0.8
      g_eb2_out_buf (VX_pipe_buffer_23_12) 1.10e-05 7.52e-06    0.651 6.70e-04   0.0
      g_eb2_stream_buffer (VX_stream_buffer_111_1_12) 4.40e-03 3.23e-02    3.952 4.06e-02   0.8
    g_lane_req_2__req_skid (VX_elastic_buffer_17_13) 4.43e-03 3.23e-02    4.591 4.14e-02   0.8
      g_eb2_out_buf (VX_pipe_buffer_23_13) 2.04e-05 7.67e-06    0.651 6.79e-04   0.0
      g_eb2_stream_buffer (VX_stream_buffer_111_1_13) 4.41e-03 3.23e-02    3.940 4.07e-02   0.8
    g_lane_req_1__req_skid (VX_elastic_buffer_17_14) 4.43e-03 3.24e-02    4.602 4.14e-02   0.8
      g_eb2_out_buf (VX_pipe_buffer_23_14) 1.56e-05 7.56e-06    0.651 6.74e-04   0.0
      g_eb2_stream_buffer (VX_stream_buffer_111_1_14) 4.42e-03 3.24e-02    3.951 4.08e-02   0.8
    g_lane_req_0__req_skid (VX_elastic_buffer_17_15) 4.43e-03 3.24e-02    4.612 4.15e-02   0.8
      g_eb2_out_buf (VX_pipe_buffer_23_15) 1.74e-05 7.58e-06    0.651 6.76e-04   0.0
      g_eb2_stream_buffer (VX_stream_buffer_111_1_15) 4.42e-03 3.24e-02    3.961 4.08e-02   0.8
  u_dma_unit (VX_dma_unit_h_682_242_21)    0.118    2.185  550.392    2.853  58.2
    g_misaligned_u_impl (VX_dma_unit_misal_h_677_242_513)    0.118    2.185  550.361    2.853  58.2
      gen_path (VX_dma_misal_gen_path) 1.67e-02 2.18e-02  162.150    0.201   4.1
        g_unequal_width_g_unequal_width_destination_lmem_destination_assembler (VX_dma_lane_assembler_1)    0.000 9.99e-04   64.232 6.52e-02   1.3
        g_unequal_width_g_unequal_width_destination_dcache_destination_assembler (VX_dma_lane_assembler)    0.000 9.01e-04   33.961 3.49e-02   0.7
        g_unequal_width_source_lane_aligner (VX_dma_lane_aligner)    0.000 6.23e-03   42.878 4.91e-02   1.0
        g_unequal_width_g_unequal_width_source_lmem_source_gearbox (VX_dma_gearbox_1) 3.32e-03 5.69e-03    7.281 1.63e-02   0.3
        g_unequal_width_g_unequal_width_source_dcache_source_gearbox (VX_dma_gearbox) 3.92e-03 2.54e-03    4.128 1.06e-02   0.2
      response_payload_ram (VX_dp_ram_9) 1.17e-02    1.595  161.743    1.769  36.1
        g_compiled_u_compiled (VX_dp_ram_compiled_1) 1.17e-02    1.595  161.743    1.769  36.1
      lmem_wr_buf (VX_elastic_buffer_42) 4.51e-02    0.359   17.373    0.422   8.6
        g_eb1_pipe_buffer (VX_pipe_buffer_32) 4.51e-02    0.359   17.373    0.422   8.6
          g_register_g_pipe_regs_0__pipe_register (VX_pipe_register_31) 4.51e-02    0.359   17.367    0.422   8.6
            g_shift_register (VX_shift_register_1187_1_1_0) 4.51e-02    0.359   17.367    0.422   8.6
      lmem_req_buf (VX_elastic_buffer_41)    0.000 1.80e-03   15.641 1.74e-02   0.4
        g_ebN_out_buf (VX_pipe_buffer_45)    0.000    0.000    0.988 9.88e-04   0.0
        g_ebN_fifo_queue (VX_fifo_queue_162_4_1_0)    0.000 1.80e-03   14.636 1.64e-02   0.3
          g_depth_n_dp_ram (VX_dp_ram_24)    0.000 3.93e-04   10.880 1.13e-02   0.2
          pending_size (VX_pending_size_2_0)    0.000 9.83e-05    0.156 2.54e-04   0.0
      dcache_wr_buf (VX_elastic_buffer_40) 2.32e-02    0.185    8.940    0.217   4.4
        g_eb1_pipe_buffer (VX_pipe_buffer_44) 2.32e-02    0.185    8.940    0.217   4.4
          g_register_g_pipe_regs_0__pipe_register (VX_pipe_register_34) 2.32e-02    0.185    8.936    0.217   4.4
            g_shift_register (VX_shift_register_612_1_1_0) 2.32e-02    0.185    8.936    0.217   4.4
      dcache_req_buf (VX_elastic_buffer_39) 1.51e-04 2.00e-03    9.606 1.18e-02   0.2
        g_ebN_out_buf (VX_pipe_buffer_43) 8.17e-05 8.14e-06    0.601 6.91e-04   0.0
        g_ebN_fifo_queue (VX_fifo_queue_99_4_1_0) 6.86e-05 1.99e-03    8.988 1.10e-02   0.2
          g_depth_n_dp_ram (VX_dp_ram_23) 3.11e-05 3.99e-04    6.584 7.01e-03   0.1
          pending_size (VX_pending_size_2_1) 3.69e-06 1.11e-04    0.158 2.73e-04   0.0
      mul_dst_d2 (VX_mul_u32_pipe_0)      0.000 1.21e-03 8.96e-02 1.30e-03   0.0
      mul_src_d2 (VX_mul_u32_pipe_1)      0.000 1.21e-03 8.86e-02 1.30e-03   0.0
      mul_dst_d1 (VX_mul_u32_pipe_2)      0.000 1.61e-03   16.362 1.80e-02   0.4
      mul_src_d1 (VX_mul_u32_pipe_3)      0.000 1.61e-03   30.041 3.16e-02   0.6
      mul_dst_d0 (VX_mul_u32_pipe_4)      0.000 1.61e-03   16.376 1.80e-02   0.4
      mul_src_d0 (VX_mul_u32_pipe_5)      0.000 1.61e-03   30.175 3.18e-02   0.6
  u_job_frontend (VX_job_frontend_h_814_242_105)    0.223    0.623  198.036    1.044  21.3
    u_job_dispatcher (VX_job_dispatcher_I_issue_if_VX_config_reg_if_master_NUM_18_DW_32I_done_if_VX_node_done_if_slave_)    0.000 6.06e-04    3.853 4.46e-03   0.1
    u_job_desc_mmio_regs (VX_job_desc_mmio_regs_h_883_242_560) 8.41e-02    0.281   76.776    0.442   9.0
    lmem_arb (VX_lsu_mem_arb_h_738_242_421)    0.139    0.341  117.407    0.597  12.2
      g_rsp_select_rsp_switch (VX_stream_switch_10) 3.99e-02    0.271   91.064    0.402   8.2
        g_out_buf_1__out_buf (VX_elastic_buffer_57_0) 1.78e-02    0.119   45.518    0.183   3.7
          g_eb2_out_buf (VX_pipe_buffer_38_0) 6.40e-05 2.36e-05    6.400 6.49e-03   0.1
          g_eb2_stream_buffer (VX_stream_buffer_1042_0_0) 1.77e-02    0.119   39.118    0.176   3.6
        g_out_buf_0__out_buf (VX_elastic_buffer_57_1) 2.21e-02    0.152   45.523    0.220   4.5
          g_eb2_out_buf (VX_pipe_buffer_38_1) 4.98e-05 2.46e-05    6.400 6.47e-03   0.1
          g_eb2_stream_buffer (VX_stream_buffer_1042_0_1) 2.20e-02    0.152   39.123    0.213   4.4
      g_rsp_select_g_rsp_data_in_0__bits_remove (VX_bits_remove_6) 8.17e-05 3.80e-05 1.99e-02 1.40e-04   0.0
      g_bus_out_if_0__g_req_tag_sel_out_bits_insert (VX_bits_insert_6) 2.19e-04 5.28e-05 2.00e-02 2.92e-04   0.0
      req_arb (VX_stream_arb_39)       9.79e-02 6.91e-02   26.296    0.193   3.9
        g_input_select_g_arbiter_g_out_buf_0__out_buf (VX_elastic_buffer_1716_0_0_0) 1.03e-02 2.62e-02   11.199 4.77e-02   1.0
        g_input_select_g_arbiter_arbiter (VX_generic_arbiter) 1.89e-03 7.78e-04 9.65e-02 2.77e-03   0.1
          g_round_robin_rr_arbiter (VX_rr_arbiter) 1.89e-03 7.78e-04 9.65e-02 2.77e-03   0.1
            g_model1_onehot_encoder (VX_onehot_encoder_1) 6.64e-05 2.75e-05 1.20e-02 1.06e-04   0.0
1
