 
****************************************
Report : area
Design : VX_stream_xbar__9bf99f5f1b5c
Version: V-2023.12-SP5-3
Date   : Tue Jul 21 09:13:36 2026
****************************************

Library(s) Used:

    sc9_cmos28lpp_base_rvt_ss_nominal_max_0p900v_125c_sadhm (File: /tool/PDK/Samsung/LN28LPP_202203/PRIMITIVES/RVT/ln28lpp_sc_9t_base_rvt_c130_V1.00d/FE-Common/LIBERTY/sc9_cmos28lpp_base_rvt_ss_nominal_max_0p900v_125c_sadhm.db)

Number of ports:                        11681
Number of nets:                         16292
Number of cells:                         5732
Number of combinational cells:           3571
Number of sequential cells:              2133
Number of macros/black boxes:               0
Number of buf/inv:                       1382
Number of references:                      18

Combinational area:               2643.263973
Buf/Inv area:                      625.481996
Noncombinational area:            4490.810886
Macro/Black Box area:                0.000000
Net Interconnect area:      undefined  (No wire load specified)

Total cell area:                  7134.074860
Total area:                 undefined

Core Area:                     16513
Aspect Ratio:                 1.0030
Utilization Ratio:            0.4320


The above information was reported from the logical library. The following are from the physical library:

  Total moveable cell area: 7134.1
  Total fixed cell area: 0.0
  Total physical cell area: 7134.1
 Core area: 0.000, 0.000, 128.310, 128.700

Hierarchical area distribution
------------------------------

                                  Global cell area          Local cell area
                                  ------------------  ---------------------------- 
Hierarchical cell                 Absolute   Percent  Combi-     Noncombi-  Black-
                                  Total      Total    national   national   boxes   Design
--------------------------------  ---------  -------  ---------  ---------  ------  -----------------------------------------------
VX_stream_xbar__9bf99f5f1b5c      7134.0749    100.0    50.7780    67.3920  0.0000  VX_stream_xbar__9bf99f5f1b5c
g_multi_inputs_g_multiple_outputs_g_sel_in_demux_0__sel_in_demux    1.1700     0.0    1.1700    0.0000 0.0000 VX_demux_2_1
g_multi_inputs_g_multiple_outputs_g_sel_in_demux_1__sel_in_demux    1.1700     0.0    1.1700    0.0000 0.0000 VX_demux_2_0
g_multi_inputs_g_multiple_outputs_g_xbar_arbs_0__xbar_arb 3505.0859    49.1  519.5970    0.0000 0.0000 VX_stream_arb_18_1
g_multi_inputs_g_multiple_outputs_g_xbar_arbs_0__xbar_arb/g_input_select_g_arbiter_arbiter   11.2320     0.2    0.0000    0.0000 0.0000 VX_generic_arbiter_2_1
g_multi_inputs_g_multiple_outputs_g_xbar_arbs_0__xbar_arb/g_input_select_g_arbiter_arbiter/g_round_robin_rr_arbiter   11.2320     0.2    5.9670    4.2120 0.0000 VX_rr_arbiter_1_1
g_multi_inputs_g_multiple_outputs_g_xbar_arbs_0__xbar_arb/g_input_select_g_arbiter_arbiter/g_round_robin_rr_arbiter/g_model1_onehot_encoder    1.0530     0.0    1.0530    0.0000 0.0000 VX_onehot_encoder_2_1
g_multi_inputs_g_multiple_outputs_g_xbar_arbs_0__xbar_arb/g_input_select_g_arbiter_g_out_buf_0__out_buf 2974.2569    41.7    0.0000    0.0000 0.0000 VX_elastic_buffer_522_2_1_0_1
g_multi_inputs_g_multiple_outputs_g_xbar_arbs_0__xbar_arb/g_input_select_g_arbiter_g_out_buf_0__out_buf/g_eb2_out_buf  245.2320     3.4  245.2320    0.0000 0.0000 VX_pipe_buffer_25_1
g_multi_inputs_g_multiple_outputs_g_xbar_arbs_0__xbar_arb/g_input_select_g_arbiter_g_out_buf_0__out_buf/g_eb2_stream_buffer 2729.0249    38.3  522.6390 2202.8759 0.0000 VX_stream_buffer_522_1_1
g_multi_inputs_g_multiple_outputs_g_xbar_arbs_0__xbar_arb/g_input_select_g_arbiter_g_out_buf_0__out_buf/g_eb2_stream_buffer/clk_gate_g_buffer_buffer_r_reg    1.7550     0.0    0.0000    1.7550 0.0000 SNPS_CLOCK_GATE_HIGH_VX_stream_buffer_522_1_0_3
g_multi_inputs_g_multiple_outputs_g_xbar_arbs_0__xbar_arb/g_input_select_g_arbiter_g_out_buf_0__out_buf/g_eb2_stream_buffer/clk_gate_g_buffer_data_out_r_reg    1.7550     0.0    0.0000    1.7550 0.0000 SNPS_CLOCK_GATE_HIGH_VX_stream_buffer_522_1_0_2
g_multi_inputs_g_multiple_outputs_g_xbar_arbs_1__xbar_arb 3501.5759    49.1  517.8420    0.0000 0.0000 VX_stream_arb_18_0
g_multi_inputs_g_multiple_outputs_g_xbar_arbs_1__xbar_arb/g_input_select_g_arbiter_arbiter   11.2320     0.2    0.0000    0.0000 0.0000 VX_generic_arbiter_2_0
g_multi_inputs_g_multiple_outputs_g_xbar_arbs_1__xbar_arb/g_input_select_g_arbiter_arbiter/g_round_robin_rr_arbiter   11.2320     0.2    5.9670    4.2120 0.0000 VX_rr_arbiter_1_0
g_multi_inputs_g_multiple_outputs_g_xbar_arbs_1__xbar_arb/g_input_select_g_arbiter_arbiter/g_round_robin_rr_arbiter/g_model1_onehot_encoder    1.0530     0.0    1.0530    0.0000 0.0000 VX_onehot_encoder_2_0
g_multi_inputs_g_multiple_outputs_g_xbar_arbs_1__xbar_arb/g_input_select_g_arbiter_g_out_buf_0__out_buf 2972.5019    41.7    0.0000    0.0000 0.0000 VX_elastic_buffer_522_2_1_0_0
g_multi_inputs_g_multiple_outputs_g_xbar_arbs_1__xbar_arb/g_input_select_g_arbiter_g_out_buf_0__out_buf/g_eb2_out_buf  245.2320     3.4  245.2320    0.0000 0.0000 VX_pipe_buffer_25_0
g_multi_inputs_g_multiple_outputs_g_xbar_arbs_1__xbar_arb/g_input_select_g_arbiter_g_out_buf_0__out_buf/g_eb2_stream_buffer 2727.2699    38.2  520.7670 2202.9929 0.0000 VX_stream_buffer_522_1_0
g_multi_inputs_g_multiple_outputs_g_xbar_arbs_1__xbar_arb/g_input_select_g_arbiter_g_out_buf_0__out_buf/g_eb2_stream_buffer/clk_gate_g_buffer_buffer_r_reg    1.7550     0.0    0.0000    1.7550 0.0000 SNPS_CLOCK_GATE_HIGH_VX_stream_buffer_522_1_0_0
g_multi_inputs_g_multiple_outputs_g_xbar_arbs_1__xbar_arb/g_input_select_g_arbiter_g_out_buf_0__out_buf/g_eb2_stream_buffer/clk_gate_g_buffer_data_out_r_reg    1.7550     0.0    0.0000    1.7550 0.0000 SNPS_CLOCK_GATE_HIGH_VX_stream_buffer_522_1_0_1
g_multi_inputs_g_multiple_outputs_rdy_in_transpose    1.8720     0.0    1.8720    0.0000 0.0000 VX_transpose_1_1
g_multi_inputs_g_multiple_outputs_val_in_transpose    1.8720     0.0    1.8720    0.0000 0.0000 VX_transpose_1_0
genblk2_u_buffer_ex                  2.6910      0.0     0.0000     0.0000  0.0000  VX_pipe_register_7
genblk2_u_buffer_ex/g_shift_register    2.6910     0.0    0.5850    2.1060  0.0000  VX_shift_register_2_2_1_0
genblk3_u_pop_count_ex               0.4680      0.0     0.0000     0.0000  0.0000  VX_popcount_3
genblk3_u_pop_count_ex/g_popcount3_pc32    0.4680     0.0    0.4680    0.0000 0.0000 VX_popcount32
--------------------------------  ---------  -------  ---------  ---------  ------  -----------------------------------------------
Total                                                 2643.2640  4490.8109  0.0000

1
