Information: Propagating switching activity (high effort zero delay simulation). (PWR-6)
Warning: Design has unannotated primary inputs. (PWR-414)
Warning: Design has unannotated sequential cell outputs. (PWR-415)
 
****************************************
Report : power
        -hier
        -analysis_effort high
        -verbose
Design : VX_stream_xbar__9bf99f5f1b5c
Scenario(s): mode_norm.OC_rvt_ss_0p900v_125c
Version: V-2023.12-SP5-3
Date   : Tue Jul 21 09:13:38 2026
****************************************


Library(s) Used:

    sc9_cmos28lpp_base_rvt_ss_nominal_max_0p900v_125c_sadhm (File: /tool/PDK/Samsung/LN28LPP_202203/PRIMITIVES/RVT/ln28lpp_sc_9t_base_rvt_c130_V1.00d/FE-Common/LIBERTY/sc9_cmos28lpp_base_rvt_ss_nominal_max_0p900v_125c_sadhm.db)


Global Operating Voltage = 0.9  
Power-specific unit information :
    Voltage Units = 1V
    Capacitance Units = 1.000000pf
    Time Units = 1ns
    Dynamic Power Units = 1mW    (derived from V,C,T units)
    Leakage Power Units = 1uW


--------------------------------------------------------------------------------
                                       Switch   Int      Leak     Total
Hierarchy                              Power    Power    Power    Power    %
--------------------------------------------------------------------------------
VX_stream_xbar__9bf99f5f1b5c           8.58e-02    0.397   59.092    0.542 100.0
  genblk3_u_pop_count_ex (VX_popcount_3) 3.64e-06 3.73e-06 6.20e-03 1.36e-05   0.0
    g_popcount3_pc32 (VX_popcount32)   3.64e-06 3.73e-06 6.20e-03 1.36e-05   0.0
  genblk2_u_buffer_ex (VX_pipe_register_7) 5.13e-06 3.19e-04 1.86e-02 3.42e-04   0.1
    g_shift_register (VX_shift_register_2_2_1_0) 5.13e-06 3.19e-04 1.86e-02 3.42e-04   0.1
  g_multi_inputs_g_multiple_outputs_g_xbar_arbs_1__xbar_arb (VX_stream_arb_18_0) 4.37e-02    0.193   29.078    0.265  49.0
    g_input_select_g_arbiter_g_out_buf_0__out_buf (VX_elastic_buffer_522_2_1_0_0) 3.20e-02    0.183   24.120    0.239  44.1
      g_eb2_out_buf (VX_pipe_buffer_25_0) 5.08e-03 3.79e-03    3.512 1.24e-02   2.3
      g_eb2_stream_buffer (VX_stream_buffer_522_1_0) 2.69e-02    0.179   20.608    0.227  41.9
    g_input_select_g_arbiter_arbiter (VX_generic_arbiter_2_0) 6.75e-05 6.77e-04 8.17e-02 8.26e-04   0.2
      g_round_robin_rr_arbiter (VX_rr_arbiter_1_0) 6.75e-05 6.77e-04 8.17e-02 8.26e-04   0.2
        g_model1_onehot_encoder (VX_onehot_encoder_2_0) 2.10e-05 2.24e-05 1.22e-02 5.56e-05   0.0
  g_multi_inputs_g_multiple_outputs_g_xbar_arbs_0__xbar_arb (VX_stream_arb_18_1) 4.19e-02    0.194   29.131    0.265  48.9
    g_input_select_g_arbiter_g_out_buf_0__out_buf (VX_elastic_buffer_522_2_1_0_1) 3.14e-02    0.184   24.137    0.240  44.3
      g_eb2_out_buf (VX_pipe_buffer_25_1) 4.44e-03 3.78e-03    3.512 1.17e-02   2.2
      g_eb2_stream_buffer (VX_stream_buffer_522_1_1) 2.70e-02    0.181   20.625    0.228  42.1
    g_input_select_g_arbiter_arbiter (VX_generic_arbiter_2_1) 6.99e-05 6.77e-04 8.16e-02 8.29e-04   0.2
      g_round_robin_rr_arbiter (VX_rr_arbiter_1_1) 6.99e-05 6.77e-04 8.16e-02 8.29e-04   0.2
        g_model1_onehot_encoder (VX_onehot_encoder_2_1) 2.41e-05 2.29e-05 1.22e-02 5.92e-05   0.0
  g_multi_inputs_g_multiple_outputs_val_in_transpose (VX_transpose_1_0) 3.04e-05 2.81e-05 2.57e-02 8.42e-05   0.0
  g_multi_inputs_g_multiple_outputs_g_sel_in_demux_1__sel_in_demux (VX_demux_2_0) 2.96e-05 1.38e-05 8.96e-03 5.24e-05   0.0
  g_multi_inputs_g_multiple_outputs_g_sel_in_demux_0__sel_in_demux (VX_demux_2_1) 2.91e-05 1.37e-05 8.96e-03 5.18e-05   0.0
  g_multi_inputs_g_multiple_outputs_rdy_in_transpose (VX_transpose_1_1) 1.19e-05 3.20e-05 2.51e-02 6.89e-05   0.0
1
