 
****************************************
Report : area
Design : VX_lmem_switch__e7d6dfdc853f
Version: V-2023.12-SP5-3
Date   : Tue Jul 21 05:32:15 2026
****************************************

Library(s) Used:

    sc9_cmos28lpp_base_rvt_ss_nominal_max_0p900v_125c_sadhm (File: /tool/PDK/Samsung/LN28LPP_202203/PRIMITIVES/RVT/ln28lpp_sc_9t_base_rvt_c130_V1.00d/FE-Common/LIBERTY/sc9_cmos28lpp_base_rvt_ss_nominal_max_0p900v_125c_sadhm.db)

Number of ports:                       164574
Number of nets:                        171753
Number of cells:                        23054
Number of combinational cells:           7190
Number of sequential cells:             15814
Number of macros/black boxes:               0
Number of buf/inv:                        284
Number of references:                      25

Combinational area:               4483.557075
Buf/Inv area:                      133.262998
Noncombinational area:           33297.614156
Macro/Black Box area:                0.000000
Net Interconnect area:      undefined  (No wire load specified)

Total cell area:                 37781.171232
Total area:                 undefined

Core Area:                     63781
Aspect Ratio:                 1.0028
Utilization Ratio:            0.5924


The above information was reported from the logical library. The following are from the physical library:

  Total moveable cell area: 37781.2
  Total fixed cell area: 0.0
  Total physical cell area: 37781.2
 Core area: 0.000, 0.000, 252.200, 252.900

Hierarchical area distribution
------------------------------

                                  Global cell area            Local cell area
                                  -------------------  ----------------------------- 
Hierarchical cell                 Absolute    Percent  Combi-     Noncombi-   Black-
                                  Total       Total    national   national    boxes   Design
--------------------------------  ----------  -------  ---------  ----------  ------  ------------------------------------------------------
VX_lmem_switch__e7d6dfdc853f      37781.1712    100.0   436.0590      0.0000  0.0000  VX_lmem_switch__e7d6dfdc853f
req_dma_buf                        7228.4938     19.1     0.0000      0.0000  0.0000  VX_elastic_buffer_15_0
req_dma_buf/g_eb1_pipe_buffer      7228.4938     19.1     0.5850      0.0000  0.0000  VX_pipe_buffer_22_0
req_dma_buf/g_eb1_pipe_buffer/g_register_g_pipe_regs_0__pipe_register  7227.9088    19.1    0.0000     0.0000 0.0000 VX_pipe_register_30_0
req_dma_buf/g_eb1_pipe_buffer/g_register_g_pipe_regs_0__pipe_register/g_shift_register  7227.9088    19.1    1.5210  7219.3678 0.0000 VX_shift_register_3428_1_1_0_0
req_dma_buf/g_eb1_pipe_buffer/g_register_g_pipe_regs_0__pipe_register/g_shift_register/clk_gate_g_shift_pipe_reg_0_     1.7550     0.0    0.0000     1.7550 0.0000 SNPS_CLOCK_GATE_HIGH_VX_shift_register_3428_1_1_0_0_0
req_dma_buf/g_eb1_pipe_buffer/g_register_g_pipe_regs_0__pipe_register/g_shift_register/clk_gate_g_shift_pipe_reg_0__0     1.7550     0.0    0.0000     1.7550 0.0000 SNPS_CLOCK_GATE_HIGH_VX_shift_register_3428_1_1_0_0_3
req_dma_buf/g_eb1_pipe_buffer/g_register_g_pipe_regs_0__pipe_register/g_shift_register/clk_gate_g_shift_pipe_reg_0__1     1.7550     0.0    0.0000     1.7550 0.0000 SNPS_CLOCK_GATE_HIGH_VX_shift_register_3428_1_1_0_0_2
req_dma_buf/g_eb1_pipe_buffer/g_register_g_pipe_regs_0__pipe_register/g_shift_register/clk_gate_g_shift_pipe_reg_0__2     1.7550     0.0    0.0000     1.7550 0.0000 SNPS_CLOCK_GATE_HIGH_VX_shift_register_3428_1_1_0_0_1
req_gemm_buf                       7228.4938     19.1     0.0000      0.0000  0.0000  VX_elastic_buffer_15_1
req_gemm_buf/g_eb1_pipe_buffer     7228.4938     19.1     0.5850      0.0000  0.0000  VX_pipe_buffer_22_1
req_gemm_buf/g_eb1_pipe_buffer/g_register_g_pipe_regs_0__pipe_register  7227.9088    19.1    0.0000     0.0000 0.0000 VX_pipe_register_30_1
req_gemm_buf/g_eb1_pipe_buffer/g_register_g_pipe_regs_0__pipe_register/g_shift_register  7227.9088    19.1    1.5210  7219.3678 0.0000 VX_shift_register_3428_1_1_0_1
req_gemm_buf/g_eb1_pipe_buffer/g_register_g_pipe_regs_0__pipe_register/g_shift_register/clk_gate_g_shift_pipe_reg_0_     1.7550     0.0    0.0000     1.7550 0.0000 SNPS_CLOCK_GATE_HIGH_VX_shift_register_3428_1_1_0_0_7
req_gemm_buf/g_eb1_pipe_buffer/g_register_g_pipe_regs_0__pipe_register/g_shift_register/clk_gate_g_shift_pipe_reg_0__0     1.7550     0.0    0.0000     1.7550 0.0000 SNPS_CLOCK_GATE_HIGH_VX_shift_register_3428_1_1_0_0_6
req_gemm_buf/g_eb1_pipe_buffer/g_register_g_pipe_regs_0__pipe_register/g_shift_register/clk_gate_g_shift_pipe_reg_0__1     1.7550     0.0    0.0000     1.7550 0.0000 SNPS_CLOCK_GATE_HIGH_VX_shift_register_3428_1_1_0_0_5
req_gemm_buf/g_eb1_pipe_buffer/g_register_g_pipe_regs_0__pipe_register/g_shift_register/clk_gate_g_shift_pipe_reg_0__2     1.7550     0.0    0.0000     1.7550 0.0000 SNPS_CLOCK_GATE_HIGH_VX_shift_register_3428_1_1_0_0_4
req_global_buf                     7228.4938     19.1     0.0000      0.0000  0.0000  VX_elastic_buffer_15_3
req_global_buf/g_eb1_pipe_buffer   7228.4938     19.1     0.5850      0.0000  0.0000  VX_pipe_buffer_22_3
req_global_buf/g_eb1_pipe_buffer/g_register_g_pipe_regs_0__pipe_register  7227.9088    19.1    0.0000     0.0000 0.0000 VX_pipe_register_30_3
req_global_buf/g_eb1_pipe_buffer/g_register_g_pipe_regs_0__pipe_register/g_shift_register  7227.9088    19.1    1.5210  7219.3678 0.0000 VX_shift_register_3428_1_1_0_3
req_global_buf/g_eb1_pipe_buffer/g_register_g_pipe_regs_0__pipe_register/g_shift_register/clk_gate_g_shift_pipe_reg_0_     1.7550     0.0    0.0000     1.7550 0.0000 SNPS_CLOCK_GATE_HIGH_VX_shift_register_3428_1_1_0_0_15
req_global_buf/g_eb1_pipe_buffer/g_register_g_pipe_regs_0__pipe_register/g_shift_register/clk_gate_g_shift_pipe_reg_0__0     1.7550     0.0    0.0000     1.7550 0.0000 SNPS_CLOCK_GATE_HIGH_VX_shift_register_3428_1_1_0_0_14
req_global_buf/g_eb1_pipe_buffer/g_register_g_pipe_regs_0__pipe_register/g_shift_register/clk_gate_g_shift_pipe_reg_0__1     1.7550     0.0    0.0000     1.7550 0.0000 SNPS_CLOCK_GATE_HIGH_VX_shift_register_3428_1_1_0_0_13
req_global_buf/g_eb1_pipe_buffer/g_register_g_pipe_regs_0__pipe_register/g_shift_register/clk_gate_g_shift_pipe_reg_0__2     1.7550     0.0    0.0000     1.7550 0.0000 SNPS_CLOCK_GATE_HIGH_VX_shift_register_3428_1_1_0_0_12
req_local_buf                      7228.4938     19.1     0.0000      0.0000  0.0000  VX_elastic_buffer_15_2
req_local_buf/g_eb1_pipe_buffer    7228.4938     19.1     0.5850      0.0000  0.0000  VX_pipe_buffer_22_2
req_local_buf/g_eb1_pipe_buffer/g_register_g_pipe_regs_0__pipe_register  7227.9088    19.1    0.0000     0.0000 0.0000 VX_pipe_register_30_2
req_local_buf/g_eb1_pipe_buffer/g_register_g_pipe_regs_0__pipe_register/g_shift_register  7227.9088    19.1    1.5210  7219.3678 0.0000 VX_shift_register_3428_1_1_0_2
req_local_buf/g_eb1_pipe_buffer/g_register_g_pipe_regs_0__pipe_register/g_shift_register/clk_gate_g_shift_pipe_reg_0_     1.7550     0.0    0.0000     1.7550 0.0000 SNPS_CLOCK_GATE_HIGH_VX_shift_register_3428_1_1_0_0_11
req_local_buf/g_eb1_pipe_buffer/g_register_g_pipe_regs_0__pipe_register/g_shift_register/clk_gate_g_shift_pipe_reg_0__0     1.7550     0.0    0.0000     1.7550 0.0000 SNPS_CLOCK_GATE_HIGH_VX_shift_register_3428_1_1_0_0_10
req_local_buf/g_eb1_pipe_buffer/g_register_g_pipe_regs_0__pipe_register/g_shift_register/clk_gate_g_shift_pipe_reg_0__1     1.7550     0.0    0.0000     1.7550 0.0000 SNPS_CLOCK_GATE_HIGH_VX_shift_register_3428_1_1_0_0_9
req_local_buf/g_eb1_pipe_buffer/g_register_g_pipe_regs_0__pipe_register/g_shift_register/clk_gate_g_shift_pipe_reg_0__2     1.7550     0.0    0.0000     1.7550 0.0000 SNPS_CLOCK_GATE_HIGH_VX_shift_register_3428_1_1_0_0_8
rsp_arb                            8431.1370     22.3  4032.0541      0.0000  0.0000  VX_stream_arb_20
rsp_arb/g_input_select_g_arbiter_arbiter     4.9140     0.0    0.0000     0.0000 0.0000 VX_generic_arbiter_3
rsp_arb/g_input_select_g_arbiter_arbiter/g_priority_priority_arbiter     4.9140     0.0    0.0000     0.0000 0.0000 VX_priority_arbiter_1
rsp_arb/g_input_select_g_arbiter_arbiter/g_priority_priority_arbiter/g_encoder_grant_sel     4.9140     0.0    2.9250     0.0000 0.0000 VX_priority_encoder_1
rsp_arb/g_input_select_g_arbiter_arbiter/g_priority_priority_arbiter/g_encoder_grant_sel/g_lsb_g_model1_lzc     1.9890     0.0    0.0000     0.0000 0.0000 VX_lzc_1
rsp_arb/g_input_select_g_arbiter_arbiter/g_priority_priority_arbiter/g_encoder_grant_sel/g_lsb_g_model1_lzc/g_lzc_find_first     1.9890     0.0    1.9890     0.0000 0.0000 VX_find_first_4_2_0
rsp_arb/g_input_select_g_arbiter_g_out_buf_0__out_buf  4394.1689    11.6    0.0000     0.0000 0.0000 VX_elastic_buffer_2084_1_1_0
rsp_arb/g_input_select_g_arbiter_g_out_buf_0__out_buf/g_eb1_pipe_buffer  4394.1689    11.6    0.5850     0.0000 0.0000 VX_pipe_buffer_37
rsp_arb/g_input_select_g_arbiter_g_out_buf_0__out_buf/g_eb1_pipe_buffer/g_register_g_pipe_regs_0__pipe_register  4393.5839    11.6    0.0000     0.0000 0.0000 VX_pipe_register_36
rsp_arb/g_input_select_g_arbiter_g_out_buf_0__out_buf/g_eb1_pipe_buffer/g_register_g_pipe_regs_0__pipe_register/g_shift_register  4393.5839    11.6    1.5210  4386.7979 0.0000 VX_shift_register_2085_1_1_0
rsp_arb/g_input_select_g_arbiter_g_out_buf_0__out_buf/g_eb1_pipe_buffer/g_register_g_pipe_regs_0__pipe_register/g_shift_register/clk_gate_g_shift_pipe_reg_0_     1.7550     0.0    0.0000     1.7550 0.0000 SNPS_CLOCK_GATE_HIGH_VX_shift_register_2085_1_1_0_0
rsp_arb/g_input_select_g_arbiter_g_out_buf_0__out_buf/g_eb1_pipe_buffer/g_register_g_pipe_regs_0__pipe_register/g_shift_register/clk_gate_g_shift_pipe_reg_0__0     1.7550     0.0    0.0000     1.7550 0.0000 SNPS_CLOCK_GATE_HIGH_VX_shift_register_2085_1_1_0_2
rsp_arb/g_input_select_g_arbiter_g_out_buf_0__out_buf/g_eb1_pipe_buffer/g_register_g_pipe_regs_0__pipe_register/g_shift_register/clk_gate_g_shift_pipe_reg_0__1     1.7550     0.0    0.0000     1.7550 0.0000 SNPS_CLOCK_GATE_HIGH_VX_shift_register_2085_1_1_0_1
--------------------------------  ----------  -------  ---------  ----------  ------  ------------------------------------------------------
Total                                                  4483.5571  33297.6142  0.0000

1
