Information: Propagating switching activity (high effort zero delay simulation). (PWR-6)
Warning: Design has unannotated primary inputs. (PWR-414)
Warning: Design has unannotated sequential cell outputs. (PWR-415)
 
****************************************
Report : power
        -hier
        -analysis_effort high
        -verbose
Design : VX_lmem_switch__e7d6dfdc853f
Scenario(s): mode_norm.OC_rvt_ss_0p900v_125c
Version: V-2023.12-SP5-3
Date   : Tue Jul 21 05:32:29 2026
****************************************


Library(s) Used:

    sc9_cmos28lpp_base_rvt_ss_nominal_max_0p900v_125c_sadhm (File: /tool/PDK/Samsung/LN28LPP_202203/PRIMITIVES/RVT/ln28lpp_sc_9t_base_rvt_c130_V1.00d/FE-Common/LIBERTY/sc9_cmos28lpp_base_rvt_ss_nominal_max_0p900v_125c_sadhm.db)


Global Operating Voltage = 0.9  
Power-specific unit information :
    Voltage Units = 1V
    Capacitance Units = 1.000000pf
    Time Units = 1ns
    Dynamic Power Units = 1mW    (derived from V,C,T units)
    Leakage Power Units = 1uW


--------------------------------------------------------------------------------
                                       Switch   Int      Leak     Total
Hierarchy                              Power    Power    Power    Power    %
--------------------------------------------------------------------------------
VX_lmem_switch__e7d6dfdc853f              0.893    4.040  258.659    5.191 100.0
  rsp_arb (VX_stream_arb_20)              0.185    0.417   49.448    0.651  12.5
    g_input_select_g_arbiter_g_out_buf_0__out_buf (VX_elastic_buffer_2084_1_1_0) 9.47e-02    0.384   31.748    0.510   9.8
      g_eb1_pipe_buffer (VX_pipe_buffer_37) 9.47e-02    0.384   31.748    0.510   9.8
        g_register_g_pipe_regs_0__pipe_register (VX_pipe_register_36) 9.47e-02    0.384   31.742    0.510   9.8
          g_shift_register (VX_shift_register_2085_1_1_0) 9.47e-02    0.384   31.742    0.510   9.8
    g_input_select_g_arbiter_arbiter (VX_generic_arbiter_3) 6.05e-05 5.26e-05 3.59e-02 1.49e-04   0.0
      g_priority_priority_arbiter (VX_priority_arbiter_1) 6.05e-05 5.26e-05 3.59e-02 1.49e-04   0.0
        g_encoder_grant_sel (VX_priority_encoder_1) 6.05e-05 5.26e-05 3.59e-02 1.49e-04   0.0
          g_lsb_g_model1_lzc (VX_lzc_1) 4.40e-05 2.15e-05 1.38e-02 7.93e-05   0.0
            g_lzc_find_first (VX_find_first_4_2_0) 4.40e-05 2.15e-05 1.38e-02 7.93e-05   0.0
  req_dma_buf (VX_elastic_buffer_15_0)    0.210    1.107   51.366    1.368  26.4
    g_eb1_pipe_buffer (VX_pipe_buffer_22_0)    0.210    1.107   51.366    1.368  26.4
      g_register_g_pipe_regs_0__pipe_register (VX_pipe_register_30_0)    0.210    1.107   51.360    1.368  26.4
        g_shift_register (VX_shift_register_3428_1_1_0_0)    0.210    1.107   51.360    1.368  26.4
  req_gemm_buf (VX_elastic_buffer_15_1)    0.215    1.107   51.366    1.373  26.5
    g_eb1_pipe_buffer (VX_pipe_buffer_22_1)    0.215    1.107   51.366    1.373  26.5
      g_register_g_pipe_regs_0__pipe_register (VX_pipe_register_30_1)    0.215    1.107   51.360    1.373  26.5
        g_shift_register (VX_shift_register_3428_1_1_0_1)    0.215    1.107   51.360    1.373  26.5
  req_local_buf (VX_elastic_buffer_15_2)    0.139    0.720   52.121    0.911  17.6
    g_eb1_pipe_buffer (VX_pipe_buffer_22_2)    0.139    0.720   52.121    0.911  17.6
      g_register_g_pipe_regs_0__pipe_register (VX_pipe_register_30_2)    0.139    0.720   52.114    0.911  17.6
        g_shift_register (VX_shift_register_3428_1_1_0_2)    0.139    0.720   52.114    0.911  17.6
  req_global_buf (VX_elastic_buffer_15_3)    0.142    0.687   52.181    0.881  17.0
    g_eb1_pipe_buffer (VX_pipe_buffer_22_3)    0.142    0.687   52.181    0.881  17.0
      g_register_g_pipe_regs_0__pipe_register (VX_pipe_register_30_3)    0.142    0.687   52.174    0.881  17.0
        g_shift_register (VX_shift_register_3428_1_1_0_3)    0.142    0.687   52.174    0.881  17.0
1
